Godot Engine v4.7.2.stable.official.ed1daf0bf - https://godotengine.org

FIT flatten armature scale=(100.0, 100.0, 100.0) keep_rot=(-90.0, 0.0, 0.0)
FIT length=2.25 height=1.91220223903656 scale=(0.84991, 0.84991, 0.84991)
SEAT bone=Torso bone_pos=(0.0, 1.126922, 0.286373) back_y=1.42885863780975 seat=(0.0, 1.428859, 0.286373)
TACK place crown=(0.0, 0.142, 0.0294) brow=(0.0, 0.196, 0.1326) nose=(0.0, 0.385, -0.0222) bit=(0.0, 0.479225, -0.087663)
HORSE mesh=WhiteHorse anim=true seat=Torso rider_parent=Seat
RIDER mesh scale 0.91304347826087 bones 62
RIDECERT begin
RIDECERT filter hk_les_004
RIDECERT round hk_les_004 class=lesson seed=3 jo=false style=refuse_early
MICHELLE soft | Two. Wait.
COUNT fence=1 ahead=10.87 lateral=0.62 stride=2 word=Two. Wait. kept=true
RIDEAI sit n=1 phase=approach pos=0.0,-30.4 ahead=10.73 lat=0.62 ang=0.0 along=10.7 gait=3 v=4.22 rein=0
RIDEAI sit n=1 phase=approach pos=0.0,-27.3 ahead=7.63 lat=0.62 ang=0.0 along=7.6 gait=3 v=2.01 rein=0
MICHELLE soft | One. Wait.
COUNT fence=1 ahead=7.56 lateral=0.62 stride=1 word=One. Wait. kept=true
MICHELLE soft | One. Early.
COUNT fence=1 ahead=5.38 lateral=0.20 stride=1 word=One. Early. kept=true
RIDEAI sit n=1 phase=approach pos=-0.1,-24.2 ahead=4.61 lat=0.48 ang=3.5 along=4.6 gait=3 v=3.88 rein=0
RIDEAI ASK n=1 ahead=4.28 lat=0.2 ang=3.5 charge=1.0
MICHELLE early | You left before the canter finished.
RIDECERT refuse fence=1 why=early
MICHELLE soft | One. Early.
COUNT fence=1 ahead=4.42 lateral=0.20 stride=1 word=One. Early. kept=true
MICHELLE soft | Early.
COUNT fence=1 ahead=4.22 lateral=0.20 stride=0 word=Early. kept=true
RIDEAI sit n=1 phase=approach pos=-0.2,-23.7 ahead=4.04 lat=0.44 ang=3.5 along=4.0 gait=3 v=1.66 rein=0
MICHELLE soft | Wait.
COUNT fence=1 ahead=3.82 lateral=0.20 stride=0 word=Wait. kept=true
MICHELLE soft | Now.
COUNT fence=1 ahead=3.22 lateral=0.20 stride=0 word=Now. kept=true
RIDEAI ASK n=1 ahead=2.56 lat=0.2 ang=3.5 charge=1.0
MICHELLE spot | That's the spot. Eyes up now.
RIDEAI fence 1 -> 2 t=7.68 leave=spot
RIDEAI sit n=2 phase=land pos=-0.8,-18.0 ahead=12.66 lat=7.68 ang=28.8 along=10.2 gait=3 v=3.09 rein=-1
COUNT fence=2 ahead=10.95 lateral=3.56 stride=-1 word=silent kept=false
MICHELLE soft | Come again.
RIDEAI sit n=2 phase=land pos=-3.2,-16.4 ahead=5.12 lat=5.12 ang=90.1 along=8.7 gait=3 v=3.09 rein=-1
RIDEAI sit n=2 phase=setup pos=-6.4,-16.8 ahead=-0.23 lat=1.96 ang=103.4 along=9.3 gait=3 v=3.56 rein=-1
RIDEAI sit n=2 phase=approach pos=-8.8,-16.0 ahead=6.22 lat=0.42 ang=41.1 along=8.6 gait=3 v=2.84 rein=1
MICHELLE soft | One. Wait.
COUNT fence=2 ahead=7.28 lateral=1.58 stride=1 word=One. Wait. kept=true
RIDEAI sit n=2 phase=approach pos=-9.2,-14.0 ahead=6.72 lat=0.92 ang=8.3 along=6.7 gait=3 v=2.11 rein=0
MICHELLE soft | One. Early.
COUNT fence=2 ahead=5.39 lateral=0.05 stride=1 word=One. Early. kept=true
MICHELLE soft | Early.
COUNT fence=2 ahead=4.20 lateral=0.05 stride=0 word=Early. kept=true
MICHELLE soft | Wait.
COUNT fence=2 ahead=3.81 lateral=0.05 stride=0 word=Wait. kept=true
RIDEAI sit n=2 phase=approach pos=-8.6,-10.9 ahead=3.56 lat=0.46 ang=8.3 along=3.5 gait=3 v=3.88 rein=0
MICHELLE soft | Now.
COUNT fence=2 ahead=3.23 lateral=0.05 stride=0 word=Now. kept=true
RIDEAI ASK n=2 ahead=2.58 lat=0.04 ang=8.3 charge=1.0
MICHELLE spot | That's the one. Don't fuss after.
RIDEAI fence 2 -> 3 t=14.73 leave=spot
MICHELLE soft | Two. Wait.
COUNT fence=3 ahead=10.21 lateral=1.41 stride=2 word=Two. Wait. kept=true
RIDEAI sit n=3 phase=approach pos=-7.6,-5.3 ahead=8.61 lat=0.18 ang=2.1 along=8.6 gait=3 v=1.48 rein=0
MICHELLE soft | One. Wait.
COUNT fence=3 ahead=7.57 lateral=0.51 stride=1 word=One. Wait. kept=true
RIDEAI sit n=3 phase=approach pos=-7.4,-3.2 ahead=6.48 lat=0.26 ang=2.1 along=6.5 gait=3 v=2.25 rein=0
MICHELLE soft | One. Early.
COUNT fence=3 ahead=5.40 lateral=0.51 stride=1 word=One. Early. kept=true
MICHELLE soft | Early.
COUNT fence=3 ahead=4.20 lateral=0.51 stride=0 word=Early. kept=true
RIDEAI sit n=3 phase=approach pos=-7.2,-0.6 ahead=3.95 lat=0.36 ang=1.0 along=4.0 gait=3 v=3.15 rein=-1
MICHELLE soft | Wait.
COUNT fence=3 ahead=3.80 lateral=0.27 stride=0 word=Wait. kept=true
MICHELLE soft | Now.
COUNT fence=3 ahead=3.23 lateral=0.27 stride=0 word=Now. kept=true
RIDEAI ASK n=3 ahead=2.59 lat=0.28 ang=1.4 charge=1.0
MICHELLE spot | That leave was true.
RIDEAI fence 3 -> 4 t=19.28 leave=spot
RIDECERT trace E:/Workspace/Madison/game/../dist/traces/hk_les_004_refuse_early.jsonl n=21
RIDECERT hk_les_004 style=refuse_early success=true faults=4 jumped=3/3 t=20.68 teleported=false complete=true refused=[1] rail_fences=[] rail_air=[] conf=83.0 scope=82.5
RIDECERT round hk_les_004 class=lesson seed=3 jo=false style=rail_late
MICHELLE soft | Two. Wait.
COUNT fence=1 ahead=10.87 lateral=0.62 stride=2 word=Two. Wait. kept=true
RIDEAI sit n=1 phase=approach pos=0.0,-30.4 ahead=10.73 lat=0.62 ang=0.0 along=10.7 gait=3 v=4.22 rein=0
RIDEAI sit n=1 phase=approach pos=0.0,-27.3 ahead=7.63 lat=0.62 ang=0.0 along=7.6 gait=3 v=2.01 rein=0
MICHELLE soft | One. Wait.
COUNT fence=1 ahead=7.56 lateral=0.62 stride=1 word=One. Wait. kept=true
MICHELLE soft | One. Early.
COUNT fence=1 ahead=5.38 lateral=0.20 stride=1 word=One. Early. kept=true
RIDEAI sit n=1 phase=approach pos=-0.1,-24.2 ahead=4.61 lat=0.48 ang=3.5 along=4.6 gait=3 v=3.88 rein=0
MICHELLE soft | Early.
COUNT fence=1 ahead=4.22 lateral=0.20 stride=0 word=Early. kept=true
MICHELLE soft | Wait.
COUNT fence=1 ahead=3.83 lateral=0.20 stride=0 word=Wait. kept=true
MICHELLE soft | Now.
COUNT fence=1 ahead=3.18 lateral=0.20 stride=0 word=Now. kept=true
RIDEAI ASK n=1 ahead=2.66 lat=0.2 ang=3.5 charge=1.0
MICHELLE spot | That leave was true.
RIDEAI fence 1 -> 2 t=4.93 leave=spot
RIDEAI sit n=2 phase=land pos=-0.9,-17.8 ahead=12.51 lat=7.5 ang=36.0 along=10.0 gait=3 v=3.09 rein=-1
COUNT fence=2 ahead=10.90 lateral=3.83 stride=-1 word=silent kept=false
MICHELLE soft | Come again.
RIDEAI sit n=2 phase=land pos=-3.6,-16.5 ahead=3.63 lat=4.78 ang=97.2 along=8.9 gait=3 v=3.09 rein=-1
RIDEAI sit n=2 phase=approach pos=-6.9,-16.8 ahead=0.85 lat=1.54 ang=94.2 along=9.3 gait=3 v=3.83 rein=1
RIDEAI sit n=2 phase=approach pos=-8.9,-15.6 ahead=6.69 lat=0.6 ang=31.9 along=8.2 gait=3 v=3.11 rein=1
MICHELLE soft | One. Wait.
COUNT fence=2 ahead=7.32 lateral=1.49 stride=1 word=One. Wait. kept=true
RIDEAI sit n=2 phase=approach pos=-9.0,-13.7 ahead=6.38 lat=0.8 ang=7.1 along=6.3 gait=3 v=2.41 rein=0
MICHELLE soft | One. Early.
COUNT fence=2 ahead=5.35 lateral=0.00 stride=1 word=One. Early. kept=true
MICHELLE soft | Early.
COUNT fence=2 ahead=4.22 lateral=0.00 stride=0 word=Early. kept=true
MICHELLE soft | Wait.
COUNT fence=2 ahead=3.83 lateral=0.00 stride=0 word=Wait. kept=true
MICHELLE soft | Now.
COUNT fence=2 ahead=3.18 lateral=0.00 stride=0 word=Now. kept=true
RIDEAI sit n=2 phase=approach pos=-8.4,-10.4 ahead=2.99 lat=0.38 ang=7.1 along=3.0 gait=3 v=3.88 rein=0
RIDEAI ASK n=2 ahead=2.66 lat=0.0 ang=7.1 charge=1.0
MICHELLE spot | Good spot. Stay there.
RIDEAI fence 2 -> 3 t=11.93 leave=spot
MICHELLE soft | Two. Wait.
COUNT fence=3 ahead=10.29 lateral=1.33 stride=2 word=Two. Wait. kept=true
RIDEAI sit n=3 phase=approach pos=-7.6,-5.1 ahead=8.4 lat=0.22 ang=2.4 along=8.4 gait=3 v=1.86 rein=0
MICHELLE soft | One. Wait.
COUNT fence=3 ahead=7.57 lateral=0.57 stride=1 word=One. Wait. kept=true
RIDEAI sit n=3 phase=approach pos=-7.4,-2.9 ahead=6.18 lat=0.32 ang=2.4 along=6.2 gait=3 v=2.25 rein=0
MICHELLE soft | One. Early.
COUNT fence=3 ahead=5.39 lateral=0.57 stride=1 word=One. Early. kept=true
MICHELLE soft | Early.
COUNT fence=3 ahead=4.19 lateral=0.28 stride=0 word=Early. kept=true
MICHELLE soft | Wait.
COUNT fence=3 ahead=3.82 lateral=0.28 stride=0 word=Wait. kept=true
RIDEAI sit n=3 phase=approach pos=-7.2,-0.1 ahead=3.48 lat=0.34 ang=1.0 along=3.5 gait=3 v=3.53 rein=0
MICHELLE soft | Now.
COUNT fence=3 ahead=3.18 lateral=0.28 stride=0 word=Now. kept=true
MICHELLE soft | Too deep.
COUNT fence=3 ahead=1.82 lateral=0.28 stride=0 word=Too deep. kept=true
RIDEAI ASK n=3 ahead=1.37 lat=0.28 ang=1.0 charge=1.0
MICHELLE deep | You got there late. Ride the last one.
FENCE knock 3 by horse at -7.1,2.1 next=3 jumping=true
RIDECERT rail now=1 next=3 jumping=true phase=jump pos=-7.1,2.1
RIDEAI fence 3 -> 4 t=16.81 leave=deep
RIDECERT trace E:/Workspace/Madison/game/../dist/traces/hk_les_004_rail_late.jsonl n=18
RIDECERT hk_les_004 style=rail_late success=true faults=4 jumped=3/3 t=17.82 teleported=false complete=true refused=[] rail_fences=[] rail_air=[] conf=86.5 scope=81.0
RIDECERT wrote E:/Workspace/Madison/game/../dist/ridecert_style.json
RIDECERT done pass=true board=style 1 style_all=true
