Godot Engine v4.7.2.stable.official.ed1daf0bf - https://godotengine.org

FIT flatten armature scale=(100.0, 100.0, 100.0) keep_rot=(-90.0, 0.0, 0.0)
FIT length=2.25 height=1.91220223903656 scale=(0.84991, 0.84991, 0.84991)
SEAT bone=Torso bone_pos=(0.0, 1.126922, 0.286373) back_y=1.42885863780975 seat=(0.0, 1.428859, 0.286373)
TACK place crown=(0.0, 0.142, 0.0294) brow=(0.0, 0.196, 0.1326) nose=(0.0, 0.385, -0.0222) bit=(0.0, 0.479225, -0.087663)
HORSE mesh=WhiteHorse anim=true seat=Torso rider_parent=Seat
RIDER mesh scale 0.91304347826087 bones 62
RIDECERT begin
RIDECERT filter hk_int_002
RIDECERT round hk_int_002 class=intermediate seed=1 jo=false style=refuse_early
COUNT fence=1 ahead=6.13 lateral=8.58 stride=-1 word=silent kept=false
MICHELLE soft | Come again.
MICHELLE soft | Two. Wait.
COUNT fence=1 ahead=7.99 lateral=1.53 stride=2 word=Two. Wait. kept=true
RIDEAI sit n=1 phase=approach pos=8.6,-30.5 ahead=7.91 lat=0.12 ang=3.7 along=7.9 gait=3 v=1.48 rein=-1
MICHELLE soft | One. Wait.
COUNT fence=1 ahead=7.56 lateral=0.24 stride=1 word=One. Wait. kept=true
RIDEAI sit n=1 phase=approach pos=8.7,-28.3 ahead=5.69 lat=0.02 ang=2.6 along=5.7 gait=3 v=3.29 rein=0
MICHELLE soft | One. Early.
COUNT fence=1 ahead=5.35 lateral=0.24 stride=1 word=One. Early. kept=true
RIDEAI ASK n=1 ahead=4.27 lat=0.24 ang=2.6 charge=1.0
RIDECERT refuse fence=1 why=early
RIDEAI sit n=1 phase=approach pos=8.7,-27.1 ahead=4.43 lat=0.04 ang=2.6 along=4.4 gait=2 v=0.97 rein=0
MICHELLE soft | One. Early.
COUNT fence=1 ahead=4.41 lateral=0.24 stride=1 word=One. Early. kept=true
MICHELLE soft | Early.
COUNT fence=1 ahead=4.21 lateral=0.24 stride=0 word=Early. kept=true
MICHELLE soft | Wait.
COUNT fence=1 ahead=3.57 lateral=0.24 stride=0 word=Wait. kept=true
MICHELLE soft | Now.
COUNT fence=1 ahead=3.08 lateral=0.24 stride=0 word=Now. kept=true
RIDEAI ASK n=1 ahead=2.55 lat=0.24 ang=2.6 charge=1.0
RIDEAI fence 1 -> 2 t=6.98 leave=leave
COUNT fence=2 ahead=10.90 lateral=16.92 stride=-1 word=silent kept=false
MICHELLE soft | Come again.
RIDEAI sit n=2 phase=land pos=9.0,-21.9 ahead=11.6 lat=17.36 ang=5.5 along=10.0 gait=3 v=3.69 rein=-1
RIDEAI sit n=2 phase=land pos=7.4,-19.4 ahead=17.31 lat=15.6 ang=66.8 along=7.6 gait=3 v=3.09 rein=-1
RIDEAI sit n=2 phase=land pos=4.3,-19.2 ahead=11.58 lat=12.5 ang=96.4 along=7.5 gait=3 v=3.22 rein=0
RIDEAI sit n=2 phase=setup pos=0.2,-19.5 ahead=6.86 lat=8.48 ang=100.5 along=8.1 gait=3 v=5.17 rein=0
RIDEAI sit n=2 phase=setup pos=-5.0,-20.0 ahead=1.6 lat=3.3 ang=100.5 along=9.1 gait=3 v=3.49 rein=0
RIDEAI sit n=2 phase=approach pos=-7.4,-20.2 ahead=2.97 lat=0.92 ang=77.2 along=9.4 gait=3 v=3.0 rein=1
RIDEAI sit n=2 phase=approach pos=-9.3,-18.4 ahead=7.28 lat=1.08 ang=13.1 along=7.7 gait=3 v=1.34 rein=1
MICHELLE soft | One. Wait.
COUNT fence=2 ahead=7.46 lateral=1.59 stride=1 word=One. Wait. kept=true
RIDEAI sit n=2 phase=approach pos=-8.9,-16.5 ahead=5.83 lat=0.84 ang=9.1 along=5.8 gait=3 v=2.98 rein=0
MICHELLE soft | One. Early.
COUNT fence=2 ahead=5.35 lateral=0.08 stride=1 word=One. Early. kept=true
MICHELLE soft | Early.
COUNT fence=2 ahead=4.18 lateral=0.08 stride=0 word=Early. kept=true
MICHELLE soft | Wait.
COUNT fence=2 ahead=3.54 lateral=0.08 stride=0 word=Wait. kept=true
MICHELLE soft | Now.
COUNT fence=2 ahead=3.08 lateral=0.08 stride=0 word=Now. kept=true
RIDEAI ASK n=2 ahead=2.56 lat=0.08 ang=9.1 charge=1.0
RIDEAI fence 2 -> 3 t=16.36 leave=straight
COUNT fence=3 ahead=10.51 lateral=14.03 stride=-1 word=silent kept=false
MICHELLE soft | Come again.
RIDEAI sit n=3 phase=land pos=-7.4,-10.0 ahead=11.41 lat=16.08 ang=19.2 along=6.5 gait=3 v=3.59 rein=1
RIDEAI sit n=3 phase=land pos=-5.1,-8.1 ahead=14.37 lat=13.8 ang=80.5 along=4.6 gait=3 v=3.09 rein=1
RIDEAI sit n=3 phase=land pos=-2.1,-8.8 ahead=8.62 lat=10.76 ang=108.0 along=5.2 gait=3 v=3.22 rein=0
RIDEAI sit n=3 phase=setup pos=1.8,-10.3 ahead=3.87 lat=6.92 ang=112.1 along=6.7 gait=3 v=5.25 rein=0
RIDEAI sit n=3 phase=setup pos=5.9,-12.0 ahead=-1.11 lat=2.82 ang=115.6 along=8.5 gait=3 v=2.15 rein=0
RIDEAI sit n=3 phase=approach pos=8.8,-12.6 ahead=2.19 lat=0.06 ang=75.7 along=9.1 gait=3 v=2.0 rein=-1
RIDEAI sit n=3 phase=approach pos=10.3,-10.9 ahead=6.86 lat=1.62 ang=12.5 along=7.4 gait=3 v=1.54 rein=-1
MICHELLE soft | One. Wait.
COUNT fence=3 ahead=7.16 lateral=1.47 stride=1 word=One. Wait. kept=true
RIDEAI sit n=3 phase=approach pos=9.8,-9.0 ahead=5.53 lat=1.14 ang=18.9 along=5.5 gait=3 v=3.02 rein=0
MICHELLE soft | One. Early.
COUNT fence=3 ahead=5.38 lateral=0.70 stride=1 word=One. Early. kept=true
MICHELLE soft | Early.
COUNT fence=3 ahead=4.18 lateral=0.26 stride=0 word=Early. kept=true
MICHELLE soft | Wait.
COUNT fence=3 ahead=3.60 lateral=0.26 stride=0 word=Wait. kept=true
MICHELLE soft | Now.
COUNT fence=3 ahead=3.09 lateral=0.01 stride=0 word=Now. kept=true
RIDEAI ASK n=3 ahead=2.57 lat=0.0 ang=8.4 charge=1.0
RIDEAI fence 3 -> 4 t=25.72 leave=leave
MICHELLE soft | Two. Wait.
COUNT fence=4 ahead=10.18 lateral=1.38 stride=2 word=Two. Wait. kept=true
RIDEAI sit n=4 phase=approach pos=8.6,-2.5 ahead=9.72 lat=0.1 ang=2.3 along=9.7 gait=3 v=3.39 rein=0
RIDEAI sit n=4 phase=approach pos=8.5,-0.5 ahead=7.72 lat=0.18 ang=2.3 along=7.7 gait=3 v=2.25 rein=0
MICHELLE soft | One. Wait.
COUNT fence=4 ahead=7.57 lateral=0.48 stride=1 word=One. Wait. kept=true
RIDEAI sit n=4 phase=approach pos=8.4,1.7 ahead=5.47 lat=0.26 ang=2.3 along=5.5 gait=3 v=2.25 rein=0
MICHELLE soft | One. Early.
COUNT fence=4 ahead=5.39 lateral=0.48 stride=1 word=One. Early. kept=true
MICHELLE soft | Early.
COUNT fence=4 ahead=4.21 lateral=0.48 stride=0 word=Early. kept=true
MICHELLE soft | Wait.
COUNT fence=4 ahead=3.60 lateral=0.26 stride=0 word=Wait. kept=true
MICHELLE soft | Now.
COUNT fence=4 ahead=3.06 lateral=0.26 stride=0 word=Now. kept=true
RIDEAI ASK n=4 ahead=2.55 lat=0.26 ang=1.2 charge=1.0
RIDEAI fence 4 -> 5 t=30.27 leave=leave
MICHELLE soft | Two. Wait.
COUNT fence=5 ahead=9.76 lateral=0.03 stride=2 word=Two. Wait. kept=true
RIDEAI sit n=5 phase=approach pos=8.5,8.3 ahead=9.69 lat=0.24 ang=1.2 along=9.7 gait=3 v=3.79 rein=0
RIDEAI sit n=5 phase=approach pos=8.5,10.4 ahead=7.6 lat=0.18 ang=1.2 along=7.6 gait=3 v=2.25 rein=0
MICHELLE soft | One. Wait.
COUNT fence=5 ahead=7.56 lateral=0.03 stride=1 word=One. Wait. kept=true
MICHELLE soft | One. Early.
COUNT fence=5 ahead=5.38 lateral=0.03 stride=1 word=One. Early. kept=true
RIDEAI sit n=5 phase=approach pos=8.6,12.7 ahead=5.35 lat=0.14 ang=1.2 along=5.3 gait=3 v=2.25 rein=0
MICHELLE soft | Early.
COUNT fence=5 ahead=4.20 lateral=0.03 stride=0 word=Early. kept=true
MICHELLE soft | Wait.
COUNT fence=5 ahead=3.58 lateral=0.03 stride=0 word=Wait. kept=true
MICHELLE soft | Now.
COUNT fence=5 ahead=3.09 lateral=0.03 stride=0 word=Now. kept=true
RIDEAI ASK n=5 ahead=2.55 lat=0.02 ang=1.2 charge=1.0
RIDEAI fence 5 -> 6 t=34.7 leave=leave
COUNT fence=6 ahead=5.07 lateral=16.36 stride=-1 word=silent kept=false
MICHELLE soft | Come again.
RIDEAI sit n=6 phase=land pos=8.7,18.5 ahead=5.07 lat=16.66 ang=3.8 along=4.0 gait=3 v=3.84 rein=-1
RIDEAI sit n=6 phase=land pos=7.2,21.2 ahead=14.19 lat=14.96 ang=65.1 along=1.5 gait=3 v=3.09 rein=-1
RIDEAI sit n=6 phase=land pos=4.2,21.1 ahead=9.63 lat=12.02 ang=119.2 along=1.8 gait=3 v=3.09 rein=0
RIDEAI come again n=6 rein=-1 pos=3.3,20.6
RIDEAI sit n=6 phase=again pos=2.4,19.8 ahead=3.59 lat=10.3 ang=143.5 along=3.2 gait=3 v=1.92 rein=0
RIDEAI sit n=6 phase=again pos=0.4,17.4 ahead=0.5 lat=8.46 ang=143.5 along=5.6 gait=3 v=4.22 rein=0
RIDEAI sit n=6 phase=again pos=-3.0,13.5 ahead=-4.67 lat=5.38 ang=143.5 along=9.8 gait=3 v=5.55 rein=0
RIDEAI sit n=6 phase=setup pos=-6.4,10.4 ahead=-1.65 lat=2.24 ang=106.8 along=13.1 gait=3 v=1.81 rein=1
RIDEAI sit n=6 phase=approach pos=-8.9,11.6 ahead=8.57 lat=0.42 ang=43.3 along=12.2 gait=3 v=3.3 rein=1
MICHELLE soft | Two. Wait.
COUNT fence=6 ahead=10.79 lateral=1.53 stride=2 word=Two. Wait. kept=true
RIDEAI sit n=6 phase=approach pos=-9.3,13.9 ahead=9.84 lat=0.92 ang=3.1 along=9.8 gait=3 v=3.37 rein=0
RIDEAI sit n=6 phase=approach pos=-9.0,16.1 ahead=7.68 lat=0.8 ang=3.1 along=7.6 gait=3 v=2.41 rein=0
MICHELLE soft | One. Wait.
COUNT fence=6 ahead=7.56 lateral=0.38 stride=1 word=One. Wait. kept=true
MICHELLE soft | One. Early.
COUNT fence=6 ahead=5.37 lateral=0.38 stride=1 word=One. Early. kept=true
RIDEAI sit n=6 phase=approach pos=-8.6,19.4 ahead=4.33 lat=0.62 ang=3.1 along=4.3 gait=3 v=3.88 rein=0
MICHELLE soft | Early.
COUNT fence=6 ahead=4.20 lateral=0.38 stride=0 word=Early. kept=true
MICHELLE soft | Wait.
COUNT fence=6 ahead=3.57 lateral=0.15 stride=0 word=Wait. kept=true
MICHELLE soft | Now.
COUNT fence=6 ahead=3.05 lateral=0.15 stride=0 word=Now. kept=true
RIDEAI ASK n=6 ahead=2.53 lat=0.16 ang=6.6 charge=1.0
RIDEAI fence 6 -> 7 t=46.62 leave=leave
COUNT fence=7 ahead=8.35 lateral=6.16 stride=-1 word=silent kept=false
MICHELLE soft | Come again.
MICHELLE soft | Two. Wait.
COUNT fence=7 ahead=8.77 lateral=1.48 stride=2 word=Two. Wait. kept=true
RIDEAI sit n=7 phase=land pos=-7.0,25.7 ahead=8.77 lat=7.12 ang=43.6 along=5.3 gait=3 v=3.09 rein=1
COUNT fence=7 ahead=7.64 lateral=1.64 stride=-1 word=silent kept=false
MICHELLE soft | Come again.
RIDEAI sit n=7 phase=land pos=-4.2,26.5 ahead=2.96 lat=4.28 ang=104.8 along=4.6 gait=3 v=3.09 rein=1
RIDEAI sit n=7 phase=setup pos=-1.8,24.4 ahead=-4.48 lat=1.96 ang=146.7 along=6.7 gait=3 v=3.78 rein=1
RIDEAI sit n=7 phase=approach pos=0.4,23.4 ahead=0.55 lat=0.22 ang=84.3 along=7.7 gait=3 v=3.03 rein=-1
RIDEAI sit n=7 phase=setup pos=2.7,24.6 ahead=-0.21 lat=2.52 ang=70.9 along=6.6 gait=3 v=1.78 rein=1
RIDEAI sit n=7 phase=setup pos=5.4,23.9 ahead=-8.81 lat=5.2 ang=132.7 along=7.3 gait=3 v=3.45 rein=1
RIDEAI sit n=7 phase=setup pos=6.0,21.6 ahead=-7.89 lat=5.76 ang=165.5 along=9.6 gait=3 v=3.34 rein=1
RIDEAI sit n=7 phase=setup pos=4.3,19.7 ahead=1.32 lat=4.02 ang=103.1 along=11.5 gait=3 v=2.61 rein=1
RIDEAI sit n=7 phase=approach pos=1.6,20.4 ahead=9.01 lat=1.34 ang=40.7 along=10.7 gait=3 v=1.92 rein=1
MICHELLE soft | Two. Wait.
COUNT fence=7 ahead=9.73 lateral=1.53 stride=2 word=Two. Wait. kept=true
RIDEAI sit n=7 phase=approach pos=0.9,22.5 ahead=8.64 lat=0.7 ang=9.0 along=8.6 gait=3 v=1.4 rein=0
MICHELLE soft | One. Wait.
COUNT fence=7 ahead=7.57 lateral=0.67 stride=1 word=One. Wait. kept=true
RIDEAI sit n=7 phase=approach pos=0.5,25.0 ahead=6.18 lat=0.34 ang=5.5 along=6.2 gait=3 v=3.56 rein=0
MICHELLE soft | One. Early.
COUNT fence=7 ahead=5.36 lateral=0.26 stride=1 word=One. Early. kept=true
MICHELLE soft | Early.
COUNT fence=7 ahead=4.19 lateral=0.26 stride=0 word=Early. kept=true
MICHELLE soft | Wait.
COUNT fence=7 ahead=3.54 lateral=0.26 stride=0 word=Wait. kept=true
MICHELLE soft | Now.
COUNT fence=7 ahead=3.09 lateral=0.26 stride=0 word=Now. kept=true
RIDEAI ASK n=7 ahead=2.57 lat=0.26 ang=5.5 charge=1.0
RIDEAI fence 7 -> 8 t=59.51 leave=leave
RIDEAI sit n=8 phase=land pos=-0.3,31.7 ahead=-25.82 lat=6.66 ang=170.0 along=27.4 gait=3 v=3.74 rein=-1
RIDEAI sit n=8 phase=land pos=-2.3,34.0 ahead=-5.08 lat=4.7 ang=108.7 along=29.7 gait=3 v=3.09 rein=-1
COUNT fence=8 ahead=1.19 lateral=30.06 stride=-1 word=silent kept=false
MICHELLE soft | Come again.
RIDEAI sit n=8 phase=land pos=-5.2,33.4 ahead=20.98 lat=1.82 ang=47.5 along=29.0 gait=3 v=3.09 rein=-1
RIDEAI sit n=8 phase=around pos=-6.0,29.8 ahead=24.46 lat=0.96 ang=13.8 along=25.4 gait=3 v=5.01 rein=-1
RIDEAI sit n=8 phase=setup pos=-4.4,24.6 ahead=20.13 lat=2.6 ang=2.6 along=20.3 gait=3 v=5.33 rein=1
RIDEAI sit n=8 phase=approach pos=-5.5,19.3 ahead=14.87 lat=1.5 ang=13.8 along=14.9 gait=3 v=5.55 rein=0
MICHELLE soft | Two. Wait.
COUNT fence=8 ahead=10.84 lateral=0.91 stride=2 word=Two. Wait. kept=true
RIDEAI sit n=8 phase=approach pos=-6.5,13.8 ahead=9.46 lat=0.52 ang=8.7 along=9.5 gait=3 v=5.55 rein=0
MICHELLE soft | One. Wait.
COUNT fence=8 ahead=7.57 lateral=0.26 stride=1 word=One. Wait. kept=true
RIDEAI sit n=8 phase=approach pos=-6.8,11.0 ahead=6.62 lat=0.2 ang=4.0 along=6.6 gait=3 v=2.52 rein=0
MICHELLE soft | One. Early.
COUNT fence=8 ahead=5.36 lateral=0.26 stride=1 word=One. Early. kept=true
MICHELLE soft | Early.
COUNT fence=8 ahead=4.16 lateral=0.26 stride=0 word=Early. kept=true
MICHELLE soft | Wait.
COUNT fence=8 ahead=3.58 lateral=0.26 stride=0 word=Wait. kept=true
RIDEAI sit n=8 phase=approach pos=-7.1,7.5 ahead=3.13 lat=0.04 ang=4.0 along=3.1 gait=3 v=3.88 rein=0
MICHELLE soft | Now.
COUNT fence=8 ahead=3.06 lateral=0.26 stride=0 word=Now. kept=true
RIDEAI ASK n=8 ahead=2.54 lat=0.26 ang=4.0 charge=1.0
RIDEAI fence 8 -> 9 t=69.13 leave=leave
MICHELLE soft | One. Wait.
COUNT fence=9 ahead=6.93 lateral=0.64 stride=1 word=One. Wait. kept=true
MICHELLE soft | One. Early.
COUNT fence=9 ahead=5.39 lateral=0.05 stride=1 word=One. Early. kept=true
RIDEAI sit n=9 phase=approach pos=-7.3,2.2 ahead=5.31 lat=0.72 ang=8.4 along=5.3 gait=3 v=2.25 rein=0
MICHELLE soft | Early.
COUNT fence=9 ahead=4.19 lateral=0.05 stride=0 word=Early. kept=true
MICHELLE soft | Wait.
COUNT fence=9 ahead=3.59 lateral=0.05 stride=0 word=Wait. kept=true
MICHELLE soft | Now.
COUNT fence=9 ahead=3.10 lateral=0.05 stride=0 word=Now. kept=true
RIDEAI sit n=9 phase=approach pos=-7.2,0.0 ahead=3.06 lat=0.4 ang=8.4 along=3.0 gait=3 v=2.25 rein=0
RIDEAI ASK n=9 ahead=2.57 lat=0.06 ang=8.4 charge=1.0
RIDEAI fence 9 -> 10 t=72.62 leave=leave
RIDEAI sit n=10 phase=land pos=-6.2,-5.9 ahead=17.61 lat=0.44 ang=27.1 along=19.6 gait=3 v=3.22 rein=0
RIDEAI sit n=10 phase=land pos=-4.9,-8.8 ahead=13.22 lat=1.04 ang=34.2 along=16.7 gait=3 v=3.17 rein=-1
RIDEAI sit n=10 phase=approach pos=-4.5,-12.2 ahead=13.47 lat=1.62 ang=4.6 along=13.4 gait=3 v=4.36 rein=0
MICHELLE soft | Two. Wait.
COUNT fence=10 ahead=10.90 lateral=0.55 stride=2 word=Two. Wait. kept=true
RIDEAI sit n=10 phase=approach pos=-5.3,-17.2 ahead=8.42 lat=1.22 ang=4.6 along=8.3 gait=3 v=3.78 rein=0
MICHELLE soft | One. Wait.
COUNT fence=10 ahead=7.55 lateral=0.10 stride=1 word=One. Wait. kept=true
RIDEAI sit n=10 phase=approach pos=-5.8,-19.6 ahead=5.96 lat=0.86 ang=9.2 along=5.9 gait=3 v=3.02 rein=0
MICHELLE soft | One. Early.
COUNT fence=10 ahead=5.36 lateral=0.10 stride=1 word=One. Early. kept=true
MICHELLE soft | Early.
COUNT fence=10 ahead=4.17 lateral=0.10 stride=0 word=Early. kept=true
MICHELLE soft | Wait.
COUNT fence=10 ahead=3.58 lateral=0.10 stride=0 word=Wait. kept=true
MICHELLE soft | Now.
COUNT fence=10 ahead=3.07 lateral=0.10 stride=0 word=Now. kept=true
RIDEAI ASK n=10 ahead=2.55 lat=0.1 ang=9.2 charge=1.0
RIDEAI fence 10 -> 11 t=79.74 leave=leave
RIDECERT trace E:/Workspace/Madison/game/../dist/traces/hk_int_002_refuse_early.jsonl n=85
RIDECERT hk_int_002 style=refuse_early success=true faults=4 refusal_faults=4 rail_faults=0 time_faults=0 jumped=10/10 t=82.65 teleported=false complete=true refused=[1] rail_fences=[] rail_air=[] conf=83.0 scope=82.5
RIDECERT round hk_int_002 class=intermediate seed=1 jo=false style=rail_late
COUNT fence=1 ahead=6.13 lateral=8.58 stride=-1 word=silent kept=false
MICHELLE soft | Come again.
MICHELLE soft | Two. Wait.
COUNT fence=1 ahead=7.99 lateral=1.53 stride=2 word=Two. Wait. kept=true
RIDEAI sit n=1 phase=approach pos=8.6,-30.5 ahead=7.91 lat=0.12 ang=3.7 along=7.9 gait=3 v=1.48 rein=-1
MICHELLE soft | One. Wait.
COUNT fence=1 ahead=7.56 lateral=0.24 stride=1 word=One. Wait. kept=true
RIDEAI sit n=1 phase=approach pos=8.7,-28.3 ahead=5.69 lat=0.02 ang=2.6 along=5.7 gait=3 v=3.29 rein=0
MICHELLE soft | One. Early.
COUNT fence=1 ahead=5.35 lateral=0.24 stride=1 word=One. Early. kept=true
MICHELLE soft | Early.
COUNT fence=1 ahead=4.21 lateral=0.24 stride=0 word=Early. kept=true
MICHELLE soft | Wait.
COUNT fence=1 ahead=3.56 lateral=0.24 stride=0 word=Wait. kept=true
MICHELLE soft | Now.
COUNT fence=1 ahead=3.04 lateral=0.24 stride=0 word=Now. kept=true
RIDEAI ASK n=1 ahead=2.66 lat=0.24 ang=2.6 charge=1.0
RIDEAI fence 1 -> 2 t=4.21 leave=straight
COUNT fence=2 ahead=11.00 lateral=16.92 stride=-1 word=silent kept=false
MICHELLE soft | Come again.
RIDEAI sit n=2 phase=land pos=8.9,-21.6 ahead=13.23 lat=17.3 ang=12.7 along=9.7 gait=3 v=3.34 rein=-1
RIDEAI sit n=2 phase=land pos=7.0,-19.4 ahead=16.75 lat=15.26 ang=73.9 along=7.5 gait=3 v=3.09 rein=-1
RIDEAI sit n=2 phase=land pos=3.9,-19.2 ahead=11.35 lat=12.12 ang=95.4 along=7.6 gait=3 v=3.22 rein=0
RIDEAI sit n=2 phase=setup pos=-0.4,-19.6 ahead=6.39 lat=7.86 ang=99.5 along=8.3 gait=3 v=5.44 rein=0
RIDEAI sit n=2 phase=setup pos=-5.3,-20.1 ahead=0.88 lat=3.02 ang=103.0 along=9.2 gait=3 v=2.35 rein=0
RIDEAI sit n=2 phase=approach pos=-7.8,-20.0 ahead=3.67 lat=0.54 ang=70.0 along=9.3 gait=3 v=3.41 rein=1
RIDEAI sit n=2 phase=approach pos=-9.3,-18.3 ahead=7.51 lat=1.06 ang=5.0 along=7.6 gait=3 v=1.34 rein=1
MICHELLE soft | One. Wait.
COUNT fence=2 ahead=7.52 lateral=1.57 stride=1 word=One. Wait. kept=true
RIDEAI sit n=2 phase=approach pos=-8.8,-16.2 ahead=5.52 lat=0.74 ang=8.9 along=5.5 gait=3 v=3.25 rein=0
MICHELLE soft | One. Early.
COUNT fence=2 ahead=5.35 lateral=0.11 stride=1 word=One. Early. kept=true
MICHELLE soft | Early.
COUNT fence=2 ahead=4.18 lateral=0.11 stride=0 word=Early. kept=true
MICHELLE soft | Wait.
COUNT fence=2 ahead=3.59 lateral=0.11 stride=0 word=Wait. kept=true
MICHELLE soft | Now.
COUNT fence=2 ahead=3.08 lateral=0.11 stride=0 word=Now. kept=true
RIDEAI ASK n=2 ahead=2.62 lat=0.12 ang=8.9 charge=1.0
RIDEAI fence 2 -> 3 t=13.59 leave=straight
COUNT fence=3 ahead=10.53 lateral=14.03 stride=-1 word=silent kept=false
MICHELLE soft | Come again.
RIDEAI sit n=3 phase=land pos=-7.2,-9.7 ahead=12.57 lat=15.9 ang=26.2 along=6.2 gait=3 v=3.24 rein=1
RIDEAI sit n=3 phase=land pos=-4.7,-8.1 ahead=13.62 lat=13.42 ang=87.5 along=4.6 gait=3 v=3.09 rein=1
RIDEAI sit n=3 phase=land pos=-1.7,-8.9 ahead=8.23 lat=10.38 ang=107.9 along=5.4 gait=3 v=3.22 rein=0
RIDEAI sit n=3 phase=setup pos=2.4,-10.5 ahead=3.23 lat=6.3 ang=112.0 along=7.0 gait=3 v=5.52 rein=0
RIDEAI sit n=3 phase=setup pos=6.1,-12.1 ahead=-1.39 lat=2.54 ang=115.5 along=8.6 gait=3 v=2.42 rein=0
RIDEAI sit n=3 phase=approach pos=9.0,-12.5 ahead=3.18 lat=0.3 ang=67.4 along=9.0 gait=3 v=1.92 rein=-1
RIDEAI sit n=3 phase=approach pos=10.3,-10.8 ahead=7.12 lat=1.62 ang=3.1 along=7.2 gait=3 v=1.34 rein=-1
MICHELLE soft | One. Wait.
COUNT fence=3 ahead=7.16 lateral=1.57 stride=1 word=One. Wait. kept=true
MICHELLE soft | One. Early.
COUNT fence=3 ahead=5.39 lateral=0.60 stride=1 word=One. Early. kept=true
RIDEAI sit n=3 phase=approach pos=9.7,-8.6 ahead=5.12 lat=1.0 ang=17.9 along=5.1 gait=3 v=3.33 rein=0
MICHELLE soft | Early.
COUNT fence=3 ahead=4.21 lateral=0.60 stride=0 word=Early. kept=true
MICHELLE soft | Wait.
COUNT fence=3 ahead=3.54 lateral=0.18 stride=0 word=Wait. kept=true
MICHELLE soft | Now.
COUNT fence=3 ahead=3.09 lateral=0.18 stride=0 word=Now. kept=true
MICHELLE soft | Too deep.
COUNT fence=3 ahead=1.98 lateral=0.23 stride=0 word=Too deep. kept=true
RIDEAI ASK n=3 ahead=1.39 lat=0.28 ang=1.6 charge=1.0
FENCE knock 3 by horse at 9.0,-4.7 next=3 jumping=true
RIDECERT rail now=1 next=3 jumping=true phase=jump pos=9.0,-4.7
RIDEAI fence 3 -> 4 t=23.22 leave=deep
RIDEAI sit n=4 phase=jump pos=8.9,-1.9 ahead=9.14 lat=0.22 ang=1.6 along=9.1 gait=3 v=3.88 rein=0
MICHELLE soft | Two. Wait.
COUNT fence=4 ahead=9.08 lateral=0.02 stride=2 word=Two. Wait. kept=true
MICHELLE soft | One. Wait.
COUNT fence=4 ahead=7.55 lateral=0.02 stride=1 word=One. Wait. kept=true
RIDEAI sit n=4 phase=approach pos=8.9,0.2 ahead=7.06 lat=0.18 ang=1.6 along=7.1 gait=3 v=2.25 rein=0
MICHELLE soft | One. Early.
COUNT fence=4 ahead=5.37 lateral=0.02 stride=1 word=One. Early. kept=true
RIDEAI sit n=4 phase=approach pos=8.8,2.4 ahead=4.81 lat=0.12 ang=1.6 along=4.8 gait=3 v=2.25 rein=0
MICHELLE soft | Early.
COUNT fence=4 ahead=4.20 lateral=0.02 stride=0 word=Early. kept=true
MICHELLE soft | Wait.
COUNT fence=4 ahead=3.58 lateral=0.02 stride=0 word=Wait. kept=true
MICHELLE soft | Now.
COUNT fence=4 ahead=3.07 lateral=0.02 stride=0 word=Now. kept=true
RIDEAI ASK n=4 ahead=2.54 lat=0.02 ang=1.6 charge=1.0
RIDEAI fence 4 -> 5 t=27.49 leave=leave
MICHELLE soft | Two. Wait.
COUNT fence=5 ahead=9.74 lateral=0.32 stride=2 word=Two. Wait. kept=true
RIDEAI sit n=5 phase=approach pos=8.6,8.8 ahead=9.27 lat=0.06 ang=1.6 along=9.3 gait=3 v=3.16 rein=0
MICHELLE soft | One. Wait.
COUNT fence=5 ahead=7.56 lateral=0.32 stride=1 word=One. Wait. kept=true
RIDEAI sit n=5 phase=approach pos=8.6,10.7 ahead=7.33 lat=0.12 ang=1.6 along=7.3 gait=3 v=2.25 rein=0
MICHELLE soft | One. Early.
COUNT fence=5 ahead=5.38 lateral=0.32 stride=1 word=One. Early. kept=true
RIDEAI sit n=5 phase=approach pos=8.5,12.9 ahead=5.08 lat=0.18 ang=1.6 along=5.1 gait=3 v=2.25 rein=0
MICHELLE soft | Early.
COUNT fence=5 ahead=4.19 lateral=0.32 stride=0 word=Early. kept=true
MICHELLE soft | Wait.
COUNT fence=5 ahead=3.58 lateral=0.32 stride=0 word=Wait. kept=true
MICHELLE soft | Now.
COUNT fence=5 ahead=3.09 lateral=0.32 stride=0 word=Now. kept=true
RIDEAI ASK n=5 ahead=2.56 lat=0.14 ang=1.9 charge=1.0
RIDEAI fence 5 -> 6 t=31.92 leave=leave
COUNT fence=6 ahead=4.88 lateral=16.31 stride=-1 word=silent kept=false
MICHELLE soft | Come again.
RIDEAI sit n=6 phase=land pos=8.5,19.0 ahead=6.44 lat=16.5 ang=10.3 along=3.6 gait=3 v=3.49 rein=-1
RIDEAI sit n=6 phase=land pos=6.7,21.3 ahead=14.22 lat=14.54 ang=71.5 along=1.3 gait=3 v=3.09 rein=-1
RIDEAI sit n=6 phase=land pos=3.8,20.9 ahead=9.17 lat=11.62 ang=119.5 along=1.9 gait=3 v=3.22 rein=0
RIDEAI come again n=6 rein=-1 pos=3.2,20.7
RIDEAI sit n=6 phase=again pos=2.1,19.6 ahead=3.29 lat=10.06 ang=143.6 along=3.3 gait=3 v=2.22 rein=0
RIDEAI sit n=6 phase=again pos=-0.1,17.1 ahead=-0.11 lat=8.06 ang=143.6 along=6.1 gait=3 v=4.52 rein=0
RIDEAI sit n=6 phase=again pos=-3.5,13.0 ahead=-5.44 lat=4.9 ang=143.6 along=10.4 gait=3 v=5.55 rein=0
RIDEAI sit n=6 phase=approach pos=-6.6,10.4 ahead=0.18 lat=1.96 ang=97.7 along=13.1 gait=3 v=2.12 rein=1
RIDEAI sit n=6 phase=approach pos=-9.2,11.9 ahead=9.37 lat=0.66 ang=34.8 along=11.9 gait=3 v=2.15 rein=1
MICHELLE soft | Two. Wait.
COUNT fence=6 ahead=10.77 lateral=1.59 stride=2 word=Two. Wait. kept=true
RIDEAI sit n=6 phase=approach pos=-9.2,14.4 ahead=9.37 lat=0.92 ang=3.0 along=9.3 gait=3 v=3.5 rein=0
MICHELLE soft | One. Wait.
COUNT fence=6 ahead=7.55 lateral=0.44 stride=1 word=One. Wait. kept=true
RIDEAI sit n=6 phase=approach pos=-9.0,16.4 ahead=7.34 lat=0.82 ang=3.0 along=7.3 gait=3 v=2.6 rein=0
MICHELLE soft | One. Early.
COUNT fence=6 ahead=5.36 lateral=0.44 stride=1 word=One. Early. kept=true
MICHELLE soft | Early.
COUNT fence=6 ahead=4.21 lateral=0.12 stride=0 word=Early. kept=true
RIDEAI sit n=6 phase=approach pos=-8.5,19.9 ahead=3.82 lat=0.56 ang=6.4 along=3.8 gait=3 v=3.88 rein=0
MICHELLE soft | Wait.
COUNT fence=6 ahead=3.56 lateral=0.12 stride=0 word=Wait. kept=true
MICHELLE soft | Now.
COUNT fence=6 ahead=3.05 lateral=0.12 stride=0 word=Now. kept=true
RIDEAI ASK n=6 ahead=2.53 lat=0.12 ang=6.4 charge=1.0
RIDEAI fence 6 -> 7 t=43.82 leave=leave
COUNT fence=7 ahead=8.32 lateral=6.16 stride=-1 word=silent kept=false
MICHELLE soft | Come again.
MICHELLE soft | Two. Wait.
COUNT fence=7 ahead=8.74 lateral=1.48 stride=2 word=Two. Wait. kept=true
RIDEAI sit n=7 phase=land pos=-6.7,25.9 ahead=8.46 lat=6.78 ang=51.6 along=5.1 gait=3 v=3.09 rein=1
COUNT fence=7 ahead=7.62 lateral=1.62 stride=-1 word=silent kept=false
MICHELLE soft | Come again.
RIDEAI sit n=7 phase=land pos=-3.8,26.4 ahead=1.74 lat=3.86 ang=112.8 along=4.7 gait=3 v=3.09 rein=1
RIDEAI sit n=7 phase=approach pos=-1.5,24.1 ahead=-4.12 lat=1.64 ang=137.8 along=7.1 gait=3 v=3.45 rein=-1
RIDEAI sit n=7 phase=approach pos=0.8,23.5 ahead=1.23 lat=0.64 ang=76.0 along=7.6 gait=3 v=3.34 rein=-1
RIDEAI sit n=7 phase=setup pos=2.9,24.7 ahead=-1.72 lat=2.78 ang=80.9 along=6.5 gait=3 v=2.09 rein=1
RIDEAI sit n=7 phase=setup pos=5.6,23.5 ahead=-9.44 lat=5.44 ang=143.3 along=7.7 gait=3 v=2.3 rein=1
RIDEAI sit n=7 phase=setup pos=5.7,21.1 ahead=-6.98 lat=5.5 ang=155.4 along=10.2 gait=3 v=3.64 rein=1
RIDEAI sit n=7 phase=setup pos=3.8,19.6 ahead=2.9 lat=3.52 ang=93.0 along=11.6 gait=3 v=2.91 rein=1
RIDEAI sit n=7 phase=approach pos=1.3,20.7 ahead=9.56 lat=1.06 ang=30.6 along=10.5 gait=3 v=2.19 rein=1
MICHELLE soft | Two. Wait.
COUNT fence=7 ahead=9.73 lateral=1.46 stride=2 word=Two. Wait. kept=true
RIDEAI sit n=7 phase=approach pos=0.8,22.7 ahead=8.41 lat=0.6 ang=8.2 along=8.4 gait=3 v=1.74 rein=0
MICHELLE soft | One. Wait.
COUNT fence=7 ahead=7.54 lateral=0.60 stride=1 word=One. Wait. kept=true
RIDEAI sit n=7 phase=approach pos=0.4,25.5 ahead=5.62 lat=0.24 ang=4.7 along=5.6 gait=3 v=3.88 rein=0
MICHELLE soft | One. Early.
COUNT fence=7 ahead=5.36 lateral=0.23 stride=1 word=One. Early. kept=true
MICHELLE soft | Early.
COUNT fence=7 ahead=4.20 lateral=0.23 stride=0 word=Early. kept=true
MICHELLE soft | Wait.
COUNT fence=7 ahead=3.55 lateral=0.23 stride=0 word=Wait. kept=true
MICHELLE soft | Now.
COUNT fence=7 ahead=3.10 lateral=0.23 stride=0 word=Now. kept=true
RIDEAI ASK n=7 ahead=2.58 lat=0.22 ang=4.7 charge=1.0
RIDEAI fence 7 -> 8 t=56.69 leave=leave
RIDEAI sit n=8 phase=land pos=-0.4,32.2 ahead=-24.42 lat=6.58 ang=161.7 along=27.9 gait=3 v=3.29 rein=-1
RIDEAI sit n=8 phase=land pos=-2.7,34.2 ahead=-1.12 lat=4.34 ang=100.4 along=29.8 gait=3 v=3.09 rein=-1
COUNT fence=8 ahead=0.82 lateral=30.12 stride=-1 word=silent kept=false
MICHELLE soft | Come again.
RIDEAI sit n=8 phase=land pos=-5.4,33.1 ahead=23.32 lat=1.58 ang=39.1 along=28.8 gait=3 v=3.09 rein=-1
RIDEAI sit n=8 phase=around pos=-5.8,29.1 ahead=22.84 lat=1.22 ang=20.1 along=24.8 gait=3 v=5.33 rein=0
RIDEAI sit n=8 phase=setup pos=-4.4,24.7 ahead=20.51 lat=2.58 ang=7.3 along=20.3 gait=3 v=1.77 rein=1
RIDEAI sit n=8 phase=setup pos=-5.0,22.1 ahead=17.82 lat=2.04 ang=11.9 along=17.8 gait=3 v=3.56 rein=0
RIDEAI sit n=8 phase=approach pos=-6.0,17.5 ahead=13.12 lat=1.08 ang=11.9 along=13.2 gait=3 v=5.55 rein=0
MICHELLE soft | Two. Wait.
COUNT fence=8 ahead=10.91 lateral=0.63 stride=2 word=Two. Wait. kept=true
RIDEAI sit n=8 phase=approach pos=-6.7,12.5 ahead=8.09 lat=0.34 ang=6.8 along=8.1 gait=3 v=2.92 rein=0
MICHELLE soft | One. Wait.
COUNT fence=8 ahead=7.57 lateral=0.63 stride=1 word=One. Wait. kept=true
RIDEAI sit n=8 phase=approach pos=-7.0,10.0 ahead=5.65 lat=0.08 ang=3.3 along=5.7 gait=3 v=3.25 rein=0
MICHELLE soft | One. Early.
COUNT fence=8 ahead=5.37 lateral=0.25 stride=1 word=One. Early. kept=true
MICHELLE soft | Early.
COUNT fence=8 ahead=4.18 lateral=0.25 stride=0 word=Early. kept=true
MICHELLE soft | Wait.
COUNT fence=8 ahead=3.60 lateral=0.25 stride=0 word=Wait. kept=true
MICHELLE soft | Now.
COUNT fence=8 ahead=3.08 lateral=0.25 stride=0 word=Now. kept=true
RIDEAI ASK n=8 ahead=2.56 lat=0.24 ang=3.3 charge=1.0
RIDEAI fence 8 -> 9 t=67.14 leave=leave
MICHELLE soft | One. Wait.
COUNT fence=9 ahead=6.95 lateral=0.54 stride=1 word=One. Wait. kept=true
RIDEAI sit n=9 phase=approach pos=-7.3,3.4 ahead=6.5 lat=0.88 ang=7.9 along=6.4 gait=3 v=2.54 rein=0
MICHELLE soft | One. Early.
COUNT fence=9 ahead=5.40 lateral=0.02 stride=1 word=One. Early. kept=true
RIDEAI sit n=9 phase=approach pos=-7.2,1.5 ahead=4.57 lat=0.6 ang=7.9 along=4.5 gait=3 v=2.25 rein=0
MICHELLE soft | Early.
COUNT fence=9 ahead=4.20 lateral=0.02 stride=0 word=Early. kept=true
MICHELLE soft | Wait.
COUNT fence=9 ahead=3.60 lateral=0.02 stride=0 word=Wait. kept=true
MICHELLE soft | Now.
COUNT fence=9 ahead=3.07 lateral=0.02 stride=0 word=Now. kept=true
RIDEAI ASK n=9 ahead=2.58 lat=0.02 ang=7.9 charge=1.0
RIDEAI fence 9 -> 10 t=70.63 leave=leave
RIDEAI sit n=10 phase=land pos=-7.0,-3.9 ahead=21.29 lat=1.38 ang=12.3 along=21.5 gait=3 v=3.59 rein=-1
RIDEAI sit n=10 phase=land pos=-5.8,-6.9 ahead=16.48 lat=0.02 ang=27.6 along=18.6 gait=3 v=3.22 rein=0
RIDEAI sit n=10 phase=land pos=-4.5,-9.8 ahead=14.13 lat=1.54 ang=21.5 along=15.8 gait=3 v=3.17 rein=1
RIDEAI sit n=10 phase=approach pos=-4.8,-13.7 ahead=11.91 lat=1.5 ang=5.0 along=11.8 gait=3 v=5.12 rein=0
MICHELLE soft | Two. Wait.
COUNT fence=10 ahead=10.84 lateral=0.46 stride=2 word=Two. Wait. kept=true
RIDEAI sit n=10 phase=approach pos=-5.5,-18.0 ahead=7.63 lat=1.1 ang=9.7 along=7.6 gait=3 v=2.0 rein=0
MICHELLE soft | One. Wait.
COUNT fence=10 ahead=7.56 lateral=0.19 stride=1 word=One. Wait. kept=true
MICHELLE soft | One. Early.
COUNT fence=10 ahead=5.38 lateral=0.19 stride=1 word=One. Early. kept=true
RIDEAI sit n=10 phase=approach pos=-6.1,-20.7 ahead=4.83 lat=0.62 ang=9.7 along=4.8 gait=3 v=3.79 rein=0
MICHELLE soft | Early.
COUNT fence=10 ahead=4.18 lateral=0.19 stride=0 word=Early. kept=true
MICHELLE soft | Wait.
COUNT fence=10 ahead=3.54 lateral=0.19 stride=0 word=Wait. kept=true
MICHELLE soft | Now.
COUNT fence=10 ahead=3.08 lateral=0.19 stride=0 word=Now. kept=true
RIDEAI ASK n=10 ahead=2.57 lat=0.18 ang=9.7 charge=1.0
RIDEAI fence 10 -> 11 t=77.74 leave=leave
RIDECERT trace E:/Workspace/Madison/game/../dist/traces/hk_int_002_rail_late.jsonl n=83
RIDECERT hk_int_002 style=rail_late success=true faults=4 refusal_faults=0 rail_faults=4 time_faults=0 jumped=10/10 t=80.68 teleported=false complete=true refused=[] rail_fences=[3] rail_air=[] conf=86.5 scope=81.0
RIDECERT wrote E:/Workspace/Madison/game/../dist/ridecert_style.json
RIDECERT done pass=true board=style 1 style_all=true
