Godot Engine v4.7.2.stable.official.ed1daf0bf - https://godotengine.org

FIT flatten armature scale=(100.0, 100.0, 100.0) keep_rot=(-90.0, 0.0, 0.0)
FIT length=2.25 height=1.91220223903656 scale=(0.84991, 0.84991, 0.84991)
SEAT bone=Torso bone_pos=(0.0, 1.126922, 0.286373) back_y=1.42885863780975 seat=(0.0, 1.428859, 0.286373)
TACK place crown=(-0.00755, 0.144504, 0.030855) brow=(-0.00755, 0.198728, 0.134282) nose=(-0.00755, 0.388511, -0.020858) bit=(-0.00755, 0.479225, -0.087663)
HORSE mesh=WhiteHorse anim=true seat=Torso rider_parent=Seat
RIDECERT begin
RIDECERT filter hk_adv_001
RIDECERT round hk_adv_001 class=advanced seed=0 jo=false style=clear
RIDEAI sit n=1 phase=approach pos=6.6,-31.3 ahead=7.45 lat=0.36 ang=4.2 along=7.4 gait=3 v=1.84 rein=0
RIDEAI sit n=1 phase=approach pos=6.9,-28.3 ahead=4.51 lat=0.14 ang=4.2 along=4.5 gait=3 v=3.88 rein=0
RIDEAI ASK n=1 ahead=2.57 lat=0.18 ang=4.2 charge=1.0
RIDEAI fence 1 -> 2 t=3.91 leave=
RIDEAI sit n=2 phase=land pos=6.9,-21.8 ahead=12.22 lat=7.62 ang=4.6 along=12.9 gait=3 v=3.09 rein=-1
RIDEAI sit n=2 phase=land pos=4.5,-20.2 ahead=10.89 lat=6.3 ang=56.6 along=10.2 gait=3 v=3.09 rein=-1
RIDEAI sit n=2 phase=setup pos=1.5,-21.4 ahead=2.76 lat=3.16 ang=92.4 along=9.8 gait=3 v=3.83 rein=0
RIDEAI sit n=2 phase=approach pos=-0.8,-22.3 ahead=5.45 lat=0.64 ang=58.7 along=9.4 gait=3 v=3.19 rein=1
RIDEAI sit n=2 phase=approach pos=-2.9,-21.3 ahead=7.48 lat=0.62 ang=3.5 along=7.5 gait=3 v=1.5 rein=0
RIDEAI sit n=2 phase=approach pos=-4.1,-18.9 ahead=4.87 lat=0.48 ang=3.5 along=4.8 gait=3 v=3.71 rein=0
RIDEAI ASK n=2 ahead=2.54 lat=0.18 ang=3.5 charge=1.0
RIDEAI fence 2 -> 3 t=11.44 leave=straight
RIDEAI sit n=3 phase=land pos=-6.8,-12.9 ahead=7.88 lat=13.78 ang=3.0 along=8.6 gait=3 v=3.09 rein=1
RIDEAI sit n=3 phase=land pos=-5.4,-10.3 ahead=13.71 lat=12.4 ang=58.2 along=6.0 gait=3 v=3.09 rein=1
RIDEAI sit n=3 phase=setup pos=-2.4,-10.3 ahead=7.05 lat=9.4 ang=108.3 along=5.9 gait=3 v=3.47 rein=0
RIDEAI sit n=3 phase=setup pos=1.9,-11.9 ahead=1.8 lat=5.08 ang=112.4 along=7.6 gait=3 v=5.55 rein=0
RIDEAI sit n=3 phase=setup pos=4.9,-13.2 ahead=-1.99 lat=2.08 ang=115.8 along=8.9 gait=3 v=2.41 rein=0
RIDEAI sit n=3 phase=approach pos=7.8,-13.0 ahead=4.15 lat=0.8 ang=56.5 along=8.7 gait=3 v=1.92 rein=-1
RIDEAI sit n=3 phase=approach pos=8.6,-11.5 ahead=7.35 lat=1.58 ang=9.3 along=7.2 gait=3 v=1.53 rein=-1
RIDEAI sit n=3 phase=approach pos=7.8,-9.0 ahead=4.68 lat=0.8 ang=17.5 along=4.7 gait=3 v=3.75 rein=0
RIDEAI ASK n=3 ahead=2.53 lat=0.0 ang=8.2 charge=1.0
RIDEAI fence 3 -> 4 t=20.82 leave=straight
RIDEAI sit n=4 phase=approach pos=6.9,-2.9 ahead=6.03 lat=0.1 ang=1.2 along=6.0 gait=3 v=1.4 rein=0
RIDEAI sit n=4 phase=approach pos=6.9,-0.8 ahead=3.96 lat=0.14 ang=1.2 along=4.0 gait=3 v=2.25 rein=0
RIDEAI ASK n=4 ahead=2.57 lat=0.22 ang=1.2 charge=1.0
RIDEAI fence 4 -> 5 t=24.27 leave=straight
RIDEAI sit n=5 phase=approach pos=6.7,4.8 ahead=9.17 lat=0.26 ang=1.2 along=9.2 gait=3 v=2.31 rein=0
RIDEAI sit n=5 phase=approach pos=6.7,6.6 ahead=7.32 lat=0.3 ang=1.2 along=7.3 gait=3 v=2.25 rein=0
RIDEAI sit n=5 phase=approach pos=6.7,8.9 ahead=5.03 lat=0.34 ang=1.2 along=5.0 gait=3 v=2.6 rein=0
RIDEAI ASK n=5 ahead=2.53 lat=0.2 ang=3.5 charge=1.0
RIDEAI fence 5 -> 6 t=28.85 leave=straight
RIDEAI sit n=6 phase=land pos=6.8,15.2 ahead=10.54 lat=14.66 ang=13.8 along=7.2 gait=3 v=3.24 rein=-1
RIDEAI sit n=6 phase=land pos=4.9,17.4 ahead=13.49 lat=12.58 ang=75.1 along=5.2 gait=3 v=3.09 rein=-1
RIDEAI sit n=6 phase=land pos=2.0,16.8 ahead=2.41 lat=9.76 ang=136.3 along=6.0 gait=3 v=3.09 rein=-1
RIDEAI sit n=6 phase=setup pos=-1.0,13.8 ahead=-2.65 lat=6.98 ang=140.4 along=9.2 gait=3 v=5.39 rein=0
RIDEAI sit n=6 phase=setup pos=-3.9,12.1 ahead=5.51 lat=4.26 ang=83.4 along=11.0 gait=3 v=2.31 rein=1
RIDEAI sit n=6 phase=approach pos=-6.9,13.0 ahead=5.3 lat=1.18 ang=65.9 along=10.3 gait=3 v=3.67 rein=1
RIDEAI sit n=6 phase=approach pos=-7.9,14.6 ahead=8.82 lat=0.02 ang=3.0 along=8.8 gait=3 v=1.34 rein=0
RIDEAI sit n=6 phase=approach pos=-7.9,16.9 ahead=6.5 lat=0.1 ang=3.0 along=6.5 gait=3 v=3.41 rein=0
RIDEAI sit n=6 phase=approach pos=-7.8,20.8 ahead=2.68 lat=0.24 ang=0.5 along=2.7 gait=3 v=3.88 rein=0
RIDEAI ASK n=6 ahead=2.55 lat=0.22 ang=0.5 charge=1.0
RIDEAI fence 6 -> 7 t=38.54 leave=leave
RIDEAI sit n=7 phase=land pos=-5.9,26.8 ahead=12.97 lat=12.88 ang=62.7 along=3.3 gait=3 v=3.09 rein=1
RIDEAI sit n=7 phase=land pos=-2.9,26.6 ahead=7.02 lat=9.94 ang=118.9 along=3.5 gait=3 v=3.09 rein=0
RIDEAI come again n=7 rein=1 pos=-1.9,26.0
RIDEAI sit n=7 phase=again pos=-1.1,25.2 ahead=1.88 lat=8.1 ang=137.5 along=4.9 gait=3 v=1.76 rein=-1
RIDEAI sit n=7 phase=again pos=1.0,23.3 ahead=-0.24 lat=6.0 ang=132.9 along=6.8 gait=3 v=3.88 rein=0
RIDEAI sit n=7 phase=again pos=4.6,20.1 ahead=-4.38 lat=2.42 ang=128.8 along=10.0 gait=3 v=5.55 rein=0
RIDEAI sit n=7 phase=approach pos=8.6,17.8 ahead=-1.66 lat=1.58 ang=90.3 along=12.3 gait=3 v=1.92 rein=-1
RIDEAI sit n=7 phase=setup pos=11.0,19.4 ahead=7.59 lat=3.96 ang=27.9 along=10.7 gait=3 v=2.86 rein=-1
RIDEAI sit n=7 phase=setup pos=10.7,21.8 ahead=8.98 lat=3.7 ang=33.3 along=8.3 gait=3 v=3.49 rein=-1
RIDEAI sit n=7 phase=approach pos=8.5,23.1 ahead=3.68 lat=1.5 ang=71.2 along=7.0 gait=3 v=2.76 rein=1
RIDEAI sit n=7 phase=approach pos=6.7,25.0 ahead=5.07 lat=0.32 ang=5.7 along=5.1 gait=3 v=1.46 rein=1
RIDEAI sit n=7 phase=approach pos=6.7,27.5 ahead=2.55 lat=0.28 ang=1.3 along=2.5 gait=3 v=3.67 rein=0
RIDEAI ASK n=7 ahead=2.55 lat=0.22 ang=1.3 charge=1.0
RIDEAI fence 7 -> 8 t=50.91 leave=leave
RIDEAI sit n=8 phase=land pos=8.4,33.6 ahead=-14.1 lat=11.32 ang=161.5 along=11.1 gait=3 v=3.09 rein=1
RIDEAI sit n=8 phase=land pos=11.3,33.4 ahead=-2.99 lat=10.68 ang=137.2 along=14.0 gait=3 v=3.09 rein=1
RIDEAI sit n=8 phase=setup pos=12.6,30.9 ahead=11.53 lat=7.92 ang=74.8 along=14.8 gait=3 v=1.92 rein=1
RIDEAI sit n=8 phase=setup pos=11.7,28.1 ahead=11.23 lat=5.3 ang=60.5 along=13.4 gait=3 v=4.1 rein=0
RIDEAI sit n=8 phase=setup pos=10.7,25.2 ahead=8.81 lat=2.66 ang=56.4 along=11.9 gait=3 v=2.76 rein=0
RIDEAI sit n=8 phase=approach pos=8.4,22.6 ahead=9.2 lat=0.5 ang=9.2 along=9.2 gait=3 v=2.25 rein=1
RIDEAI sit n=8 phase=approach pos=6.4,22.0 ahead=7.11 lat=0.28 ang=5.7 along=7.1 gait=3 v=3.14 rein=0
RIDEAI sit n=8 phase=approach pos=2.7,21.0 ahead=3.36 lat=0.04 ang=2.2 along=3.4 gait=3 v=3.88 rein=0
RIDEAI ASK n=8 ahead=2.58 lat=0.18 ang=2.2 charge=1.0
RIDEAI fence 8 -> 9 t=60.53 leave=leave
RIDEAI sit n=9 phase=approach pos=-4.0,20.0 ahead=2.29 lat=0.56 ang=71.7 along=5.6 gait=3 v=3.09 rein=-1
RIDEAI come again n=9 rein=1 pos=-5.5,18.7
RIDEAI sit n=9 phase=away pos=-5.9,18.2 ahead=0.98 lat=1.42 ang=56.3 along=3.9 gait=3 v=1.4 rein=1
RIDEAI sit n=9 phase=away pos=-8.0,18.4 ahead=-5.27 lat=3.48 ang=126.1 along=4.2 gait=3 v=3.14 rein=1
RIDEAI sit n=9 phase=again pos=-9.2,21.7 ahead=-7.99 lat=4.68 ang=172.7 along=7.5 gait=3 v=3.81 rein=-1
RIDEAI sit n=9 phase=again pos=-10.5,24.0 ahead=-11.36 lat=5.94 ang=155.7 along=9.8 gait=3 v=2.72 rein=1
RIDEAI sit n=9 phase=setup pos=-10.4,26.8 ahead=-6.34 lat=5.74 ang=141.9 along=12.5 gait=3 v=1.99 rein=1
RIDEAI sit n=9 phase=setup pos=-7.6,27.7 ahead=5.45 lat=3.0 ang=79.2 along=13.4 gait=3 v=2.57 rein=1
RIDEAI sit n=9 phase=around pos=-6.2,26.4 ahead=10.45 lat=1.54 ang=38.5 along=12.1 gait=3 v=2.91 rein=0
RIDEAI sit n=9 phase=approach pos=-4.6,24.1 ahead=9.73 lat=0.0 ang=4.2 along=9.8 gait=3 v=1.46 rein=1
RIDEAI sit n=9 phase=approach pos=-4.5,22.4 ahead=8.1 lat=0.08 ang=3.1 along=8.1 gait=3 v=2.32 rein=0
RIDEAI sit n=9 phase=approach pos=-4.2,19.2 ahead=4.83 lat=0.26 ang=3.1 along=4.8 gait=3 v=3.88 rein=0
RIDEAI ASK n=9 ahead=2.58 lat=0.26 ang=0.4 charge=1.0
RIDEAI fence 9 -> 10 t=73.34 leave=leave
RIDEAI sit n=10 phase=land pos=-4.1,12.6 ahead=12.89 lat=0.16 ang=1.2 along=12.9 gait=3 v=3.22 rein=0
RIDEAI sit n=10 phase=approach pos=-4.1,9.3 ahead=9.67 lat=0.24 ang=1.2 along=9.7 gait=3 v=3.22 rein=0
RIDEAI sit n=10 phase=approach pos=-4.1,7.3 ahead=7.68 lat=0.28 ang=1.2 along=7.7 gait=3 v=2.41 rein=0
RIDEAI sit n=10 phase=approach pos=-4.0,3.9 ahead=4.28 lat=0.34 ang=1.2 along=4.3 gait=3 v=3.88 rein=0
RIDEAI ASK n=10 ahead=2.56 lat=0.18 ang=3.5 charge=1.0
RIDEAI fence 10 -> 11 t=78.62 leave=leave
RIDEAI sit n=11 phase=approach pos=-4.3,-1.9 ahead=5.87 lat=0.12 ang=3.9 along=5.9 gait=3 v=1.59 rein=0
RIDEAI sit n=11 phase=approach pos=-4.5,-4.1 ahead=3.71 lat=0.02 ang=3.9 along=3.7 gait=3 v=2.25 rein=0
RIDEAI ASK n=11 ahead=2.58 lat=0.28 ang=3.9 charge=1.0
RIDEAI fence 11 -> 12 t=82.09 leave=leave
RIDEAI sit n=12 phase=land pos=-4.5,-10.2 ahead=10.68 lat=2.26 ang=4.4 along=10.9 gait=3 v=3.09 rein=-1
RIDEAI sit n=12 phase=land pos=-2.0,-11.8 ahead=5.29 lat=0.94 ang=56.9 along=8.3 gait=3 v=3.09 rein=-1
RIDEAI sit n=12 phase=approach pos=0.9,-12.5 ahead=5.59 lat=1.22 ang=16.8 along=6.2 gait=3 v=2.16 rein=1
RIDEAI sit n=12 phase=approach pos=1.5,-14.3 ahead=4.4 lat=0.84 ang=18.1 along=4.4 gait=3 v=2.87 rein=0
RIDEAI ASK n=12 ahead=2.58 lat=0.12 ang=6.5 charge=1.0
RIDEAI fence 12 -> 13 t=87.53 leave=leave
RIDECERT trace E:/Workspace/Madison/game/../dist/traces/hk_adv_001_clear.jsonl n=94
RIDECERT hk_adv_001 style=clear success=false faults=2 jumped=12/12 t=91.61 teleported=false complete=true
RIDECERT track FAIL hk_adv_001 { "id": "hk_adv_001", "class_id": "advanced", "jump_off": false, "style": "clear", "fences_needed": 12, "fences_jumped": 12, "faults": 2, "time_sec": 91.61, "refused": [], "rails": 0, "teleported": false, "teleport_why": "", "max_speed": 5.55, "inputs_pressed": { "gait_up": 3, "gait_down": 0, "turn_left": 28, "turn_right": 17, "jump": 30, "halt": 0 }, "round_complete": true, "eliminated": false, "eliminate_reason": "", "loaded_id": "hk_adv_001", "success": false }
RIDECERT wrote E:/Workspace/Madison/game/../dist/ridecert_results.json
RIDECERT done pass=false board=0/1 filter=hk_adv_001
