21:24:26 riding playtest.log 26s
21:24:56 riding hk_adv_005.pin.log 8s
21:25:26 riding hk_adv_005.pin.log 38s
21:25:56 riding hk_adv_005.pin.log 68s
21:26:26 riding hk_beg_035.pin.log 8s
21:26:56 riding hk_beg_035.pin.log 38s
21:27:26 riding hk_beg_035.pin.log 68s
21:27:56 riding hk_beg_035.pin.log 98s
21:28:26 riding hk_les_001.fresh.log 14s
21:28:57 riding hk_les_002.fresh.log 18s
21:29:27 riding hk_les_003.fresh.log 22s
21:29:57 riding hk_les_004.fresh.log 24s
21:30:27 riding hk_beg_035.fresh.log 28s
21:30:57 riding hk_beg_035.fresh.log 58s
21:31:27 riding hk_beg_035.fresh.log 88s
21:31:57 riding hk_beg_039.fresh.log 2s
21:32:27 riding hk_beg_039.fresh.log 32s
21:32:57 riding hk_beg_039.fresh.log 62s
21:33:27 riding hk_beg_039.fresh.log 92s
21:33:57 riding hk_beg_004.fresh.log 4s
21:34:27 riding hk_beg_004.fresh.log 34s
21:34:57 riding hk_beg_004.fresh.log 64s
21:35:27 riding hk_beg_004.fresh.log 92s
21:35:57 riding hk_beg_034.fresh.log 4s
21:36:27 riding hk_beg_034.fresh.log 34s
21:36:57 riding hk_beg_034.fresh.log 64s
21:37:27 riding hk_beg_034.fresh.log 94s
21:37:57 riding hk_beg_007.fresh.log 14s
21:38:27 riding hk_beg_007.fresh.log 44s
21:38:57 riding hk_beg_007.fresh.log 74s
21:39:27 riding hk_beg_007.fresh.log 104s
21:39:57 riding hk_beg_033.fresh.log 20s
21:40:27 riding hk_beg_033.fresh.log 50s
21:40:57 riding hk_beg_033.fresh.log 80s
21:41:27 riding hk_int_001.fresh.log 2s
21:41:57 riding hk_int_001.fresh.log 32s
21:42:27 riding hk_int_001.fresh.log 62s
21:42:57 riding hk_int_001.fresh.log 92s
21:43:27 riding hk_int_002.fresh.log 20s
21:43:57 riding hk_int_002.fresh.log 50s
21:44:27 riding hk_int_002.fresh.log 80s
21:44:57 riding hk_int_002.fresh.log 110s
21:45:27 riding hk_int_005.fresh.log 12s
21:45:57 riding hk_int_005.fresh.log 42s
21:46:27 riding hk_int_005.fresh.log 70s
21:46:57 riding hk_int_006.fresh.log 0s
21:47:27 riding hk_int_006.fresh.log 30s
21:47:57 riding hk_int_006.fresh.log 60s
21:48:27 riding hk_int_006.fresh.log 90s
21:48:57 riding hk_int_006.fresh.log 120s
21:49:27 riding hk_int_007.fresh.log 20s
21:49:57 riding hk_int_007.fresh.log 50s
21:50:27 riding hk_int_007.fresh.log 80s
21:50:57 riding hk_int_007.fresh.log 110s
21:51:27 riding hk_int_009.fresh.log 6s
21:51:57 riding hk_int_009.fresh.log 36s
21:52:27 riding hk_int_009.fresh.log 66s
21:52:57 riding hk_int_009.fresh.log 96s
21:53:27 riding hk_int_009.fresh.log 126s
21:53:57 riding hk_adv_001.fresh.log 20s
21:54:27 riding hk_adv_001.fresh.log 50s
21:54:57 riding hk_adv_001.fresh.log 80s
21:55:27 riding hk_adv_002.fresh.log 8s
21:55:57 riding hk_adv_002.fresh.log 38s
21:56:27 riding hk_adv_002.fresh.log 68s
21:56:57 riding hk_adv_003.fresh.log 2s
21:57:27 riding hk_adv_003.fresh.log 32s
21:57:57 riding hk_adv_003.fresh.log 62s
21:58:27 riding hk_adv_003.fresh.log 92s
21:58:57 riding hk_adv_005.fresh.log 16s
21:59:27 riding hk_adv_005.fresh.log 46s
21:59:57 riding hk_adv_005.fresh.log 76s
22:00:27 riding hk_jo_beg_001.fresh.log 16s
22:00:57 riding hk_jo_int_001.fresh.log 2s
22:01:27 riding hk_jo_int_001.fresh.log 32s
22:01:57 riding hk_jo_adv_001.fresh.log 16s
