Godot Engine v4.7.2.stable.official.ed1daf0bf - https://godotengine.org

FIT flatten armature scale=(100.0, 100.0, 100.0) keep_rot=(-90.0, 0.0, 0.0)
FIT length=2.25 height=1.91220223903656 scale=(0.84991, 0.84991, 0.84991)
SEAT bone=Torso bone_pos=(0.0, 1.126922, 0.286373) back_y=1.42885863780975 seat=(0.0, 1.428859, 0.286373)
TACK place crown=(0.0, 0.142, 0.0294) brow=(0.0, 0.196, 0.1326) nose=(0.0, 0.385, -0.0222) bit=(0.0, 0.479225, -0.087663)
HORSE mesh=WhiteHorse anim=true seat=Torso rider_parent=Seat
RIDER mesh scale 0.91304347826087 bones 62
RIDECERT begin
RIDECERT filter hk_les_003
RIDECERT round hk_les_003 class=lesson seed=2 jo=false style=clear
MICHELLE soft | Two. Wait.
COUNT fence=1 ahead=10.89 lateral=0.93 stride=2 word=Two. Wait. kept=true
RIDEAI sit n=1 phase=approach pos=0.0,-30.4 ahead=9.43 lat=0.94 ang=0.0 along=9.4 gait=3 v=4.14 rein=0
MICHELLE soft | One. Wait.
COUNT fence=1 ahead=7.55 lateral=0.12 stride=1 word=One. Wait. kept=true
RIDEAI sit n=1 phase=approach pos=0.1,-28.2 ahead=7.31 lat=0.86 ang=5.8 along=7.3 gait=3 v=2.56 rein=0
MICHELLE soft | One. Early.
COUNT fence=1 ahead=5.34 lateral=0.12 stride=1 word=One. Early. kept=true
MICHELLE soft | Early.
COUNT fence=1 ahead=4.18 lateral=0.12 stride=0 word=Early. kept=true
MICHELLE soft | Wait.
COUNT fence=1 ahead=3.79 lateral=0.12 stride=0 word=Wait. kept=true
RIDEAI sit n=1 phase=approach pos=0.4,-24.7 ahead=3.79 lat=0.5 ang=5.8 along=3.8 gait=3 v=3.88 rein=0
MICHELLE soft | Now.
COUNT fence=1 ahead=3.21 lateral=0.12 stride=0 word=Now. kept=true
RIDEAI ASK n=1 ahead=2.56 lat=0.12 ang=5.8 charge=1.0
MICHELLE spot | Yes. That's the leave.
RIDEAI fence 1 -> 2 t=4.73 leave=spot
MICHELLE soft | Two. Wait.
COUNT fence=2 ahead=10.88 lateral=1.32 stride=2 word=Two. Wait. kept=true
COUNT fence=2 ahead=10.72 lateral=1.71 stride=-1 word=silent kept=false
MICHELLE soft | Come again.
RIDEAI sit n=2 phase=land pos=1.8,-18.6 ahead=10.64 lat=6.44 ang=46.7 along=8.7 gait=3 v=3.09 rein=1
RIDEAI sit n=2 phase=land pos=4.7,-18.0 ahead=0.9 lat=3.56 ang=107.9 along=8.1 gait=3 v=3.09 rein=1
RIDEAI sit n=2 phase=approach pos=7.8,-19.1 ahead=0.2 lat=0.46 ang=91.6 along=9.2 gait=3 v=2.71 rein=-1
RIDEAI sit n=2 phase=approach pos=9.8,-17.8 ahead=6.0 lat=1.56 ang=30.3 along=7.9 gait=3 v=3.53 rein=-1
MICHELLE soft | One. Wait.
COUNT fence=2 ahead=6.70 lateral=1.58 stride=1 word=One. Wait. kept=true
RIDEAI sit n=2 phase=approach pos=9.8,-15.5 ahead=5.71 lat=1.58 ang=25.4 along=5.6 gait=3 v=1.8 rein=0
MICHELLE soft | One. Early.
COUNT fence=2 ahead=5.40 lateral=0.96 stride=1 word=One. Early. kept=true
MICHELLE soft | Early.
COUNT fence=2 ahead=4.20 lateral=0.96 stride=0 word=Early. kept=true
RIDEAI sit n=2 phase=approach pos=9.0,-13.8 ahead=3.89 lat=0.78 ang=19.5 along=3.8 gait=3 v=2.79 rein=0
MICHELLE soft | Wait.
COUNT fence=2 ahead=3.84 lateral=0.54 stride=0 word=Wait. kept=true
MICHELLE soft | Now.
COUNT fence=2 ahead=3.20 lateral=0.19 stride=0 word=Now. kept=true
RIDEAI ASK n=2 ahead=2.56 lat=0.08 ang=7.9 charge=1.0
MICHELLE spot | You saw it. Leave like that.
RIDEAI fence 2 -> 3 t=12.25 leave=spot
MICHELLE soft | Two. Wait.
COUNT fence=3 ahead=10.31 lateral=1.42 stride=2 word=Two. Wait. kept=true
RIDEAI sit n=3 phase=approach pos=8.1,-7.9 ahead=8.88 lat=0.1 ang=2.8 along=8.9 gait=3 v=1.4 rein=0
MICHELLE soft | One. Wait.
COUNT fence=3 ahead=7.56 lateral=0.53 stride=1 word=One. Wait. kept=true
RIDEAI sit n=3 phase=approach pos=8.0,-5.9 ahead=6.92 lat=0.2 ang=2.8 along=6.9 gait=3 v=2.25 rein=0
MICHELLE soft | One. Early.
COUNT fence=3 ahead=5.38 lateral=0.53 stride=1 word=One. Early. kept=true
RIDEAI sit n=3 phase=approach pos=7.9,-3.5 ahead=4.52 lat=0.3 ang=2.8 along=4.5 gait=3 v=3.06 rein=0
MICHELLE soft | Early.
COUNT fence=3 ahead=4.18 lateral=0.26 stride=0 word=Early. kept=true
MICHELLE soft | Wait.
COUNT fence=3 ahead=3.81 lateral=0.26 stride=0 word=Wait. kept=true
MICHELLE soft | Now.
COUNT fence=3 ahead=3.23 lateral=0.26 stride=0 word=Now. kept=true
RIDEAI ASK n=3 ahead=2.59 lat=0.26 ang=0.7 charge=1.0
MICHELLE spot | That's the distance. Keep it.
RIDEAI fence 3 -> 4 t=16.81 leave=spot
MICHELLE clear | That's a clear. He did his job.
RIDECERT trace E:/Workspace/Madison/game/../dist/traces/hk_les_003_clear.jsonl n=19
RIDECERT hk_les_003 style=clear success=true faults=0 refusal_faults=0 rail_faults=0 time_faults=0 jumped=3/3 t=18.22 teleported=false complete=true refused=[] rail_fences=[] rail_air=[] conf=54.0 scope=44.5 eliminated=false reason= ribbon=
RIDECERT result Clear.  18.22s
RIDECERT offer false
RIDECERT done round=first offer=false
RIDECERT wrote E:/Workspace/Madison/game/../dist/ridecert_fresh_one.json
