Godot Engine v4.7.2.stable.official.ed1daf0bf - https://godotengine.org

FIT flatten armature scale=(100.0, 100.0, 100.0) keep_rot=(-90.0, 0.0, 0.0)
FIT length=2.25 height=1.91220223903656 scale=(0.84991, 0.84991, 0.84991)
SEAT bone=Torso bone_pos=(0.0, 1.126922, 0.286373) back_y=1.42885863780975 seat=(0.0, 1.428859, 0.286373)
TACK place crown=(0.0, 0.142, 0.0294) brow=(0.0, 0.196, 0.1326) nose=(0.0, 0.385, -0.0222) bit=(0.0, 0.479225, -0.087663)
HORSE mesh=WhiteHorse anim=true seat=Torso rider_parent=Seat
RIDER mesh scale 0.91304347826087 bones 62
RIDECERT begin
RIDECERT filter hk_int_006
RIDECERT round hk_int_006 class=intermediate seed=3 jo=false style=clear
COUNT fence=1 ahead=7.99 lateral=2.47 stride=-1 word=silent kept=false
MICHELLE soft | Two. Wait.
COUNT fence=1 ahead=7.98 lateral=1.50 stride=2 word=Two. Wait. kept=true
MICHELLE soft | One. Wait.
COUNT fence=1 ahead=7.56 lateral=0.20 stride=1 word=One. Wait. kept=true
RIDEAI sit n=1 phase=approach pos=7.7,-31.6 ahead=6.53 lat=0.26 ang=4.1 along=6.5 gait=3 v=2.49 rein=0
MICHELLE soft | One. Early.
COUNT fence=1 ahead=5.35 lateral=0.20 stride=1 word=One. Early. kept=true
MICHELLE soft | Early.
COUNT fence=1 ahead=4.16 lateral=0.20 stride=0 word=Early. kept=true
MICHELLE soft | Wait.
COUNT fence=1 ahead=3.58 lateral=0.20 stride=0 word=Wait. kept=true
MICHELLE soft | Now.
COUNT fence=1 ahead=3.06 lateral=0.20 stride=0 word=Now. kept=true
RIDEAI sit n=1 phase=approach pos=8.0,-28.2 ahead=3.06 lat=0.02 ang=4.1 along=3.1 gait=3 v=3.88 rein=0
RIDEAI ASK n=1 ahead=2.55 lat=0.2 ang=4.1 charge=1.0
RIDEAI fence 1 -> 2 t=3.55 leave=leave
COUNT fence=2 ahead=6.99 lateral=16.13 stride=-1 word=silent kept=false
RIDEAI sit n=2 phase=land pos=7.2,-22.2 ahead=14.62 lat=15.1 ang=52.0 along=4.4 gait=3 v=3.09 rein=-1
RIDEAI sit n=2 phase=land pos=4.3,-21.7 ahead=9.88 lat=12.18 ang=111.2 along=4.1 gait=3 v=3.09 rein=0
MICHELLE soft | Come again.
RIDEAI sit n=2 phase=setup pos=1.0,-22.8 ahead=5.37 lat=8.9 ang=117.6 along=5.4 gait=3 v=3.13 rein=0
RIDEAI sit n=2 phase=setup pos=-0.9,-23.7 ahead=2.9 lat=7.06 ang=120.0 along=6.4 gait=3 v=2.87 rein=0
RIDEAI sit n=2 phase=setup pos=-4.1,-25.2 ahead=-0.35 lat=3.96 ang=117.9 along=8.2 gait=3 v=2.59 rein=1
RIDEAI sit n=2 phase=approach pos=-6.6,-26.2 ahead=-1.52 lat=1.58 ang=108.7 along=9.4 gait=3 v=3.68 rein=1
RIDEAI sit n=2 phase=approach pos=-9.0,-25.6 ahead=5.53 lat=0.82 ang=46.3 along=8.9 gait=3 v=2.95 rein=1
MICHELLE soft | One. Wait.
COUNT fence=2 ahead=7.25 lateral=1.50 stride=1 word=One. Wait. kept=true
RIDEAI sit n=2 phase=approach pos=-9.5,-23.4 ahead=6.92 lat=1.56 ang=18.6 along=6.8 gait=3 v=1.92 rein=0
MICHELLE soft | One. Early.
COUNT fence=2 ahead=5.37 lateral=0.69 stride=1 word=One. Early. kept=true
MICHELLE soft | Early.
COUNT fence=2 ahead=4.22 lateral=0.24 stride=0 word=Early. kept=true
RIDEAI sit n=2 phase=approach pos=-8.4,-20.6 ahead=3.96 lat=0.64 ang=12.8 along=3.9 gait=3 v=3.88 rein=0
MICHELLE soft | Wait.
COUNT fence=2 ahead=3.57 lateral=0.24 stride=0 word=Wait. kept=true
MICHELLE soft | Now.
COUNT fence=2 ahead=3.06 lateral=0.02 stride=0 word=Now. kept=true
RIDEAI ASK n=2 ahead=2.54 lat=0.08 ang=7.0 charge=1.0
RIDEAI fence 2 -> 3 t=14.2 leave=leave
RIDEAI sit n=3 phase=land pos=-6.4,-14.0 ahead=16.32 lat=14.4 ang=48.7 along=8.3 gait=3 v=3.09 rein=1
COUNT fence=3 ahead=10.97 lateral=9.03 stride=-1 word=silent kept=false
RIDEAI sit n=3 phase=land pos=-3.5,-13.4 ahead=10.49 lat=11.48 ang=96.7 along=7.7 gait=3 v=3.22 rein=0
MICHELLE soft | Come again.
RIDEAI sit n=3 phase=setup pos=-0.1,-13.9 ahead=6.42 lat=8.1 ang=100.8 along=8.2 gait=3 v=4.14 rein=0
RIDEAI sit n=3 phase=setup pos=4.7,-14.8 ahead=1.56 lat=3.32 ang=100.8 along=9.1 gait=3 v=3.49 rein=0
RIDEAI sit n=3 phase=approach pos=7.5,-15.1 ahead=2.55 lat=0.5 ang=77.3 along=9.4 gait=3 v=3.84 rein=-1
RIDEAI sit n=3 phase=approach pos=9.1,-13.6 ahead=7.45 lat=1.14 ang=13.2 along=7.9 gait=3 v=1.34 rein=-1
MICHELLE soft | Two. Wait.
COUNT fence=3 ahead=7.66 lateral=1.53 stride=2 word=Two. Wait. kept=true
MICHELLE soft | One. Wait.
COUNT fence=3 ahead=7.55 lateral=0.18 stride=1 word=One. Wait. kept=true
RIDEAI sit n=3 phase=approach pos=8.8,-11.6 ahead=6.03 lat=0.88 ang=10.1 along=6.0 gait=3 v=2.98 rein=0
MICHELLE soft | One. Early.
COUNT fence=3 ahead=5.38 lateral=0.18 stride=1 word=One. Early. kept=true
MICHELLE soft | Early.
COUNT fence=3 ahead=4.19 lateral=0.18 stride=0 word=Early. kept=true
MICHELLE soft | Wait.
COUNT fence=3 ahead=3.54 lateral=0.18 stride=0 word=Wait. kept=true
MICHELLE soft | Now.
COUNT fence=3 ahead=3.09 lateral=0.18 stride=0 word=Now. kept=true
RIDEAI ASK n=3 ahead=2.57 lat=0.18 ang=10.1 charge=1.0
RIDEAI fence 3 -> 4 t=23.18 leave=leave
MICHELLE soft | One. Wait.
COUNT fence=4 ahead=6.87 lateral=1.34 stride=1 word=One. Wait. kept=true
RIDEAI sit n=4 phase=approach pos=7.7,-5.1 ahead=6.8 lat=0.28 ang=6.6 along=6.9 gait=3 v=3.55 rein=1
MICHELLE soft | One. Early.
COUNT fence=4 ahead=5.39 lateral=0.24 stride=1 word=One. Early. kept=true
RIDEAI sit n=4 phase=approach pos=7.7,-3.1 ahead=4.87 lat=0.28 ang=0.4 along=4.9 gait=3 v=2.25 rein=0
MICHELLE soft | Early.
COUNT fence=4 ahead=4.19 lateral=0.24 stride=0 word=Early. kept=true
MICHELLE soft | Wait.
COUNT fence=4 ahead=3.59 lateral=0.24 stride=0 word=Wait. kept=true
MICHELLE soft | Now.
COUNT fence=4 ahead=3.06 lateral=0.24 stride=0 word=Now. kept=true
RIDEAI sit n=4 phase=approach pos=7.7,-0.8 ahead=2.61 lat=0.26 ang=0.4 along=2.6 gait=3 v=2.25 rein=0
RIDEAI ASK n=4 ahead=2.58 lat=0.24 ang=0.4 charge=1.0
RIDEAI fence 4 -> 5 t=26.68 leave=leave
MICHELLE soft | Two. Wait.
COUNT fence=5 ahead=9.72 lateral=0.17 stride=2 word=Two. Wait. kept=true
RIDEAI sit n=5 phase=approach pos=7.8,4.9 ahead=7.73 lat=0.22 ang=0.4 along=7.7 gait=3 v=2.25 rein=0
MICHELLE soft | One. Wait.
COUNT fence=5 ahead=7.54 lateral=0.17 stride=1 word=One. Wait. kept=true
RIDEAI sit n=5 phase=approach pos=7.8,7.1 ahead=5.47 lat=0.2 ang=0.4 along=5.5 gait=3 v=2.25 rein=0
MICHELLE soft | One. Early.
COUNT fence=5 ahead=5.40 lateral=0.17 stride=1 word=One. Early. kept=true
MICHELLE soft | Early.
COUNT fence=5 ahead=4.22 lateral=0.17 stride=0 word=Early. kept=true
MICHELLE soft | Wait.
COUNT fence=5 ahead=3.56 lateral=0.17 stride=0 word=Wait. kept=true
MICHELLE soft | Now.
COUNT fence=5 ahead=3.07 lateral=0.17 stride=0 word=Now. kept=true
RIDEAI sit n=5 phase=approach pos=7.8,9.9 ahead=2.65 lat=0.18 ang=0.4 along=2.7 gait=3 v=3.68 rein=0
RIDEAI ASK n=5 ahead=2.53 lat=0.16 ang=0.4 charge=1.0
RIDEAI fence 5 -> 6 t=31.12 leave=leave
RIDEAI sit n=6 phase=land pos=6.4,15.6 ahead=16.71 lat=14.56 ang=61.8 along=8.2 gait=3 v=3.09 rein=-1
COUNT fence=6 ahead=11.00 lateral=8.86 stride=-1 word=silent kept=false
RIDEAI sit n=6 phase=land pos=3.4,16.0 ahead=10.84 lat=11.5 ang=94.5 along=8.0 gait=3 v=3.22 rein=0
MICHELLE soft | Come again.
RIDEAI sit n=6 phase=setup pos=-0.5,15.8 ahead=6.33 lat=7.68 ang=98.6 along=8.5 gait=3 v=4.91 rein=0
RIDEAI sit n=6 phase=setup pos=-5.2,15.4 ahead=0.96 lat=2.94 ang=102.0 along=9.2 gait=3 v=2.2 rein=0
RIDEAI sit n=6 phase=approach pos=-7.7,15.6 ahead=4.0 lat=0.46 ang=67.2 along=9.2 gait=3 v=3.44 rein=1
MICHELLE soft | One. Wait.
COUNT fence=6 ahead=7.54 lateral=1.56 stride=1 word=One. Wait. kept=true
RIDEAI sit n=6 phase=approach pos=-9.1,17.3 ahead=7.55 lat=1.02 ang=1.8 along=7.6 gait=3 v=1.34 rein=1
MICHELLE soft | One. Early.
COUNT fence=6 ahead=5.37 lateral=0.02 stride=1 word=One. Early. kept=true
RIDEAI sit n=6 phase=approach pos=-8.6,19.5 ahead=5.37 lat=0.72 ang=7.5 along=5.3 gait=3 v=3.37 rein=0
MICHELLE soft | Early.
COUNT fence=6 ahead=4.19 lateral=0.02 stride=0 word=Early. kept=true
MICHELLE soft | Wait.
COUNT fence=6 ahead=3.54 lateral=0.02 stride=0 word=Wait. kept=true
MICHELLE soft | Now.
COUNT fence=6 ahead=3.09 lateral=0.02 stride=0 word=Now. kept=true
RIDEAI ASK n=6 ahead=2.57 lat=0.02 ang=7.5 charge=1.0
RIDEAI fence 6 -> 7 t=40.24 leave=leave
COUNT fence=7 ahead=7.46 lateral=5.97 stride=-1 word=silent kept=false
RIDEAI sit n=7 phase=land pos=-7.2,26.0 ahead=7.91 lat=7.18 ang=26.8 along=5.2 gait=3 v=3.14 rein=1
MICHELLE soft | Two. Wait.
COUNT fence=7 ahead=7.87 lateral=1.48 stride=2 word=Two. Wait. kept=true
MICHELLE soft | One. Wait.
COUNT fence=7 ahead=7.54 lateral=0.24 stride=1 word=One. Wait. kept=true
COUNT fence=7 ahead=6.57 lateral=1.66 stride=-1 word=silent kept=false
RIDEAI sit n=7 phase=land pos=-4.7,27.6 ahead=4.8 lat=4.68 ang=88.0 along=3.7 gait=3 v=3.09 rein=1
MICHELLE soft | Come again.
RIDEAI sit n=7 phase=setup pos=-2.1,26.2 ahead=-3.32 lat=2.1 ang=149.3 along=5.1 gait=3 v=3.17 rein=1
RIDEAI sit n=7 phase=approach pos=-0.1,24.4 ahead=-0.73 lat=0.12 ang=97.1 along=6.9 gait=3 v=2.42 rein=-1
RIDEAI sit n=7 phase=setup pos=2.6,25.4 ahead=-0.63 lat=2.62 ang=71.6 along=5.9 gait=3 v=2.0 rein=1
RIDEAI sit n=7 phase=setup pos=5.2,24.6 ahead=-8.39 lat=5.24 ang=133.1 along=6.7 gait=3 v=3.72 rein=1
RIDEAI sit n=7 phase=setup pos=5.8,22.3 ahead=-7.12 lat=5.8 ang=164.8 along=9.0 gait=3 v=3.26 rein=1
RIDEAI sit n=7 phase=setup pos=4.0,20.4 ahead=1.62 lat=4.04 ang=102.4 along=10.8 gait=3 v=2.53 rein=1
RIDEAI sit n=7 phase=approach pos=1.2,21.0 ahead=7.04 lat=1.2 ang=53.7 along=10.3 gait=3 v=1.92 rein=1
MICHELLE soft | Two. Wait.
COUNT fence=7 ahead=8.99 lateral=1.46 stride=2 word=Two. Wait. kept=true
RIDEAI sit n=7 phase=approach pos=0.4,22.7 ahead=8.61 lat=0.4 ang=5.0 along=8.6 gait=3 v=1.61 rein=0
MICHELLE soft | One. Wait.
COUNT fence=7 ahead=7.57 lateral=0.36 stride=1 word=One. Wait. kept=true
RIDEAI sit n=7 phase=approach pos=0.1,25.4 ahead=5.89 lat=0.16 ang=5.0 along=5.9 gait=3 v=3.83 rein=0
MICHELLE soft | One. Early.
COUNT fence=7 ahead=5.37 lateral=0.36 stride=1 word=One. Early. kept=true
MICHELLE soft | Early.
COUNT fence=7 ahead=4.21 lateral=0.36 stride=0 word=Early. kept=true
MICHELLE soft | Wait.
COUNT fence=7 ahead=3.56 lateral=0.36 stride=0 word=Wait. kept=true
MICHELLE soft | Now.
COUNT fence=7 ahead=3.06 lateral=0.16 stride=0 word=Now. kept=true
RIDEAI ASK n=7 ahead=2.54 lat=0.16 ang=1.5 charge=1.0
RIDEAI fence 7 -> 8 t=52.78 leave=leave
RIDEAI sit n=8 phase=land pos=-0.2,32.2 ahead=-19.71 lat=7.08 ang=172.4 along=20.8 gait=3 v=3.54 rein=-1
RIDEAI sit n=8 phase=land pos=-2.1,34.4 ahead=-3.47 lat=5.24 ang=111.2 along=23.2 gait=3 v=3.09 rein=-1
COUNT fence=8 ahead=0.98 lateral=23.74 stride=-1 word=silent kept=false
RIDEAI sit n=8 phase=land pos=-5.0,33.9 ahead=16.37 lat=2.34 ang=49.9 along=22.6 gait=3 v=3.09 rein=-1
RIDEAI sit n=8 phase=around pos=-6.0,31.3 ahead=19.32 lat=1.32 ang=12.5 along=20.1 gait=3 v=2.11 rein=-1
RIDEAI sit n=8 phase=setup pos=-4.9,28.2 ahead=15.33 lat=2.36 ang=18.6 along=17.0 gait=3 v=4.41 rein=0
RIDEAI sit n=8 phase=setup pos=-3.7,24.3 ahead=13.52 lat=3.44 ang=12.5 along=13.1 gait=3 v=2.11 rein=1
RIDEAI sit n=8 phase=approach pos=-5.6,22.1 ahead=9.29 lat=1.52 ang=40.0 along=10.8 gait=3 v=2.14 rein=-1
MICHELLE soft | Two. Wait.
COUNT fence=8 ahead=10.07 lateral=1.58 stride=2 word=Two. Wait. kept=true
RIDEAI sit n=8 phase=approach pos=-6.2,20.1 ahead=8.87 lat=0.9 ang=11.4 along=8.9 gait=3 v=1.4 rein=0
MICHELLE soft | One. Wait.
COUNT fence=8 ahead=7.55 lateral=0.39 stride=1 word=One. Wait. kept=true
RIDEAI sit n=8 phase=approach pos=-6.5,17.9 ahead=6.66 lat=0.52 ang=7.9 along=6.6 gait=3 v=3.29 rein=0
MICHELLE soft | One. Early.
COUNT fence=8 ahead=5.37 lateral=0.39 stride=1 word=One. Early. kept=true
MICHELLE soft | Early.
COUNT fence=8 ahead=4.22 lateral=0.12 stride=0 word=Early. kept=true
MICHELLE soft | Wait.
COUNT fence=8 ahead=3.57 lateral=0.12 stride=0 word=Wait. kept=true
MICHELLE soft | Now.
COUNT fence=8 ahead=3.05 lateral=0.12 stride=0 word=Now. kept=true
RIDEAI sit n=8 phase=approach pos=-6.9,14.1 ahead=2.86 lat=0.1 ang=4.4 along=2.9 gait=3 v=3.88 rein=0
RIDEAI ASK n=8 ahead=2.53 lat=0.12 ang=4.4 charge=1.0
RIDEAI fence 8 -> 9 t=63.41 leave=leave
RIDEAI sit n=9 phase=land pos=-6.6,7.3 ahead=13.41 lat=1.26 ang=13.1 along=13.5 gait=3 v=3.22 rein=0
COUNT fence=9 ahead=10.99 lateral=3.66 stride=-1 word=silent kept=false
RIDEAI sit n=9 phase=land pos=-5.6,4.2 ahead=9.63 lat=0.32 ang=24.3 along=10.4 gait=3 v=3.22 rein=-1
MICHELLE soft | Come again.
RIDEAI sit n=9 phase=approach pos=-3.9,1.7 ahead=7.47 lat=1.44 ang=11.4 along=7.9 gait=3 v=1.34 rein=1
MICHELLE soft | Two. Wait.
COUNT fence=9 ahead=7.69 lateral=1.59 stride=2 word=Two. Wait. kept=true
MICHELLE soft | One. Wait.
COUNT fence=9 ahead=7.55 lateral=0.13 stride=1 word=One. Wait. kept=true
RIDEAI sit n=9 phase=approach pos=-4.3,-0.4 ahead=5.85 lat=1.02 ang=14.2 along=5.8 gait=3 v=3.25 rein=0
MICHELLE soft | One. Early.
COUNT fence=9 ahead=5.39 lateral=0.44 stride=1 word=One. Early. kept=true
MICHELLE soft | Early.
COUNT fence=9 ahead=4.18 lateral=0.44 stride=0 word=Early. kept=true
MICHELLE soft | Wait.
COUNT fence=9 ahead=3.56 lateral=0.10 stride=0 word=Wait. kept=true
MICHELLE soft | Now.
COUNT fence=9 ahead=3.04 lateral=0.10 stride=0 word=Now. kept=true
RIDEAI ASK n=9 ahead=2.59 lat=0.1 ang=9.6 charge=1.0
RIDEAI fence 9 -> 10 t=69.61 leave=leave
RIDEAI sit n=10 phase=land pos=-5.5,-7.0 ahead=16.03 lat=1.88 ang=0.4 along=16.0 gait=3 v=3.54 rein=-1
RIDEAI sit n=10 phase=land pos=-5.0,-10.2 ahead=12.82 lat=1.2 ang=13.7 along=12.9 gait=3 v=3.22 rein=0
COUNT fence=10 ahead=10.98 lateral=3.56 stride=-1 word=silent kept=false
MICHELLE soft | Come again.
RIDEAI sit n=10 phase=land pos=-4.0,-13.2 ahead=7.84 lat=0.02 ang=38.2 along=10.0 gait=3 v=3.09 rein=-1
MICHELLE soft | Two. Wait.
COUNT fence=10 ahead=7.80 lateral=1.47 stride=2 word=Two. Wait. kept=true
RIDEAI sit n=10 phase=approach pos=-2.7,-15.5 ahead=7.8 lat=1.42 ang=3.1 along=7.7 gait=3 v=1.53 rein=1
MICHELLE soft | One. Wait.
COUNT fence=10 ahead=7.57 lateral=0.42 stride=1 word=One. Wait. kept=true
MICHELLE soft | One. Early.
COUNT fence=10 ahead=5.39 lateral=0.42 stride=1 word=One. Early. kept=true
RIDEAI sit n=10 phase=approach pos=-3.4,-18.0 ahead=5.2 lat=0.82 ang=13.6 along=5.2 gait=3 v=3.75 rein=0
MICHELLE soft | Early.
COUNT fence=10 ahead=4.18 lateral=0.33 stride=0 word=Early. kept=true
MICHELLE soft | Wait.
COUNT fence=10 ahead=3.54 lateral=0.08 stride=0 word=Wait. kept=true
MICHELLE soft | Now.
COUNT fence=10 ahead=3.09 lateral=0.08 stride=0 word=Now. kept=true
RIDEAI ASK n=10 ahead=2.57 lat=0.08 ang=8.9 charge=1.0
RIDEAI fence 10 -> 11 t=75.85 leave=leave
RIDECERT trace E:/Workspace/Madison/game/../dist/traces/hk_int_006_clear.jsonl n=82
RIDECERT hk_int_006 style=clear success=true faults=0 jumped=10/10 t=79.02 teleported=false complete=true refused=[] rail_fences=[] rail_air=[] conf=91.0 scope=84.5
RIDECERT wrote E:/Workspace/Madison/game/../dist/ridecert_results.json
RIDECERT done pass=true board=1/1 filter=hk_int_006 fresh=false
