Godot Engine v4.7.2.stable.official.ed1daf0bf - https://godotengine.org

FIT flatten armature scale=(100.0, 100.0, 100.0) keep_rot=(-90.0, 0.0, 0.0)
FIT length=2.25 height=1.91220223903656 scale=(0.84991, 0.84991, 0.84991)
SEAT bone=Torso bone_pos=(0.0, 1.126922, 0.286373) back_y=1.42885863780975 seat=(0.0, 1.428859, 0.286373)
TACK place crown=(0.0, 0.142, 0.0294) brow=(0.0, 0.196, 0.1326) nose=(0.0, 0.385, -0.0222) bit=(0.0, 0.479225, -0.087663)
HORSE mesh=WhiteHorse anim=true seat=Torso rider_parent=Seat
RIDER mesh scale 0.91304347826087 bones 62
RIDECERT begin
RIDECERT filter hk_les_002
RIDECERT round hk_les_002 class=lesson seed=1 jo=false style=clear
MICHELLE soft | Two. Wait.
COUNT fence=1 ahead=10.85 lateral=0.70 stride=2 word=Two. Wait. kept=true
RIDEAI sit n=1 phase=approach pos=2.4,-29.6 ahead=10.36 lat=0.68 ang=7.6 along=10.4 gait=3 v=5.02 rein=0
MICHELLE soft | One. Wait.
COUNT fence=1 ahead=7.57 lateral=0.70 stride=1 word=One. Wait. kept=true
RIDEAI sit n=1 phase=approach pos=2.9,-26.4 ahead=7.12 lat=0.26 ang=7.6 along=7.1 gait=3 v=2.41 rein=0
MICHELLE soft | One. Early.
COUNT fence=1 ahead=5.36 lateral=0.28 stride=1 word=One. Early. kept=true
MICHELLE soft | Early.
COUNT fence=1 ahead=4.22 lateral=0.28 stride=0 word=Early. kept=true
RIDEAI sit n=1 phase=approach pos=3.1,-23.2 ahead=3.89 lat=0.0 ang=4.1 along=3.9 gait=3 v=3.88 rein=0
MICHELLE soft | Wait.
COUNT fence=1 ahead=3.83 lateral=0.28 stride=0 word=Wait. kept=true
MICHELLE soft | Now.
COUNT fence=1 ahead=3.18 lateral=0.28 stride=0 word=Now. kept=true
RIDEAI ASK n=1 ahead=2.54 lat=0.16 ang=1.8 charge=1.0
MICHELLE spot | That's the distance. Keep it.
RIDEAI fence 1 -> 2 t=4.75 leave=spot
COUNT fence=2 ahead=10.94 lateral=2.42 stride=-1 word=silent kept=false
RIDEAI sit n=2 phase=land pos=4.0,-17.0 ahead=10.75 lat=4.86 ang=40.6 along=10.0 gait=3 v=3.09 rein=1
MICHELLE soft | Come again.
RIDEAI sit n=2 phase=approach pos=6.8,-16.0 ahead=2.76 lat=2.06 ang=85.5 along=9.0 gait=3 v=3.09 rein=-1
RIDEAI sit n=2 phase=approach pos=9.3,-14.1 ahead=6.32 lat=0.46 ang=23.8 along=7.1 gait=3 v=3.6 rein=-1
MICHELLE soft | One. Wait.
COUNT fence=2 ahead=6.41 lateral=1.48 stride=1 word=One. Wait. kept=true
MICHELLE soft | One. Early.
COUNT fence=2 ahead=5.39 lateral=0.18 stride=1 word=One. Early. kept=true
RIDEAI sit n=2 phase=approach pos=9.4,-12.1 ahead=5.13 lat=0.54 ang=4.1 along=5.1 gait=3 v=2.64 rein=0
MICHELLE soft | Early.
COUNT fence=2 ahead=4.18 lateral=0.18 stride=0 word=Early. kept=true
MICHELLE soft | Wait.
COUNT fence=2 ahead=3.83 lateral=0.18 stride=0 word=Wait. kept=true
MICHELLE soft | Now.
COUNT fence=2 ahead=3.20 lateral=0.18 stride=0 word=Now. kept=true
RIDEAI ASK n=2 ahead=2.55 lat=0.18 ang=4.1 charge=1.0
MICHELLE spot | That's seeing it. Do it again.
RIDEAI fence 2 -> 3 t=10.57 leave=spot
MICHELLE soft | Two. Wait.
COUNT fence=3 ahead=10.27 lateral=0.60 stride=2 word=Two. Wait. kept=true
RIDEAI sit n=3 phase=approach pos=8.9,-5.7 ahead=9.52 lat=0.08 ang=4.1 along=9.5 gait=3 v=3.22 rein=0
RIDEAI sit n=3 phase=approach pos=8.8,-3.8 ahead=7.59 lat=0.06 ang=4.1 along=7.6 gait=3 v=2.25 rein=0
MICHELLE soft | One. Wait.
COUNT fence=3 ahead=7.55 lateral=0.60 stride=1 word=One. Wait. kept=true
MICHELLE soft | One. Early.
COUNT fence=3 ahead=5.40 lateral=0.25 stride=1 word=One. Early. kept=true
RIDEAI sit n=3 phase=approach pos=8.7,-1.5 ahead=5.36 lat=0.2 ang=0.6 along=5.4 gait=3 v=2.29 rein=0
MICHELLE soft | Early.
COUNT fence=3 ahead=4.20 lateral=0.25 stride=0 word=Early. kept=true
MICHELLE soft | Wait.
COUNT fence=3 ahead=3.83 lateral=0.25 stride=0 word=Wait. kept=true
MICHELLE soft | Now.
COUNT fence=3 ahead=3.20 lateral=0.25 stride=0 word=Now. kept=true
RIDEAI ASK n=3 ahead=2.56 lat=0.26 ang=0.6 charge=1.0
MICHELLE spot | You found it. Don't chase the next.
RIDEAI fence 3 -> 4 t=15.13 leave=spot
MICHELLE clear | Clear. Walk him. Let him blow.
RIDECERT trace E:/Workspace/Madison/game/../dist/traces/hk_les_002_clear.jsonl n=17
RIDECERT hk_les_002 style=clear success=true faults=0 jumped=3/3 t=16.53 teleported=false complete=true refused=[] rail_fences=[] rail_air=[] conf=91.0 scope=84.5
RIDECERT wrote E:/Workspace/Madison/game/../dist/ridecert_results.json
RIDECERT done pass=true board=1/1 filter=hk_les_002 fresh=false
