19:12:04 riding playtest.log 0s
19:12:34 riding playtest.log 30s
19:13:04 riding hk_beg_035.school.log 12s
19:13:34 riding hk_beg_035.school.log 42s
19:14:04 riding hk_beg_035.school.log 72s
19:14:34 riding hk_les_001.log 22s
19:15:04 riding hk_les_003.log 4s
19:15:34 riding hk_les_004.log 8s
19:16:04 riding hk_beg_035.log 10s
19:16:34 riding hk_beg_035.log 40s
19:17:04 riding hk_beg_035.log 70s
19:17:34 riding hk_beg_035.log 100s
19:18:04 riding hk_beg_039.log 16s
19:18:34 riding hk_beg_039.log 46s
19:19:04 riding hk_beg_039.log 76s
19:19:34 riding hk_beg_039.log 104s
19:20:04 riding hk_beg_004.log 16s
19:20:34 riding hk_beg_004.log 46s
19:21:04 riding hk_beg_004.log 76s
19:21:34 riding hk_beg_004.log 106s
19:22:04 riding hk_beg_034.log 16s
19:22:34 riding hk_beg_034.log 46s
19:23:04 riding hk_beg_034.log 76s
19:23:34 riding hk_beg_034.log 106s
19:24:04 riding hk_beg_007.log 26s
19:24:34 riding hk_beg_007.log 56s
19:25:04 riding hk_beg_007.log 86s
19:25:34 riding hk_beg_033.log 2s
19:26:04 riding hk_beg_033.log 32s
19:26:34 riding hk_beg_033.log 62s
19:27:04 riding hk_beg_033.log 92s
19:27:34 riding hk_int_001.log 12s
19:28:04 riding hk_int_001.log 42s
19:28:34 riding hk_int_001.log 72s
19:29:04 riding hk_int_002.log 2s
19:29:34 riding hk_int_002.log 32s
19:30:04 riding hk_int_002.log 62s
19:30:34 riding hk_int_002.log 92s
19:31:04 riding hk_int_002.log 120s
19:31:34 riding hk_int_005.log 22s
19:32:04 riding hk_int_005.log 52s
19:32:34 riding hk_int_005.log 82s
19:33:04 riding hk_int_006.log 10s
19:33:34 riding hk_int_006.log 40s
19:34:04 riding hk_int_006.log 68s
19:34:34 riding hk_int_006.log 98s
19:35:04 riding hk_int_007.log 0s
19:35:34 riding hk_int_007.log 30s
19:36:04 riding hk_int_007.log 60s
19:36:34 riding hk_int_007.log 90s
19:37:04 riding hk_int_007.log 120s
19:37:34 riding hk_int_009.log 14s
19:38:04 riding hk_int_009.log 44s
19:38:34 riding hk_int_009.log 74s
19:39:04 riding hk_int_009.log 104s
19:39:34 riding hk_adv_001.log 0s
19:40:04 riding hk_adv_001.log 28s
19:40:34 riding hk_adv_001.log 58s
19:41:04 riding hk_adv_001.log 88s
19:41:34 riding hk_adv_002.log 18s
19:42:04 riding hk_adv_002.log 48s
19:42:34 riding hk_adv_002.log 78s
19:43:04 riding hk_adv_003.log 12s
19:43:34 riding hk_adv_003.log 42s
19:44:04 riding hk_adv_003.log 72s
19:44:34 riding hk_adv_003.log 100s
19:45:04 riding hk_adv_005.log 26s
19:45:34 riding hk_adv_005.log 56s
