Godot Engine v4.7.2.stable.official.ed1daf0bf - https://godotengine.org

FIT flatten armature scale=(100.0, 100.0, 100.0) keep_rot=(-90.0, 0.0, 0.0)
FIT length=2.25 height=1.91220223903656 scale=(0.84991, 0.84991, 0.84991)
SEAT bone=Torso bone_pos=(0.0, 1.126922, 0.286373) back_y=1.42885863780975 seat=(0.0, 1.428859, 0.286373)
TACK place crown=(0.0, 0.142, 0.0294) brow=(0.0, 0.196, 0.1326) nose=(0.0, 0.385, -0.0222) bit=(0.0, 0.479225, -0.087663)
HORSE mesh=WhiteHorse anim=true seat=Torso rider_parent=Seat
RIDER mesh scale 0.91304347826087 bones 62
RIDECERT begin
RIDECERT filter hk_int_001
RIDECERT round hk_int_001 class=intermediate seed=0 jo=false style=clear
COUNT fence=1 ahead=7.82 lateral=4.19 stride=-1 word=silent kept=false
MICHELLE soft | Come again.
MICHELLE soft | Two. Wait.
COUNT fence=1 ahead=8.07 lateral=1.53 stride=2 word=Two. Wait. kept=true
MICHELLE soft | One. Wait.
COUNT fence=1 ahead=7.56 lateral=0.38 stride=1 word=One. Wait. kept=true
RIDEAI sit n=1 phase=approach pos=7.9,-31.6 ahead=7.11 lat=0.28 ang=5.4 along=7.1 gait=3 v=2.3 rein=0
MICHELLE soft | One. Early.
COUNT fence=1 ahead=5.35 lateral=0.38 stride=1 word=One. Early. kept=true
MICHELLE soft | Early.
COUNT fence=1 ahead=4.20 lateral=0.38 stride=0 word=Early. kept=true
RIDEAI sit n=1 phase=approach pos=8.2,-28.3 ahead=3.81 lat=0.02 ang=5.4 along=3.8 gait=3 v=3.88 rein=0
MICHELLE soft | Wait.
COUNT fence=1 ahead=3.56 lateral=0.23 stride=0 word=Wait. kept=true
MICHELLE soft | Now.
COUNT fence=1 ahead=3.05 lateral=0.16 stride=0 word=Now. kept=true
RIDEAI ASK n=1 ahead=2.53 lat=0.16 ang=1.9 charge=1.0
RIDEAI fence 1 -> 2 t=3.76 leave=straight
MICHELLE soft | Two. Wait.
COUNT fence=2 ahead=10.26 lateral=0.52 stride=2 word=Two. Wait. kept=true
RIDEAI sit n=2 phase=approach pos=8.4,-22.4 ahead=8.69 lat=0.22 ang=1.9 along=8.7 gait=3 v=1.4 rein=0
MICHELLE soft | One. Wait.
COUNT fence=2 ahead=7.57 lateral=0.52 stride=1 word=One. Wait. kept=true
RIDEAI sit n=2 phase=approach pos=8.5,-20.3 ahead=6.64 lat=0.3 ang=1.9 along=6.6 gait=3 v=2.25 rein=0
MICHELLE soft | One. Early.
COUNT fence=2 ahead=5.40 lateral=0.52 stride=1 word=One. Early. kept=true
MICHELLE soft | Early.
COUNT fence=2 ahead=4.22 lateral=0.52 stride=0 word=Early. kept=true
RIDEAI sit n=2 phase=approach pos=8.6,-17.8 ahead=4.16 lat=0.38 ang=1.9 along=4.2 gait=3 v=3.11 rein=0
MICHELLE soft | Wait.
COUNT fence=2 ahead=3.54 lateral=0.28 stride=0 word=Wait. kept=true
MICHELLE soft | Now.
COUNT fence=2 ahead=3.06 lateral=0.28 stride=0 word=Now. kept=true
RIDEAI ASK n=2 ahead=2.55 lat=0.28 ang=1.6 charge=1.0
RIDEAI fence 2 -> 3 t=8.31 leave=straight
MICHELLE soft | One. Wait.
COUNT fence=3 ahead=6.93 lateral=0.07 stride=1 word=One. Wait. kept=true
RIDEAI sit n=3 phase=approach pos=8.4,-12.1 ahead=5.9 lat=0.24 ang=1.6 along=5.9 gait=3 v=1.55 rein=0
MICHELLE soft | One. Early.
COUNT fence=3 ahead=5.37 lateral=0.07 stride=1 word=One. Early. kept=true
MICHELLE soft | Early.
COUNT fence=3 ahead=4.20 lateral=0.07 stride=0 word=Early. kept=true
RIDEAI sit n=3 phase=approach pos=8.3,-10.0 ahead=3.75 lat=0.18 ang=1.6 along=3.7 gait=3 v=2.25 rein=0
MICHELLE soft | Wait.
COUNT fence=3 ahead=3.56 lateral=0.07 stride=0 word=Wait. kept=true
MICHELLE soft | Now.
COUNT fence=3 ahead=3.08 lateral=0.07 stride=0 word=Now. kept=true
RIDEAI ASK n=3 ahead=2.59 lat=0.08 ang=1.6 charge=1.0
RIDEAI fence 3 -> 4 t=11.77 leave=straight
COUNT fence=4 ahead=6.50 lateral=14.83 stride=-1 word=silent kept=false
MICHELLE soft | Come again.
RIDEAI sit n=4 phase=land pos=7.8,-3.9 ahead=11.21 lat=14.98 ang=34.2 along=3.4 gait=3 v=3.09 rein=-1
RIDEAI sit n=4 phase=land pos=5.2,-2.5 ahead=12.04 lat=12.3 ang=95.4 along=2.2 gait=3 v=3.09 rein=-1
RIDEAI come again n=4 rein=-1 pos=2.7,-3.4
RIDEAI sit n=4 phase=away pos=2.4,-3.6 ahead=5.15 lat=9.52 ang=129.4 along=3.5 gait=3 v=2.25 rein=-1
RIDEAI sit n=4 phase=again pos=0.9,-4.9 ahead=2.81 lat=8.16 ang=132.0 along=4.9 gait=3 v=2.95 rein=0
RIDEAI sit n=4 phase=again pos=-2.3,-7.5 ahead=-1.31 lat=5.1 ang=132.0 along=7.6 gait=3 v=5.25 rein=0
RIDEAI sit n=4 phase=again pos=-6.8,-10.7 ahead=-7.08 lat=0.88 ang=133.7 along=11.2 gait=3 v=4.93 rein=-1
RIDEAI sit n=4 phase=approach pos=-8.9,-12.6 ahead=-6.21 lat=1.08 ang=113.3 along=13.2 gait=3 v=3.37 rein=1
RIDEAI sit n=4 phase=setup pos=-11.4,-12.2 ahead=5.4 lat=3.62 ang=50.9 along=13.0 gait=3 v=2.65 rein=1
RIDEAI sit n=4 phase=setup pos=-12.3,-9.5 ahead=11.11 lat=4.64 ang=11.6 along=10.4 gait=3 v=1.92 rein=1
MICHELLE soft | Two. Wait.
COUNT fence=4 ahead=10.91 lateral=0.10 stride=2 word=Two. Wait. kept=true
COUNT fence=4 ahead=10.44 lateral=1.63 stride=-1 word=silent kept=false
MICHELLE soft | Come again.
RIDEAI sit n=4 phase=setup pos=-10.1,-7.7 ahead=4.81 lat=2.6 ang=74.0 along=8.4 gait=3 v=2.86 rein=1
RIDEAI sit n=4 phase=approach pos=-8.0,-7.4 ahead=4.72 lat=0.56 ang=57.7 along=8.0 gait=3 v=3.07 rein=-1
MICHELLE soft | One. Wait.
COUNT fence=4 ahead=6.08 lateral=1.52 stride=1 word=One. Wait. kept=true
RIDEAI sit n=4 phase=approach pos=-6.6,-5.4 ahead=5.91 lat=0.72 ang=5.5 along=5.9 gait=3 v=1.76 rein=0
MICHELLE soft | One. Early.
COUNT fence=4 ahead=5.39 lateral=0.16 stride=1 word=One. Early. kept=true
MICHELLE soft | Early.
COUNT fence=4 ahead=4.19 lateral=0.16 stride=0 word=Early. kept=true
MICHELLE soft | Wait.
COUNT fence=4 ahead=3.55 lateral=0.16 stride=0 word=Wait. kept=true
MICHELLE soft | Now.
COUNT fence=4 ahead=3.04 lateral=0.16 stride=0 word=Now. kept=true
RIDEAI sit n=4 phase=approach pos=-6.7,-2.5 ahead=3.04 lat=0.44 ang=5.5 along=3.0 gait=3 v=3.88 rein=0
RIDEAI ASK n=4 ahead=2.59 lat=0.16 ang=5.5 charge=1.0
RIDEAI fence 4 -> 5 t=25.79 leave=straight
COUNT fence=5 ahead=9.50 lateral=15.00 stride=-1 word=silent kept=false
MICHELLE soft | Come again.
RIDEAI sit n=5 phase=land pos=-5.6,3.3 ahead=15.32 lat=13.8 ang=51.6 along=7.3 gait=3 v=3.09 rein=1
RIDEAI sit n=5 phase=land pos=-2.7,3.7 ahead=7.35 lat=10.88 ang=112.9 along=6.9 gait=3 v=3.09 rein=1
RIDEAI sit n=5 phase=setup pos=-0.4,1.7 ahead=-0.86 lat=8.58 ang=137.8 along=8.9 gait=3 v=1.41 rein=0
RIDEAI sit n=5 phase=setup pos=1.1,0.0 ahead=-3.05 lat=7.1 ang=137.8 along=10.6 gait=3 v=3.21 rein=0
RIDEAI sit n=5 phase=setup pos=3.3,-1.7 ahead=3.19 lat=4.92 ang=97.9 along=12.3 gait=3 v=2.34 rein=-1
RIDEAI sit n=5 phase=setup pos=6.0,-0.7 ahead=7.33 lat=2.14 ang=61.1 along=11.3 gait=3 v=2.0 rein=0
MICHELLE soft | Two. Wait.
COUNT fence=5 ahead=9.44 lateral=1.50 stride=2 word=Two. Wait. kept=true
RIDEAI sit n=5 phase=approach pos=7.4,1.5 ahead=9.13 lat=0.74 ang=8.0 along=9.1 gait=3 v=2.17 rein=0
MICHELLE soft | One. Wait.
COUNT fence=5 ahead=7.57 lateral=0.54 stride=1 word=One. Wait. kept=true
RIDEAI sit n=5 phase=approach pos=7.7,3.5 ahead=7.1 lat=0.46 ang=8.0 along=7.1 gait=3 v=2.95 rein=0
MICHELLE soft | One. Early.
COUNT fence=5 ahead=5.37 lateral=0.20 stride=1 word=One. Early. kept=true
MICHELLE soft | Early.
COUNT fence=5 ahead=4.20 lateral=0.20 stride=0 word=Early. kept=true
MICHELLE soft | Wait.
COUNT fence=5 ahead=3.56 lateral=0.20 stride=0 word=Wait. kept=true
RIDEAI sit n=5 phase=approach pos=8.1,7.2 ahead=3.43 lat=0.08 ang=4.6 along=3.4 gait=3 v=3.88 rein=0
MICHELLE soft | Now.
COUNT fence=5 ahead=3.04 lateral=0.20 stride=0 word=Now. kept=true
RIDEAI ASK n=5 ahead=2.58 lat=0.2 ang=4.6 charge=1.0
RIDEAI fence 5 -> 6 t=36.31 leave=straight
COUNT fence=6 ahead=8.72 lateral=15.87 stride=-1 word=silent kept=false
MICHELLE soft | Come again.
RIDEAI sit n=6 phase=land pos=7.6,13.3 ahead=15.32 lat=15.02 ang=46.4 along=6.4 gait=3 v=3.09 rein=-1
RIDEAI sit n=6 phase=land pos=4.8,14.1 ahead=10.29 lat=12.14 ang=104.6 along=5.8 gait=3 v=3.09 rein=0
RIDEAI sit n=6 phase=setup pos=1.3,13.4 ahead=6.08 lat=8.7 ang=108.7 along=6.7 gait=3 v=4.48 rein=0
RIDEAI sit n=6 phase=setup pos=-3.7,12.1 ahead=0.87 lat=3.76 ang=108.7 along=8.4 gait=3 v=4.35 rein=0
RIDEAI sit n=6 phase=approach pos=-6.5,11.4 ahead=0.31 lat=1.02 ang=94.4 along=9.3 gait=3 v=3.61 rein=1
RIDEAI sit n=6 phase=approach pos=-8.7,12.6 ahead=6.35 lat=1.2 ang=32.0 along=8.2 gait=3 v=2.88 rein=1
MICHELLE soft | One. Wait.
COUNT fence=6 ahead=7.41 lateral=1.48 stride=1 word=One. Wait. kept=true
RIDEAI sit n=6 phase=approach pos=-8.6,14.4 ahead=6.55 lat=1.26 ang=15.1 along=6.4 gait=3 v=2.41 rein=0
MICHELLE soft | One. Early.
COUNT fence=6 ahead=5.35 lateral=0.47 stride=1 word=One. Early. kept=true
MICHELLE soft | Early.
COUNT fence=6 ahead=4.18 lateral=0.47 stride=0 word=Early. kept=true
MICHELLE soft | Wait.
COUNT fence=6 ahead=3.56 lateral=0.14 stride=0 word=Wait. kept=true
RIDEAI sit n=6 phase=approach pos=-7.6,17.6 ahead=3.17 lat=0.44 ang=10.5 along=3.1 gait=3 v=3.88 rein=0
MICHELLE soft | Now.
COUNT fence=6 ahead=3.04 lateral=0.14 stride=0 word=Now. kept=true
RIDEAI ASK n=6 ahead=2.59 lat=0.14 ang=10.5 charge=1.0
RIDEAI fence 6 -> 7 t=45.65 leave=straight
MICHELLE soft | Two. Wait.
COUNT fence=7 ahead=10.89 lateral=0.28 stride=2 word=Two. Wait. kept=true
COUNT fence=7 ahead=10.41 lateral=1.62 stride=-1 word=silent kept=false
MICHELLE soft | Come again.
RIDEAI sit n=7 phase=land pos=-5.0,23.1 ahead=7.9 lat=4.78 ang=63.9 along=8.2 gait=3 v=3.09 rein=1
RIDEAI sit n=7 phase=land pos=-2.1,22.7 ahead=-3.36 lat=1.84 ang=125.1 along=8.5 gait=3 v=3.09 rein=1
RIDEAI sit n=7 phase=approach pos=0.6,21.2 ahead=-1.65 lat=0.88 ang=94.5 along=9.9 gait=3 v=1.92 rein=-1
RIDEAI sit n=7 phase=setup pos=2.9,22.5 ahead=5.44 lat=3.18 ang=33.2 along=8.6 gait=3 v=3.91 rein=-1
MICHELLE soft | One. Wait.
COUNT fence=7 ahead=7.50 lateral=1.60 stride=1 word=One. Wait. kept=true
RIDEAI sit n=7 phase=setup pos=3.0,24.8 ahead=6.98 lat=3.2 ang=29.2 along=6.2 gait=3 v=3.18 rein=-1
COUNT fence=7 ahead=6.09 lateral=1.64 stride=-1 word=silent kept=false
MICHELLE soft | Come again.
RIDEAI sit n=7 phase=approach pos=1.3,26.6 ahead=4.36 lat=1.42 ang=39.2 along=4.5 gait=3 v=1.94 rein=0
RIDEAI come again n=7 rein=-1 pos=1.2,26.7
RIDEAI sit n=7 phase=away pos=-1.3,27.4 ahead=-2.2 lat=1.22 ang=105.6 along=3.8 gait=3 v=3.73 rein=-1
RIDEAI sit n=7 phase=again pos=-3.6,25.0 ahead=-6.52 lat=3.4 ang=174.7 along=6.2 gait=3 v=1.58 rein=-1
RIDEAI sit n=7 phase=again pos=-2.8,23.1 ahead=-5.67 lat=2.54 ang=149.2 along=8.1 gait=3 v=3.12 rein=0
RIDEAI sit n=7 phase=again pos=-0.7,19.4 ahead=-9.96 lat=0.34 ang=149.2 along=11.8 gait=3 v=5.42 rein=0
RIDEAI sit n=7 phase=setup pos=1.7,17.6 ahead=-1.95 lat=2.14 ang=89.2 along=13.5 gait=3 v=3.03 rein=-1
RIDEAI sit n=7 phase=setup pos=4.1,18.8 ahead=8.92 lat=4.48 ang=26.8 along=12.2 gait=3 v=2.3 rein=-1
MICHELLE soft | Two. Wait.
COUNT fence=7 ahead=10.92 lateral=1.16 stride=2 word=Two. Wait. kept=true
COUNT fence=7 ahead=10.23 lateral=1.65 stride=-1 word=silent kept=false
MICHELLE soft | Come again.
RIDEAI sit n=7 phase=setup pos=4.0,21.6 ahead=10.1 lat=4.24 ang=35.6 along=9.4 gait=3 v=1.92 rein=-1
RIDEAI sit n=7 phase=approach pos=1.5,22.6 ahead=1.64 lat=1.76 ang=90.8 along=8.5 gait=3 v=3.87 rein=1
RIDEAI sit n=7 phase=approach pos=-0.5,23.9 ahead=6.26 lat=0.28 ang=28.4 along=7.3 gait=3 v=3.14 rein=1
MICHELLE soft | One. Wait.
COUNT fence=7 ahead=6.52 lateral=1.51 stride=1 word=One. Wait. kept=true
MICHELLE soft | One. Early.
COUNT fence=7 ahead=5.40 lateral=0.18 stride=1 word=One. Early. kept=true
RIDEAI sit n=7 phase=approach pos=-0.6,25.8 ahead=5.4 lat=0.46 ang=2.9 along=5.4 gait=3 v=2.49 rein=0
MICHELLE soft | Early.
COUNT fence=7 ahead=4.21 lateral=0.18 stride=0 word=Early. kept=true
MICHELLE soft | Wait.
COUNT fence=7 ahead=3.54 lateral=0.18 stride=0 word=Wait. kept=true
MICHELLE soft | Now.
COUNT fence=7 ahead=3.09 lateral=0.18 stride=0 word=Now. kept=true
RIDEAI ASK n=7 ahead=2.57 lat=0.18 ang=2.9 charge=1.0
RIDEAI fence 7 -> 8 t=63.75 leave=straight
RIDEAI sit n=8 phase=land pos=-0.1,32.5 ahead=-17.88 lat=3.6 ang=179.3 along=17.8 gait=3 v=3.44 rein=-1
RIDEAI sit n=8 phase=land pos=-1.8,34.9 ahead=-8.2 lat=2.1 ang=119.5 along=20.4 gait=3 v=3.09 rein=-1
COUNT fence=8 ahead=1.04 lateral=20.74 stride=-1 word=silent kept=false
MICHELLE soft | Come again.
RIDEAI sit n=8 phase=land pos=-4.8,34.6 ahead=9.99 lat=0.84 ang=58.2 along=20.3 gait=3 v=3.09 rein=-1
RIDEAI sit n=8 phase=setup pos=-5.9,32.1 ahead=18.07 lat=2.2 ang=4.2 along=18.0 gait=3 v=2.19 rein=-1
RIDEAI sit n=8 phase=approach pos=-4.9,28.9 ahead=14.63 lat=1.46 ang=13.4 along=14.7 gait=3 v=4.49 rein=0
MICHELLE soft | Two. Wait.
COUNT fence=8 ahead=10.92 lateral=0.83 stride=2 word=Two. Wait. kept=true
RIDEAI sit n=8 phase=approach pos=-3.5,23.8 ahead=9.44 lat=0.54 ang=8.3 along=9.5 gait=3 v=5.55 rein=0
MICHELLE soft | One. Wait.
COUNT fence=8 ahead=7.55 lateral=0.19 stride=1 word=One. Wait. kept=true
RIDEAI sit n=8 phase=approach pos=-2.9,21.0 ahead=6.6 lat=0.24 ang=3.6 along=6.6 gait=3 v=2.52 rein=0
MICHELLE soft | One. Early.
COUNT fence=8 ahead=5.40 lateral=0.19 stride=1 word=One. Early. kept=true
MICHELLE soft | Early.
COUNT fence=8 ahead=4.20 lateral=0.19 stride=0 word=Early. kept=true
MICHELLE soft | Wait.
COUNT fence=8 ahead=3.56 lateral=0.19 stride=0 word=Wait. kept=true
RIDEAI sit n=8 phase=approach pos=-2.3,17.5 ahead=3.1 lat=0.02 ang=3.6 along=3.1 gait=3 v=3.88 rein=0
MICHELLE soft | Now.
COUNT fence=8 ahead=3.04 lateral=0.19 stride=0 word=Now. kept=true
RIDEAI ASK n=8 ahead=2.58 lat=0.18 ang=3.6 charge=1.0
RIDEAI fence 8 -> 9 t=72.47 leave=straight
COUNT fence=9 ahead=10.86 lateral=5.95 stride=-1 word=silent kept=false
MICHELLE soft | Come again.
RIDEAI sit n=9 phase=land pos=-0.3,11.9 ahead=9.12 lat=3.56 ang=57.6 along=11.4 gait=3 v=3.09 rein=-1
RIDEAI sit n=9 phase=approach pos=2.2,10.2 ahead=9.1 lat=1.16 ang=25.6 along=9.5 gait=3 v=2.9 rein=1
MICHELLE soft | Two. Wait.
COUNT fence=9 ahead=9.18 lateral=1.59 stride=2 word=Two. Wait. kept=true
RIDEAI sit n=9 phase=approach pos=2.7,8.3 ahead=7.71 lat=0.76 ang=10.5 along=7.7 gait=3 v=2.6 rein=0
MICHELLE soft | One. Wait.
COUNT fence=9 ahead=7.57 lateral=0.66 stride=1 word=One. Wait. kept=true
MICHELLE soft | One. Early.
COUNT fence=9 ahead=5.37 lateral=0.14 stride=1 word=One. Early. kept=true
MICHELLE soft | Early.
COUNT fence=9 ahead=4.20 lateral=0.14 stride=0 word=Early. kept=true
RIDEAI sit n=9 phase=approach pos=3.4,4.9 ahead=4.2 lat=0.28 ang=5.9 along=4.2 gait=3 v=3.88 rein=0
MICHELLE soft | Wait.
COUNT fence=9 ahead=3.55 lateral=0.14 stride=0 word=Wait. kept=true
MICHELLE soft | Now.
COUNT fence=9 ahead=3.04 lateral=0.14 stride=0 word=Now. kept=true
RIDEAI ASK n=9 ahead=2.59 lat=0.04 ang=3.5 charge=1.0
RIDEAI fence 9 -> 10 t=78.17 leave=straight
COUNT fence=10 ahead=10.58 lateral=9.55 stride=-1 word=silent kept=false
MICHELLE soft | Come again.
RIDEAI sit n=10 phase=land pos=3.7,-1.9 ahead=12.42 lat=8.28 ang=28.9 along=9.6 gait=3 v=3.09 rein=1
RIDEAI sit n=10 phase=land pos=1.2,-3.4 ahead=5.7 lat=5.72 ang=90.2 along=8.1 gait=3 v=3.09 rein=1
RIDEAI sit n=10 phase=setup pos=-2.0,-2.7 ahead=-0.62 lat=2.54 ang=109.6 along=9.0 gait=3 v=3.57 rein=0
RIDEAI sit n=10 phase=approach pos=-3.9,-2.8 ahead=5.48 lat=0.62 ang=56.1 along=8.9 gait=3 v=2.54 rein=-1
MICHELLE soft | One. Wait.
COUNT fence=10 ahead=6.99 lateral=1.57 stride=1 word=One. Wait. kept=true
RIDEAI sit n=10 phase=approach pos=-5.0,-4.9 ahead=6.8 lat=0.52 ang=3.1 along=6.8 gait=3 v=1.53 rein=0
MICHELLE soft | One. Early.
COUNT fence=10 ahead=5.37 lateral=0.15 stride=1 word=One. Early. kept=true
MICHELLE soft | Early.
COUNT fence=10 ahead=4.21 lateral=0.15 stride=0 word=Early. kept=true
RIDEAI sit n=10 phase=approach pos=-4.8,-7.6 ahead=4.14 lat=0.38 ang=3.1 along=4.1 gait=3 v=3.75 rein=0
MICHELLE soft | Wait.
COUNT fence=10 ahead=3.56 lateral=0.15 stride=0 word=Wait. kept=true
MICHELLE soft | Now.
COUNT fence=10 ahead=3.05 lateral=0.15 stride=0 word=Now. kept=true
RIDEAI ASK n=10 ahead=2.53 lat=0.16 ang=3.1 charge=1.0
RIDEAI fence 10 -> 11 t=85.59 leave=straight
RIDECERT trace E:/Workspace/Madison/game/../dist/traces/hk_int_001_clear.jsonl n=94
RIDECERT hk_int_001 style=clear success=false faults=1 refusal_faults=0 rail_faults=0 time_faults=1 jumped=10/10 t=90.85 teleported=false complete=true refused=[] rail_fences=[] rail_air=[] conf=86.5 scope=82.5 eliminated=false reason= ribbon=White
RIDECERT offer false
RIDECERT done round=first offer=false
RIDECERT wrote E:/Workspace/Madison/game/../dist/ridecert_results.json
