Godot Engine v4.7.2.stable.official.ed1daf0bf - https://godotengine.org

FIT flatten armature scale=(100.0, 100.0, 100.0) keep_rot=(-90.0, 0.0, 0.0)
FIT length=2.25 height=1.91220223903656 scale=(0.84991, 0.84991, 0.84991)
SEAT bone=Torso bone_pos=(0.0, 1.126922, 0.286373) back_y=1.42885863780975 seat=(0.0, 1.428859, 0.286373)
TACK place crown=(0.0, 0.142, 0.0294) brow=(0.0, 0.196, 0.1326) nose=(0.0, 0.385, -0.0222) bit=(0.0, 0.479225, -0.087663)
HORSE mesh=WhiteHorse anim=true seat=Torso rider_parent=Seat
RIDER mesh scale 0.91304347826087 bones 62
RIDECERT begin
RIDECERT filter hk_int_007
RIDECERT round hk_int_007 class=intermediate seed=4 jo=false style=clear
COUNT fence=1 ahead=6.14 lateral=8.84 stride=-1 word=silent kept=false
MICHELLE soft | Come again.
MICHELLE soft | Two. Wait.
COUNT fence=1 ahead=8.20 lateral=1.51 stride=2 word=Two. Wait. kept=true
RIDEAI sit n=1 phase=approach pos=7.8,-30.6 ahead=8.14 lat=0.02 ang=3.7 along=8.2 gait=3 v=1.48 rein=-1
MICHELLE soft | One. Wait.
COUNT fence=1 ahead=7.55 lateral=0.35 stride=1 word=One. Wait. kept=true
RIDEAI sit n=1 phase=approach pos=7.9,-28.3 ahead=5.93 lat=0.08 ang=2.6 along=5.9 gait=3 v=3.29 rein=0
MICHELLE soft | One. Early.
COUNT fence=1 ahead=5.35 lateral=0.35 stride=1 word=One. Early. kept=true
MICHELLE soft | Early.
COUNT fence=1 ahead=4.19 lateral=0.35 stride=0 word=Early. kept=true
MICHELLE soft | Wait.
COUNT fence=1 ahead=3.54 lateral=0.35 stride=0 word=Wait. kept=true
MICHELLE soft | Now.
COUNT fence=1 ahead=3.09 lateral=0.35 stride=0 word=Now. kept=true
RIDEAI ASK n=1 ahead=2.59 lat=0.12 ang=2.1 charge=1.0
RIDEAI fence 1 -> 2 t=4.31 leave=
RIDEAI sit n=2 phase=land pos=7.9,-21.6 ahead=12.78 lat=16.92 ang=12.2 along=9.4 gait=3 v=3.59 rein=-1
RIDEAI sit n=2 phase=land pos=6.0,-19.3 ahead=16.32 lat=14.88 ang=73.5 along=7.2 gait=3 v=3.09 rein=-1
COUNT fence=2 ahead=10.95 lateral=10.46 stride=-1 word=silent kept=false
MICHELLE soft | Come again.
RIDEAI sit n=2 phase=land pos=3.0,-19.8 ahead=6.53 lat=11.96 ang=119.4 along=7.9 gait=3 v=3.22 rein=0
RIDEAI sit n=2 phase=setup pos=-0.7,-21.6 ahead=1.48 lat=8.42 ang=123.5 along=10.0 gait=3 v=5.25 rein=0
RIDEAI sit n=2 phase=setup pos=-4.4,-23.1 ahead=6.69 lat=4.82 ang=80.5 along=11.7 gait=3 v=2.16 rein=1
RIDEAI sit n=2 phase=setup pos=-7.1,-22.0 ahead=5.25 lat=2.04 ang=72.3 along=10.9 gait=3 v=3.88 rein=0
RIDEAI sit n=2 phase=approach pos=-9.1,-20.6 ahead=7.62 lat=0.12 ang=36.6 along=9.6 gait=3 v=3.3 rein=1
MICHELLE soft | Two. Wait.
COUNT fence=2 ahead=8.31 lateral=1.57 stride=2 word=Two. Wait. kept=true
MICHELLE soft | One. Wait.
COUNT fence=2 ahead=7.56 lateral=0.38 stride=1 word=One. Wait. kept=true
RIDEAI sit n=2 phase=approach pos=-9.5,-18.5 ahead=7.52 lat=0.6 ang=1.7 along=7.5 gait=3 v=2.26 rein=0
MICHELLE soft | One. Early.
COUNT fence=2 ahead=5.35 lateral=0.38 stride=1 word=One. Early. kept=true
RIDEAI sit n=2 phase=approach pos=-9.2,-15.2 ahead=4.25 lat=0.5 ang=1.7 along=4.2 gait=3 v=3.88 rein=0
MICHELLE soft | Early.
COUNT fence=2 ahead=4.18 lateral=0.38 stride=0 word=Early. kept=true
MICHELLE soft | Wait.
COUNT fence=2 ahead=3.54 lateral=0.38 stride=0 word=Wait. kept=true
MICHELLE soft | Now.
COUNT fence=2 ahead=3.08 lateral=0.38 stride=0 word=Now. kept=true
RIDEAI ASK n=2 ahead=2.57 lat=0.38 ang=1.7 charge=1.0
RIDEAI fence 2 -> 3 t=14.28 leave=
MICHELLE soft | Two. Wait.
COUNT fence=3 ahead=9.83 lateral=0.06 stride=2 word=Two. Wait. kept=true
RIDEAI sit n=3 phase=approach pos=-8.5,-8.8 ahead=8.59 lat=0.4 ang=2.3 along=8.6 gait=3 v=1.4 rein=0
MICHELLE soft | One. Wait.
COUNT fence=3 ahead=7.55 lateral=0.06 stride=1 word=One. Wait. kept=true
RIDEAI sit n=3 phase=approach pos=-8.3,-6.7 ahead=6.5 lat=0.32 ang=2.3 along=6.5 gait=3 v=2.25 rein=0
MICHELLE soft | One. Early.
COUNT fence=3 ahead=5.37 lateral=0.06 stride=1 word=One. Early. kept=true
MICHELLE soft | Early.
COUNT fence=3 ahead=4.21 lateral=0.06 stride=0 word=Early. kept=true
RIDEAI sit n=3 phase=approach pos=-8.1,-4.4 ahead=4.11 lat=0.22 ang=2.3 along=4.1 gait=3 v=3.02 rein=0
MICHELLE soft | Wait.
COUNT fence=3 ahead=3.60 lateral=0.06 stride=0 word=Wait. kept=true
MICHELLE soft | Now.
COUNT fence=3 ahead=3.04 lateral=0.06 stride=0 word=Now. kept=true
RIDEAI ASK n=3 ahead=2.55 lat=0.06 ang=2.3 charge=1.0
RIDEAI fence 3 -> 4 t=18.72 leave=leave
MICHELLE soft | Two. Wait.
COUNT fence=4 ahead=10.28 lateral=0.37 stride=2 word=Two. Wait. kept=true
RIDEAI sit n=4 phase=approach pos=-7.5,1.6 ahead=8.9 lat=0.02 ang=2.3 along=8.9 gait=3 v=1.4 rein=0
MICHELLE soft | One. Wait.
COUNT fence=4 ahead=7.56 lateral=0.37 stride=1 word=One. Wait. kept=true
RIDEAI sit n=4 phase=approach pos=-7.3,3.6 ahead=6.96 lat=0.1 ang=2.3 along=7.0 gait=3 v=2.25 rein=0
MICHELLE soft | One. Early.
COUNT fence=4 ahead=5.38 lateral=0.37 stride=1 word=One. Early. kept=true
RIDEAI sit n=4 phase=approach pos=-7.0,5.9 ahead=4.6 lat=0.18 ang=2.3 along=4.6 gait=3 v=2.94 rein=0
MICHELLE soft | Early.
COUNT fence=4 ahead=4.19 lateral=0.37 stride=0 word=Early. kept=true
MICHELLE soft | Wait.
COUNT fence=4 ahead=3.60 lateral=0.37 stride=0 word=Wait. kept=true
MICHELLE soft | Now.
COUNT fence=4 ahead=3.06 lateral=0.37 stride=0 word=Now. kept=true
RIDEAI ASK n=4 ahead=2.57 lat=0.12 ang=2.4 charge=1.0
RIDEAI fence 4 -> 5 t=23.27 leave=leave
COUNT fence=5 ahead=6.34 lateral=14.38 stride=-1 word=silent kept=false
MICHELLE soft | Come again.
RIDEAI sit n=5 phase=land pos=-6.5,12.2 ahead=10.17 lat=14.32 ang=24.5 along=4.6 gait=3 v=3.09 rein=1
RIDEAI sit n=5 phase=land pos=-4.1,13.8 ahead=12.08 lat=11.9 ang=85.8 along=3.0 gait=3 v=3.09 rein=1
RIDEAI come again n=5 rein=1 pos=-1.4,12.9
RIDEAI sit n=5 phase=away pos=-1.2,12.8 ahead=5.32 lat=9.0 ang=123.1 along=4.1 gait=3 v=2.97 rein=1
RIDEAI sit n=5 phase=again pos=0.0,11.2 ahead=-0.21 lat=7.82 ang=145.8 along=5.6 gait=3 v=2.76 rein=0
RIDEAI sit n=5 phase=again pos=2.2,8.0 ahead=-4.14 lat=5.62 ang=145.8 along=8.8 gait=3 v=5.06 rein=0
RIDEAI sit n=5 phase=setup pos=5.4,3.9 ahead=-5.01 lat=2.44 ang=123.1 along=12.9 gait=3 v=3.35 rein=-1
RIDEAI sit n=5 phase=approach pos=7.7,4.1 ahead=6.94 lat=0.06 ang=57.3 along=12.8 gait=3 v=3.39 rein=-1
MICHELLE soft | Two. Wait.
COUNT fence=5 ahead=10.77 lateral=1.58 stride=2 word=Two. Wait. kept=true
RIDEAI sit n=5 phase=approach pos=9.0,6.3 ahead=10.59 lat=1.18 ang=5.1 along=10.5 gait=3 v=2.65 rein=-1
RIDEAI sit n=5 phase=approach pos=8.8,8.6 ahead=8.25 lat=0.98 ang=5.1 along=8.2 gait=3 v=1.82 rein=0
MICHELLE soft | One. Wait.
COUNT fence=5 ahead=7.56 lateral=0.24 stride=1 word=One. Wait. kept=true
MICHELLE soft | One. Early.
COUNT fence=5 ahead=5.37 lateral=0.24 stride=1 word=One. Early. kept=true
RIDEAI sit n=5 phase=approach pos=8.5,11.5 ahead=5.37 lat=0.72 ang=5.1 along=5.3 gait=3 v=3.88 rein=0
MICHELLE soft | Early.
COUNT fence=5 ahead=4.20 lateral=0.24 stride=0 word=Early. kept=true
MICHELLE soft | Wait.
COUNT fence=5 ahead=3.55 lateral=0.24 stride=0 word=Wait. kept=true
MICHELLE soft | Now.
COUNT fence=5 ahead=3.10 lateral=0.24 stride=0 word=Now. kept=true
RIDEAI ASK n=5 ahead=2.58 lat=0.24 ang=5.1 charge=1.0
RIDEAI fence 5 -> 6 t=34.81 leave=leave
RIDEAI sit n=6 phase=land pos=7.8,18.2 ahead=14.51 lat=16.74 ang=25.5 along=8.1 gait=3 v=3.09 rein=-1
RIDEAI sit n=6 phase=land pos=5.4,19.9 ahead=14.63 lat=14.28 ang=86.7 along=6.5 gait=3 v=3.09 rein=-1
COUNT fence=6 ahead=10.95 lateral=8.78 stride=-1 word=silent kept=false
MICHELLE soft | Come again.
RIDEAI sit n=6 phase=land pos=2.3,19.7 ahead=9.77 lat=11.14 ang=100.0 along=7.0 gait=3 v=3.33 rein=0
RIDEAI sit n=6 phase=setup pos=-2.2,19.0 ahead=4.62 lat=6.76 ang=104.1 along=8.0 gait=3 v=5.55 rein=0
RIDEAI sit n=6 phase=setup pos=-6.4,18.2 ahead=-0.35 lat=2.6 ang=108.2 along=9.0 gait=3 v=2.27 rein=0
RIDEAI sit n=6 phase=approach pos=-9.3,18.4 ahead=4.11 lat=0.3 ang=61.1 along=9.1 gait=3 v=1.92 rein=1
MICHELLE soft | One. Wait.
COUNT fence=6 ahead=7.55 lateral=1.52 stride=1 word=One. Wait. kept=true
RIDEAI sit n=6 phase=approach pos=-10.2,20.0 ahead=7.55 lat=1.28 ang=4.0 along=7.5 gait=3 v=1.34 rein=1
MICHELLE soft | One. Early.
COUNT fence=6 ahead=5.35 lateral=0.31 stride=1 word=One. Early. kept=true
RIDEAI sit n=6 phase=approach pos=-9.5,22.4 ahead=5.11 lat=0.78 ang=12.2 along=5.1 gait=3 v=3.56 rein=0
MICHELLE soft | Early.
COUNT fence=6 ahead=4.16 lateral=0.31 stride=0 word=Early. kept=true
MICHELLE soft | Wait.
COUNT fence=6 ahead=3.59 lateral=0.00 stride=0 word=Wait. kept=true
MICHELLE soft | Now.
COUNT fence=6 ahead=3.07 lateral=0.00 stride=0 word=Now. kept=true
RIDEAI ASK n=6 ahead=2.56 lat=0.0 ang=7.5 charge=1.0
RIDEAI fence 6 -> 7 t=44.17 leave=leave
COUNT fence=7 ahead=5.04 lateral=7.33 stride=-1 word=silent kept=false
MICHELLE soft | Come again.
RIDEAI sit n=7 phase=land pos=-7.9,28.8 ahead=6.1 lat=7.9 ang=31.6 along=2.3 gait=3 v=3.09 rein=1
MICHELLE soft | One. Wait.
COUNT fence=7 ahead=6.51 lateral=1.57 stride=1 word=One. Wait. kept=true
MICHELLE soft | One. Early.
COUNT fence=7 ahead=5.37 lateral=1.02 stride=1 word=One. Early. kept=true
RIDEAI sit n=7 phase=land pos=-5.3,30.2 ahead=5.23 lat=5.28 ang=92.8 along=1.0 gait=3 v=3.09 rein=1
COUNT fence=7 ahead=4.84 lateral=1.66 stride=-1 word=silent kept=false
MICHELLE soft | Come again.
RIDEAI sit n=7 phase=land pos=-2.8,28.6 ahead=-1.11 lat=2.84 ang=154.1 along=2.6 gait=3 v=3.32 rein=1
RIDEAI come again n=7 rein=1 pos=-2.8,28.6
RIDEAI sit n=7 phase=again pos=-2.2,26.2 ahead=-4.32 lat=2.2 ang=166.5 along=5.0 gait=3 v=3.26 rein=0
RIDEAI sit n=7 phase=again pos=-1.1,21.9 ahead=-8.75 lat=1.16 ang=166.5 along=9.3 gait=3 v=5.55 rein=0
RIDEAI sit n=7 phase=approach pos=0.3,17.5 ahead=-10.46 lat=0.16 ang=139.2 along=13.7 gait=3 v=1.96 rein=-1
RIDEAI sit n=7 phase=setup pos=2.8,16.7 ahead=-0.73 lat=2.64 ang=82.5 along=14.5 gait=3 v=1.35 rein=-1
RIDEAI sit n=7 phase=setup pos=4.1,18.2 ahead=11.76 lat=3.94 ang=13.7 along=13.1 gait=3 v=3.08 rein=-1
RIDEAI sit n=7 phase=setup pos=3.4,20.8 ahead=9.4 lat=3.3 ang=48.7 along=10.5 gait=3 v=2.34 rein=-1
RIDEAI sit n=7 phase=approach pos=0.7,22.0 ahead=6.89 lat=0.64 ang=46.0 along=9.3 gait=3 v=1.34 rein=1
MICHELLE soft | Two. Wait.
COUNT fence=7 ahead=8.43 lateral=1.54 stride=2 word=Two. Wait. kept=true
MICHELLE soft | One. Wait.
COUNT fence=7 ahead=7.56 lateral=0.35 stride=1 word=One. Wait. kept=true
RIDEAI sit n=7 phase=approach pos=0.2,24.0 ahead=7.21 lat=0.16 ang=4.1 along=7.2 gait=3 v=3.16 rein=0
MICHELLE soft | One. Early.
COUNT fence=7 ahead=5.37 lateral=0.35 stride=1 word=One. Early. kept=true
MICHELLE soft | Early.
COUNT fence=7 ahead=4.21 lateral=0.35 stride=0 word=Early. kept=true
MICHELLE soft | Wait.
COUNT fence=7 ahead=3.56 lateral=0.35 stride=0 word=Wait. kept=true
RIDEAI sit n=7 phase=approach pos=-0.1,27.8 ahead=3.43 lat=0.1 ang=4.1 along=3.4 gait=3 v=3.88 rein=0
MICHELLE soft | Now.
COUNT fence=7 ahead=3.05 lateral=0.28 stride=0 word=Now. kept=true
RIDEAI ASK n=7 ahead=2.54 lat=0.1 ang=0.6 charge=1.0
RIDEAI fence 7 -> 8 t=57.15 leave=leave
RIDEAI sit n=8 phase=land pos=-1.0,33.8 ahead=-5.81 lat=3.72 ang=129.9 along=13.5 gait=3 v=3.09 rein=-1
COUNT fence=8 ahead=0.83 lateral=14.29 stride=-1 word=silent kept=false
MICHELLE soft | Come again.
RIDEAI sit n=8 phase=land pos=-3.9,34.5 ahead=5.83 lat=0.82 ang=68.7 along=14.0 gait=3 v=3.09 rein=-1
RIDEAI sit n=8 phase=approach pos=-6.0,32.0 ahead=11.1 lat=1.08 ang=7.0 along=11.3 gait=3 v=3.87 rein=-1
MICHELLE soft | Two. Wait.
COUNT fence=8 ahead=10.92 lateral=0.66 stride=2 word=Two. Wait. kept=true
RIDEAI sit n=8 phase=approach pos=-6.0,29.9 ahead=9.23 lat=0.96 ang=7.0 along=9.2 gait=3 v=2.64 rein=0
MICHELLE soft | One. Wait.
COUNT fence=8 ahead=7.55 lateral=0.16 stride=1 word=One. Wait. kept=true
RIDEAI sit n=8 phase=approach pos=-5.8,26.3 ahead=5.67 lat=0.54 ang=7.0 along=5.7 gait=3 v=3.88 rein=0
MICHELLE soft | One. Early.
COUNT fence=8 ahead=5.35 lateral=0.16 stride=1 word=One. Early. kept=true
MICHELLE soft | Early.
COUNT fence=8 ahead=4.18 lateral=0.16 stride=0 word=Early. kept=true
MICHELLE soft | Wait.
COUNT fence=8 ahead=3.54 lateral=0.16 stride=0 word=Wait. kept=true
MICHELLE soft | Now.
COUNT fence=8 ahead=3.08 lateral=0.16 stride=0 word=Now. kept=true
RIDEAI ASK n=8 ahead=2.57 lat=0.06 ang=4.7 charge=1.0
RIDEAI fence 8 -> 9 t=64.13 leave=leave
RIDEAI sit n=9 phase=land pos=-5.6,19.6 ahead=22.8 lat=12.84 ang=12.1 along=20.6 gait=3 v=3.34 rein=-1
RIDEAI sit n=9 phase=land pos=-3.7,17.1 ahead=20.3 lat=10.96 ang=47.8 along=18.1 gait=3 v=3.22 rein=0
RIDEAI sit n=9 phase=land pos=-1.3,15.0 ahead=17.08 lat=8.56 ang=47.8 along=16.0 gait=3 v=3.22 rein=0
RIDEAI sit n=9 phase=setup pos=2.1,12.3 ahead=12.16 lat=5.16 ang=52.9 along=13.4 gait=3 v=5.44 rein=0
COUNT fence=9 ahead=10.98 lateral=7.55 stride=-1 word=silent kept=false
MICHELLE soft | Come again.
RIDEAI sit n=9 phase=setup pos=4.9,10.3 ahead=8.22 lat=2.34 ang=56.4 along=11.3 gait=3 v=2.92 rein=0
MICHELLE soft | Two. Wait.
COUNT fence=9 ahead=9.02 lateral=1.42 stride=2 word=Two. Wait. kept=true
RIDEAI sit n=9 phase=approach pos=6.7,7.7 ahead=8.8 lat=0.54 ang=6.9 along=8.8 gait=3 v=1.34 rein=0
MICHELLE soft | One. Wait.
COUNT fence=9 ahead=7.53 lateral=0.51 stride=1 word=One. Wait. kept=true
RIDEAI sit n=9 phase=approach pos=6.9,5.4 ahead=6.42 lat=0.26 ang=6.9 along=6.4 gait=3 v=3.44 rein=0
MICHELLE soft | One. Early.
COUNT fence=9 ahead=5.36 lateral=0.51 stride=1 word=One. Early. kept=true
MICHELLE soft | Early.
COUNT fence=9 ahead=4.21 lateral=0.19 stride=0 word=Early. kept=true
MICHELLE soft | Wait.
COUNT fence=9 ahead=3.57 lateral=0.19 stride=0 word=Wait. kept=true
MICHELLE soft | Now.
COUNT fence=9 ahead=3.05 lateral=0.19 stride=0 word=Now. kept=true
RIDEAI sit n=9 phase=approach pos=7.2,1.5 ahead=2.59 lat=0.04 ang=3.4 along=2.6 gait=3 v=3.88 rein=0
RIDEAI ASK n=9 ahead=2.53 lat=0.2 ang=3.4 charge=1.0
RIDEAI fence 9 -> 10 t=72.77 leave=leave
RIDEAI sit n=10 phase=land pos=6.1,-4.2 ahead=19.2 lat=10.56 ang=50.5 along=17.4 gait=3 v=3.09 rein=0
RIDEAI sit n=10 phase=land pos=3.5,-6.0 ahead=16.0 lat=8.1 ang=50.5 along=15.3 gait=3 v=3.22 rein=0
RIDEAI sit n=10 phase=setup pos=0.2,-8.0 ahead=11.46 lat=4.96 ang=55.6 along=13.1 gait=3 v=4.94 rein=0
COUNT fence=10 ahead=10.95 lateral=7.98 stride=-1 word=silent kept=false
MICHELLE soft | Come again.
RIDEAI sit n=10 phase=setup pos=-2.6,-9.6 ahead=8.12 lat=2.32 ang=56.7 along=11.3 gait=3 v=2.99 rein=1
MICHELLE soft | Two. Wait.
COUNT fence=10 ahead=9.99 lateral=1.57 stride=2 word=Two. Wait. kept=true
RIDEAI sit n=10 phase=approach pos=-4.1,-11.1 ahead=9.68 lat=1.0 ang=10.4 along=9.7 gait=3 v=2.11 rein=0
MICHELLE soft | One. Wait.
COUNT fence=10 ahead=7.55 lateral=0.76 stride=1 word=One. Wait. kept=true
RIDEAI sit n=10 phase=approach pos=-4.8,-14.2 ahead=6.55 lat=0.46 ang=6.9 along=6.5 gait=3 v=3.88 rein=0
MICHELLE soft | One. Early.
COUNT fence=10 ahead=5.38 lateral=0.32 stride=1 word=One. Early. kept=true
MICHELLE soft | Early.
COUNT fence=10 ahead=4.22 lateral=0.32 stride=0 word=Early. kept=true
MICHELLE soft | Wait.
COUNT fence=10 ahead=3.57 lateral=0.32 stride=0 word=Wait. kept=true
MICHELLE soft | Now.
COUNT fence=10 ahead=3.07 lateral=0.11 stride=0 word=Now. kept=true
RIDEAI sit n=10 phase=approach pos=-5.6,-18.0 ahead=2.68 lat=0.04 ang=3.4 along=2.7 gait=3 v=3.88 rein=0
RIDEAI ASK n=10 ahead=2.55 lat=0.12 ang=3.4 charge=1.0
RIDEAI fence 10 -> 11 t=81.21 leave=leave
RIDECERT trace E:/Workspace/Madison/game/../dist/traces/hk_int_007_clear.jsonl n=87
RIDECERT hk_int_007 style=clear success=true faults=0 refusal_faults=0 rail_faults=0 time_faults=0 jumped=10/10 t=84.93 teleported=false complete=true refused=[] rail_fences=[] rail_air=[] conf=91.0 scope=84.5 eliminated=false reason= ribbon=Blue
RIDECERT offer true
RIDECERT done round=first offer=true
RIDECERT round hk_int_007 class=intermediate seed=4 jo=true style=clear
COUNT fence=1 ahead=7.05 lateral=12.13 stride=-1 word=silent kept=false
MICHELLE soft | Come again.
RIDEAI sit n=1 phase=approach pos=-7.6,-30.9 ahead=11.8 lat=0.06 ang=7.7 along=11.9 gait=3 v=1.99 rein=1
MICHELLE soft | Two. Wait.
COUNT fence=1 ahead=10.89 lateral=0.69 stride=2 word=Two. Wait. kept=true
RIDEAI sit n=1 phase=approach pos=-7.7,-27.8 ahead=8.71 lat=0.14 ang=3.6 along=8.7 gait=3 v=4.29 rein=0
MICHELLE soft | One. Wait.
COUNT fence=1 ahead=7.56 lateral=0.69 stride=1 word=One. Wait. kept=true
MICHELLE soft | One. Early.
COUNT fence=1 ahead=5.37 lateral=0.21 stride=1 word=One. Early. kept=true
MICHELLE soft | Early.
COUNT fence=1 ahead=4.18 lateral=0.21 stride=0 word=Early. kept=true
RIDEAI sit n=1 phase=approach pos=-7.6,-22.7 ahead=3.64 lat=0.24 ang=0.4 along=3.6 gait=3 v=4.21 rein=0
MICHELLE soft | Wait.
COUNT fence=1 ahead=3.57 lateral=0.21 stride=0 word=Wait. kept=true
MICHELLE soft | Now.
COUNT fence=1 ahead=3.07 lateral=0.21 stride=0 word=Now. kept=true
RIDEAI ASK n=1 ahead=2.59 lat=0.2 ang=0.4 charge=1.0
RIDEAI fence 1 -> 2 t=4.81 leave=leave
RIDEAI sit n=2 phase=setup pos=-6.8,-16.9 ahead=23.8 lat=16.86 ang=44.2 along=16.8 gait=3 v=3.09 rein=1
RIDEAI sit n=2 phase=setup pos=-4.3,-14.9 ahead=19.99 lat=14.2 ang=58.5 along=15.1 gait=3 v=3.22 rein=0
RIDEAI sit n=2 phase=setup pos=-1.6,-12.9 ahead=16.61 lat=11.32 ang=58.5 along=13.3 gait=3 v=4.06 rein=0
RIDEAI sit n=2 phase=setup pos=2.4,-9.8 ahead=11.53 lat=6.98 ang=58.5 along=10.7 gait=3 v=5.55 rein=0
COUNT fence=2 ahead=10.98 lateral=5.44 stride=-1 word=silent kept=false
MICHELLE soft | Come again.
RIDEAI sit n=2 phase=setup pos=6.2,-7.1 ahead=6.47 lat=2.96 ang=62.7 along=8.4 gait=3 v=2.04 rein=0
RIDEAI sit n=2 phase=approach pos=8.4,-4.9 ahead=5.88 lat=0.56 ang=28.0 along=6.4 gait=3 v=4.34 rein=-1
MICHELLE soft | One. Wait.
COUNT fence=2 ahead=5.52 lateral=1.58 stride=1 word=One. Wait. kept=true
MICHELLE soft | One. Early.
COUNT fence=2 ahead=5.36 lateral=1.28 stride=1 word=One. Early. kept=true
MICHELLE soft | Early.
COUNT fence=2 ahead=4.17 lateral=0.13 stride=0 word=Early. kept=true
MICHELLE soft | Wait.
COUNT fence=2 ahead=3.60 lateral=0.13 stride=0 word=Wait. kept=true
MICHELLE soft | Now.
COUNT fence=2 ahead=3.09 lateral=0.13 stride=0 word=Now. kept=true
RIDEAI sit n=2 phase=approach pos=8.6,-1.2 ahead=2.68 lat=0.02 ang=2.5 along=2.7 gait=3 v=1.82 rein=0
RIDEAI ASK n=2 ahead=2.58 lat=0.14 ang=2.5 charge=1.0
RIDEAI fence 2 -> 3 t=12.88 leave=leave
RIDEAI sit n=3 phase=setup pos=7.0,4.3 ahead=18.03 lat=15.04 ang=65.0 along=10.4 gait=3 v=3.09 rein=-1
RIDEAI sit n=3 phase=setup pos=4.0,5.4 ahead=14.03 lat=11.98 ang=75.2 along=9.5 gait=3 v=3.22 rein=0
COUNT fence=3 ahead=10.99 lateral=6.17 stride=-1 word=silent kept=false
MICHELLE soft | Come again.
RIDEAI sit n=3 phase=setup pos=0.4,6.6 ahead=10.2 lat=8.3 ang=75.2 along=8.6 gait=3 v=4.87 rein=0
RIDEAI sit n=3 phase=setup pos=-4.6,8.2 ahead=4.59 lat=3.26 ang=79.3 along=7.4 gait=3 v=3.35 rein=0
RIDEAI sit n=3 phase=approach pos=-7.1,9.3 ahead=4.58 lat=0.6 ang=50.7 along=6.5 gait=3 v=3.88 rein=1
MICHELLE soft | One. Wait.
COUNT fence=3 ahead=5.40 lateral=1.50 stride=1 word=One. Wait. kept=true
MICHELLE soft | One. Early.
COUNT fence=3 ahead=5.40 lateral=0.94 stride=1 word=One. Early. kept=true
RIDEAI sit n=3 phase=approach pos=-7.7,11.2 ahead=4.63 lat=0.12 ang=0.8 along=4.6 gait=3 v=2.49 rein=0
MICHELLE soft | Early.
COUNT fence=3 ahead=4.18 lateral=0.18 stride=0 word=Early. kept=true
MICHELLE soft | Wait.
COUNT fence=3 ahead=3.56 lateral=0.18 stride=0 word=Wait. kept=true
MICHELLE soft | Now.
COUNT fence=3 ahead=3.09 lateral=0.18 stride=0 word=Now. kept=true
RIDEAI ASK n=3 ahead=2.58 lat=0.18 ang=0.8 charge=1.0
RIDEAI fence 3 -> 4 t=20.87 leave=leave
RIDEAI sit n=4 phase=setup pos=-7.1,17.4 ahead=-20.99 lat=16.52 ang=158.2 along=29.2 gait=3 v=3.09 rein=1
COUNT fence=4 ahead=1.02 lateral=34.20 stride=-1 word=silent kept=false
MICHELLE soft | Come again.
RIDEAI sit n=4 phase=setup pos=-4.6,19.0 ahead=10.31 lat=14.16 ang=97.0 along=31.0 gait=3 v=3.09 rein=1
RIDEAI sit n=4 phase=setup pos=-2.0,17.7 ahead=30.85 lat=11.46 ang=35.7 along=29.8 gait=3 v=3.4 rein=1
RIDEAI sit n=4 phase=setup pos=0.0,13.5 ahead=27.06 lat=9.28 ang=28.6 along=25.8 gait=3 v=5.55 rein=0
RIDEAI sit n=4 phase=setup pos=2.3,8.5 ahead=21.51 lat=6.62 ang=28.6 along=20.9 gait=3 v=5.55 rein=0
RIDEAI sit n=4 phase=setup pos=4.4,3.9 ahead=16.58 lat=4.24 ang=26.2 along=16.4 gait=3 v=2.78 rein=0
RIDEAI sit n=4 phase=setup pos=5.4,1.6 ahead=14.1 lat=3.14 ang=26.2 along=14.2 gait=3 v=3.29 rein=0
MICHELLE soft | Two. Wait.
COUNT fence=4 ahead=10.86 lateral=1.03 stride=2 word=Two. Wait. kept=true
RIDEAI sit n=4 phase=approach pos=6.8,-2.6 ahead=10.14 lat=1.46 ang=14.0 along=10.1 gait=3 v=5.48 rein=0
MICHELLE soft | One. Wait.
COUNT fence=4 ahead=7.51 lateral=0.47 stride=1 word=One. Wait. kept=true
MICHELLE soft | One. Early.
COUNT fence=4 ahead=5.39 lateral=0.47 stride=1 word=One. Early. kept=true
RIDEAI sit n=4 phase=approach pos=7.6,-8.1 ahead=4.67 lat=0.38 ang=5.8 along=4.7 gait=3 v=5.55 rein=0
MICHELLE soft | Early.
COUNT fence=4 ahead=4.21 lateral=0.10 stride=0 word=Early. kept=true
MICHELLE soft | Wait.
COUNT fence=4 ahead=3.54 lateral=0.10 stride=0 word=Wait. kept=true
MICHELLE soft | Now.
COUNT fence=4 ahead=3.06 lateral=0.10 stride=0 word=Now. kept=true
RIDEAI ASK n=4 ahead=2.59 lat=0.06 ang=2.3 charge=1.0
RIDEAI fence 4 -> 5 t=31.28 leave=straight
RIDECERT trace E:/Workspace/Madison/game/../dist/traces/hk_int_007_clear.jsonl n=39
RIDECERT hk_int_007 style=clear success=false faults=0 refusal_faults=0 rail_faults=0 time_faults=0 jumped=4/4 t=36.49 teleported=false complete=true refused=[] rail_fences=[] rail_air=[] conf=91.0 scope=84.5 eliminated=false reason= ribbon=Blue
RIDECERT jumpoff fences_needed=4
RIDECERT done round=jumpoff
RIDECERT wrote E:/Workspace/Madison/game/../dist/ridecert_results.json
