Godot Engine v4.7.2.stable.official.ed1daf0bf - https://godotengine.org

FIT flatten armature scale=(100.0, 100.0, 100.0) keep_rot=(-90.0, 0.0, 0.0)
FIT length=2.25 height=1.91220223903656 scale=(0.84991, 0.84991, 0.84991)
SEAT bone=Torso bone_pos=(0.0, 1.126922, 0.286373) back_y=1.42885863780975 seat=(0.0, 1.428859, 0.286373)
TACK place crown=(0.0, 0.142, 0.0294) brow=(0.0, 0.196, 0.1326) nose=(0.0, 0.385, -0.0222) bit=(0.0, 0.479225, -0.087663)
HORSE mesh=WhiteHorse anim=true seat=Torso rider_parent=Seat
RIDER mesh scale 0.91304347826087 bones 62
RIDECERT begin
RIDECERT filter hk_beg_034
RIDECERT round hk_beg_034 class=beginner seed=3 jo=false style=clear
COUNT fence=1 ahead=6.32 lateral=9.24 stride=-1 word=silent kept=false
MICHELLE soft | Come again.
MICHELLE soft | Two. Wait.
COUNT fence=1 ahead=8.63 lateral=1.43 stride=2 word=Two. Wait. kept=true
RIDEAI sit n=1 phase=approach pos=7.9,-30.6 ahead=8.58 lat=0.0 ang=3.7 along=8.6 gait=3 v=1.48 rein=-1
MICHELLE soft | One. Wait.
COUNT fence=1 ahead=7.55 lateral=0.38 stride=1 word=One. Wait. kept=true
RIDEAI sit n=1 phase=approach pos=8.0,-28.3 ahead=6.37 lat=0.1 ang=2.6 along=6.4 gait=3 v=3.29 rein=0
MICHELLE soft | One. Early.
COUNT fence=1 ahead=5.34 lateral=0.38 stride=1 word=One. Early. kept=true
MICHELLE soft | Early.
COUNT fence=1 ahead=4.17 lateral=0.38 stride=0 word=Early. kept=true
MICHELLE soft | Wait.
COUNT fence=1 ahead=3.72 lateral=0.38 stride=0 word=Wait. kept=true
MICHELLE soft | Now.
COUNT fence=1 ahead=3.14 lateral=0.38 stride=0 word=Now. kept=true
RIDEAI sit n=1 phase=approach pos=8.1,-24.5 ahead=2.58 lat=0.24 ang=2.1 along=2.6 gait=3 v=3.88 rein=0
RIDEAI ASK n=1 ahead=2.58 lat=0.14 ang=2.1 charge=1.0
RIDEAI fence 1 -> 2 t=4.41 leave=leave
COUNT fence=2 ahead=7.20 lateral=16.01 stride=-1 word=silent kept=false
MICHELLE soft | Come again.
RIDEAI sit n=2 phase=land pos=6.4,-19.0 ahead=14.89 lat=15.04 ang=66.3 along=2.8 gait=3 v=3.09 rein=-1
RIDEAI sit n=2 phase=land pos=3.4,-19.1 ahead=9.71 lat=12.06 ang=114.3 along=3.1 gait=3 v=3.22 rein=0
RIDEAI come again n=2 rein=-1 pos=2.4,-19.5
RIDEAI sit n=2 phase=again pos=1.5,-20.2 ahead=2.98 lat=10.2 ang=141.2 along=4.4 gait=3 v=1.84 rein=1
RIDEAI sit n=2 phase=again pos=-0.6,-22.4 ahead=-0.03 lat=8.32 ang=141.2 along=6.7 gait=3 v=4.14 rein=0
RIDEAI sit n=2 phase=again pos=-4.0,-26.2 ahead=-5.16 lat=5.1 ang=141.2 along=10.7 gait=3 v=5.55 rein=0
RIDEAI sit n=2 phase=setup pos=-7.2,-28.3 ahead=1.25 lat=2.08 ang=93.6 along=13.1 gait=3 v=2.42 rein=1
RIDEAI sit n=2 phase=approach pos=-9.7,-26.9 ahead=9.85 lat=0.46 ang=31.2 along=11.8 gait=3 v=1.92 rein=1
MICHELLE soft | Two. Wait.
COUNT fence=2 ahead=10.76 lateral=1.42 stride=2 word=Two. Wait. kept=true
RIDEAI sit n=2 phase=approach pos=-9.8,-24.1 ahead=9.07 lat=0.74 ang=0.5 along=9.1 gait=3 v=2.72 rein=0
MICHELLE soft | One. Wait.
COUNT fence=2 ahead=7.54 lateral=0.66 stride=1 word=One. Wait. kept=true
RIDEAI sit n=2 phase=approach pos=-9.6,-22.1 ahead=7.08 lat=0.68 ang=4.0 along=7.1 gait=3 v=2.83 rein=0
MICHELLE soft | One. Early.
COUNT fence=2 ahead=5.38 lateral=0.20 stride=1 word=One. Early. kept=true
MICHELLE soft | Early.
COUNT fence=2 ahead=4.21 lateral=0.20 stride=0 word=Early. kept=true
MICHELLE soft | Wait.
COUNT fence=2 ahead=3.76 lateral=0.20 stride=0 word=Wait. kept=true
RIDEAI sit n=2 phase=approach pos=-9.1,-18.5 ahead=3.43 lat=0.44 ang=4.0 along=3.4 gait=3 v=3.88 rein=0
MICHELLE soft | Now.
COUNT fence=2 ahead=3.17 lateral=0.20 stride=0 word=Now. kept=true
RIDEAI ASK n=2 ahead=2.53 lat=0.2 ang=4.0 charge=1.0
RIDEAI fence 2 -> 3 t=16.07 leave=leave
RIDEAI sit n=3 phase=land pos=-7.3,-12.6 ahead=17.07 lat=15.2 ang=53.9 along=8.1 gait=3 v=3.09 rein=1
RIDEAI sit n=3 phase=land pos=-4.3,-12.0 ahead=11.24 lat=12.22 ang=96.8 along=7.5 gait=3 v=3.09 rein=0
COUNT fence=3 ahead=10.98 lateral=8.88 stride=-1 word=silent kept=false
MICHELLE soft | Come again.
RIDEAI sit n=3 phase=setup pos=-0.8,-12.5 ahead=7.04 lat=8.72 ang=100.9 along=8.0 gait=3 v=4.45 rein=0
RIDEAI sit n=3 phase=setup pos=4.2,-13.5 ahead=1.86 lat=3.62 ang=100.9 along=9.0 gait=3 v=4.21 rein=0
RIDEAI sit n=3 phase=approach pos=7.1,-13.9 ahead=2.03 lat=0.82 ang=82.5 along=9.4 gait=3 v=3.65 rein=-1
RIDEAI sit n=3 phase=approach pos=9.0,-12.5 ahead=7.21 lat=1.1 ang=19.1 along=8.0 gait=3 v=1.64 rein=-1
MICHELLE soft | Two. Wait.
COUNT fence=3 ahead=7.64 lateral=1.54 stride=2 word=Two. Wait. kept=true
MICHELLE soft | One. Wait.
COUNT fence=3 ahead=7.57 lateral=0.02 stride=1 word=One. Wait. kept=true
RIDEAI sit n=3 phase=approach pos=8.8,-10.7 ahead=6.26 lat=0.92 ang=10.0 along=6.2 gait=3 v=2.79 rein=0
MICHELLE soft | One. Early.
COUNT fence=3 ahead=5.37 lateral=0.17 stride=1 word=One. Early. kept=true
MICHELLE soft | Early.
COUNT fence=3 ahead=4.18 lateral=0.17 stride=0 word=Early. kept=true
MICHELLE soft | Wait.
COUNT fence=3 ahead=3.72 lateral=0.17 stride=0 word=Wait. kept=true
MICHELLE soft | Now.
COUNT fence=3 ahead=3.14 lateral=0.17 stride=0 word=Now. kept=true
RIDEAI sit n=3 phase=approach pos=8.2,-7.1 ahead=2.62 lat=0.28 ang=10.0 along=2.6 gait=3 v=3.88 rein=0
RIDEAI ASK n=3 ahead=2.56 lat=0.16 ang=10.0 charge=1.0
RIDEAI fence 3 -> 4 t=25.27 leave=leave
COUNT fence=4 ahead=10.21 lateral=1.87 stride=-1 word=silent kept=false
MICHELLE soft | Come again.
MICHELLE soft | Two. Wait.
COUNT fence=4 ahead=10.15 lateral=1.51 stride=2 word=Two. Wait. kept=true
RIDEAI sit n=4 phase=approach pos=7.5,-1.9 ahead=8.23 lat=0.34 ang=1.8 along=8.2 gait=3 v=1.94 rein=0
MICHELLE soft | One. Wait.
COUNT fence=4 ahead=7.57 lateral=0.61 stride=1 word=One. Wait. kept=true
RIDEAI sit n=4 phase=approach pos=7.5,0.4 ahead=6.0 lat=0.42 ang=1.8 along=6.0 gait=3 v=2.25 rein=0
MICHELLE soft | One. Early.
COUNT fence=4 ahead=5.39 lateral=0.61 stride=1 word=One. Early. kept=true
MICHELLE soft | Early.
COUNT fence=4 ahead=4.21 lateral=0.29 stride=0 word=Early. kept=true
MICHELLE soft | Wait.
COUNT fence=4 ahead=3.73 lateral=0.29 stride=0 word=Wait. kept=true
RIDEAI sit n=4 phase=approach pos=7.5,3.2 ahead=3.2 lat=0.38 ang=1.7 along=3.2 gait=3 v=3.68 rein=0
MICHELLE soft | Now.
COUNT fence=4 ahead=3.14 lateral=0.29 stride=0 word=Now. kept=true
RIDEAI ASK n=4 ahead=2.56 lat=0.3 ang=1.7 charge=1.0
RIDEAI fence 4 -> 5 t=29.84 leave=leave
MICHELLE soft | Two. Wait.
COUNT fence=5 ahead=10.29 lateral=0.02 stride=2 word=Two. Wait. kept=true
RIDEAI sit n=5 phase=approach pos=7.6,8.7 ahead=8.48 lat=0.22 ang=1.7 along=8.5 gait=3 v=1.67 rein=0
MICHELLE soft | One. Wait.
COUNT fence=5 ahead=7.57 lateral=0.02 stride=1 word=One. Wait. kept=true
RIDEAI sit n=5 phase=approach pos=7.7,10.9 ahead=6.29 lat=0.16 ang=1.7 along=6.3 gait=3 v=2.25 rein=0
MICHELLE soft | One. Early.
COUNT fence=5 ahead=5.39 lateral=0.02 stride=1 word=One. Early. kept=true
MICHELLE soft | Early.
COUNT fence=5 ahead=4.20 lateral=0.02 stride=0 word=Early. kept=true
MICHELLE soft | Wait.
COUNT fence=5 ahead=3.72 lateral=0.02 stride=0 word=Wait. kept=true
RIDEAI sit n=5 phase=approach pos=7.8,13.5 ahead=3.67 lat=0.08 ang=1.7 along=3.7 gait=3 v=3.34 rein=0
MICHELLE soft | Now.
COUNT fence=5 ahead=3.14 lateral=0.02 stride=0 word=Now. kept=true
RIDEAI ASK n=5 ahead=2.56 lat=0.02 ang=1.7 charge=1.0
RIDEAI fence 5 -> 6 t=34.39 leave=leave
RIDEAI sit n=6 phase=land pos=7.2,19.6 ahead=12.54 lat=6.88 ang=38.5 along=10.5 gait=3 v=3.09 rein=-1
COUNT fence=6 ahead=10.89 lateral=4.54 stride=-1 word=silent kept=false
MICHELLE soft | Come again.
RIDEAI sit n=6 phase=land pos=4.4,20.6 ahead=3.86 lat=4.12 ang=91.6 along=9.5 gait=3 v=3.09 rein=0
RIDEAI sit n=6 phase=approach pos=1.1,20.6 ahead=3.65 lat=0.82 ang=72.2 along=9.4 gait=3 v=2.57 rein=1
RIDEAI sit n=6 phase=approach pos=-0.3,22.1 ahead=7.68 lat=0.54 ang=8.7 along=7.8 gait=3 v=1.34 rein=1
MICHELLE soft | Two. Wait.
COUNT fence=6 ahead=7.69 lateral=1.56 stride=2 word=Two. Wait. kept=true
MICHELLE soft | One. Wait.
COUNT fence=6 ahead=7.57 lateral=0.31 stride=1 word=One. Wait. kept=true
RIDEAI sit n=6 phase=approach pos=-0.3,24.2 ahead=5.77 lat=0.5 ang=1.8 along=5.8 gait=3 v=3.14 rein=0
MICHELLE soft | One. Early.
COUNT fence=6 ahead=5.38 lateral=0.31 stride=1 word=One. Early. kept=true
MICHELLE soft | Early.
COUNT fence=6 ahead=4.20 lateral=0.31 stride=0 word=Early. kept=true
MICHELLE soft | Wait.
COUNT fence=6 ahead=3.74 lateral=0.31 stride=0 word=Wait. kept=true
MICHELLE soft | Now.
COUNT fence=6 ahead=3.16 lateral=0.31 stride=0 word=Now. kept=true
RIDEAI ASK n=6 ahead=2.58 lat=0.3 ang=1.8 charge=1.0
RIDEAI fence 6 -> 7 t=41.35 leave=leave
RIDEAI sit n=7 phase=land pos=-0.3,30.9 ahead=-11.03 lat=7.22 ang=171.2 along=12.3 gait=3 v=3.49 rein=-1
RIDEAI sit n=7 phase=land pos=-2.2,33.2 ahead=0.04 lat=5.34 ang=110.0 along=14.6 gait=3 v=3.09 rein=-1
COUNT fence=7 ahead=0.94 lateral=15.46 stride=-1 word=silent kept=false
MICHELLE soft | Come again.
RIDEAI sit n=7 phase=land pos=-5.1,32.7 ahead=11.06 lat=2.44 ang=48.7 along=14.0 gait=3 v=3.09 rein=-1
MICHELLE soft | Two. Wait.
COUNT fence=7 ahead=10.91 lateral=1.12 stride=2 word=Two. Wait. kept=true
RIDEAI sit n=7 phase=approach pos=-6.6,28.9 ahead=10.24 lat=1.02 ang=12.0 along=10.2 gait=3 v=5.2 rein=0
MICHELLE soft | One. Wait.
COUNT fence=7 ahead=7.57 lateral=0.32 stride=1 word=One. Wait. kept=true
RIDEAI sit n=7 phase=approach pos=-7.2,25.7 ahead=6.99 lat=0.42 ang=6.1 along=7.0 gait=3 v=2.41 rein=0
MICHELLE soft | One. Early.
COUNT fence=7 ahead=5.36 lateral=0.32 stride=1 word=One. Early. kept=true
MICHELLE soft | Early.
COUNT fence=7 ahead=4.17 lateral=0.32 stride=0 word=Early. kept=true
MICHELLE soft | Wait.
COUNT fence=7 ahead=3.71 lateral=0.32 stride=0 word=Wait. kept=true
RIDEAI sit n=7 phase=approach pos=-7.6,22.4 ahead=3.71 lat=0.08 ang=6.1 along=3.7 gait=3 v=3.88 rein=0
MICHELLE soft | Now.
COUNT fence=7 ahead=3.14 lateral=0.19 stride=0 word=Now. kept=true
RIDEAI ASK n=7 ahead=2.56 lat=0.12 ang=2.7 charge=1.0
RIDEAI fence 7 -> 8 t=48.22 leave=straight
RIDEAI sit n=8 phase=land pos=-7.3,16.2 ahead=33.26 lat=13.62 ang=29.4 along=30.5 gait=3 v=3.22 rein=0
RIDEAI sit n=8 phase=land pos=-5.9,13.3 ahead=30.04 lat=12.04 ang=29.4 along=27.7 gait=3 v=3.22 rein=0
RIDEAI sit n=8 phase=setup pos=-4.3,10.2 ahead=26.28 lat=10.32 ang=33.4 along=24.7 gait=3 v=4.29 rein=-1
RIDEAI sit n=8 phase=setup pos=-1.7,5.7 ahead=21.06 lat=7.46 ang=33.4 along=20.3 gait=3 v=5.55 rein=0
RIDEAI sit n=8 phase=setup pos=1.1,0.9 ahead=15.51 lat=4.4 ang=33.4 along=15.7 gait=3 v=5.55 rein=0
RIDEAI sit n=8 phase=setup pos=3.3,-2.5 ahead=11.09 lat=2.08 ang=37.9 along=12.4 gait=3 v=2.23 rein=0
COUNT fence=8 ahead=10.98 lateral=6.02 stride=-1 word=silent kept=false
MICHELLE soft | Come again.
MICHELLE soft | Two. Wait.
COUNT fence=8 ahead=10.91 lateral=1.12 stride=2 word=Two. Wait. kept=true
RIDEAI sit n=8 phase=approach pos=4.0,-5.2 ahead=9.73 lat=1.18 ang=13.5 along=9.7 gait=3 v=3.92 rein=0
MICHELLE soft | One. Wait.
COUNT fence=8 ahead=7.57 lateral=0.32 stride=1 word=One. Wait. kept=true
RIDEAI sit n=8 phase=approach pos=4.4,-7.5 ahead=7.53 lat=0.7 ang=7.7 along=7.5 gait=3 v=2.41 rein=0
MICHELLE soft | One. Early.
COUNT fence=8 ahead=5.36 lateral=0.32 stride=1 word=One. Early. kept=true
MICHELLE soft | Early.
COUNT fence=8 ahead=4.19 lateral=0.32 stride=0 word=Early. kept=true
RIDEAI sit n=8 phase=approach pos=4.7,-10.9 ahead=4.13 lat=0.24 ang=7.7 along=4.1 gait=3 v=3.88 rein=0
MICHELLE soft | Wait.
COUNT fence=8 ahead=3.74 lateral=0.32 stride=0 word=Wait. kept=true
MICHELLE soft | Now.
COUNT fence=8 ahead=3.17 lateral=0.10 stride=0 word=Now. kept=true
RIDEAI ASK n=8 ahead=2.59 lat=0.1 ang=4.2 charge=1.0
RIDEAI fence 8 -> 9 t=58.74 leave=straight
RIDECERT trace E:/Workspace/Madison/game/../dist/traces/hk_beg_034_clear.jsonl n=66
RIDECERT hk_beg_034 style=clear success=true faults=0 refusal_faults=0 rail_faults=0 time_faults=0 jumped=8/8 t=63.41 teleported=false complete=true refused=[] rail_fences=[] rail_air=[] conf=91.0 scope=84.5 eliminated=false reason= ribbon=Blue
RIDECERT wrote E:/Workspace/Madison/game/../dist/ridecert_results.json
RIDECERT done pass=true board=1/1 filter=hk_beg_034 fresh=false
