Godot Engine v4.7.2.stable.official.ed1daf0bf - https://godotengine.org

FIT flatten armature scale=(100.0, 100.0, 100.0) keep_rot=(-90.0, 0.0, 0.0)
FIT length=2.25 height=1.91220223903656 scale=(0.84991, 0.84991, 0.84991)
SEAT bone=Torso bone_pos=(0.0, 1.126922, 0.286373) back_y=1.42885863780975 seat=(0.0, 1.428859, 0.286373)
TACK place crown=(0.0, 0.142, 0.0294) brow=(0.0, 0.196, 0.1326) nose=(0.0, 0.385, -0.0222) bit=(0.0, 0.479225, -0.087663)
HORSE mesh=WhiteHorse anim=true seat=Torso rider_parent=Seat
RIDER mesh scale 0.91304347826087 bones 62
RIDECERT begin
RIDECERT filter hk_jo_int_001
RIDECERT round hk_jo_int_001 class=intermediate seed=0 jo=true style=clear
COUNT fence=1 ahead=7.05 lateral=12.13 stride=-1 word=silent kept=false
MICHELLE soft | Come again.
RIDEAI sit n=1 phase=approach pos=-7.6,-30.9 ahead=11.8 lat=0.06 ang=7.7 along=11.9 gait=3 v=1.99 rein=1
MICHELLE soft | Two. Wait.
COUNT fence=1 ahead=10.89 lateral=0.69 stride=2 word=Two. Wait. kept=true
RIDEAI sit n=1 phase=approach pos=-7.7,-27.8 ahead=8.71 lat=0.14 ang=3.6 along=8.7 gait=3 v=4.29 rein=0
MICHELLE soft | One. Wait.
COUNT fence=1 ahead=7.56 lateral=0.69 stride=1 word=One. Wait. kept=true
MICHELLE soft | One. Early.
COUNT fence=1 ahead=5.37 lateral=0.21 stride=1 word=One. Early. kept=true
MICHELLE soft | Early.
COUNT fence=1 ahead=4.18 lateral=0.21 stride=0 word=Early. kept=true
RIDEAI sit n=1 phase=approach pos=-7.6,-22.7 ahead=3.64 lat=0.24 ang=0.4 along=3.6 gait=3 v=4.21 rein=0
MICHELLE soft | Wait.
COUNT fence=1 ahead=3.57 lateral=0.21 stride=0 word=Wait. kept=true
MICHELLE soft | Now.
COUNT fence=1 ahead=3.07 lateral=0.21 stride=0 word=Now. kept=true
RIDEAI ASK n=1 ahead=2.59 lat=0.2 ang=0.4 charge=1.0
RIDEAI fence 1 -> 2 t=4.81 leave=straight
RIDEAI sit n=2 phase=setup pos=-6.8,-16.9 ahead=23.8 lat=16.86 ang=44.2 along=16.8 gait=3 v=3.09 rein=1
RIDEAI sit n=2 phase=setup pos=-4.3,-14.9 ahead=19.99 lat=14.2 ang=58.5 along=15.1 gait=3 v=3.22 rein=0
RIDEAI sit n=2 phase=setup pos=-1.6,-12.9 ahead=16.61 lat=11.32 ang=58.5 along=13.3 gait=3 v=4.06 rein=0
RIDEAI sit n=2 phase=setup pos=2.4,-9.8 ahead=11.53 lat=6.98 ang=58.5 along=10.7 gait=3 v=5.55 rein=0
COUNT fence=2 ahead=10.98 lateral=5.44 stride=-1 word=silent kept=false
MICHELLE soft | Come again.
RIDEAI sit n=2 phase=setup pos=6.2,-7.1 ahead=6.47 lat=2.96 ang=62.7 along=8.4 gait=3 v=2.04 rein=0
RIDEAI sit n=2 phase=approach pos=8.4,-4.9 ahead=5.88 lat=0.56 ang=28.0 along=6.4 gait=3 v=4.34 rein=-1
MICHELLE soft | One. Wait.
COUNT fence=2 ahead=5.52 lateral=1.58 stride=1 word=One. Wait. kept=true
MICHELLE soft | One. Early.
COUNT fence=2 ahead=5.36 lateral=1.28 stride=1 word=One. Early. kept=true
MICHELLE soft | Early.
COUNT fence=2 ahead=4.17 lateral=0.13 stride=0 word=Early. kept=true
MICHELLE soft | Wait.
COUNT fence=2 ahead=3.60 lateral=0.13 stride=0 word=Wait. kept=true
MICHELLE soft | Now.
COUNT fence=2 ahead=3.09 lateral=0.13 stride=0 word=Now. kept=true
RIDEAI sit n=2 phase=approach pos=8.6,-1.2 ahead=2.68 lat=0.02 ang=2.5 along=2.7 gait=3 v=1.82 rein=0
RIDEAI ASK n=2 ahead=2.58 lat=0.14 ang=2.5 charge=1.0
RIDEAI fence 2 -> 3 t=12.88 leave=straight
RIDEAI sit n=3 phase=setup pos=7.0,4.3 ahead=18.03 lat=15.04 ang=65.0 along=10.4 gait=3 v=3.09 rein=-1
RIDEAI sit n=3 phase=setup pos=4.0,5.4 ahead=14.03 lat=11.98 ang=75.2 along=9.5 gait=3 v=3.22 rein=0
COUNT fence=3 ahead=10.99 lateral=6.17 stride=-1 word=silent kept=false
MICHELLE soft | Come again.
RIDEAI sit n=3 phase=setup pos=0.4,6.6 ahead=10.2 lat=8.3 ang=75.2 along=8.6 gait=3 v=4.87 rein=0
RIDEAI sit n=3 phase=setup pos=-4.6,8.2 ahead=4.59 lat=3.26 ang=79.3 along=7.4 gait=3 v=3.35 rein=0
RIDEAI sit n=3 phase=approach pos=-7.1,9.3 ahead=4.58 lat=0.6 ang=50.7 along=6.5 gait=3 v=3.88 rein=1
MICHELLE soft | One. Wait.
COUNT fence=3 ahead=5.40 lateral=1.50 stride=1 word=One. Wait. kept=true
MICHELLE soft | One. Early.
COUNT fence=3 ahead=5.40 lateral=0.94 stride=1 word=One. Early. kept=true
RIDEAI sit n=3 phase=approach pos=-7.7,11.2 ahead=4.63 lat=0.12 ang=0.8 along=4.6 gait=3 v=2.49 rein=0
MICHELLE soft | Early.
COUNT fence=3 ahead=4.18 lateral=0.18 stride=0 word=Early. kept=true
MICHELLE soft | Wait.
COUNT fence=3 ahead=3.56 lateral=0.18 stride=0 word=Wait. kept=true
MICHELLE soft | Now.
COUNT fence=3 ahead=3.09 lateral=0.18 stride=0 word=Now. kept=true
RIDEAI ASK n=3 ahead=2.58 lat=0.18 ang=0.8 charge=1.0
RIDEAI fence 3 -> 4 t=20.88 leave=leave
RIDEAI sit n=4 phase=setup pos=-7.1,17.4 ahead=-20.99 lat=16.52 ang=158.2 along=29.2 gait=3 v=3.09 rein=1
COUNT fence=4 ahead=1.02 lateral=34.20 stride=-1 word=silent kept=false
MICHELLE soft | Come again.
RIDEAI sit n=4 phase=setup pos=-4.6,19.0 ahead=10.31 lat=14.16 ang=97.0 along=31.0 gait=3 v=3.09 rein=1
RIDEAI sit n=4 phase=setup pos=-2.0,17.7 ahead=30.85 lat=11.46 ang=35.7 along=29.8 gait=3 v=3.4 rein=1
RIDEAI sit n=4 phase=setup pos=0.0,13.5 ahead=27.06 lat=9.28 ang=28.6 along=25.8 gait=3 v=5.55 rein=0
RIDEAI sit n=4 phase=setup pos=2.3,8.5 ahead=21.51 lat=6.62 ang=28.6 along=20.9 gait=3 v=5.55 rein=0
RIDEAI sit n=4 phase=setup pos=4.4,3.9 ahead=16.58 lat=4.24 ang=26.2 along=16.4 gait=3 v=2.78 rein=0
RIDEAI sit n=4 phase=setup pos=5.4,1.6 ahead=14.1 lat=3.14 ang=26.2 along=14.2 gait=3 v=3.29 rein=0
MICHELLE soft | Two. Wait.
COUNT fence=4 ahead=10.86 lateral=1.03 stride=2 word=Two. Wait. kept=true
RIDEAI sit n=4 phase=approach pos=6.8,-2.6 ahead=10.14 lat=1.46 ang=14.0 along=10.1 gait=3 v=5.48 rein=0
MICHELLE soft | One. Wait.
COUNT fence=4 ahead=7.51 lateral=0.47 stride=1 word=One. Wait. kept=true
MICHELLE soft | One. Early.
COUNT fence=4 ahead=5.39 lateral=0.47 stride=1 word=One. Early. kept=true
RIDEAI sit n=4 phase=approach pos=7.6,-8.1 ahead=4.67 lat=0.38 ang=5.8 along=4.7 gait=3 v=5.55 rein=0
MICHELLE soft | Early.
COUNT fence=4 ahead=4.21 lateral=0.10 stride=0 word=Early. kept=true
MICHELLE soft | Wait.
COUNT fence=4 ahead=3.54 lateral=0.10 stride=0 word=Wait. kept=true
MICHELLE soft | Now.
COUNT fence=4 ahead=3.06 lateral=0.10 stride=0 word=Now. kept=true
RIDEAI ASK n=4 ahead=2.59 lat=0.06 ang=2.3 charge=1.0
RIDEAI fence 4 -> 5 t=31.29 leave=leave
RIDECERT trace E:/Workspace/Madison/game/../dist/traces/hk_jo_int_001_clear.jsonl n=39
RIDECERT hk_jo_int_001 style=clear success=true faults=0 refusal_faults=0 rail_faults=0 time_faults=0 jumped=4/4 t=36.50 teleported=false complete=true refused=[] rail_fences=[] rail_air=[] conf=91.0 scope=84.5 eliminated=false reason= ribbon=
RIDECERT wrote E:/Workspace/Madison/game/../dist/ridecert_results.json
RIDECERT done pass=true board=1/1 filter=hk_jo_int_001 fresh=false
