Godot Engine v4.7.2.stable.official.ed1daf0bf - https://godotengine.org

FIT flatten armature scale=(100.0, 100.0, 100.0) keep_rot=(-90.0, 0.0, 0.0)
FIT length=2.25 height=1.91220223903656 scale=(0.84991, 0.84991, 0.84991)
SEAT bone=Torso bone_pos=(0.0, 1.126922, 0.286373) back_y=1.42885863780975 seat=(0.0, 1.428859, 0.286373)
TACK place crown=(0.0, 0.142, 0.0294) brow=(0.0, 0.196, 0.1326) nose=(0.0, 0.385, -0.0222) bit=(0.0, 0.479225, -0.087663)
HORSE mesh=WhiteHorse anim=true seat=Torso rider_parent=Seat
RIDER mesh scale 0.91304347826087 bones 62
RIDECERT begin
RIDECERT filter hk_adv_001
RIDECERT round hk_adv_001 class=advanced seed=0 jo=false style=clear
RIDEAI sit n=1 phase=approach pos=6.6,-31.3 ahead=7.45 lat=0.36 ang=4.2 along=7.4 gait=3 v=1.84 rein=0
RIDEAI sit n=1 phase=approach pos=6.9,-28.3 ahead=4.51 lat=0.14 ang=4.2 along=4.5 gait=3 v=3.88 rein=0
RIDEAI ASK n=1 ahead=2.57 lat=0.18 ang=4.2 charge=1.0
RIDEAI fence 1 -> 2 t=3.91 leave=
RIDEAI sit n=2 phase=land pos=6.9,-21.8 ahead=12.22 lat=7.62 ang=4.6 along=12.9 gait=3 v=3.09 rein=-1
RIDEAI sit n=2 phase=land pos=4.5,-20.2 ahead=10.89 lat=6.3 ang=56.6 along=10.2 gait=3 v=3.09 rein=-1
RIDEAI sit n=2 phase=setup pos=1.5,-21.4 ahead=2.76 lat=3.16 ang=92.4 along=9.8 gait=3 v=3.83 rein=0
RIDEAI sit n=2 phase=approach pos=-0.8,-22.3 ahead=5.45 lat=0.64 ang=58.7 along=9.4 gait=3 v=3.19 rein=1
RIDEAI sit n=2 phase=approach pos=-2.9,-21.3 ahead=7.48 lat=0.62 ang=3.5 along=7.5 gait=3 v=1.5 rein=0
RIDEAI sit n=2 phase=approach pos=-4.1,-18.9 ahead=4.87 lat=0.48 ang=3.5 along=4.8 gait=3 v=3.71 rein=0
RIDEAI ASK n=2 ahead=2.54 lat=0.18 ang=3.5 charge=1.0
RIDEAI fence 2 -> 3 t=11.42 leave=
RIDEAI sit n=3 phase=land pos=-6.8,-12.9 ahead=7.88 lat=13.78 ang=3.0 along=8.6 gait=3 v=3.09 rein=1
RIDEAI sit n=3 phase=land pos=-5.4,-10.3 ahead=13.71 lat=12.4 ang=58.2 along=6.0 gait=3 v=3.09 rein=1
RIDEAI sit n=3 phase=setup pos=-2.4,-10.3 ahead=7.05 lat=9.4 ang=108.3 along=5.9 gait=3 v=3.47 rein=0
RIDEAI sit n=3 phase=setup pos=1.9,-11.9 ahead=1.8 lat=5.08 ang=112.4 along=7.6 gait=3 v=5.55 rein=0
RIDEAI sit n=3 phase=setup pos=4.9,-13.2 ahead=-1.99 lat=2.08 ang=115.8 along=8.9 gait=3 v=2.41 rein=0
RIDEAI sit n=3 phase=approach pos=7.8,-13.0 ahead=4.15 lat=0.8 ang=56.5 along=8.7 gait=3 v=1.92 rein=-1
RIDEAI sit n=3 phase=approach pos=8.6,-11.5 ahead=7.35 lat=1.58 ang=9.3 along=7.2 gait=3 v=1.53 rein=-1
RIDEAI sit n=3 phase=approach pos=7.8,-9.0 ahead=4.68 lat=0.8 ang=17.5 along=4.7 gait=3 v=3.75 rein=0
RIDEAI ASK n=3 ahead=2.53 lat=0.0 ang=8.2 charge=1.0
RIDEAI fence 3 -> 4 t=20.8 leave=leave
RIDEAI sit n=4 phase=approach pos=6.9,-2.9 ahead=6.03 lat=0.1 ang=1.2 along=6.0 gait=3 v=1.4 rein=0
RIDEAI sit n=4 phase=approach pos=6.9,-0.8 ahead=3.96 lat=0.14 ang=1.2 along=4.0 gait=3 v=2.25 rein=0
RIDEAI ASK n=4 ahead=2.57 lat=0.22 ang=1.2 charge=1.0
RIDEAI fence 4 -> 5 t=24.25 leave=leave
RIDEAI sit n=5 phase=approach pos=6.7,4.8 ahead=9.17 lat=0.26 ang=1.2 along=9.2 gait=3 v=2.31 rein=0
RIDEAI sit n=5 phase=approach pos=6.7,6.6 ahead=7.32 lat=0.3 ang=1.2 along=7.3 gait=3 v=2.25 rein=0
RIDEAI sit n=5 phase=approach pos=6.7,8.9 ahead=5.03 lat=0.34 ang=1.2 along=5.0 gait=3 v=2.6 rein=0
RIDEAI ASK n=5 ahead=2.53 lat=0.2 ang=3.5 charge=1.0
RIDEAI fence 5 -> 6 t=28.84 leave=straight
RIDEAI sit n=6 phase=land pos=6.8,15.2 ahead=10.54 lat=14.66 ang=13.8 along=7.2 gait=3 v=3.24 rein=-1
RIDEAI sit n=6 phase=land pos=4.9,17.4 ahead=13.49 lat=12.58 ang=75.1 along=5.2 gait=3 v=3.09 rein=-1
RIDEAI sit n=6 phase=land pos=2.0,16.8 ahead=2.41 lat=9.76 ang=136.3 along=6.0 gait=3 v=3.09 rein=-1
RIDEAI sit n=6 phase=setup pos=-1.0,13.8 ahead=-2.65 lat=6.98 ang=140.4 along=9.2 gait=3 v=5.39 rein=0
RIDEAI sit n=6 phase=setup pos=-3.9,12.1 ahead=5.51 lat=4.26 ang=83.4 along=11.0 gait=3 v=2.31 rein=1
RIDEAI sit n=6 phase=approach pos=-6.9,13.0 ahead=5.3 lat=1.18 ang=65.9 along=10.3 gait=3 v=3.67 rein=1
RIDEAI sit n=6 phase=approach pos=-7.9,14.6 ahead=8.82 lat=0.02 ang=3.0 along=8.8 gait=3 v=1.34 rein=0
RIDEAI sit n=6 phase=approach pos=-7.9,16.9 ahead=6.5 lat=0.1 ang=3.0 along=6.5 gait=3 v=3.41 rein=0
RIDEAI sit n=6 phase=approach pos=-7.8,20.8 ahead=2.68 lat=0.24 ang=0.5 along=2.7 gait=3 v=3.88 rein=0
RIDEAI ASK n=6 ahead=2.55 lat=0.22 ang=0.5 charge=1.0
RIDEAI fence 6 -> 7 t=38.53 leave=leave
RIDEAI sit n=7 phase=land pos=-5.9,26.8 ahead=12.97 lat=12.88 ang=62.7 along=3.3 gait=3 v=3.09 rein=1
RIDEAI sit n=7 phase=land pos=-2.9,26.6 ahead=7.02 lat=9.94 ang=118.9 along=3.5 gait=3 v=3.09 rein=0
RIDEAI come again n=7 rein=1 pos=-1.9,26.0
RIDEAI sit n=7 phase=again pos=-1.1,25.2 ahead=1.88 lat=8.1 ang=137.5 along=4.9 gait=3 v=1.76 rein=-1
RIDEAI sit n=7 phase=again pos=0.7,23.1 ahead=-4.73 lat=6.3 ang=162.0 along=7.0 gait=3 v=3.73 rein=1
RIDEAI sit n=7 phase=again pos=1.9,19.0 ahead=-9.09 lat=5.08 ang=163.1 along=11.0 gait=3 v=5.11 rein=0
RIDEAI sit n=7 phase=setup pos=3.7,16.2 ahead=-1.48 lat=3.34 ang=109.4 along=13.9 gait=3 v=2.31 rein=-1
RIDEAI sit n=7 phase=approach pos=6.4,17.1 ahead=10.18 lat=0.62 ang=41.3 along=13.0 gait=3 v=2.87 rein=-1
RIDEAI sit n=7 phase=approach pos=6.9,19.5 ahead=10.59 lat=0.08 ang=3.5 along=10.6 gait=3 v=3.49 rein=0
RIDEAI sit n=7 phase=approach pos=7.1,22.2 ahead=7.92 lat=0.08 ang=3.5 along=7.9 gait=3 v=1.97 rein=0
RIDEAI sit n=7 phase=approach pos=7.3,25.2 ahead=4.93 lat=0.26 ang=0.0 along=4.9 gait=3 v=3.88 rein=0
RIDEAI ASK n=7 ahead=2.53 lat=0.26 ang=0.0 charge=1.0
RIDEAI fence 7 -> 8 t=50.52 leave=leave
RIDEAI sit n=8 phase=land pos=7.5,32.2 ahead=-13.93 lat=10.14 ang=122.5 along=10.0 gait=3 v=3.09 rein=1
RIDEAI sit n=8 phase=land pos=9.9,34.0 ahead=-11.87 lat=11.46 ang=176.2 along=12.6 gait=3 v=3.09 rein=1
RIDEAI sit n=8 phase=setup pos=12.6,32.7 ahead=2.47 lat=9.74 ang=115.0 along=15.1 gait=3 v=3.44 rein=1
RIDEAI sit n=8 phase=setup pos=12.9,30.2 ahead=14.07 lat=7.2 ang=57.7 along=14.9 gait=3 v=2.68 rein=0
RIDEAI sit n=8 phase=setup pos=11.4,26.7 ahead=10.32 lat=4.02 ang=57.7 along=12.9 gait=3 v=3.62 rein=0
RIDEAI sit n=8 phase=approach pos=10.3,24.3 ahead=8.79 lat=1.8 ang=49.5 along=11.4 gait=3 v=3.57 rein=1
RIDEAI sit n=8 phase=approach pos=7.8,22.5 ahead=8.57 lat=0.48 ang=6.8 along=8.6 gait=3 v=1.63 rein=0
RIDEAI sit n=8 phase=approach pos=5.2,21.7 ahead=5.86 lat=0.16 ang=6.8 along=5.9 gait=3 v=3.79 rein=0
RIDEAI ASK n=8 ahead=2.58 lat=0.2 ang=3.3 charge=1.0
RIDEAI fence 8 -> 9 t=60.17 leave=leave
RIDEAI sit n=9 phase=land pos=-1.9,20.0 ahead=3.0 lat=2.6 ang=85.9 along=5.7 gait=3 v=3.49 rein=1
RIDEAI sit n=9 phase=approach pos=-4.8,19.3 ahead=2.99 lat=0.36 ang=49.1 along=5.0 gait=3 v=3.09 rein=-1
RIDEAI come again n=9 rein=1 pos=-5.4,18.7
RIDEAI sit n=9 phase=away pos=-6.4,18.0 ahead=-1.53 lat=1.92 ang=84.0 along=3.7 gait=3 v=1.99 rein=1
RIDEAI sit n=9 phase=again pos=-8.7,19.4 ahead=-6.61 lat=4.22 ang=150.4 along=5.2 gait=3 v=3.73 rein=0
RIDEAI sit n=9 phase=again pos=-10.4,22.4 ahead=-9.05 lat=5.86 ang=170.5 along=8.2 gait=3 v=1.92 rein=1
RIDEAI sit n=9 phase=again pos=-9.9,25.3 ahead=-9.55 lat=5.36 ang=167.1 along=11.0 gait=3 v=4.03 rein=0
RIDEAI sit n=9 phase=setup pos=-8.7,27.9 ahead=-3.21 lat=4.02 ang=119.4 along=13.6 gait=3 v=2.61 rein=1
RIDEAI sit n=9 phase=around pos=-5.9,27.9 ahead=8.44 lat=1.2 ang=57.0 along=13.6 gait=3 v=1.92 rein=1
RIDEAI sit n=9 phase=approach pos=-4.7,25.3 ahead=10.93 lat=0.08 ang=3.9 along=10.9 gait=3 v=4.18 rein=0
RIDEAI sit n=9 phase=approach pos=-4.4,22.1 ahead=7.74 lat=0.14 ang=3.9 along=7.8 gait=3 v=1.94 rein=0
RIDEAI sit n=9 phase=approach pos=-4.3,19.1 ahead=4.78 lat=0.24 ang=0.4 along=4.8 gait=3 v=3.88 rein=0
RIDEAI ASK n=9 ahead=2.58 lat=0.28 ang=0.4 charge=1.0
RIDEAI fence 9 -> 10 t=72.3 leave=straight
RIDEAI sit n=10 phase=land pos=-4.1,12.5 ahead=12.83 lat=0.2 ang=1.9 along=12.8 gait=3 v=3.22 rein=0
RIDEAI sit n=10 phase=approach pos=-4.0,9.3 ahead=9.61 lat=0.32 ang=1.9 along=9.6 gait=3 v=3.22 rein=0
RIDEAI sit n=10 phase=approach pos=-4.0,7.3 ahead=7.63 lat=0.38 ang=1.9 along=7.6 gait=3 v=2.41 rein=0
RIDEAI sit n=10 phase=approach pos=-4.0,3.9 ahead=4.24 lat=0.4 ang=1.6 along=4.2 gait=3 v=3.88 rein=0
RIDEAI ASK n=10 ahead=2.55 lat=0.28 ang=1.6 charge=1.0
RIDEAI fence 10 -> 11 t=77.59 leave=straight
RIDEAI sit n=11 phase=approach pos=-4.2,-1.9 ahead=5.85 lat=0.28 ang=1.9 along=5.8 gait=3 v=1.63 rein=0
RIDEAI sit n=11 phase=approach pos=-4.3,-4.1 ahead=3.68 lat=0.2 ang=1.9 along=3.7 gait=3 v=2.25 rein=0
RIDEAI ASK n=11 ahead=2.59 lat=0.08 ang=1.9 charge=1.0
RIDEAI fence 11 -> 12 t=81.06 leave=leave
RIDEAI sit n=12 phase=land pos=-4.0,-10.3 ahead=10.56 lat=1.9 ang=1.4 along=10.6 gait=3 v=3.09 rein=-1
RIDEAI sit n=12 phase=land pos=-1.5,-11.7 ahead=4.42 lat=0.44 ang=59.9 along=8.1 gait=3 v=3.09 rein=-1
RIDEAI sit n=12 phase=approach pos=0.9,-12.7 ahead=6.02 lat=1.16 ang=1.6 along=6.1 gait=3 v=1.34 rein=1
RIDEAI sit n=12 phase=approach pos=1.5,-14.9 ahead=3.86 lat=0.62 ang=14.7 along=3.8 gait=3 v=3.37 rein=0
RIDEAI ASK n=12 ahead=2.57 lat=0.08 ang=10.1 charge=1.0
RIDEAI fence 12 -> 13 t=86.33 leave=leave
RIDECERT trace E:/Workspace/Madison/game/../dist/traces/hk_adv_001_clear.jsonl n=93
RIDECERT hk_adv_001 style=clear success=false faults=2 jumped=12/12 t=90.37 teleported=false complete=true refused=[] rail_fences=[] rail_air=[] conf=86.5 scope=82.5
RIDECERT track FAIL hk_adv_001 { "id": "hk_adv_001", "class_id": "advanced", "jump_off": false, "style": "clear", "fences_needed": 12, "fences_jumped": 12, "faults": 2, "time_sec": 90.37, "refused": [], "rails": 0, "rail_fences": [], "rail_in_air": [], "confidence": 86.5, "scope": 82.5, "teleported": false, "teleport_why": "", "max_speed": 5.55, "inputs_pressed": { "gait_up": 3, "gait_down": 0, "turn_left": 30, "turn_right": 14, "jump": 27, "halt": 0 }, "round_complete": true, "eliminated": false, "eliminate_reason": "", "loaded_id": "hk_adv_001", "success": false }
RIDECERT wrote E:/Workspace/Madison/game/../dist/ridecert_results.json
RIDECERT done pass=false board=0/1 filter=hk_adv_001 fresh=false
