Godot Engine v4.7.2.stable.official.ed1daf0bf - https://godotengine.org

FIT flatten armature scale=(100.0, 100.0, 100.0) keep_rot=(-90.0, 0.0, 0.0)
FIT length=2.25 height=1.91220223903656 scale=(0.84991, 0.84991, 0.84991)
SEAT bone=Torso bone_pos=(0.0, 1.126922, 0.286373) back_y=1.42885863780975 seat=(0.0, 1.428859, 0.286373)
TACK place crown=(0.0, 0.142, 0.0294) brow=(0.0, 0.196, 0.1326) nose=(0.0, 0.385, -0.0222) bit=(0.0, 0.479225, -0.087663)
HORSE mesh=WhiteHorse anim=true seat=Torso rider_parent=Seat
RIDER mesh scale 0.91304347826087 bones 62
RIDECERT begin
RIDECERT filter hk_adv_003
RIDECERT round hk_adv_003 class=advanced seed=2 jo=false style=clear
RIDEAI sit n=1 phase=approach pos=8.1,-30.5 ahead=7.68 lat=0.04 ang=3.7 along=7.7 gait=3 v=1.48 rein=-1
RIDEAI sit n=1 phase=approach pos=8.2,-28.3 ahead=5.46 lat=0.06 ang=2.6 along=5.5 gait=3 v=3.29 rein=0
RIDEAI ASK n=1 ahead=2.57 lat=0.2 ang=0.2 charge=1.0
RIDEAI fence 1 -> 2 t=4.25 leave=
RIDEAI sit n=2 phase=approach pos=8.3,-21.8 ahead=6.33 lat=0.2 ang=0.2 along=6.3 gait=3 v=2.11 rein=0
RIDEAI sit n=2 phase=approach pos=8.3,-19.9 ahead=4.41 lat=0.2 ang=0.2 along=4.4 gait=3 v=2.25 rein=0
RIDEAI ASK n=2 ahead=2.57 lat=0.22 ang=0.2 charge=1.0
RIDEAI fence 2 -> 3 t=7.71 leave=leave
RIDEAI sit n=3 phase=approach pos=8.3,-14.5 ahead=6.49 lat=0.22 ang=0.2 along=6.5 gait=3 v=2.54 rein=0
RIDEAI sit n=3 phase=approach pos=8.3,-12.6 ahead=4.56 lat=0.24 ang=0.2 along=4.6 gait=3 v=2.25 rein=0
RIDEAI ASK n=3 ahead=2.57 lat=0.26 ang=0.2 charge=1.0
RIDEAI fence 3 -> 4 t=11.18 leave=leave
RIDEAI sit n=4 phase=land pos=8.3,-7.2 ahead=9.54 lat=16.74 ang=9.9 along=6.8 gait=3 v=3.59 rein=-1
RIDEAI sit n=4 phase=land pos=6.6,-4.8 ahead=15.46 lat=14.8 ang=71.2 along=4.5 gait=3 v=3.09 rein=-1
RIDEAI sit n=4 phase=land pos=3.6,-5.2 ahead=5.55 lat=11.92 ang=131.4 along=5.1 gait=3 v=3.09 rein=0
RIDEAI sit n=4 phase=setup pos=0.5,-7.7 ahead=0.7 lat=9.0 ang=135.5 along=7.9 gait=3 v=5.12 rein=0
RIDEAI sit n=4 phase=setup pos=-2.7,-9.7 ahead=5.51 lat=5.94 ang=92.4 along=10.0 gait=3 v=2.31 rein=0
RIDEAI sit n=4 phase=setup pos=-5.7,-9.6 ahead=2.51 lat=2.94 ang=92.4 along=10.1 gait=3 v=3.31 rein=0
RIDEAI sit n=4 phase=approach pos=-8.1,-8.9 ahead=6.09 lat=0.52 ang=53.6 along=9.6 gait=3 v=3.45 rein=1
RIDEAI sit n=4 phase=approach pos=-9.0,-6.9 ahead=7.71 lat=0.52 ang=1.1 along=7.7 gait=3 v=1.69 rein=0
RIDEAI sit n=4 phase=approach pos=-8.7,-4.1 ahead=4.91 lat=0.46 ang=1.1 along=4.9 gait=3 v=3.88 rein=0
RIDEAI ASK n=4 ahead=2.58 lat=0.36 ang=1.1 charge=1.0
RIDEAI fence 4 -> 5 t=21.32 leave=leave
RIDEAI sit n=5 phase=land pos=-7.9,2.4 ahead=14.09 lat=15.94 ang=28.6 along=7.3 gait=3 v=3.09 rein=1
RIDEAI sit n=5 phase=land pos=-5.3,3.9 ahead=13.42 lat=13.4 ang=89.9 along=5.9 gait=3 v=3.09 rein=1
RIDEAI sit n=5 phase=setup pos=-2.2,3.1 ahead=6.86 lat=10.34 ang=113.4 along=6.7 gait=3 v=3.47 rein=0
RIDEAI sit n=5 phase=setup pos=0.0,2.2 ahead=4.69 lat=8.04 ang=111.6 along=7.6 gait=3 v=2.13 rein=0
RIDEAI sit n=5 phase=setup pos=3.0,1.1 ahead=1.96 lat=5.1 ang=109.3 along=8.7 gait=3 v=3.88 rein=0
RIDEAI sit n=5 phase=setup pos=5.6,0.3 ahead=-0.17 lat=2.5 ang=105.8 along=9.5 gait=3 v=2.84 rein=0
RIDEAI sit n=5 phase=approach pos=8.3,0.4 ahead=5.22 lat=0.24 ang=54.6 along=9.4 gait=3 v=2.11 rein=-1
RIDEAI sit n=5 phase=approach pos=9.3,2.2 ahead=7.61 lat=1.16 ang=10.2 along=7.5 gait=3 v=1.57 rein=0
RIDEAI sit n=5 phase=approach pos=8.8,4.9 ahead=4.92 lat=0.68 ang=10.2 along=4.9 gait=3 v=3.79 rein=0
RIDEAI ASK n=5 ahead=2.53 lat=0.2 ang=10.2 charge=1.0
RIDEAI fence 5 -> 6 t=31.77 leave=leave
RIDEAI sit n=6 phase=land pos=7.4,11.3 ahead=12.91 lat=15.62 ang=36.7 along=4.5 gait=3 v=3.09 rein=-1
RIDEAI sit n=6 phase=land pos=4.7,12.6 ahead=12.31 lat=12.9 ang=97.9 along=3.3 gait=3 v=3.09 rein=-1
RIDEAI come again n=6 rein=-1 pos=1.8,11.9
RIDEAI sit n=6 phase=away pos=1.6,11.9 ahead=7.57 lat=9.86 ang=111.6 along=4.3 gait=3 v=3.11 rein=-1
RIDEAI sit n=6 phase=again pos=0.4,10.4 ahead=-1.92 lat=8.76 ang=157.0 along=5.8 gait=3 v=2.64 rein=0
RIDEAI sit n=6 phase=again pos=-1.2,7.3 ahead=-5.48 lat=7.36 ang=157.0 along=9.1 gait=3 v=3.88 rein=0
RIDEAI sit n=6 phase=setup pos=-2.9,3.8 ahead=-9.78 lat=5.94 ang=159.4 along=12.7 gait=3 v=3.88 rein=1
RIDEAI sit n=6 phase=shy pos=-5.3,0.9 ahead=-8.7 lat=3.74 ang=136.1 along=15.7 gait=3 v=3.73 rein=-1
RIDEAI sit n=6 phase=setup pos=-6.6,-1.5 ahead=-16.75 lat=2.6 ang=163.7 along=18.2 gait=3 v=2.38 rein=1
RIDEAI sit n=6 phase=around pos=-8.8,-3.3 ahead=-3.47 lat=0.5 ang=101.3 along=20.2 gait=3 v=1.92 rein=1
RIDEAI sit n=6 phase=approach pos=-11.2,-2.0 ahead=13.35 lat=1.98 ang=39.9 along=19.1 gait=3 v=3.86 rein=1
RIDEAI sit n=6 phase=setup pos=-11.3,-0.1 ahead=17.14 lat=2.22 ang=14.8 along=17.1 gait=3 v=2.5 rein=0
RIDEAI sit n=6 phase=approach pos=-10.1,3.4 ahead=13.54 lat=1.3 ang=12.7 along=13.6 gait=3 v=4.8 rein=-1
RIDEAI sit n=6 phase=approach pos=-8.9,8.4 ahead=8.41 lat=0.42 ang=9.7 along=8.5 gait=3 v=3.64 rein=0
RIDEAI sit n=6 phase=approach pos=-8.5,10.9 ahead=6.0 lat=0.2 ang=3.9 along=6.0 gait=3 v=3.06 rein=0
RIDEAI ASK n=6 ahead=2.58 lat=0.22 ang=3.9 charge=1.0
RIDEAI fence 6 -> 7 t=47.48 leave=straight
RIDEAI sit n=7 phase=land pos=-7.5,18.1 ahead=14.01 lat=15.6 ang=12.0 along=11.0 gait=3 v=3.69 rein=1
RIDEAI sit n=7 phase=land pos=-5.5,20.3 ahead=15.54 lat=13.58 ang=73.2 along=8.8 gait=3 v=3.09 rein=1
RIDEAI sit n=7 phase=land pos=-2.3,20.3 ahead=10.18 lat=10.42 ang=91.6 along=8.8 gait=3 v=3.22 rein=0
RIDEAI sit n=7 phase=setup pos=1.7,20.0 ahead=5.44 lat=6.38 ang=95.7 along=9.1 gait=3 v=5.17 rein=0
RIDEAI sit n=7 phase=setup pos=5.7,19.6 ahead=0.75 lat=2.4 ang=99.8 along=9.5 gait=3 v=2.46 rein=0
RIDEAI sit n=7 phase=approach pos=8.5,20.2 ahead=5.83 lat=0.4 ang=46.5 along=8.9 gait=3 v=1.92 rein=-1
RIDEAI sit n=7 phase=approach pos=9.0,21.8 ahead=7.4 lat=0.9 ang=6.6 along=7.3 gait=3 v=1.88 rein=0
RIDEAI sit n=7 phase=approach pos=8.6,24.7 ahead=4.43 lat=0.56 ang=6.6 along=4.4 gait=3 v=3.88 rein=0
RIDEAI ASK n=7 ahead=2.55 lat=0.04 ang=6.6 charge=1.0
RIDEAI fence 7 -> 8 t=56.47 leave=leave
RIDEAI sit n=8 phase=land pos=7.5,31.1 ahead=6.07 lat=1.56 ang=52.8 along=12.1 gait=3 v=3.09 rein=-1
RIDEAI sit n=8 phase=land pos=4.7,32.1 ahead=9.63 lat=2.64 ang=8.5 along=9.3 gait=3 v=3.09 rein=-1
RIDEAI sit n=8 phase=approach pos=2.2,30.9 ahead=6.9 lat=1.42 ang=20.9 along=6.8 gait=3 v=1.4 rein=0
RIDEAI sit n=8 phase=approach pos=0.2,30.2 ahead=4.82 lat=0.74 ang=15.1 along=4.8 gait=3 v=3.18 rein=1
RIDEAI ASK n=8 ahead=2.56 lat=0.04 ang=7.0 charge=1.0
RIDEAI fence 8 -> 9 t=62.01 leave=leave
RIDEAI sit n=9 phase=land pos=-6.8,29.0 ahead=8.37 lat=3.66 ang=57.2 along=21.1 gait=3 v=3.09 rein=-1
RIDEAI sit n=9 phase=land pos=-8.2,26.5 ahead=18.78 lat=4.94 ang=4.1 along=18.5 gait=3 v=3.09 rein=-1
RIDEAI sit n=9 phase=setup pos=-7.2,23.5 ahead=15.29 lat=3.7 ang=30.6 along=15.6 gait=3 v=3.56 rein=-1
RIDEAI sit n=9 phase=approach pos=-5.2,19.3 ahead=11.48 lat=1.44 ang=15.3 along=11.5 gait=3 v=5.33 rein=1
RIDEAI sit n=9 phase=approach pos=-4.6,15.3 ahead=7.57 lat=0.6 ang=7.6 along=7.6 gait=3 v=2.16 rein=0
RIDEAI sit n=9 phase=approach pos=-4.3,12.4 ahead=4.65 lat=0.22 ang=7.6 along=4.7 gait=3 v=3.88 rein=0
RIDEAI ASK n=9 ahead=2.53 lat=0.12 ang=4.1 charge=1.0
RIDEAI fence 9 -> 10 t=69.36 leave=leave
RIDEAI sit n=10 phase=land pos=-3.9,5.9 ahead=7.08 lat=8.1 ang=24.1 along=4.1 gait=3 v=3.09 rein=-1
RIDEAI sit n=10 phase=land pos=-1.4,4.3 ahead=5.87 lat=5.68 ang=85.3 along=2.5 gait=3 v=3.09 rein=-1
RIDEAI come again n=10 rein=-1 pos=1.0,5.5
RIDEAI sit n=10 phase=away pos=1.1,5.8 ahead=-1.53 lat=3.06 ang=147.6 along=3.8 gait=3 v=2.41 rein=-1
RIDEAI sit n=10 phase=again pos=1.1,7.6 ahead=-5.99 lat=3.02 ang=171.7 along=5.6 gait=3 v=2.79 rein=0
RIDEAI sit n=10 phase=again pos=0.3,11.2 ahead=-9.62 lat=3.56 ang=171.7 along=9.2 gait=3 v=3.88 rein=0
RIDEAI sit n=10 phase=setup pos=-0.4,14.8 ahead=-12.47 lat=4.04 ang=175.3 along=12.8 gait=3 v=2.02 rein=1
RIDEAI sit n=10 phase=setup pos=1.1,16.8 ahead=-3.81 lat=2.44 ang=114.1 along=14.8 gait=3 v=3.72 rein=1
RIDEAI sit n=10 phase=approach pos=3.6,16.7 ahead=9.01 lat=0.02 ang=51.7 along=14.5 gait=3 v=2.99 rein=1
RIDEAI sit n=10 phase=approach pos=5.0,13.7 ahead=11.5 lat=1.2 ang=4.6 along=11.4 gait=3 v=1.39 rein=0
RIDEAI sit n=10 phase=approach pos=4.9,11.4 ahead=9.19 lat=1.02 ang=4.6 along=9.1 gait=3 v=3.37 rein=0
RIDEAI sit n=10 phase=approach pos=4.8,7.5 ahead=5.36 lat=0.72 ang=4.6 along=5.3 gait=3 v=3.88 rein=0
RIDEAI ASK n=10 ahead=2.57 lat=0.3 ang=4.6 charge=1.0
RIDEAI fence 10 -> 11 t=81.94 leave=leave
RIDEAI sit n=11 phase=land pos=4.5,0.8 ahead=11.08 lat=9.14 ang=19.2 along=8.5 gait=3 v=3.09 rein=1
RIDEAI sit n=11 phase=land pos=2.3,-1.1 ahead=7.89 lat=6.88 ang=80.5 along=6.7 gait=3 v=3.09 rein=1
RIDEAI sit n=11 phase=land pos=-0.7,-0.3 ahead=0.21 lat=3.94 ang=116.2 along=7.5 gait=3 v=3.33 rein=0
RIDEAI sit n=11 phase=approach pos=-2.8,0.8 ahead=-1.79 lat=1.82 ang=113.3 along=8.7 gait=3 v=2.09 rein=-1
RIDEAI sit n=11 phase=approach pos=-5.8,1.4 ahead=-2.99 lat=1.12 ang=101.7 along=9.4 gait=3 v=3.73 rein=-1
RIDEAI sit n=11 phase=setup pos=-8.4,2.6 ahead=-11.03 lat=3.68 ang=148.9 along=10.7 gait=3 v=2.22 rein=1
RIDEAI sit n=11 phase=setup pos=-8.4,5.5 ahead=-9.48 lat=3.62 ang=147.6 along=13.5 gait=3 v=1.71 rein=1
RIDEAI sit n=11 phase=setup pos=-7.2,7.2 ahead=-13.04 lat=2.44 ang=156.9 along=15.2 gait=3 v=3.14 rein=1
RIDEAI sit n=11 phase=setup pos=-6.9,9.9 ahead=-17.84 lat=2.08 ang=164.6 along=17.9 gait=3 v=2.3 rein=1
RIDEAI sit n=11 phase=around pos=-6.2,12.7 ahead=-12.74 lat=1.28 ang=131.5 along=20.7 gait=3 v=1.42 rein=1
RIDEAI sit n=11 phase=around pos=-4.1,12.9 ahead=6.86 lat=0.8 ang=68.5 along=20.8 gait=3 v=3.3 rein=1
RIDEAI sit n=11 phase=setup pos=-1.2,9.6 ahead=13.16 lat=3.62 ang=30.8 along=17.5 gait=3 v=5.55 rein=0
RIDEAI sit n=11 phase=setup pos=-0.5,6.5 ahead=14.78 lat=4.26 ang=25.0 along=14.3 gait=3 v=2.88 rein=1
RIDEAI sit n=11 phase=setup pos=-2.3,4.3 ahead=10.35 lat=2.38 ang=44.4 along=12.2 gait=3 v=2.23 rein=0
RIDEAI sit n=11 phase=approach pos=-3.7,1.3 ahead=9.2 lat=0.98 ang=11.8 along=9.2 gait=3 v=3.89 rein=0
RIDEAI sit n=11 phase=approach pos=-4.0,-0.9 ahead=7.07 lat=0.6 ang=8.3 along=7.1 gait=3 v=2.68 rein=0
RIDEAI sit n=11 phase=approach pos=-4.3,-4.4 ahead=3.51 lat=0.16 ang=4.8 along=3.5 gait=3 v=3.88 rein=0
RIDEAI ASK n=11 ahead=2.54 lat=0.14 ang=4.8 charge=1.0
RIDEAI fence 11 -> 12 t=99.9 leave=leave
RIDEAI sit n=12 phase=approach pos=-4.6,-10.1 ahead=8.63 lat=1.0 ang=4.6 along=8.6 gait=3 v=1.51 rein=0
RIDEAI sit n=12 phase=approach pos=-4.6,-12.3 ahead=6.49 lat=0.84 ang=4.6 along=6.4 gait=3 v=2.25 rein=0
RIDEAI sit n=12 phase=approach pos=-4.5,-14.8 ahead=3.95 lat=0.62 ang=4.6 along=3.9 gait=3 v=3.15 rein=0
RIDEAI ASK n=12 ahead=2.58 lat=0.1 ang=8.1 charge=1.0
RIDEAI fence 12 -> 13 t=104.41 leave=leave
RIDECERT trace E:/Workspace/Madison/game/../dist/traces/hk_adv_003_clear.jsonl n=111
RIDECERT hk_adv_003 style=clear success=false faults=7 jumped=12/12 t=108.45 teleported=false complete=true refused=[] rail_fences=[] rail_air=[] conf=83.0 scope=80.0
RIDECERT track FAIL hk_adv_003 { "id": "hk_adv_003", "class_id": "advanced", "jump_off": false, "style": "clear", "fences_needed": 12, "fences_jumped": 12, "faults": 7, "time_sec": 108.45, "refused": [], "rails": 0, "rail_fences": [], "rail_in_air": [], "confidence": 83.0, "scope": 80.0, "teleported": false, "teleport_why": "", "max_speed": 5.55, "inputs_pressed": { "gait_up": 3, "gait_down": 0, "turn_left": 81, "turn_right": 80, "jump": 34, "halt": 0 }, "round_complete": true, "eliminated": false, "eliminate_reason": "", "loaded_id": "hk_adv_003", "success": false }
RIDECERT wrote E:/Workspace/Madison/game/../dist/ridecert_results.json
RIDECERT done pass=false board=0/1 filter=hk_adv_003 fresh=false
