Godot Engine v4.7.2.stable.official.ed1daf0bf - https://godotengine.org

FIT flatten armature scale=(100.0, 100.0, 100.0) keep_rot=(-90.0, 0.0, 0.0)
FIT length=2.25 height=1.91220223903656 scale=(0.84991, 0.84991, 0.84991)
SEAT bone=Torso bone_pos=(0.0, 1.126922, 0.286373) back_y=1.42885863780975 seat=(0.0, 1.428859, 0.286373)
TACK place crown=(0.0, 0.142, 0.0294) brow=(0.0, 0.196, 0.1326) nose=(0.0, 0.385, -0.0222) bit=(0.0, 0.479225, -0.087663)
HORSE mesh=WhiteHorse anim=true seat=Torso rider_parent=Seat
RIDER mesh scale 0.91304347826087 bones 62
RIDECERT begin
RIDECERT filter hk_adv_003
RIDECERT round hk_adv_003 class=advanced seed=2 jo=false style=clear
MICHELLE soft | Two. Wait.
RIDEAI sit n=1 phase=approach pos=8.1,-30.5 ahead=7.68 lat=0.04 ang=3.7 along=7.7 gait=3 v=1.48 rein=-1
MICHELLE soft | One. Wait.
RIDEAI sit n=1 phase=approach pos=8.2,-28.3 ahead=5.46 lat=0.06 ang=2.6 along=5.5 gait=3 v=3.29 rein=0
MICHELLE soft | One. Early.
MICHELLE soft | Early.
MICHELLE soft | Wait.
MICHELLE soft | Now.
RIDEAI ASK n=1 ahead=2.57 lat=0.2 ang=0.2 charge=1.0
RIDEAI fence 1 -> 2 t=4.19 leave=
MICHELLE soft | One. Wait.
RIDEAI sit n=2 phase=approach pos=8.3,-21.8 ahead=6.33 lat=0.2 ang=0.2 along=6.3 gait=3 v=2.11 rein=0
MICHELLE soft | One. Early.
RIDEAI sit n=2 phase=approach pos=8.3,-19.9 ahead=4.41 lat=0.2 ang=0.2 along=4.4 gait=3 v=2.25 rein=0
MICHELLE soft | Early.
MICHELLE soft | Wait.
MICHELLE soft | Now.
RIDEAI ASK n=2 ahead=2.57 lat=0.22 ang=0.2 charge=1.0
RIDEAI fence 2 -> 3 t=7.65 leave=
MICHELLE soft | One. Wait.
RIDEAI sit n=3 phase=approach pos=8.3,-14.5 ahead=6.49 lat=0.22 ang=0.2 along=6.5 gait=3 v=2.54 rein=0
MICHELLE soft | One. Early.
RIDEAI sit n=3 phase=approach pos=8.3,-12.6 ahead=4.56 lat=0.24 ang=0.2 along=4.6 gait=3 v=2.25 rein=0
MICHELLE soft | Early.
MICHELLE soft | Wait.
MICHELLE soft | Now.
RIDEAI ASK n=3 ahead=2.57 lat=0.26 ang=0.2 charge=1.0
RIDEAI fence 3 -> 4 t=11.14 leave=leave
RIDEAI sit n=4 phase=land pos=8.3,-7.2 ahead=9.54 lat=16.74 ang=9.9 along=6.8 gait=3 v=3.59 rein=-1
RIDEAI sit n=4 phase=land pos=6.6,-4.8 ahead=15.46 lat=14.8 ang=71.2 along=4.5 gait=3 v=3.09 rein=-1
RIDEAI sit n=4 phase=land pos=3.6,-5.2 ahead=5.55 lat=11.92 ang=131.4 along=5.1 gait=3 v=3.09 rein=0
RIDEAI sit n=4 phase=setup pos=0.5,-7.7 ahead=0.7 lat=9.0 ang=135.5 along=7.9 gait=3 v=5.12 rein=0
RIDEAI sit n=4 phase=setup pos=-2.7,-9.7 ahead=5.51 lat=5.94 ang=92.4 along=10.0 gait=3 v=2.31 rein=0
RIDEAI sit n=4 phase=setup pos=-5.7,-9.6 ahead=2.51 lat=2.94 ang=92.4 along=10.1 gait=3 v=3.31 rein=0
RIDEAI sit n=4 phase=approach pos=-8.1,-8.9 ahead=6.09 lat=0.52 ang=53.6 along=9.6 gait=3 v=3.45 rein=1
MICHELLE soft | Two. Wait.
RIDEAI sit n=4 phase=approach pos=-9.0,-6.9 ahead=7.71 lat=0.52 ang=1.1 along=7.7 gait=3 v=1.69 rein=0
MICHELLE soft | One. Wait.
MICHELLE soft | One. Early.
RIDEAI sit n=4 phase=approach pos=-8.7,-4.1 ahead=4.91 lat=0.46 ang=1.1 along=4.9 gait=3 v=3.88 rein=0
MICHELLE soft | Early.
MICHELLE soft | Wait.
MICHELLE soft | Now.
RIDEAI ASK n=4 ahead=2.58 lat=0.36 ang=1.1 charge=1.0
RIDEAI fence 4 -> 5 t=21.26 leave=straight
RIDEAI sit n=5 phase=land pos=-7.9,2.4 ahead=14.09 lat=15.94 ang=28.6 along=7.3 gait=3 v=3.09 rein=1
RIDEAI sit n=5 phase=land pos=-5.3,3.9 ahead=13.42 lat=13.4 ang=89.9 along=5.9 gait=3 v=3.09 rein=1
RIDEAI sit n=5 phase=setup pos=-2.2,3.1 ahead=6.86 lat=10.34 ang=113.4 along=6.7 gait=3 v=3.47 rein=0
RIDEAI sit n=5 phase=setup pos=0.0,2.2 ahead=4.69 lat=8.04 ang=111.6 along=7.6 gait=3 v=2.13 rein=0
RIDEAI sit n=5 phase=setup pos=3.0,1.1 ahead=1.96 lat=5.1 ang=109.3 along=8.7 gait=3 v=3.88 rein=0
RIDEAI sit n=5 phase=setup pos=5.6,0.3 ahead=-0.17 lat=2.5 ang=105.8 along=9.5 gait=3 v=2.84 rein=0
RIDEAI sit n=5 phase=approach pos=8.3,0.4 ahead=5.22 lat=0.24 ang=54.6 along=9.4 gait=3 v=2.11 rein=-1
MICHELLE soft | Two. Wait.
RIDEAI sit n=5 phase=approach pos=9.3,2.2 ahead=7.61 lat=1.16 ang=10.2 along=7.5 gait=3 v=1.57 rein=0
MICHELLE soft | One. Wait.
MICHELLE soft | One. Early.
RIDEAI sit n=5 phase=approach pos=8.8,4.9 ahead=4.92 lat=0.68 ang=10.2 along=4.9 gait=3 v=3.79 rein=0
MICHELLE soft | Early.
MICHELLE soft | Wait.
MICHELLE soft | Now.
RIDEAI ASK n=5 ahead=2.53 lat=0.2 ang=10.2 charge=1.0
RIDEAI fence 5 -> 6 t=31.71 leave=straight
RIDEAI sit n=6 phase=land pos=7.4,11.3 ahead=12.91 lat=15.62 ang=36.7 along=4.5 gait=3 v=3.09 rein=-1
RIDEAI sit n=6 phase=land pos=4.7,12.6 ahead=12.31 lat=12.9 ang=97.9 along=3.3 gait=3 v=3.09 rein=-1
RIDEAI sit n=6 phase=setup pos=1.7,11.6 ahead=7.34 lat=9.94 ang=113.3 along=4.5 gait=3 v=3.56 rein=0
RIDEAI sit n=6 phase=setup pos=-2.6,9.8 ahead=2.04 lat=5.74 ang=117.3 along=6.7 gait=3 v=5.55 rein=0
RIDEAI sit n=6 phase=setup pos=-6.1,8.3 ahead=-2.35 lat=2.4 ang=121.4 along=8.4 gait=3 v=2.65 rein=0
RIDEAI sit n=6 phase=approach pos=-8.9,7.9 ahead=2.85 lat=0.36 ang=69.2 along=9.0 gait=3 v=1.92 rein=1
RIDEAI sit n=6 phase=approach pos=-10.3,10.0 ahead=6.68 lat=1.9 ang=7.7 along=7.0 gait=3 v=1.92 rein=1
MICHELLE soft | One. Wait.
MICHELLE soft | One. Early.
RIDEAI sit n=6 phase=approach pos=-9.6,11.8 ahead=5.22 lat=1.36 ang=25.0 along=5.1 gait=3 v=1.44 rein=0
MICHELLE soft | Early.
MICHELLE soft | Wait.
MICHELLE soft | Now.
RIDEAI sit n=6 phase=approach pos=-8.6,14.1 ahead=2.8 lat=0.48 ang=13.4 along=2.8 gait=3 v=3.6 rein=0
RIDEAI ASK n=6 ahead=2.56 lat=0.04 ang=8.7 charge=1.0
RIDEAI fence 6 -> 7 t=41.57 leave=leave
RIDEAI sit n=7 phase=land pos=-5.9,20.0 ahead=16.32 lat=13.98 ang=68.9 along=9.1 gait=3 v=3.09 rein=1
RIDEAI sit n=7 phase=land pos=-2.8,20.2 ahead=10.81 lat=10.86 ang=90.3 along=8.9 gait=3 v=3.22 rein=0
RIDEAI sit n=7 phase=setup pos=1.0,20.0 ahead=6.35 lat=7.06 ang=94.4 along=9.1 gait=3 v=4.83 rein=0
RIDEAI sit n=7 phase=setup pos=5.4,19.6 ahead=1.4 lat=2.72 ang=97.9 along=9.5 gait=3 v=2.15 rein=0
RIDEAI sit n=7 phase=approach pos=8.3,20.0 ahead=5.19 lat=0.18 ang=53.9 along=9.0 gait=3 v=2.0 rein=-1
MICHELLE soft | Two. Wait.
RIDEAI sit n=7 phase=approach pos=9.0,21.5 ahead=7.6 lat=0.86 ang=6.4 along=7.6 gait=3 v=1.61 rein=0
MICHELLE soft | One. Wait.
MICHELLE soft | One. Early.
RIDEAI sit n=7 phase=approach pos=8.6,24.3 ahead=4.88 lat=0.56 ang=6.4 along=4.8 gait=3 v=3.83 rein=0
MICHELLE soft | Early.
MICHELLE soft | Wait.
MICHELLE soft | Now.
RIDEAI ASK n=7 ahead=2.54 lat=0.0 ang=6.4 charge=1.0
RIDEAI fence 7 -> 8 t=50.53 leave=leave
RIDEAI sit n=8 phase=land pos=7.7,30.8 ahead=5.02 lat=1.26 ang=60.1 along=12.3 gait=3 v=3.09 rein=-1
RIDEAI sit n=8 phase=land pos=5.1,32.2 ahead=9.73 lat=2.68 ang=1.2 along=9.7 gait=3 v=3.09 rein=-1
MICHELLE soft | Two. Wait.
MICHELLE soft | One. Wait.
RIDEAI sit n=8 phase=approach pos=2.4,31.0 ahead=7.05 lat=1.48 ang=20.8 along=7.0 gait=3 v=1.88 rein=0
MICHELLE soft | One. Early.
RIDEAI sit n=8 phase=approach pos=0.5,30.3 ahead=5.14 lat=0.84 ang=16.1 along=5.1 gait=3 v=2.91 rein=0
MICHELLE soft | Early.
MICHELLE soft | Wait.
MICHELLE soft | Now.
RIDEAI ASK n=8 ahead=2.53 lat=0.04 ang=6.8 charge=1.0
RIDEAI fence 8 -> 9 t=56.06 leave=leave
RIDEAI sit n=9 phase=land pos=-6.5,29.2 ahead=0.16 lat=2.54 ang=97.9 along=17.2 gait=3 v=3.14 rein=-1
RIDEAI sit n=9 phase=land pos=-8.3,26.8 ahead=12.8 lat=0.16 ang=36.6 along=16.1 gait=3 v=3.09 rein=-1
RIDEAI sit n=9 phase=land pos=-7.2,24.0 ahead=13.08 lat=0.6 ang=5.2 along=13.1 gait=3 v=3.3 rein=0
MICHELLE soft | Two. Wait.
RIDEAI sit n=9 phase=approach pos=-4.7,20.5 ahead=8.74 lat=0.22 ang=5.2 along=8.8 gait=3 v=4.05 rein=0
MICHELLE soft | One. Wait.
RIDEAI sit n=9 phase=approach pos=-3.3,18.5 ahead=6.38 lat=0.0 ang=5.2 along=6.4 gait=3 v=2.87 rein=0
MICHELLE soft | One. Early.
MICHELLE soft | Early.
MICHELLE soft | Wait.
MICHELLE soft | Now.
RIDEAI sit n=9 phase=approach pos=-1.3,15.5 ahead=2.73 lat=0.16 ang=1.7 along=2.7 gait=3 v=3.88 rein=0
RIDEAI ASK n=9 ahead=2.54 lat=0.24 ang=1.7 charge=1.0
RIDEAI fence 9 -> 10 t=62.8 leave=leave
RIDEAI sit n=10 phase=land pos=2.8,11.3 ahead=1.75 lat=1.08 ang=85.7 along=9.2 gait=3 v=3.09 rein=-1
RIDEAI sit n=10 phase=land pos=5.4,12.8 ahead=-9.67 lat=1.56 ang=147.0 along=10.5 gait=3 v=3.09 rein=-1
RIDEAI sit n=10 phase=approach pos=5.4,15.7 ahead=-10.9 lat=1.72 ang=150.6 along=13.5 gait=3 v=1.92 rein=-1
RIDEAI sit n=10 phase=approach pos=2.8,16.8 ahead=-0.51 lat=0.76 ang=89.1 along=14.6 gait=3 v=3.72 rein=-1
RIDEAI sit n=10 phase=shy pos=1.2,15.7 ahead=7.02 lat=2.42 ang=49.5 along=13.7 gait=3 v=2.5 rein=1
RIDEAI sit n=10 phase=setup pos=-1.2,13.3 ahead=4.49 lat=4.94 ang=45.4 along=11.4 gait=3 v=2.72 rein=1
RIDEAI sit n=10 phase=setup pos=-3.5,12.8 ahead=-10.17 lat=7.32 ang=106.7 along=11.0 gait=3 v=3.53 rein=1
RIDEAI sit n=10 phase=setup pos=-5.1,14.2 ahead=-13.23 lat=8.86 ang=175.1 along=12.5 gait=3 v=2.22 rein=1
RIDEAI sit n=10 phase=setup pos=-3.8,16.7 ahead=-0.66 lat=7.34 ang=118.4 along=15.0 gait=3 v=2.44 rein=1
RIDEAI sit n=10 phase=setup pos=-1.8,16.7 ahead=9.26 lat=5.42 ang=74.1 along=14.8 gait=3 v=2.85 rein=0
RIDEAI sit n=10 phase=setup pos=1.2,15.8 ahead=11.15 lat=2.48 ang=47.5 along=13.8 gait=3 v=1.34 rein=1
RIDEAI sit n=10 phase=approach pos=2.7,14.1 ahead=11.06 lat=1.06 ang=28.0 along=12.0 gait=3 v=3.45 rein=1
MICHELLE soft | Two. Wait.
RIDEAI sit n=10 phase=approach pos=3.5,10.4 ahead=8.21 lat=0.4 ang=6.6 along=8.2 gait=3 v=1.67 rein=0
MICHELLE soft | One. Wait.
RIDEAI sit n=10 phase=approach pos=3.9,8.0 ahead=5.86 lat=0.14 ang=6.6 along=5.9 gait=3 v=3.41 rein=0
MICHELLE soft | One. Early.
MICHELLE soft | Early.
MICHELLE soft | Wait.
MICHELLE soft | Now.
RIDEAI ASK n=10 ahead=2.56 lat=0.2 ang=3.1 charge=1.0
RIDEAI fence 10 -> 11 t=79.04 leave=leave
RIDEAI sit n=11 phase=land pos=4.7,1.3 ahead=9.42 lat=9.3 ang=2.4 along=9.0 gait=3 v=3.54 rein=1
RIDEAI sit n=11 phase=land pos=3.1,-1.2 ahead=9.79 lat=7.68 ang=63.6 along=6.6 gait=3 v=3.09 rein=1
RIDEAI sit n=11 phase=land pos=0.2,-1.0 ahead=0.88 lat=4.74 ang=118.8 along=6.8 gait=3 v=3.09 rein=0
RIDEAI sit n=11 phase=setup pos=-2.3,0.4 ahead=-2.54 lat=2.32 ang=122.9 along=8.3 gait=3 v=2.34 rein=0
RIDEAI sit n=11 phase=shy pos=-4.4,1.2 ahead=-2.07 lat=0.2 ang=104.3 along=9.1 gait=3 v=1.57 rein=1
RIDEAI sit n=11 phase=setup pos=-7.0,1.7 ahead=-5.4 lat=2.36 ang=109.0 along=9.7 gait=3 v=3.69 rein=1
RIDEAI sit n=11 phase=setup pos=-8.6,3.5 ahead=-12.02 lat=3.94 ang=171.8 along=11.6 gait=3 v=2.95 rein=1
RIDEAI sit n=11 phase=setup pos=-7.8,6.1 ahead=-5.79 lat=3.04 ang=125.8 along=14.1 gait=3 v=2.22 rein=1
RIDEAI sit n=11 phase=approach pos=-4.9,6.4 ahead=6.55 lat=0.16 ang=63.4 along=14.3 gait=3 v=1.92 rein=1
RIDEAI sit n=11 phase=approach pos=-3.7,4.1 ahead=11.98 lat=1.06 ang=2.1 along=12.0 gait=3 v=3.8 rein=1
MICHELLE soft | Two. Wait.
RIDEAI sit n=11 phase=approach pos=-3.7,0.1 ahead=8.04 lat=0.86 ang=3.0 along=8.0 gait=3 v=1.65 rein=0
MICHELLE soft | One. Wait.
RIDEAI sit n=11 phase=approach pos=-3.8,-2.3 ahead=5.62 lat=0.74 ang=3.0 along=5.6 gait=3 v=3.48 rein=0
MICHELLE soft | One. Early.
MICHELLE soft | Early.
MICHELLE soft | Wait.
MICHELLE soft | Now.
RIDEAI ASK n=11 ahead=2.56 lat=0.12 ang=6.5 charge=1.0
RIDEAI fence 11 -> 12 t=92.39 leave=leave
RIDEAI sit n=12 phase=approach pos=-4.4,-9.0 ahead=9.64 lat=0.82 ang=1.7 along=9.7 gait=3 v=3.34 rein=0
RIDEAI sit n=12 phase=approach pos=-4.5,-11.0 ahead=7.73 lat=0.8 ang=2.9 along=7.7 gait=3 v=2.25 rein=0
MICHELLE soft | One. Wait.
RIDEAI sit n=12 phase=approach pos=-4.5,-13.3 ahead=5.48 lat=0.68 ang=2.9 along=5.5 gait=3 v=2.25 rein=0
MICHELLE soft | One. Early.
MICHELLE soft | Early.
MICHELLE soft | Wait.
MICHELLE soft | Now.
RIDEAI ASK n=12 ahead=2.59 lat=0.16 ang=6.4 charge=1.0
RIDEAI fence 12 -> 13 t=96.93 leave=leave
RIDECERT trace E:/Workspace/Madison/game/../dist/traces/hk_adv_003_clear.jsonl n=103
RIDECERT hk_adv_003 style=clear success=false faults=5 jumped=12/12 t=100.95 teleported=false complete=true refused=[] rail_fences=[] rail_air=[] conf=83.0 scope=80.0
RIDECERT track FAIL hk_adv_003 { "id": "hk_adv_003", "class_id": "advanced", "jump_off": false, "style": "clear", "fences_needed": 12, "fences_jumped": 12, "faults": 5, "time_sec": 100.95, "refused": [], "rails": 0, "rail_fences": [], "rail_in_air": [], "confidence": 83.0, "scope": 80.0, "teleported": false, "teleport_why": "", "max_speed": 5.55, "inputs_pressed": { "gait_up": 3, "gait_down": 0, "turn_left": 77, "turn_right": 72, "jump": 34, "halt": 0 }, "round_complete": true, "eliminated": false, "eliminate_reason": "", "loaded_id": "hk_adv_003", "success": false }
RIDECERT wrote E:/Workspace/Madison/game/../dist/ridecert_results.json
RIDECERT done pass=false board=0/1 filter=hk_adv_003 fresh=false
