Godot Engine v4.7.2.stable.official.ed1daf0bf - https://godotengine.org

FIT flatten armature scale=(100.0, 100.0, 100.0) keep_rot=(-90.0, 0.0, 0.0)
FIT length=2.25 height=1.91220223903656 scale=(0.84991, 0.84991, 0.84991)
SEAT bone=Torso bone_pos=(0.0, 1.126922, 0.286373) back_y=1.42885863780975 seat=(0.0, 1.428859, 0.286373)
TACK place crown=(0.0, 0.142, 0.0294) brow=(0.0, 0.196, 0.1326) nose=(0.0, 0.385, -0.0222) bit=(0.0, 0.479225, -0.087663)
HORSE mesh=WhiteHorse anim=true seat=Torso rider_parent=Seat
RIDER mesh scale 0.91304347826087 bones 62
RIDECERT begin
RIDECERT round hk_les_001 class=lesson seed=0 jo=false style=clear
MICHELLE soft | Two. Wait.
RIDEAI sit n=1 phase=approach pos=0.0,-29.8 ahead=10.62 lat=1.14 ang=0.0 along=10.6 gait=3 v=4.82 rein=0
MICHELLE soft | One. Wait.
RIDEAI sit n=1 phase=approach pos=-0.2,-26.4 ahead=7.32 lat=0.92 ang=5.1 along=7.3 gait=3 v=2.31 rein=0
MICHELLE soft | One. Early.
MICHELLE soft | Early.
RIDEAI sit n=1 phase=approach pos=-0.5,-23.3 ahead=4.17 lat=0.64 ang=5.1 along=4.1 gait=3 v=3.88 rein=0
MICHELLE soft | Wait.
MICHELLE soft | Now.
RIDEAI ASK n=1 ahead=2.55 lat=0.26 ang=5.1 charge=1.0
MICHELLE spot | Good spot. Stay there.
RIDEAI fence 1 -> 2 t=4.84 leave=spot
RIDEAI sit n=2 phase=land pos=-1.6,-17.0 ahead=11.07 lat=7.64 ang=42.7 along=8.0 gait=3 v=3.09 rein=-1
RIDEAI sit n=2 phase=land pos=-4.4,-16.0 ahead=2.93 lat=4.8 ang=103.9 along=7.2 gait=3 v=3.09 rein=-1
RIDEAI sit n=2 phase=approach pos=-7.4,-17.4 ahead=-2.73 lat=1.86 ang=120.0 along=8.7 gait=3 v=3.57 rein=1
RIDEAI sit n=2 phase=approach pos=-9.7,-17.1 ahead=4.11 lat=0.48 ang=58.2 along=8.6 gait=3 v=3.3 rein=1
MICHELLE soft | One. Wait.
RIDEAI sit n=2 phase=approach pos=-10.9,-15.1 ahead=6.78 lat=1.7 ang=6.5 along=6.6 gait=3 v=1.92 rein=1
MICHELLE soft | One. Early.
RIDEAI sit n=2 phase=approach pos=-10.2,-13.5 ahead=5.05 lat=1.1 ang=21.5 along=5.0 gait=3 v=2.49 rein=0
MICHELLE soft | Early.
MICHELLE soft | Wait.
MICHELLE soft | Now.
RIDEAI ASK n=2 ahead=2.56 lat=0.06 ang=7.5 charge=1.0
MICHELLE spot | Right stride. Pat him later.
RIDEAI fence 2 -> 3 t=12.61 leave=spot
RIDEAI sit n=3 phase=approach pos=-8.7,-7.4 ahead=9.43 lat=0.08 ang=7.5 along=9.5 gait=3 v=3.24 rein=0
RIDEAI sit n=3 phase=approach pos=-8.5,-5.5 ahead=7.59 lat=0.2 ang=2.9 along=7.6 gait=3 v=2.25 rein=0
MICHELLE soft | One. Wait.
MICHELLE soft | One. Early.
RIDEAI sit n=3 phase=approach pos=-8.2,-3.3 ahead=5.34 lat=0.3 ang=2.9 along=5.4 gait=3 v=2.25 rein=0
MICHELLE soft | Early.
MICHELLE soft | Wait.
MICHELLE soft | Now.
RIDEAI ASK n=3 ahead=2.53 lat=0.26 ang=0.6 charge=1.0
MICHELLE spot | You waited, then asked. That's it.
RIDEAI fence 3 -> 4 t=17.16 leave=spot
MICHELLE clear | Clean. Walk him around the barn.
RIDECERT trace E:/Workspace/Madison/game/../dist/traces/hk_les_001_clear.jsonl n=19
RIDECERT hk_les_001 style=clear success=true faults=0 jumped=3/3 t=18.54 teleported=false complete=true refused=[] rail_fences=[] rail_air=[] conf=91.0 scope=84.5
RIDECERT round hk_les_002 class=lesson seed=1 jo=false style=clear
MICHELLE soft | Two. Wait.
RIDEAI sit n=1 phase=approach pos=2.4,-29.6 ahead=10.36 lat=0.68 ang=7.6 along=10.4 gait=3 v=5.02 rein=0
MICHELLE soft | One. Wait.
RIDEAI sit n=1 phase=approach pos=2.9,-26.4 ahead=7.12 lat=0.26 ang=7.6 along=7.1 gait=3 v=2.41 rein=0
MICHELLE soft | One. Early.
MICHELLE soft | Early.
RIDEAI sit n=1 phase=approach pos=3.1,-23.2 ahead=3.89 lat=0.0 ang=4.1 along=3.9 gait=3 v=3.88 rein=0
MICHELLE soft | Wait.
MICHELLE soft | Now.
RIDEAI ASK n=1 ahead=2.54 lat=0.16 ang=1.8 charge=1.0
MICHELLE spot | You saw it. Leave like that.
RIDEAI fence 1 -> 2 t=4.76 leave=spot
RIDEAI sit n=2 phase=land pos=4.0,-17.0 ahead=10.75 lat=4.86 ang=40.6 along=10.0 gait=3 v=3.09 rein=1
RIDEAI sit n=2 phase=approach pos=6.8,-16.0 ahead=2.76 lat=2.06 ang=85.5 along=9.0 gait=3 v=3.09 rein=-1
RIDEAI sit n=2 phase=approach pos=9.3,-14.1 ahead=6.32 lat=0.46 ang=23.8 along=7.1 gait=3 v=3.6 rein=-1
MICHELLE soft | One. Wait.
MICHELLE soft | One. Early.
RIDEAI sit n=2 phase=approach pos=9.4,-12.1 ahead=5.13 lat=0.54 ang=4.1 along=5.1 gait=3 v=2.64 rein=0
MICHELLE soft | Early.
MICHELLE soft | Wait.
MICHELLE soft | Now.
RIDEAI ASK n=2 ahead=2.55 lat=0.18 ang=4.1 charge=1.0
MICHELLE spot | That was the spot.
RIDEAI fence 2 -> 3 t=10.58 leave=spot
RIDEAI sit n=3 phase=approach pos=8.9,-5.7 ahead=9.52 lat=0.08 ang=4.1 along=9.5 gait=3 v=3.22 rein=0
RIDEAI sit n=3 phase=approach pos=8.8,-3.8 ahead=7.59 lat=0.06 ang=4.1 along=7.6 gait=3 v=2.25 rein=0
MICHELLE soft | One. Wait.
MICHELLE soft | One. Early.
RIDEAI sit n=3 phase=approach pos=8.7,-1.5 ahead=5.36 lat=0.2 ang=0.6 along=5.4 gait=3 v=2.29 rein=0
MICHELLE soft | Early.
MICHELLE soft | Wait.
MICHELLE soft | Now.
RIDEAI ASK n=3 ahead=2.56 lat=0.26 ang=0.6 charge=1.0
MICHELLE spot | That was the spot.
RIDEAI fence 3 -> 4 t=15.12 leave=spot
MICHELLE clear | Clean. Walk him out of the ring.
RIDECERT trace E:/Workspace/Madison/game/../dist/traces/hk_les_002_clear.jsonl n=17
RIDECERT hk_les_002 style=clear success=true faults=0 jumped=3/3 t=16.52 teleported=false complete=true refused=[] rail_fences=[] rail_air=[] conf=91.0 scope=84.5
RIDECERT round hk_les_003 class=lesson seed=2 jo=false style=clear
MICHELLE soft | Two. Wait.
RIDEAI sit n=1 phase=approach pos=0.0,-30.4 ahead=9.43 lat=0.94 ang=0.0 along=9.4 gait=3 v=4.14 rein=0
MICHELLE soft | One. Wait.
RIDEAI sit n=1 phase=approach pos=0.1,-28.2 ahead=7.31 lat=0.86 ang=5.8 along=7.3 gait=3 v=2.56 rein=0
MICHELLE soft | One. Early.
MICHELLE soft | Early.
MICHELLE soft | Wait.
RIDEAI sit n=1 phase=approach pos=0.4,-24.7 ahead=3.79 lat=0.5 ang=5.8 along=3.8 gait=3 v=3.88 rein=0
MICHELLE soft | Now.
RIDEAI ASK n=1 ahead=2.56 lat=0.12 ang=5.8 charge=1.0
MICHELLE spot | That's the spot. Eyes up now.
RIDEAI fence 1 -> 2 t=4.78 leave=spot
RIDEAI sit n=2 phase=land pos=1.8,-18.6 ahead=10.64 lat=6.44 ang=46.7 along=8.7 gait=3 v=3.09 rein=1
RIDEAI sit n=2 phase=land pos=4.7,-18.0 ahead=0.9 lat=3.56 ang=107.9 along=8.1 gait=3 v=3.09 rein=1
RIDEAI sit n=2 phase=approach pos=7.8,-19.1 ahead=0.2 lat=0.46 ang=91.6 along=9.2 gait=3 v=2.71 rein=-1
RIDEAI sit n=2 phase=approach pos=9.8,-17.8 ahead=6.0 lat=1.56 ang=30.3 along=7.9 gait=3 v=3.53 rein=-1
MICHELLE soft | One. Wait.
RIDEAI sit n=2 phase=approach pos=9.8,-15.5 ahead=5.71 lat=1.58 ang=25.4 along=5.6 gait=3 v=1.8 rein=0
MICHELLE soft | One. Early.
MICHELLE soft | Early.
RIDEAI sit n=2 phase=approach pos=9.0,-13.8 ahead=3.89 lat=0.78 ang=19.5 along=3.8 gait=3 v=2.79 rein=0
MICHELLE soft | Wait.
MICHELLE soft | Now.
RIDEAI ASK n=2 ahead=2.56 lat=0.08 ang=7.9 charge=1.0
MICHELLE spot | True leave. He jumped with you.
RIDEAI fence 2 -> 3 t=12.29 leave=spot
RIDEAI sit n=3 phase=approach pos=8.1,-7.9 ahead=8.88 lat=0.1 ang=2.8 along=8.9 gait=3 v=1.4 rein=0
MICHELLE soft | One. Wait.
RIDEAI sit n=3 phase=approach pos=8.0,-5.9 ahead=6.92 lat=0.2 ang=2.8 along=6.9 gait=3 v=2.25 rein=0
MICHELLE soft | One. Early.
RIDEAI sit n=3 phase=approach pos=7.9,-3.5 ahead=4.52 lat=0.3 ang=2.8 along=4.5 gait=3 v=3.06 rein=0
MICHELLE soft | Early.
MICHELLE soft | Wait.
MICHELLE soft | Now.
RIDEAI ASK n=3 ahead=2.59 lat=0.26 ang=0.7 charge=1.0
MICHELLE spot | That was the spot.
RIDEAI fence 3 -> 4 t=16.86 leave=spot
MICHELLE clear | Clear. Sit. Walk.
RIDECERT trace E:/Workspace/Madison/game/../dist/traces/hk_les_003_clear.jsonl n=19
RIDECERT hk_les_003 style=clear success=true faults=0 jumped=3/3 t=18.27 teleported=false complete=true refused=[] rail_fences=[] rail_air=[] conf=91.0 scope=84.5
RIDECERT round hk_les_004 class=lesson seed=3 jo=false style=clear
MICHELLE soft | Two. Wait.
RIDEAI sit n=1 phase=approach pos=0.0,-30.4 ahead=10.73 lat=0.62 ang=0.0 along=10.7 gait=3 v=4.22 rein=0
RIDEAI sit n=1 phase=approach pos=0.0,-27.3 ahead=7.63 lat=0.62 ang=0.0 along=7.6 gait=3 v=2.01 rein=0
MICHELLE soft | One. Wait.
MICHELLE soft | One. Early.
RIDEAI sit n=1 phase=approach pos=-0.1,-24.2 ahead=4.61 lat=0.48 ang=3.5 along=4.6 gait=3 v=3.88 rein=0
MICHELLE soft | Early.
MICHELLE soft | Wait.
MICHELLE soft | Now.
RIDEAI ASK n=1 ahead=2.53 lat=0.2 ang=3.5 charge=1.0
MICHELLE spot | That's the spot. Eyes up now.
RIDEAI fence 1 -> 2 t=4.95 leave=spot
RIDEAI sit n=2 phase=land pos=-0.9,-17.8 ahead=12.49 lat=7.54 ang=33.9 along=10.0 gait=3 v=3.09 rein=-1
RIDEAI sit n=2 phase=land pos=-3.5,-16.4 ahead=4.06 lat=4.86 ang=95.2 along=8.7 gait=3 v=3.09 rein=-1
RIDEAI sit n=2 phase=approach pos=-6.7,-16.8 ahead=0.31 lat=1.66 ang=98.2 along=9.3 gait=3 v=3.76 rein=1
RIDEAI sit n=2 phase=approach pos=-8.9,-15.8 ahead=6.46 lat=0.56 ang=36.0 along=8.4 gait=3 v=3.03 rein=1
MICHELLE soft | One. Wait.
RIDEAI sit n=2 phase=approach pos=-9.1,-13.8 ahead=6.51 lat=0.9 ang=8.3 along=6.4 gait=3 v=2.3 rein=0
MICHELLE soft | One. Early.
MICHELLE soft | Early.
MICHELLE soft | Wait.
MICHELLE soft | Now.
RIDEAI sit n=2 phase=approach pos=-8.5,-10.6 ahead=3.21 lat=0.42 ang=8.3 along=3.2 gait=3 v=3.88 rein=0
RIDEAI ASK n=2 ahead=2.56 lat=0.04 ang=8.3 charge=1.0
MICHELLE spot | Right stride. Pat him later.
RIDEAI fence 2 -> 3 t=12.0 leave=spot
RIDEAI sit n=3 phase=approach pos=-7.6,-5.1 ahead=8.45 lat=0.2 ang=2.1 along=8.5 gait=3 v=1.67 rein=0
MICHELLE soft | One. Wait.
RIDEAI sit n=3 phase=approach pos=-7.4,-2.9 ahead=6.27 lat=0.28 ang=2.1 along=6.3 gait=3 v=2.25 rein=0
MICHELLE soft | One. Early.
MICHELLE soft | Early.
MICHELLE soft | Wait.
RIDEAI sit n=3 phase=approach pos=-7.2,-0.3 ahead=3.67 lat=0.36 ang=1.4 along=3.7 gait=3 v=3.34 rein=0
MICHELLE soft | Now.
RIDEAI ASK n=3 ahead=2.56 lat=0.26 ang=1.4 charge=1.0
MICHELLE spot | That's the one. Don't fuss after.
RIDEAI fence 3 -> 4 t=16.55 leave=spot
MICHELLE clear | That's a clear. He did his job.
RIDECERT trace E:/Workspace/Madison/game/../dist/traces/hk_les_004_clear.jsonl n=19
RIDECERT hk_les_004 style=clear success=true faults=0 jumped=3/3 t=17.96 teleported=false complete=true refused=[] rail_fences=[] rail_air=[] conf=91.0 scope=84.5
RIDECERT round hk_beg_035 class=beginner seed=0 jo=false style=clear
RIDEAI sit n=1 phase=approach pos=8.7,-30.6 ahead=7.47 lat=0.02 ang=3.7 along=7.5 gait=3 v=1.48 rein=-1
RIDEAI sit n=1 phase=approach pos=8.8,-28.3 ahead=5.26 lat=0.06 ang=1.4 along=5.3 gait=3 v=3.29 rein=0
RIDEAI ASK n=1 ahead=2.55 lat=0.2 ang=1.4 charge=1.0
RIDEAI fence 1 -> 2 t=4.13 leave=straight
RIDEAI sit n=2 phase=land pos=8.8,-21.7 ahead=13.23 lat=16.72 ang=19.0 along=8.2 gait=3 v=3.09 rein=-1
RIDEAI sit n=2 phase=land pos=6.7,-19.7 ahead=15.34 lat=14.46 ang=80.2 along=6.4 gait=3 v=3.09 rein=-1
RIDEAI sit n=2 phase=land pos=3.5,-19.9 ahead=9.91 lat=11.34 ang=100.6 along=6.8 gait=3 v=3.33 rein=0
RIDEAI sit n=2 phase=setup pos=-0.9,-20.6 ahead=4.76 lat=6.98 ang=104.7 along=7.8 gait=3 v=5.55 rein=0
RIDEAI sit n=2 phase=setup pos=-5.2,-21.5 ahead=-0.31 lat=2.72 ang=108.8 along=9.0 gait=3 v=2.19 rein=0
RIDEAI sit n=2 phase=approach pos=-8.1,-21.4 ahead=3.7 lat=0.2 ang=64.8 along=9.1 gait=3 v=1.92 rein=1
RIDEAI sit n=2 phase=approach pos=-9.1,-19.7 ahead=7.51 lat=1.32 ang=0.2 along=7.5 gait=3 v=1.34 rein=1
RIDEAI sit n=2 phase=approach pos=-8.5,-17.5 ahead=5.3 lat=0.84 ang=12.6 along=5.2 gait=3 v=3.41 rein=0
RIDEAI ASK n=2 ahead=2.57 lat=0.02 ang=7.9 charge=1.0
RIDEAI fence 2 -> 3 t=13.55 leave=straight
RIDEAI sit n=3 phase=land pos=-6.9,-11.0 ahead=15.96 lat=15.6 ang=28.3 along=9.7 gait=3 v=3.09 rein=1
RIDEAI sit n=3 phase=land pos=-4.4,-9.4 ahead=14.92 lat=13.08 ang=72.2 along=8.1 gait=3 v=3.22 rein=0
RIDEAI sit n=3 phase=land pos=-1.3,-8.4 ahead=11.7 lat=10.0 ang=72.2 along=7.1 gait=3 v=3.33 rein=0
RIDEAI sit n=3 phase=setup pos=3.0,-9.0 ahead=2.9 lat=5.72 ang=108.9 along=7.7 gait=3 v=5.53 rein=0
RIDEAI sit n=3 phase=setup pos=6.5,-10.3 ahead=-1.44 lat=2.24 ang=113.0 along=9.0 gait=3 v=2.73 rein=0
RIDEAI sit n=3 phase=approach pos=9.3,-10.3 ahead=4.46 lat=0.54 ang=56.7 along=9.0 gait=3 v=1.99 rein=-1
RIDEAI sit n=3 phase=approach pos=10.2,-8.5 ahead=7.3 lat=1.52 ang=9.0 along=7.2 gait=3 v=1.5 rein=-1
RIDEAI sit n=3 phase=approach pos=9.5,-5.9 ahead=4.68 lat=0.8 ang=15.9 along=4.6 gait=3 v=3.71 rein=0
RIDEAI ASK n=3 ahead=2.58 lat=0.02 ang=7.8 charge=1.0
RIDEAI fence 3 -> 4 t=22.79 leave=leave
RIDEAI sit n=4 phase=approach pos=8.6,0.5 ahead=9.1 lat=0.12 ang=2.7 along=9.1 gait=3 v=2.02 rein=0
RIDEAI sit n=4 phase=approach pos=8.5,2.3 ahead=7.24 lat=0.2 ang=2.7 along=7.3 gait=3 v=2.25 rein=0
RIDEAI sit n=4 phase=approach pos=8.4,4.7 ahead=4.93 lat=0.32 ang=2.7 along=4.9 gait=3 v=2.75 rein=0
RIDEAI ASK n=4 ahead=2.54 lat=0.26 ang=0.8 charge=1.0
RIDEAI fence 4 -> 5 t=27.39 leave=leave
RIDEAI sit n=5 phase=approach pos=8.5,11.0 ahead=9.41 lat=0.24 ang=0.8 along=9.4 gait=3 v=3.17 rein=0
RIDEAI sit n=5 phase=approach pos=8.5,12.9 ahead=7.51 lat=0.22 ang=0.8 along=7.5 gait=3 v=2.25 rein=0
RIDEAI sit n=5 phase=approach pos=8.5,15.1 ahead=5.25 lat=0.2 ang=0.8 along=5.3 gait=3 v=2.37 rein=0
RIDEAI ASK n=5 ahead=2.54 lat=0.12 ang=0.8 charge=1.0
RIDEAI fence 5 -> 6 t=31.93 leave=straight
RIDEAI sit n=6 phase=land pos=8.6,21.3 ahead=6.46 lat=6.78 ang=9.5 along=5.4 gait=3 v=3.49 rein=-1
RIDEAI sit n=6 phase=land pos=6.7,23.7 ahead=5.63 lat=4.86 ang=70.7 along=3.2 gait=3 v=3.09 rein=-1
RIDEAI come again n=6 rein=-1 pos=4.3,23.5
RIDEAI sit n=6 phase=away pos=4.0,23.3 ahead=-1.01 lat=2.1 ang=133.7 along=3.7 gait=3 v=1.46 rein=-1
RIDEAI sit n=6 phase=again pos=3.3,21.4 ahead=-5.21 lat=1.52 ang=169.4 along=5.6 gait=3 v=3.11 rein=0
RIDEAI sit n=6 phase=again pos=2.4,17.2 ahead=-9.48 lat=0.74 ang=169.4 along=9.8 gait=3 v=5.41 rein=0
RIDEAI sit n=6 phase=approach pos=1.1,13.2 ahead=-10.1 lat=0.44 ang=135.1 along=13.8 gait=3 v=2.19 rein=1
RIDEAI sit n=6 phase=setup pos=-1.8,12.7 ahead=1.21 lat=3.26 ang=72.6 along=14.5 gait=3 v=1.92 rein=1
RIDEAI sit n=6 phase=setup pos=-3.3,14.7 ahead=11.26 lat=4.8 ang=11.4 along=12.5 gait=3 v=3.76 rein=1
RIDEAI sit n=6 phase=setup pos=-2.4,17.0 ahead=9.51 lat=4.0 ang=51.0 along=10.2 gait=3 v=3.03 rein=1
RIDEAI sit n=6 phase=approach pos=0.3,17.6 ahead=3.51 lat=1.36 ang=76.7 along=9.5 gait=3 v=2.3 rein=-1
RIDEAI sit n=6 phase=approach pos=2.4,19.6 ahead=7.11 lat=0.66 ang=12.8 along=7.4 gait=3 v=1.42 rein=-1
RIDEAI sit n=6 phase=approach pos=2.3,21.7 ahead=5.32 lat=0.54 ang=4.6 along=5.3 gait=3 v=3.21 rein=0
RIDEAI ASK n=6 ahead=2.56 lat=0.12 ang=4.6 charge=1.0
RIDEAI fence 6 -> 7 t=45.23 leave=straight
RIDEAI sit n=7 phase=land pos=1.9,28.3 ahead=-18.9 lat=6.68 ang=157.2 along=23.3 gait=3 v=3.14 rein=-1
RIDEAI sit n=7 phase=land pos=-0.3,30.2 ahead=1.66 lat=4.3 ang=96.0 along=25.0 gait=3 v=3.09 rein=-1
RIDEAI sit n=7 phase=land pos=-3.1,29.2 ahead=20.47 lat=1.62 ang=34.7 along=23.8 gait=3 v=3.17 rein=-1
RIDEAI sit n=7 phase=approach pos=-4.3,25.1 ahead=19.54 lat=0.78 ang=6.1 along=19.6 gait=3 v=5.47 rein=0
RIDEAI sit n=7 phase=approach pos=-5.3,19.7 ahead=13.99 lat=0.18 ang=6.1 along=14.1 gait=3 v=5.55 rein=0
RIDEAI sit n=7 phase=approach pos=-6.3,14.3 ahead=8.66 lat=0.36 ang=1.5 along=8.7 gait=3 v=4.07 rein=0
RIDEAI sit n=7 phase=approach pos=-6.6,11.9 ahead=6.15 lat=0.42 ang=1.5 along=6.2 gait=3 v=2.95 rein=0
RIDEAI ASK n=7 ahead=2.54 lat=0.3 ang=2.0 charge=1.0
RIDEAI fence 7 -> 8 t=53.9 leave=leave
RIDEAI sit n=8 phase=jump pos=-7.0,5.2 ahead=16.04 lat=13.86 ang=1.7 along=15.6 gait=3 v=3.88 rein=0
RIDEAI sit n=8 phase=land pos=-5.6,2.5 ahead=16.85 lat=12.24 ang=63.0 along=13.1 gait=3 v=3.09 rein=-1
RIDEAI sit n=8 phase=land pos=-2.9,0.9 ahead=13.65 lat=9.4 ang=63.0 along=11.6 gait=3 v=3.22 rein=0
RIDEAI sit n=8 phase=setup pos=0.6,-1.0 ahead=9.12 lat=5.78 ang=68.1 along=10.0 gait=3 v=5.02 rein=0
RIDEAI sit n=8 phase=setup pos=3.8,-2.6 ahead=5.01 lat=2.38 ang=71.6 along=8.7 gait=3 v=2.41 rein=0
RIDEAI sit n=8 phase=approach pos=5.7,-4.8 ahead=6.51 lat=0.32 ang=16.5 along=6.7 gait=3 v=2.67 rein=1
RIDEAI sit n=8 phase=approach pos=5.7,-6.8 ahead=4.71 lat=0.16 ang=3.7 along=4.7 gait=3 v=2.87 rein=0
RIDEAI ASK n=8 ahead=2.53 lat=0.14 ang=3.7 charge=1.0
RIDEAI fence 8 -> 9 t=61.95 leave=leave
RIDECERT trace E:/Workspace/Madison/game/../dist/traces/hk_beg_035_clear.jsonl n=70
RIDECERT hk_beg_035 style=clear success=true faults=0 jumped=8/8 t=67.27 teleported=false complete=true refused=[] rail_fences=[] rail_air=[] conf=91.0 scope=84.5
RIDECERT round hk_beg_039 class=beginner seed=1 jo=false style=clear
RIDEAI sit n=1 phase=approach pos=-8.0,-30.5 ahead=8.7 lat=0.02 ang=4.1 along=8.7 gait=3 v=1.48 rein=1
RIDEAI sit n=1 phase=approach pos=-8.0,-28.3 ahead=6.48 lat=0.1 ang=2.9 along=6.5 gait=3 v=3.29 rein=0
RIDEAI sit n=1 phase=approach pos=-7.9,-24.5 ahead=2.69 lat=0.24 ang=0.6 along=2.7 gait=3 v=3.88 rein=0
RIDEAI ASK n=1 ahead=2.56 lat=0.22 ang=0.6 charge=1.0
RIDEAI fence 1 -> 2 t=4.45 leave=leave
RIDEAI sit n=2 phase=approach pos=-7.5,-19.2 ahead=8.17 lat=0.2 ang=0.6 along=8.2 gait=3 v=2.01 rein=0
RIDEAI sit n=2 phase=approach pos=-7.4,-17.0 ahead=5.93 lat=0.18 ang=0.6 along=5.9 gait=3 v=2.25 rein=0
RIDEAI sit n=2 phase=approach pos=-7.2,-14.2 ahead=3.13 lat=0.14 ang=0.6 along=3.1 gait=3 v=3.64 rein=0
RIDEAI ASK n=2 ahead=2.56 lat=0.12 ang=0.6 charge=1.0
RIDEAI fence 2 -> 3 t=8.98 leave=leave
RIDEAI sit n=3 phase=land pos=-5.6,-8.4 ahead=15.43 lat=12.44 ang=55.0 along=9.1 gait=3 v=3.09 rein=1
RIDEAI sit n=3 phase=land pos=-2.6,-7.9 ahead=8.99 lat=9.42 ang=92.8 along=8.7 gait=3 v=3.22 rein=0
RIDEAI sit n=3 phase=setup pos=1.0,-8.3 ahead=4.65 lat=5.78 ang=96.9 along=9.0 gait=3 v=4.64 rein=0
RIDEAI sit n=3 phase=setup pos=4.3,-8.7 ahead=0.72 lat=2.46 ang=100.4 along=9.4 gait=3 v=2.13 rein=0
RIDEAI sit n=3 phase=approach pos=7.2,-8.0 ahead=5.49 lat=0.36 ang=49.0 along=8.8 gait=3 v=2.85 rein=-1
RIDEAI sit n=3 phase=approach pos=7.7,-6.6 ahead=7.34 lat=0.9 ang=6.2 along=7.3 gait=3 v=1.8 rein=0
RIDEAI sit n=3 phase=approach pos=7.4,-3.7 ahead=4.44 lat=0.58 ang=6.2 along=4.4 gait=3 v=3.88 rein=0
RIDEAI ASK n=3 ahead=2.56 lat=0.1 ang=6.2 charge=1.0
RIDEAI fence 3 -> 4 t=17.74 leave=leave
RIDEAI sit n=4 phase=land pos=6.3,2.7 ahead=16.14 lat=14.38 ang=40.9 along=8.9 gait=3 v=3.09 rein=-1
RIDEAI sit n=4 phase=land pos=3.5,3.8 ahead=10.84 lat=11.58 ang=95.0 along=8.0 gait=3 v=3.09 rein=0
RIDEAI sit n=4 phase=setup pos=0.2,3.7 ahead=6.87 lat=8.28 ang=99.1 along=8.3 gait=3 v=3.87 rein=0
RIDEAI sit n=4 phase=setup pos=-4.6,3.3 ahead=1.7 lat=3.56 ang=101.4 along=9.0 gait=3 v=3.92 rein=-1
RIDEAI sit n=4 phase=approach pos=-7.4,3.1 ahead=2.36 lat=0.74 ang=80.1 along=9.4 gait=3 v=3.72 rein=1
RIDEAI sit n=4 phase=approach pos=-9.1,4.7 ahead=7.38 lat=1.04 ang=16.2 along=8.0 gait=3 v=1.34 rein=1
RIDEAI sit n=4 phase=approach pos=-8.7,6.6 ahead=6.14 lat=0.84 ang=9.4 along=6.1 gait=3 v=2.91 rein=0
RIDEAI ASK n=4 ahead=2.58 lat=0.16 ang=9.4 charge=1.0
RIDEAI fence 4 -> 5 t=26.63 leave=leave
RIDEAI sit n=5 phase=land pos=-7.2,13.0 ahead=14.61 lat=13.98 ang=14.4 along=11.5 gait=3 v=3.84 rein=1
RIDEAI sit n=5 phase=land pos=-5.1,15.2 ahead=13.81 lat=11.86 ang=75.7 along=9.3 gait=3 v=3.09 rein=1
RIDEAI sit n=5 phase=land pos=-1.9,15.3 ahead=8.87 lat=8.7 ang=88.9 along=9.2 gait=3 v=3.22 rein=0
RIDEAI sit n=5 phase=setup pos=2.1,15.1 ahead=4.06 lat=4.74 ang=94.0 along=9.4 gait=3 v=5.06 rein=0
RIDEAI sit n=5 phase=approach pos=5.1,14.8 ahead=1.19 lat=1.7 ang=93.0 along=9.7 gait=3 v=3.15 rein=-1
RIDEAI sit n=5 phase=approach pos=7.5,15.9 ahead=7.02 lat=0.68 ang=30.6 along=8.6 gait=3 v=2.42 rein=-1
RIDEAI sit n=5 phase=approach pos=7.6,17.7 ahead=6.88 lat=0.78 ang=6.2 along=6.8 gait=3 v=2.41 rein=0
RIDEAI sit n=5 phase=approach pos=7.2,21.1 ahead=3.46 lat=0.42 ang=6.2 along=3.4 gait=3 v=3.88 rein=0
RIDEAI ASK n=5 ahead=2.55 lat=0.04 ang=6.2 charge=1.0
RIDEAI fence 5 -> 6 t=35.31 leave=straight
RIDEAI sit n=6 phase=land pos=5.7,27.0 ahead=6.99 lat=5.54 ang=50.6 along=4.3 gait=3 v=3.09 rein=-1
RIDEAI sit n=6 phase=land pos=2.7,27.3 ahead=1.0 lat=2.62 ang=111.9 along=3.8 gait=3 v=3.09 rein=-1
RIDEAI come again n=6 rein=-1 pos=2.6,27.3
RIDEAI sit n=6 phase=again pos=1.7,25.9 ahead=-4.92 lat=1.58 ang=169.3 along=5.3 gait=3 v=2.49 rein=0
RIDEAI sit n=6 phase=again pos=1.1,22.2 ahead=-8.58 lat=0.9 ang=169.3 along=8.9 gait=3 v=4.79 rein=0
RIDEAI sit n=6 phase=approach pos=0.2,17.6 ahead=-11.49 lat=0.16 ang=147.1 along=13.6 gait=3 v=2.35 rein=1
RIDEAI sit n=6 phase=setup pos=-2.4,16.4 ahead=-1.54 lat=2.74 ang=85.3 along=14.6 gait=3 v=3.43 rein=1
RIDEAI sit n=6 phase=setup pos=-3.8,17.6 ahead=11.81 lat=4.16 ang=15.5 along=13.4 gait=3 v=2.58 rein=1
RIDEAI sit n=6 phase=setup pos=-3.0,20.3 ahead=9.33 lat=3.32 ang=50.9 along=10.7 gait=3 v=1.92 rein=1
RIDEAI sit n=6 phase=approach pos=-0.3,21.5 ahead=6.26 lat=0.6 ang=53.1 along=9.6 gait=3 v=3.14 rein=-1
RIDEAI sit n=6 phase=approach pos=0.3,23.0 ahead=8.12 lat=0.12 ang=2.9 along=8.1 gait=3 v=1.65 rein=0
RIDEAI sit n=6 phase=approach pos=0.4,25.7 ahead=5.36 lat=0.26 ang=2.9 along=5.4 gait=3 v=3.87 rein=0
RIDEAI ASK n=6 ahead=2.54 lat=0.26 ang=0.6 charge=1.0
RIDEAI fence 6 -> 7 t=48.24 leave=leave
RIDEAI sit n=7 phase=land pos=0.1,32.4 ahead=-9.61 lat=7.08 ang=163.1 along=12.2 gait=3 v=3.14 rein=-1
RIDEAI sit n=7 phase=land pos=-2.1,34.4 ahead=1.88 lat=4.88 ang=101.8 along=14.2 gait=3 v=3.09 rein=-1
RIDEAI sit n=7 phase=land pos=-4.9,33.4 ahead=11.39 lat=2.1 ang=40.6 along=13.2 gait=3 v=3.17 rein=-1
RIDEAI sit n=7 phase=approach pos=-6.1,29.3 ahead=9.09 lat=0.82 ang=12.0 along=9.1 gait=3 v=4.83 rein=0
RIDEAI sit n=7 phase=approach pos=-6.5,26.8 ahead=6.62 lat=0.42 ang=6.1 along=6.6 gait=3 v=2.68 rein=0
RIDEAI sit n=7 phase=approach pos=-6.9,23.2 ahead=3.05 lat=0.04 ang=6.1 along=3.1 gait=3 v=3.88 rein=0
RIDEAI ASK n=7 ahead=2.54 lat=0.06 ang=1.5 charge=1.0
RIDEAI fence 7 -> 8 t=55.05 leave=leave
RIDEAI sit n=8 phase=land pos=-6.0,17.2 ahead=30.61 lat=13.18 ang=28.4 along=27.7 gait=3 v=3.22 rein=0
RIDEAI sit n=8 phase=land pos=-4.6,14.3 ahead=27.39 lat=11.64 ang=28.4 along=24.8 gait=3 v=3.22 rein=0
RIDEAI sit n=8 phase=setup pos=-2.8,11.0 ahead=23.52 lat=9.76 ang=32.5 along=21.7 gait=3 v=4.68 rein=0
RIDEAI sit n=8 phase=setup pos=-0.1,6.4 ahead=18.13 lat=6.86 ang=32.5 along=17.1 gait=3 v=5.55 rein=0
RIDEAI sit n=8 phase=setup pos=2.8,1.9 ahead=11.28 lat=3.84 ang=48.5 along=12.7 gait=3 v=3.92 rein=-1
RIDEAI sit n=8 phase=setup pos=4.6,0.3 ahead=7.61 lat=2.0 ang=57.8 along=11.1 gait=3 v=2.89 rein=0
RIDEAI sit n=8 phase=approach pos=5.9,-2.1 ahead=8.83 lat=0.68 ang=7.4 along=8.8 gait=3 v=1.59 rein=0
RIDEAI sit n=8 phase=approach pos=6.1,-4.7 ahead=6.16 lat=0.32 ang=7.4 along=6.2 gait=3 v=3.75 rein=0
RIDEAI ASK n=8 ahead=2.55 lat=0.18 ang=3.9 charge=1.0
RIDEAI fence 8 -> 9 t=65.27 leave=leave
RIDECERT trace E:/Workspace/Madison/game/../dist/traces/hk_beg_039_clear.jsonl n=73
RIDECERT hk_beg_039 style=clear success=true faults=0 jumped=8/8 t=70.74 teleported=false complete=true refused=[] rail_fences=[] rail_air=[] conf=91.0 scope=84.5
RIDECERT round hk_beg_004 class=beginner seed=2 jo=false style=clear
RIDEAI sit n=1 phase=approach pos=6.9,-31.6 ahead=6.44 lat=0.18 ang=4.1 along=6.4 gait=3 v=2.49 rein=0
RIDEAI sit n=1 phase=approach pos=7.1,-28.1 ahead=2.97 lat=0.06 ang=4.1 along=3.0 gait=3 v=3.88 rein=0
RIDEAI ASK n=1 ahead=2.53 lat=0.16 ang=1.7 charge=1.0
RIDEAI fence 1 -> 2 t=3.54 leave=straight
RIDEAI sit n=2 phase=land pos=6.1,-22.3 ahead=15.73 lat=13.88 ang=54.2 along=7.6 gait=3 v=3.09 rein=-1
RIDEAI sit n=2 phase=land pos=3.2,-21.8 ahead=9.6 lat=10.9 ang=99.1 along=7.3 gait=3 v=3.22 rein=0
RIDEAI sit n=2 phase=setup pos=-0.5,-22.3 ahead=5.23 lat=7.26 ang=103.2 along=8.0 gait=3 v=4.71 rein=0
RIDEAI sit n=2 phase=setup pos=-5.0,-23.1 ahead=0.68 lat=2.82 ang=103.2 along=9.1 gait=3 v=2.0 rein=0
RIDEAI sit n=2 phase=approach pos=-7.9,-23.1 ahead=3.43 lat=0.12 ang=67.4 along=9.2 gait=3 v=2.57 rein=1
RIDEAI sit n=2 phase=approach pos=-9.0,-21.5 ahead=7.58 lat=1.28 ang=3.1 along=7.7 gait=3 v=1.34 rein=1
RIDEAI sit n=2 phase=approach pos=-8.5,-19.3 ahead=5.51 lat=0.84 ang=12.0 along=5.5 gait=3 v=3.33 rein=0
RIDEAI ASK n=2 ahead=2.54 lat=0.0 ang=7.4 charge=1.0
RIDEAI fence 2 -> 3 t=12.61 leave=straight
RIDEAI sit n=3 phase=land pos=-7.1,-12.8 ahead=15.45 lat=14.54 ang=24.8 along=10.3 gait=3 v=3.29 rein=1
RIDEAI sit n=3 phase=land pos=-4.7,-11.0 ahead=12.67 lat=12.1 ang=86.0 along=8.7 gait=3 v=3.09 rein=1
RIDEAI sit n=3 phase=land pos=-1.5,-11.0 ahead=8.58 lat=8.92 ang=92.2 along=8.8 gait=3 v=3.22 rein=0
RIDEAI sit n=3 phase=setup pos=0.6,-11.1 ahead=5.71 lat=6.78 ang=96.5 along=9.0 gait=3 v=2.32 rein=0
RIDEAI sit n=3 phase=setup pos=3.9,-11.4 ahead=2.44 lat=3.52 ang=96.5 along=9.3 gait=3 v=3.88 rein=0
RIDEAI sit n=3 phase=around pos=6.5,-11.5 ahead=3.03 lat=0.94 ang=77.1 along=9.5 gait=3 v=3.15 rein=-1
RIDEAI sit n=3 phase=approach pos=8.4,-9.8 ahead=7.5 lat=1.0 ang=13.0 along=7.9 gait=3 v=1.34 rein=-1
RIDEAI sit n=3 phase=approach pos=8.1,-7.8 ahead=6.02 lat=0.8 ang=7.9 along=6.0 gait=3 v=2.98 rein=0
RIDEAI ASK n=3 ahead=2.57 lat=0.02 ang=7.9 charge=1.0
RIDEAI fence 3 -> 4 t=22.18 leave=leave
RIDEAI sit n=4 phase=approach pos=6.9,-1.3 ahead=6.9 lat=0.1 ang=4.4 along=6.9 gait=3 v=3.55 rein=1
RIDEAI sit n=4 phase=approach pos=6.8,0.7 ahead=4.92 lat=0.14 ang=1.0 along=4.9 gait=3 v=2.25 rein=0
RIDEAI sit n=4 phase=approach pos=6.7,2.9 ahead=2.66 lat=0.18 ang=1.0 along=2.7 gait=3 v=2.25 rein=0
RIDEAI ASK n=4 ahead=2.59 lat=0.22 ang=1.0 charge=1.0
RIDEAI fence 4 -> 5 t=25.71 leave=leave
RIDEAI sit n=5 phase=land pos=4.9,8.9 ahead=17.28 lat=13.34 ang=66.0 along=12.5 gait=3 v=3.09 rein=-1
RIDEAI sit n=5 phase=land pos=1.9,10.0 ahead=12.92 lat=10.28 ang=75.2 along=11.7 gait=3 v=3.22 rein=0
RIDEAI sit n=5 phase=setup pos=-1.7,11.1 ahead=8.42 lat=6.52 ang=79.3 along=10.9 gait=3 v=4.91 rein=0
RIDEAI sit n=5 phase=setup pos=-5.7,12.1 ahead=3.77 lat=2.5 ang=82.8 along=10.2 gait=3 v=2.12 rein=0
RIDEAI sit n=5 phase=approach pos=-8.1,13.6 ahead=7.29 lat=0.08 ang=33.7 along=8.8 gait=3 v=2.15 rein=1
RIDEAI sit n=5 phase=approach pos=-8.3,15.3 ahead=7.19 lat=0.32 ang=0.8 along=7.2 gait=3 v=2.38 rein=0
RIDEAI sit n=5 phase=approach pos=-8.0,18.6 ahead=3.84 lat=0.36 ang=0.8 along=3.8 gait=3 v=3.88 rein=0
RIDEAI ASK n=5 ahead=2.56 lat=0.24 ang=2.7 charge=1.0
RIDEAI fence 5 -> 6 t=34.42 leave=leave
RIDEAI sit n=6 phase=land pos=-6.6,24.7 ahead=7.97 lat=6.6 ang=47.1 along=4.6 gait=3 v=3.09 rein=1
RIDEAI sit n=6 phase=land pos=-3.7,25.3 ahead=2.27 lat=3.72 ang=108.4 along=4.0 gait=3 v=3.09 rein=1
RIDEAI sit n=6 phase=approach pos=-1.5,23.0 ahead=-3.73 lat=1.5 ang=138.5 along=6.3 gait=3 v=3.45 rein=-1
RIDEAI sit n=6 phase=approach pos=0.8,22.4 ahead=0.84 lat=0.78 ang=76.6 along=6.9 gait=3 v=3.34 rein=-1
RIDEAI sit n=6 phase=setup pos=3.1,23.4 ahead=-3.0 lat=3.06 ang=89.4 along=6.0 gait=3 v=2.28 rein=1
RIDEAI sit n=6 phase=setup pos=5.5,21.9 ahead=-9.2 lat=5.54 ang=151.8 along=7.5 gait=3 v=1.92 rein=1
RIDEAI sit n=6 phase=setup pos=5.2,19.3 ahead=-5.57 lat=5.22 ang=146.9 along=10.1 gait=3 v=3.83 rein=1
RIDEAI sit n=6 phase=setup pos=3.1,18.2 ahead=4.1 lat=3.06 ang=84.5 along=11.1 gait=3 v=3.11 rein=1
RIDEAI sit n=6 phase=approach pos=0.7,19.6 ahead=9.01 lat=0.74 ang=27.2 along=9.8 gait=3 v=2.38 rein=1
RIDEAI sit n=6 phase=approach pos=0.5,21.3 ahead=8.01 lat=0.46 ang=6.2 along=8.0 gait=3 v=2.52 rein=0
RIDEAI sit n=6 phase=approach pos=0.1,24.8 ahead=4.52 lat=0.08 ang=6.2 along=4.5 gait=3 v=3.88 rein=0
RIDEAI ASK n=6 ahead=2.53 lat=0.16 ang=2.7 charge=1.0
RIDEAI fence 6 -> 7 t=47.02 leave=leave
RIDEAI sit n=7 phase=land pos=-0.6,31.2 ahead=-15.17 lat=5.06 ang=145.8 along=21.8 gait=3 v=3.09 rein=-1
RIDEAI sit n=7 phase=land pos=-3.2,32.6 ahead=4.57 lat=2.4 ang=84.5 along=23.0 gait=3 v=3.09 rein=-1
RIDEAI sit n=7 phase=around pos=-5.7,30.9 ahead=19.46 lat=0.0 ang=23.3 along=21.2 gait=3 v=3.67 rein=-1
RIDEAI sit n=7 phase=around pos=-5.7,28.4 ahead=17.17 lat=0.18 ang=22.8 along=18.7 gait=3 v=2.91 rein=0
RIDEAI sit n=7 phase=approach pos=-4.3,24.6 ahead=14.0 lat=1.7 ang=14.6 along=14.9 gait=3 v=5.21 rein=1
RIDEAI sit n=7 phase=approach pos=-4.9,19.2 ahead=9.62 lat=1.38 ang=6.8 along=9.5 gait=3 v=5.55 rein=0
RIDEAI sit n=7 phase=approach pos=-5.4,16.2 ahead=6.64 lat=1.04 ang=6.8 along=6.6 gait=3 v=2.45 rein=0
RIDEAI sit n=7 phase=approach pos=-6.1,12.9 ahead=3.19 lat=0.5 ang=10.3 along=3.2 gait=3 v=3.88 rein=0
RIDEAI ASK n=7 ahead=2.55 lat=0.08 ang=10.3 charge=1.0
RIDEAI fence 7 -> 8 t=56.08 leave=leave
RIDEAI sit n=8 phase=land pos=-6.4,6.8 ahead=19.98 lat=9.54 ang=32.3 along=17.6 gait=3 v=3.09 rein=-1
RIDEAI sit n=8 phase=land pos=-4.0,4.8 ahead=15.76 lat=7.28 ang=47.6 along=15.4 gait=3 v=3.22 rein=0
RIDEAI sit n=8 phase=setup pos=-1.0,2.7 ahead=11.48 lat=4.48 ang=52.7 along=13.1 gait=3 v=4.6 rein=0
RIDEAI sit n=8 phase=setup pos=1.3,1.2 ahead=8.59 lat=2.28 ang=53.7 along=11.4 gait=3 v=3.26 rein=-1
RIDEAI sit n=8 phase=approach pos=2.9,-0.7 ahead=9.41 lat=0.88 ang=9.4 along=9.4 gait=3 v=2.4 rein=0
RIDEAI sit n=8 phase=approach pos=3.3,-2.4 ahead=7.58 lat=0.58 ang=9.4 along=7.6 gait=3 v=2.6 rein=0
RIDEAI sit n=8 phase=approach pos=4.0,-5.9 ahead=4.07 lat=0.16 ang=5.9 along=4.1 gait=3 v=3.88 rein=0
RIDEAI ASK n=8 ahead=2.59 lat=0.1 ang=2.4 charge=1.0
RIDEAI fence 8 -> 9 t=64.71 leave=leave
RIDECERT trace E:/Workspace/Madison/game/../dist/traces/hk_beg_004_clear.jsonl n=73
RIDECERT hk_beg_004 style=clear success=true faults=0 jumped=8/8 t=70.31 teleported=false complete=true refused=[] rail_fences=[] rail_air=[] conf=91.0 scope=84.5
RIDECERT round hk_beg_034 class=beginner seed=3 jo=false style=clear
RIDEAI sit n=1 phase=approach pos=7.9,-30.6 ahead=8.58 lat=0.0 ang=3.7 along=8.6 gait=3 v=1.48 rein=-1
RIDEAI sit n=1 phase=approach pos=8.0,-28.3 ahead=6.37 lat=0.1 ang=2.6 along=6.4 gait=3 v=3.29 rein=0
RIDEAI sit n=1 phase=approach pos=8.1,-24.5 ahead=2.58 lat=0.24 ang=2.1 along=2.6 gait=3 v=3.88 rein=0
RIDEAI ASK n=1 ahead=2.58 lat=0.14 ang=2.1 charge=1.0
RIDEAI fence 1 -> 2 t=4.43 leave=
RIDEAI sit n=2 phase=land pos=6.4,-19.0 ahead=14.89 lat=15.04 ang=66.3 along=2.8 gait=3 v=3.09 rein=-1
RIDEAI sit n=2 phase=land pos=3.4,-19.1 ahead=9.71 lat=12.06 ang=114.3 along=3.1 gait=3 v=3.22 rein=0
RIDEAI come again n=2 rein=-1 pos=2.4,-19.5
RIDEAI sit n=2 phase=again pos=1.5,-20.2 ahead=2.98 lat=10.2 ang=141.2 along=4.4 gait=3 v=1.84 rein=1
RIDEAI sit n=2 phase=again pos=-0.6,-22.4 ahead=-0.03 lat=8.32 ang=141.2 along=6.7 gait=3 v=4.14 rein=0
RIDEAI sit n=2 phase=again pos=-4.0,-26.2 ahead=-5.16 lat=5.1 ang=141.2 along=10.7 gait=3 v=5.55 rein=0
RIDEAI sit n=2 phase=setup pos=-7.2,-28.3 ahead=1.25 lat=2.08 ang=93.6 along=13.1 gait=3 v=2.42 rein=1
RIDEAI sit n=2 phase=approach pos=-9.7,-26.9 ahead=9.85 lat=0.46 ang=31.2 along=11.8 gait=3 v=1.92 rein=1
RIDEAI sit n=2 phase=approach pos=-9.8,-24.1 ahead=9.07 lat=0.74 ang=0.5 along=9.1 gait=3 v=2.72 rein=0
RIDEAI sit n=2 phase=approach pos=-9.6,-22.1 ahead=7.08 lat=0.68 ang=4.0 along=7.1 gait=3 v=2.83 rein=0
RIDEAI sit n=2 phase=approach pos=-9.1,-18.5 ahead=3.43 lat=0.44 ang=4.0 along=3.4 gait=3 v=3.88 rein=0
RIDEAI ASK n=2 ahead=2.53 lat=0.2 ang=4.0 charge=1.0
RIDEAI fence 2 -> 3 t=16.07 leave=leave
RIDEAI sit n=3 phase=land pos=-7.3,-12.6 ahead=17.07 lat=15.2 ang=53.9 along=8.1 gait=3 v=3.09 rein=1
RIDEAI sit n=3 phase=land pos=-4.3,-12.0 ahead=11.24 lat=12.22 ang=96.8 along=7.5 gait=3 v=3.09 rein=0
RIDEAI sit n=3 phase=setup pos=-0.8,-12.5 ahead=7.04 lat=8.72 ang=100.9 along=8.0 gait=3 v=4.45 rein=0
RIDEAI sit n=3 phase=setup pos=4.2,-13.5 ahead=1.86 lat=3.62 ang=100.9 along=9.0 gait=3 v=4.21 rein=0
RIDEAI sit n=3 phase=approach pos=7.1,-13.9 ahead=2.03 lat=0.82 ang=82.5 along=9.4 gait=3 v=3.65 rein=-1
RIDEAI sit n=3 phase=approach pos=9.0,-12.5 ahead=7.21 lat=1.1 ang=19.1 along=8.0 gait=3 v=1.64 rein=-1
RIDEAI sit n=3 phase=approach pos=8.8,-10.7 ahead=6.26 lat=0.92 ang=10.0 along=6.2 gait=3 v=2.79 rein=0
RIDEAI sit n=3 phase=approach pos=8.2,-7.1 ahead=2.62 lat=0.28 ang=10.0 along=2.6 gait=3 v=3.88 rein=0
RIDEAI ASK n=3 ahead=2.56 lat=0.16 ang=10.0 charge=1.0
RIDEAI fence 3 -> 4 t=25.26 leave=leave
RIDEAI sit n=4 phase=approach pos=7.5,-1.9 ahead=8.23 lat=0.34 ang=1.8 along=8.2 gait=3 v=1.94 rein=0
RIDEAI sit n=4 phase=approach pos=7.5,0.4 ahead=6.0 lat=0.42 ang=1.8 along=6.0 gait=3 v=2.25 rein=0
RIDEAI sit n=4 phase=approach pos=7.5,3.2 ahead=3.2 lat=0.38 ang=1.7 along=3.2 gait=3 v=3.68 rein=0
RIDEAI ASK n=4 ahead=2.56 lat=0.3 ang=1.7 charge=1.0
RIDEAI fence 4 -> 5 t=29.84 leave=leave
RIDEAI sit n=5 phase=approach pos=7.6,8.7 ahead=8.48 lat=0.22 ang=1.7 along=8.5 gait=3 v=1.67 rein=0
RIDEAI sit n=5 phase=approach pos=7.7,10.9 ahead=6.29 lat=0.16 ang=1.7 along=6.3 gait=3 v=2.25 rein=0
RIDEAI sit n=5 phase=approach pos=7.8,13.5 ahead=3.67 lat=0.08 ang=1.7 along=3.7 gait=3 v=3.34 rein=0
RIDEAI ASK n=5 ahead=2.56 lat=0.02 ang=1.7 charge=1.0
RIDEAI fence 5 -> 6 t=34.38 leave=straight
RIDEAI sit n=6 phase=land pos=7.2,19.6 ahead=12.54 lat=6.88 ang=38.5 along=10.5 gait=3 v=3.09 rein=-1
RIDEAI sit n=6 phase=land pos=4.4,20.6 ahead=3.86 lat=4.12 ang=91.6 along=9.5 gait=3 v=3.09 rein=0
RIDEAI sit n=6 phase=approach pos=1.1,20.6 ahead=3.65 lat=0.82 ang=72.2 along=9.4 gait=3 v=2.57 rein=1
RIDEAI sit n=6 phase=approach pos=-0.3,22.1 ahead=7.68 lat=0.54 ang=8.7 along=7.8 gait=3 v=1.34 rein=1
RIDEAI sit n=6 phase=approach pos=-0.3,24.2 ahead=5.77 lat=0.5 ang=1.8 along=5.8 gait=3 v=3.14 rein=0
RIDEAI ASK n=6 ahead=2.58 lat=0.3 ang=1.8 charge=1.0
RIDEAI fence 6 -> 7 t=41.35 leave=leave
RIDEAI sit n=7 phase=land pos=-0.3,30.9 ahead=-11.03 lat=7.22 ang=171.2 along=12.3 gait=3 v=3.49 rein=-1
RIDEAI sit n=7 phase=land pos=-2.2,33.2 ahead=0.04 lat=5.34 ang=110.0 along=14.6 gait=3 v=3.09 rein=-1
RIDEAI sit n=7 phase=land pos=-5.1,32.7 ahead=11.06 lat=2.44 ang=48.7 along=14.0 gait=3 v=3.09 rein=-1
RIDEAI sit n=7 phase=approach pos=-6.6,28.9 ahead=10.24 lat=1.02 ang=12.0 along=10.2 gait=3 v=5.2 rein=0
RIDEAI sit n=7 phase=approach pos=-7.2,25.7 ahead=6.99 lat=0.42 ang=6.1 along=7.0 gait=3 v=2.41 rein=0
RIDEAI sit n=7 phase=approach pos=-7.6,22.4 ahead=3.71 lat=0.08 ang=6.1 along=3.7 gait=3 v=3.88 rein=0
RIDEAI ASK n=7 ahead=2.56 lat=0.12 ang=2.7 charge=1.0
RIDEAI fence 7 -> 8 t=48.22 leave=leave
RIDEAI sit n=8 phase=land pos=-7.3,16.2 ahead=33.26 lat=13.62 ang=29.4 along=30.5 gait=3 v=3.22 rein=0
RIDEAI sit n=8 phase=land pos=-5.9,13.3 ahead=30.04 lat=12.04 ang=29.4 along=27.7 gait=3 v=3.22 rein=0
RIDEAI sit n=8 phase=setup pos=-4.3,10.2 ahead=26.28 lat=10.32 ang=33.4 along=24.7 gait=3 v=4.29 rein=-1
RIDEAI sit n=8 phase=setup pos=-1.7,5.7 ahead=21.06 lat=7.46 ang=33.4 along=20.3 gait=3 v=5.55 rein=0
RIDEAI sit n=8 phase=setup pos=1.1,0.9 ahead=15.51 lat=4.4 ang=33.4 along=15.7 gait=3 v=5.55 rein=0
RIDEAI sit n=8 phase=setup pos=3.3,-2.5 ahead=11.09 lat=2.08 ang=37.9 along=12.4 gait=3 v=2.23 rein=0
RIDEAI sit n=8 phase=approach pos=4.0,-5.2 ahead=9.73 lat=1.18 ang=13.5 along=9.7 gait=3 v=3.92 rein=0
RIDEAI sit n=8 phase=approach pos=4.4,-7.5 ahead=7.53 lat=0.7 ang=7.7 along=7.5 gait=3 v=2.41 rein=0
RIDEAI sit n=8 phase=approach pos=4.7,-10.9 ahead=4.13 lat=0.24 ang=7.7 along=4.1 gait=3 v=3.88 rein=0
RIDEAI ASK n=8 ahead=2.59 lat=0.1 ang=4.2 charge=1.0
RIDEAI fence 8 -> 9 t=58.73 leave=leave
RIDECERT trace E:/Workspace/Madison/game/../dist/traces/hk_beg_034_clear.jsonl n=66
RIDECERT hk_beg_034 style=clear success=true faults=0 jumped=8/8 t=63.43 teleported=false complete=true refused=[] rail_fences=[] rail_air=[] conf=91.0 scope=84.5
RIDECERT round hk_beg_007 class=beginner seed=4 jo=false style=clear
RIDEAI sit n=1 phase=approach pos=8.2,-30.6 ahead=7.97 lat=0.14 ang=4.2 along=8.0 gait=3 v=1.34 rein=0
RIDEAI sit n=1 phase=approach pos=8.3,-28.4 ahead=5.68 lat=0.02 ang=4.2 along=5.7 gait=3 v=3.37 rein=0
RIDEAI ASK n=1 ahead=2.58 lat=0.2 ang=0.7 charge=1.0
RIDEAI fence 1 -> 2 t=4.23 leave=straight
RIDEAI sit n=2 phase=land pos=8.5,-21.6 ahead=8.82 lat=15.94 ang=13.5 along=5.2 gait=3 v=3.39 rein=-1
RIDEAI sit n=2 phase=land pos=6.5,-19.4 ahead=14.21 lat=13.88 ang=74.7 along=3.1 gait=3 v=3.09 rein=-1
RIDEAI sit n=2 phase=land pos=3.5,-19.8 ahead=8.35 lat=10.9 ang=114.6 along=3.8 gait=3 v=3.22 rein=0
RIDEAI come again n=2 rein=-1 pos=3.1,-20.0
RIDEAI sit n=2 phase=again pos=1.9,-21.0 ahead=1.84 lat=9.36 ang=141.5 along=5.1 gait=3 v=2.26 rein=0
RIDEAI sit n=2 phase=again pos=-0.4,-23.6 ahead=-1.59 lat=7.22 ang=141.5 along=7.8 gait=3 v=4.56 rein=0
RIDEAI sit n=2 phase=again pos=-4.0,-27.5 ahead=-6.94 lat=3.88 ang=141.5 along=12.0 gait=3 v=5.55 rein=0
RIDEAI sit n=2 phase=approach pos=-6.8,-28.5 ahead=3.58 lat=1.2 ang=79.5 along=13.2 gait=3 v=3.11 rein=1
RIDEAI sit n=2 phase=approach pos=-8.8,-26.8 ahead=10.78 lat=0.88 ang=17.1 along=11.5 gait=3 v=2.38 rein=1
RIDEAI sit n=2 phase=approach pos=-8.6,-23.8 ahead=8.63 lat=0.88 ang=2.3 along=8.6 gait=3 v=1.4 rein=0
RIDEAI sit n=2 phase=approach pos=-8.3,-21.6 ahead=6.4 lat=0.74 ang=5.8 along=6.4 gait=3 v=3.29 rein=0
RIDEAI sit n=2 phase=approach pos=-7.6,-17.8 ahead=2.59 lat=0.36 ang=5.8 along=2.6 gait=3 v=3.88 rein=0
RIDEAI ASK n=2 ahead=2.59 lat=0.1 ang=5.8 charge=1.0
RIDEAI fence 2 -> 3 t=15.83 leave=leave
RIDEAI sit n=3 phase=approach pos=-7.0,-12.8 ahead=7.86 lat=0.6 ang=0.2 along=7.9 gait=3 v=2.25 rein=0
RIDEAI sit n=3 phase=approach pos=-6.9,-10.5 ahead=5.63 lat=0.54 ang=3.3 along=5.6 gait=3 v=2.25 rein=0
RIDEAI sit n=3 phase=approach pos=-6.9,-7.7 ahead=2.79 lat=0.38 ang=3.3 along=2.8 gait=3 v=3.72 rein=0
RIDEAI ASK n=3 ahead=2.53 lat=0.22 ang=3.3 charge=1.0
RIDEAI fence 3 -> 4 t=20.31 leave=leave
RIDEAI sit n=4 phase=approach pos=-6.9,-2.4 ahead=8.24 lat=0.06 ang=3.3 along=8.2 gait=3 v=1.94 rein=0
RIDEAI sit n=4 phase=approach pos=-6.9,-0.1 ahead=6.0 lat=0.06 ang=3.3 along=6.0 gait=3 v=2.25 rein=0
RIDEAI sit n=4 phase=approach pos=-6.8,2.6 ahead=3.27 lat=0.22 ang=0.9 along=3.3 gait=3 v=3.57 rein=1
RIDEAI ASK n=4 ahead=2.58 lat=0.2 ang=0.2 charge=1.0
RIDEAI fence 4 -> 5 t=24.85 leave=leave
RIDEAI sit n=5 phase=land pos=-5.4,8.5 ahead=15.78 lat=13.74 ang=52.7 along=8.0 gait=3 v=3.09 rein=1
RIDEAI sit n=5 phase=land pos=-2.5,8.9 ahead=9.68 lat=10.78 ang=97.6 along=7.6 gait=3 v=3.22 rein=0
RIDEAI sit n=5 phase=setup pos=1.1,8.3 ahead=5.4 lat=7.2 ang=101.7 along=8.2 gait=3 v=4.56 rein=0
RIDEAI sit n=5 phase=setup pos=5.5,7.4 ahead=0.34 lat=2.82 ang=105.2 along=9.1 gait=3 v=1.77 rein=0
RIDEAI sit n=5 phase=approach pos=8.3,7.4 ahead=3.57 lat=0.02 ang=66.8 along=9.1 gait=3 v=3.44 rein=-1
RIDEAI sit n=5 phase=approach pos=9.5,8.9 ahead=7.61 lat=1.18 ang=1.8 along=7.7 gait=3 v=1.34 rein=-1
RIDEAI sit n=5 phase=approach pos=9.1,11.1 ahead=5.45 lat=0.78 ang=11.0 along=5.4 gait=3 v=3.37 rein=0
RIDEAI ASK n=5 ahead=2.54 lat=0.04 ang=6.3 charge=1.0
RIDEAI fence 5 -> 6 t=33.84 leave=straight
RIDEAI sit n=6 phase=land pos=8.1,17.7 ahead=13.42 lat=8.26 ang=20.3 along=11.3 gait=3 v=3.24 rein=-1
RIDEAI sit n=6 phase=land pos=5.8,19.6 ahead=7.27 lat=5.94 ang=81.5 along=9.4 gait=3 v=3.09 rein=-1
RIDEAI sit n=6 phase=land pos=2.7,19.6 ahead=2.48 lat=2.78 ang=91.8 along=9.5 gait=3 v=3.22 rein=0
RIDEAI sit n=6 phase=approach pos=0.0,19.9 ahead=5.75 lat=0.16 ang=52.0 along=9.1 gait=3 v=2.49 rein=1
RIDEAI sit n=6 phase=approach pos=-0.9,21.9 ahead=7.19 lat=0.78 ang=5.1 along=7.1 gait=3 v=1.69 rein=0
RIDEAI sit n=6 phase=approach pos=-0.6,24.7 ahead=4.39 lat=0.52 ang=5.1 along=4.4 gait=3 v=3.88 rein=0
RIDEAI ASK n=6 ahead=2.58 lat=0.14 ang=5.1 charge=1.0
RIDEAI fence 6 -> 7 t=40.96 leave=leave
RIDEAI sit n=7 phase=land pos=-0.4,31.2 ahead=-12.35 lat=5.6 ang=152.4 along=16.9 gait=3 v=3.09 rein=-1
RIDEAI sit n=7 phase=land pos=-2.8,32.8 ahead=2.73 lat=3.08 ang=91.1 along=18.4 gait=3 v=3.09 rein=-1
RIDEAI sit n=7 phase=approach pos=-5.5,31.3 ahead=14.84 lat=0.48 ang=29.9 along=16.8 gait=3 v=3.78 rein=-1
RIDEAI sit n=7 phase=approach pos=-6.3,26.5 ahead=12.02 lat=0.2 ang=3.3 along=12.0 gait=3 v=5.55 rein=0
RIDEAI sit n=7 phase=approach pos=-6.7,22.1 ahead=7.68 lat=0.42 ang=1.3 along=7.7 gait=3 v=1.96 rein=0
RIDEAI sit n=7 phase=approach pos=-6.7,19.4 ahead=4.91 lat=0.36 ang=1.3 along=4.9 gait=3 v=3.75 rein=0
RIDEAI ASK n=7 ahead=2.58 lat=0.24 ang=1.3 charge=1.0
RIDEAI fence 7 -> 8 t=48.51 leave=leave
RIDEAI sit n=8 phase=land pos=-6.5,12.8 ahead=11.66 lat=11.86 ang=20.9 along=8.0 gait=3 v=3.09 rein=-1
RIDEAI sit n=8 phase=land pos=-4.1,11.1 ahead=10.29 lat=9.54 ang=82.1 along=6.1 gait=3 v=3.09 rein=-1
RIDEAI sit n=8 phase=setup pos=-1.1,11.9 ahead=3.63 lat=6.5 ang=110.7 along=6.9 gait=3 v=3.6 rein=-1
RIDEAI sit n=8 phase=setup pos=2.1,13.5 ahead=-0.45 lat=3.2 ang=113.8 along=8.4 gait=3 v=2.07 rein=0
RIDEAI sit n=8 phase=approach pos=4.2,14.4 ahead=1.77 lat=1.12 ang=85.8 along=9.1 gait=3 v=1.46 rein=1
RIDEAI sit n=8 phase=approach pos=5.9,12.9 ahead=6.99 lat=0.58 ang=18.3 along=7.6 gait=3 v=2.31 rein=1
RIDEAI sit n=8 phase=approach pos=6.0,11.0 ahead=5.67 lat=0.54 ang=3.8 along=5.6 gait=3 v=2.83 rein=0
RIDEAI ASK n=8 ahead=2.54 lat=0.18 ang=3.8 charge=1.0
RIDEAI fence 8 -> 9 t=57.2 leave=leave
RIDECERT trace E:/Workspace/Madison/game/../dist/traces/hk_beg_007_clear.jsonl n=68
RIDECERT hk_beg_007 style=clear success=true faults=0 jumped=8/8 t=65.52 teleported=false complete=true refused=[] rail_fences=[] rail_air=[] conf=91.0 scope=84.5
RIDECERT round hk_beg_033 class=beginner seed=5 jo=false style=clear
RIDEAI sit n=1 phase=approach pos=8.6,-30.5 ahead=8.13 lat=0.12 ang=3.7 along=8.1 gait=3 v=1.48 rein=-1
RIDEAI sit n=1 phase=approach pos=8.7,-28.3 ahead=5.9 lat=0.02 ang=3.7 along=5.9 gait=3 v=3.29 rein=0
RIDEAI ASK n=1 ahead=2.56 lat=0.2 ang=0.2 charge=1.0
RIDEAI fence 1 -> 2 t=4.29 leave=
RIDEAI sit n=2 phase=approach pos=8.9,-21.6 ahead=6.51 lat=0.2 ang=0.2 along=6.5 gait=3 v=3.12 rein=0
RIDEAI sit n=2 phase=approach pos=8.9,-19.7 ahead=4.55 lat=0.2 ang=0.2 along=4.5 gait=3 v=2.25 rein=0
RIDEAI ASK n=2 ahead=2.56 lat=0.22 ang=0.2 charge=1.0
RIDEAI fence 2 -> 3 t=7.71 leave=leave
RIDEAI sit n=3 phase=approach pos=8.9,-14.3 ahead=9.99 lat=0.22 ang=0.2 along=10.0 gait=3 v=3.59 rein=0
RIDEAI sit n=3 phase=approach pos=8.9,-12.2 ahead=7.91 lat=0.24 ang=0.2 along=7.9 gait=3 v=2.25 rein=0
RIDEAI sit n=3 phase=approach pos=8.9,-10.0 ahead=5.65 lat=0.24 ang=0.2 along=5.7 gait=3 v=2.25 rein=0
RIDEAI sit n=3 phase=approach pos=9.0,-6.9 ahead=2.62 lat=0.26 ang=0.2 along=2.6 gait=3 v=3.88 rein=0
RIDEAI ASK n=3 ahead=2.56 lat=0.26 ang=0.2 charge=1.0
RIDEAI fence 3 -> 4 t=12.25 leave=leave
RIDEAI sit n=4 phase=land pos=7.5,-1.3 ahead=17.63 lat=14.86 ang=63.0 along=9.7 gait=3 v=3.09 rein=-1
RIDEAI sit n=4 phase=land pos=4.5,-0.7 ahead=12.0 lat=11.76 ang=88.5 along=9.3 gait=3 v=3.22 rein=0
RIDEAI sit n=4 phase=setup pos=0.6,-0.5 ahead=7.45 lat=7.88 ang=92.6 along=9.3 gait=3 v=4.94 rein=0
RIDEAI sit n=4 phase=setup pos=-4.3,-0.4 ahead=2.55 lat=2.98 ang=92.6 along=9.6 gait=3 v=2.49 rein=0
RIDEAI sit n=4 phase=approach pos=-7.2,0.1 ahead=4.56 lat=0.12 ang=61.3 along=9.3 gait=3 v=3.29 rein=1
RIDEAI sit n=4 phase=approach pos=-8.0,1.7 ahead=7.83 lat=0.84 ang=4.3 along=7.8 gait=3 v=1.34 rein=1
RIDEAI sit n=4 phase=approach pos=-7.6,4.1 ahead=5.37 lat=0.62 ang=5.4 along=5.3 gait=3 v=3.56 rein=0
RIDEAI ASK n=4 ahead=2.54 lat=0.1 ang=5.4 charge=1.0
RIDEAI fence 4 -> 5 t=21.39 leave=leave
RIDEAI sit n=5 phase=land pos=-6.4,10.7 ahead=13.59 lat=15.08 ang=24.8 along=8.0 gait=3 v=3.14 rein=1
RIDEAI sit n=5 phase=land pos=-3.9,12.3 ahead=13.05 lat=12.64 ang=86.0 along=6.4 gait=3 v=3.09 rein=1
RIDEAI sit n=5 phase=land pos=-0.8,11.8 ahead=7.83 lat=9.54 ang=102.4 along=6.9 gait=3 v=3.3 rein=0
RIDEAI sit n=5 phase=setup pos=3.5,10.5 ahead=2.72 lat=5.24 ang=106.5 along=8.2 gait=3 v=5.55 rein=0
RIDEAI sit n=5 phase=approach pos=6.8,9.5 ahead=-1.24 lat=1.94 ang=109.5 along=9.2 gait=3 v=2.92 rein=-1
RIDEAI sit n=5 phase=approach pos=9.4,9.9 ahead=5.43 lat=0.74 ang=47.1 along=8.8 gait=3 v=2.19 rein=-1
RIDEAI sit n=5 phase=approach pos=10.0,11.6 ahead=7.16 lat=1.32 ang=14.2 along=7.0 gait=3 v=1.88 rein=0
RIDEAI sit n=5 phase=approach pos=9.3,14.5 ahead=4.2 lat=0.58 ang=11.9 along=4.2 gait=3 v=3.88 rein=1
RIDEAI ASK n=5 ahead=2.59 lat=0.12 ang=9.5 charge=1.0
RIDEAI fence 5 -> 6 t=30.5 leave=straight
RIDEAI sit n=6 phase=land pos=7.6,21.1 ahead=12.42 lat=7.86 ang=45.6 along=9.7 gait=3 v=3.09 rein=-1
RIDEAI sit n=6 phase=land pos=4.8,21.9 ahead=3.92 lat=5.0 ang=96.6 along=9.0 gait=3 v=3.17 rein=0
RIDEAI sit n=6 phase=approach pos=1.5,21.5 ahead=0.13 lat=1.68 ang=99.3 along=9.5 gait=3 v=3.57 rein=1
RIDEAI sit n=6 phase=approach pos=-0.7,22.5 ahead=6.46 lat=0.48 ang=37.4 along=8.5 gait=3 v=3.3 rein=1
RIDEAI sit n=6 phase=approach pos=-1.1,24.6 ahead=6.47 lat=0.92 ang=8.9 along=6.4 gait=3 v=2.22 rein=0
RIDEAI sit n=6 phase=approach pos=-0.5,27.8 ahead=3.23 lat=0.42 ang=8.9 along=3.2 gait=3 v=3.88 rein=0
RIDEAI ASK n=6 ahead=2.58 lat=0.08 ang=8.9 charge=1.0
RIDEAI fence 6 -> 7 t=37.66 leave=leave
RIDEAI sit n=7 phase=land pos=-0.5,33.9 ahead=-8.75 lat=6.0 ang=141.6 along=15.9 gait=3 v=3.09 rein=-1
RIDEAI sit n=7 phase=land pos=-3.3,34.8 ahead=6.04 lat=3.24 ang=80.4 along=16.9 gait=3 v=3.09 rein=-1
RIDEAI sit n=7 phase=approach pos=-5.7,32.5 ahead=14.11 lat=0.8 ang=19.1 along=14.7 gait=3 v=4.47 rein=-1
RIDEAI sit n=7 phase=approach pos=-6.1,27.2 ahead=9.38 lat=0.24 ang=4.8 along=9.4 gait=3 v=5.5 rein=0
RIDEAI sit n=7 phase=approach pos=-6.3,24.4 ahead=6.55 lat=0.0 ang=4.8 along=6.6 gait=3 v=2.56 rein=0
RIDEAI sit n=7 phase=approach pos=-6.3,20.9 ahead=3.05 lat=0.16 ang=1.3 along=3.1 gait=3 v=3.88 rein=0
RIDEAI ASK n=7 ahead=2.54 lat=0.24 ang=1.3 charge=1.0
RIDEAI fence 7 -> 8 t=45.04 leave=leave
RIDEAI sit n=8 phase=land pos=-5.3,14.8 ahead=25.87 lat=12.0 ang=37.2 along=23.4 gait=3 v=3.22 rein=0
RIDEAI sit n=8 phase=land pos=-3.6,12.1 ahead=22.65 lat=10.04 ang=37.2 along=20.8 gait=3 v=3.22 rein=0
RIDEAI sit n=8 phase=setup pos=-1.5,9.0 ahead=18.58 lat=7.7 ang=41.3 along=18.0 gait=3 v=4.68 rein=0
RIDEAI sit n=8 phase=setup pos=1.6,4.7 ahead=13.21 lat=4.16 ang=41.3 along=13.9 gait=3 v=4.93 rein=0
RIDEAI sit n=8 phase=setup pos=3.4,2.4 ahead=9.87 lat=2.1 ang=44.8 along=11.8 gait=3 v=3.45 rein=0
RIDEAI sit n=8 phase=approach pos=4.5,-1.3 ahead=8.22 lat=0.72 ang=9.1 along=8.2 gait=3 v=2.03 rein=0
RIDEAI sit n=8 phase=approach pos=4.6,-3.6 ahead=5.94 lat=0.38 ang=5.6 along=5.9 gait=3 v=3.33 rein=1
RIDEAI ASK n=8 ahead=2.57 lat=0.2 ang=5.6 charge=1.0
RIDEAI fence 8 -> 9 t=54.19 leave=leave
RIDECERT trace E:/Workspace/Madison/game/../dist/traces/hk_beg_033_clear.jsonl n=62
RIDECERT hk_beg_033 style=clear success=true faults=0 jumped=8/8 t=59.86 teleported=false complete=true refused=[] rail_fences=[] rail_air=[] conf=91.0 scope=84.5
RIDECERT round hk_int_001 class=intermediate seed=0 jo=false style=clear
RIDEAI sit n=1 phase=approach pos=7.9,-31.6 ahead=7.11 lat=0.28 ang=5.4 along=7.1 gait=3 v=2.3 rein=0
RIDEAI sit n=1 phase=approach pos=8.2,-28.3 ahead=3.81 lat=0.02 ang=5.4 along=3.8 gait=3 v=3.88 rein=0
RIDEAI ASK n=1 ahead=2.53 lat=0.16 ang=1.9 charge=1.0
RIDEAI fence 1 -> 2 t=3.74 leave=
RIDEAI sit n=2 phase=approach pos=8.4,-22.4 ahead=8.69 lat=0.22 ang=1.9 along=8.7 gait=3 v=1.4 rein=0
RIDEAI sit n=2 phase=approach pos=8.5,-20.3 ahead=6.64 lat=0.3 ang=1.9 along=6.6 gait=3 v=2.25 rein=0
RIDEAI sit n=2 phase=approach pos=8.6,-17.8 ahead=4.16 lat=0.38 ang=1.9 along=4.2 gait=3 v=3.11 rein=0
RIDEAI ASK n=2 ahead=2.55 lat=0.28 ang=1.6 charge=1.0
RIDEAI fence 2 -> 3 t=8.3 leave=leave
RIDEAI sit n=3 phase=approach pos=8.4,-12.1 ahead=5.9 lat=0.24 ang=1.6 along=5.9 gait=3 v=1.55 rein=0
RIDEAI sit n=3 phase=approach pos=8.3,-10.0 ahead=3.75 lat=0.18 ang=1.6 along=3.7 gait=3 v=2.25 rein=0
RIDEAI ASK n=3 ahead=2.59 lat=0.08 ang=1.6 charge=1.0
RIDEAI fence 3 -> 4 t=11.76 leave=leave
RIDEAI sit n=4 phase=land pos=7.8,-3.9 ahead=11.21 lat=14.98 ang=34.2 along=3.4 gait=3 v=3.09 rein=-1
RIDEAI sit n=4 phase=land pos=5.2,-2.5 ahead=12.04 lat=12.3 ang=95.4 along=2.2 gait=3 v=3.09 rein=-1
RIDEAI come again n=4 rein=-1 pos=2.7,-3.4
RIDEAI sit n=4 phase=away pos=2.4,-3.6 ahead=5.15 lat=9.52 ang=129.4 along=3.5 gait=3 v=2.25 rein=-1
RIDEAI sit n=4 phase=again pos=0.9,-4.9 ahead=2.81 lat=8.16 ang=132.0 along=4.9 gait=3 v=2.95 rein=0
RIDEAI sit n=4 phase=again pos=-2.3,-7.5 ahead=-1.31 lat=5.1 ang=132.0 along=7.6 gait=3 v=5.25 rein=0
RIDEAI sit n=4 phase=again pos=-6.8,-10.7 ahead=-7.08 lat=0.88 ang=133.7 along=11.2 gait=3 v=4.93 rein=-1
RIDEAI sit n=4 phase=approach pos=-8.9,-12.6 ahead=-6.21 lat=1.08 ang=113.3 along=13.2 gait=3 v=3.37 rein=1
RIDEAI sit n=4 phase=setup pos=-11.4,-12.2 ahead=5.4 lat=3.62 ang=50.9 along=13.0 gait=3 v=2.65 rein=1
RIDEAI sit n=4 phase=setup pos=-12.3,-9.5 ahead=11.11 lat=4.64 ang=11.6 along=10.4 gait=3 v=1.92 rein=1
RIDEAI sit n=4 phase=setup pos=-10.1,-7.7 ahead=4.81 lat=2.6 ang=74.0 along=8.4 gait=3 v=2.86 rein=1
RIDEAI sit n=4 phase=approach pos=-8.0,-7.4 ahead=4.72 lat=0.56 ang=57.7 along=8.0 gait=3 v=3.07 rein=-1
RIDEAI sit n=4 phase=approach pos=-6.6,-5.4 ahead=5.91 lat=0.72 ang=5.5 along=5.9 gait=3 v=1.76 rein=0
RIDEAI sit n=4 phase=approach pos=-6.7,-2.5 ahead=3.04 lat=0.44 ang=5.5 along=3.0 gait=3 v=3.88 rein=0
RIDEAI ASK n=4 ahead=2.59 lat=0.16 ang=5.5 charge=1.0
RIDEAI fence 4 -> 5 t=25.78 leave=leave
RIDEAI sit n=5 phase=land pos=-5.6,3.3 ahead=15.32 lat=13.8 ang=51.6 along=7.3 gait=3 v=3.09 rein=1
RIDEAI sit n=5 phase=land pos=-2.7,3.7 ahead=7.35 lat=10.88 ang=112.9 along=6.9 gait=3 v=3.09 rein=1
RIDEAI sit n=5 phase=setup pos=-0.4,1.7 ahead=-0.86 lat=8.58 ang=137.8 along=8.9 gait=3 v=1.41 rein=0
RIDEAI sit n=5 phase=setup pos=1.1,0.0 ahead=-3.05 lat=7.1 ang=137.8 along=10.6 gait=3 v=3.21 rein=0
RIDEAI sit n=5 phase=setup pos=3.3,-1.7 ahead=3.19 lat=4.92 ang=97.9 along=12.3 gait=3 v=2.34 rein=-1
RIDEAI sit n=5 phase=setup pos=6.0,-0.7 ahead=7.33 lat=2.14 ang=61.1 along=11.3 gait=3 v=2.0 rein=0
RIDEAI sit n=5 phase=approach pos=7.4,1.5 ahead=9.13 lat=0.74 ang=8.0 along=9.1 gait=3 v=2.17 rein=0
RIDEAI sit n=5 phase=approach pos=7.7,3.5 ahead=7.1 lat=0.46 ang=8.0 along=7.1 gait=3 v=2.95 rein=0
RIDEAI sit n=5 phase=approach pos=8.1,7.2 ahead=3.43 lat=0.08 ang=4.6 along=3.4 gait=3 v=3.88 rein=0
RIDEAI ASK n=5 ahead=2.58 lat=0.2 ang=4.6 charge=1.0
RIDEAI fence 5 -> 6 t=36.29 leave=leave
RIDEAI sit n=6 phase=land pos=7.6,13.3 ahead=15.32 lat=15.02 ang=46.4 along=6.4 gait=3 v=3.09 rein=-1
RIDEAI sit n=6 phase=land pos=4.8,14.1 ahead=10.29 lat=12.14 ang=104.6 along=5.8 gait=3 v=3.09 rein=0
RIDEAI sit n=6 phase=setup pos=1.3,13.4 ahead=6.08 lat=8.7 ang=108.7 along=6.7 gait=3 v=4.48 rein=0
RIDEAI sit n=6 phase=setup pos=-3.7,12.1 ahead=0.87 lat=3.76 ang=108.7 along=8.4 gait=3 v=4.35 rein=0
RIDEAI sit n=6 phase=approach pos=-6.5,11.4 ahead=0.31 lat=1.02 ang=94.4 along=9.3 gait=3 v=3.61 rein=1
RIDEAI sit n=6 phase=approach pos=-8.7,12.6 ahead=6.35 lat=1.2 ang=32.0 along=8.2 gait=3 v=2.88 rein=1
RIDEAI sit n=6 phase=approach pos=-8.6,14.4 ahead=6.55 lat=1.26 ang=15.1 along=6.4 gait=3 v=2.41 rein=0
RIDEAI sit n=6 phase=approach pos=-7.6,17.6 ahead=3.17 lat=0.44 ang=10.5 along=3.1 gait=3 v=3.88 rein=0
RIDEAI ASK n=6 ahead=2.59 lat=0.14 ang=10.5 charge=1.0
RIDEAI fence 6 -> 7 t=45.64 leave=leave
RIDEAI sit n=7 phase=land pos=-5.0,23.1 ahead=7.9 lat=4.78 ang=63.9 along=8.2 gait=3 v=3.09 rein=1
RIDEAI sit n=7 phase=land pos=-2.1,22.7 ahead=-3.36 lat=1.84 ang=125.1 along=8.5 gait=3 v=3.09 rein=1
RIDEAI sit n=7 phase=approach pos=0.6,21.2 ahead=-1.65 lat=0.88 ang=94.5 along=9.9 gait=3 v=1.92 rein=-1
RIDEAI sit n=7 phase=setup pos=2.9,22.5 ahead=5.44 lat=3.18 ang=33.2 along=8.6 gait=3 v=3.91 rein=-1
RIDEAI sit n=7 phase=setup pos=3.0,24.8 ahead=6.98 lat=3.2 ang=29.2 along=6.2 gait=3 v=3.18 rein=-1
RIDEAI sit n=7 phase=approach pos=1.3,26.6 ahead=4.36 lat=1.42 ang=39.2 along=4.5 gait=3 v=1.94 rein=0
RIDEAI come again n=7 rein=-1 pos=1.2,26.7
RIDEAI sit n=7 phase=away pos=-1.3,27.4 ahead=-2.2 lat=1.22 ang=105.6 along=3.8 gait=3 v=3.73 rein=-1
RIDEAI sit n=7 phase=again pos=-3.6,25.0 ahead=-6.52 lat=3.4 ang=174.7 along=6.2 gait=3 v=1.58 rein=-1
RIDEAI sit n=7 phase=again pos=-2.8,23.1 ahead=-5.67 lat=2.54 ang=149.2 along=8.1 gait=3 v=3.12 rein=0
RIDEAI sit n=7 phase=again pos=-0.7,19.4 ahead=-9.96 lat=0.34 ang=149.2 along=11.8 gait=3 v=5.42 rein=0
RIDEAI sit n=7 phase=setup pos=1.7,17.6 ahead=-1.95 lat=2.14 ang=89.2 along=13.5 gait=3 v=3.03 rein=-1
RIDEAI sit n=7 phase=setup pos=4.1,18.8 ahead=8.92 lat=4.48 ang=26.8 along=12.2 gait=3 v=2.3 rein=-1
RIDEAI sit n=7 phase=setup pos=4.0,21.6 ahead=10.1 lat=4.24 ang=35.6 along=9.4 gait=3 v=1.92 rein=-1
RIDEAI sit n=7 phase=approach pos=1.5,22.6 ahead=1.64 lat=1.76 ang=90.8 along=8.5 gait=3 v=3.87 rein=1
RIDEAI sit n=7 phase=approach pos=-0.5,23.9 ahead=6.26 lat=0.28 ang=28.4 along=7.3 gait=3 v=3.14 rein=1
RIDEAI sit n=7 phase=approach pos=-0.6,25.8 ahead=5.4 lat=0.46 ang=2.9 along=5.4 gait=3 v=2.49 rein=0
RIDEAI ASK n=7 ahead=2.57 lat=0.18 ang=2.9 charge=1.0
RIDEAI fence 7 -> 8 t=63.75 leave=leave
RIDEAI sit n=8 phase=land pos=-0.1,32.5 ahead=-17.88 lat=3.6 ang=179.3 along=17.8 gait=3 v=3.44 rein=-1
RIDEAI sit n=8 phase=land pos=-1.8,34.9 ahead=-8.2 lat=2.1 ang=119.5 along=20.4 gait=3 v=3.09 rein=-1
RIDEAI sit n=8 phase=land pos=-4.8,34.6 ahead=9.99 lat=0.84 ang=58.2 along=20.3 gait=3 v=3.09 rein=-1
RIDEAI sit n=8 phase=setup pos=-5.9,32.1 ahead=18.07 lat=2.2 ang=4.2 along=18.0 gait=3 v=2.19 rein=-1
RIDEAI sit n=8 phase=approach pos=-4.9,28.9 ahead=14.63 lat=1.46 ang=13.4 along=14.7 gait=3 v=4.49 rein=0
RIDEAI sit n=8 phase=approach pos=-3.5,23.8 ahead=9.44 lat=0.54 ang=8.3 along=9.5 gait=3 v=5.55 rein=0
RIDEAI sit n=8 phase=approach pos=-2.9,21.0 ahead=6.6 lat=0.24 ang=3.6 along=6.6 gait=3 v=2.52 rein=0
RIDEAI sit n=8 phase=approach pos=-2.3,17.5 ahead=3.1 lat=0.02 ang=3.6 along=3.1 gait=3 v=3.88 rein=0
RIDEAI ASK n=8 ahead=2.58 lat=0.18 ang=3.6 charge=1.0
RIDEAI fence 8 -> 9 t=72.47 leave=leave
RIDEAI sit n=9 phase=land pos=-0.3,11.9 ahead=9.12 lat=3.56 ang=57.6 along=11.4 gait=3 v=3.09 rein=-1
RIDEAI sit n=9 phase=approach pos=2.2,10.2 ahead=9.1 lat=1.16 ang=25.6 along=9.5 gait=3 v=2.9 rein=1
RIDEAI sit n=9 phase=approach pos=2.7,8.3 ahead=7.71 lat=0.76 ang=10.5 along=7.7 gait=3 v=2.6 rein=0
RIDEAI sit n=9 phase=approach pos=3.4,4.9 ahead=4.2 lat=0.28 ang=5.9 along=4.2 gait=3 v=3.88 rein=0
RIDEAI ASK n=9 ahead=2.59 lat=0.04 ang=3.5 charge=1.0
RIDEAI fence 9 -> 10 t=78.17 leave=leave
RIDEAI sit n=10 phase=land pos=3.7,-1.9 ahead=12.42 lat=8.28 ang=28.9 along=9.6 gait=3 v=3.09 rein=1
RIDEAI sit n=10 phase=land pos=1.2,-3.4 ahead=5.7 lat=5.72 ang=90.2 along=8.1 gait=3 v=3.09 rein=1
RIDEAI sit n=10 phase=setup pos=-2.0,-2.7 ahead=-0.62 lat=2.54 ang=109.6 along=9.0 gait=3 v=3.57 rein=0
RIDEAI sit n=10 phase=approach pos=-3.9,-2.8 ahead=5.48 lat=0.62 ang=56.1 along=8.9 gait=3 v=2.54 rein=-1
RIDEAI sit n=10 phase=approach pos=-5.0,-4.9 ahead=6.8 lat=0.52 ang=3.1 along=6.8 gait=3 v=1.53 rein=0
RIDEAI sit n=10 phase=approach pos=-4.8,-7.6 ahead=4.14 lat=0.38 ang=3.1 along=4.1 gait=3 v=3.75 rein=0
RIDEAI ASK n=10 ahead=2.53 lat=0.16 ang=3.1 charge=1.0
RIDEAI fence 10 -> 11 t=85.59 leave=leave
RIDECERT trace E:/Workspace/Madison/game/../dist/traces/hk_int_001_clear.jsonl n=94
RIDECERT hk_int_001 style=clear success=true faults=0 jumped=10/10 t=90.84 teleported=false complete=true refused=[] rail_fences=[] rail_air=[] conf=91.0 scope=84.5
RIDECERT round hk_int_002 class=intermediate seed=1 jo=false style=clear
RIDEAI sit n=1 phase=approach pos=8.6,-30.5 ahead=7.91 lat=0.12 ang=3.7 along=7.9 gait=3 v=1.48 rein=-1
RIDEAI sit n=1 phase=approach pos=8.7,-28.3 ahead=5.69 lat=0.02 ang=2.6 along=5.7 gait=3 v=3.29 rein=0
RIDEAI ASK n=1 ahead=2.53 lat=0.24 ang=2.6 charge=1.0
RIDEAI fence 1 -> 2 t=4.25 leave=leave
RIDEAI sit n=2 phase=land pos=8.9,-21.6 ahead=12.68 lat=17.32 ang=10.6 along=9.7 gait=3 v=3.44 rein=-1
RIDEAI sit n=2 phase=land pos=7.1,-19.3 ahead=16.9 lat=15.36 ang=71.9 along=7.4 gait=3 v=3.09 rein=-1
RIDEAI sit n=2 phase=land pos=4.0,-19.1 ahead=11.31 lat=12.24 ang=96.4 along=7.5 gait=3 v=3.22 rein=0
RIDEAI sit n=2 phase=setup pos=-0.2,-19.5 ahead=6.42 lat=8.04 ang=100.5 along=8.2 gait=3 v=5.37 rein=0
RIDEAI sit n=2 phase=setup pos=-5.3,-20.1 ahead=1.35 lat=3.06 ang=100.5 along=9.1 gait=3 v=2.78 rein=0
RIDEAI sit n=2 phase=approach pos=-7.7,-20.1 ahead=3.49 lat=0.66 ang=72.1 along=9.3 gait=3 v=3.19 rein=1
RIDEAI sit n=2 phase=approach pos=-9.3,-18.3 ahead=7.41 lat=1.08 ang=7.2 along=7.6 gait=3 v=1.34 rein=1
RIDEAI sit n=2 phase=approach pos=-8.8,-16.2 ahead=5.56 lat=0.8 ang=9.1 along=5.5 gait=3 v=3.18 rein=0
RIDEAI ASK n=2 ahead=2.56 lat=0.08 ang=9.1 charge=1.0
RIDEAI fence 2 -> 3 t=13.63 leave=leave
RIDEAI sit n=3 phase=land pos=-7.3,-9.7 ahead=12.24 lat=15.96 ang=24.3 along=6.2 gait=3 v=3.34 rein=1
RIDEAI sit n=3 phase=land pos=-4.8,-8.1 ahead=13.85 lat=13.54 ang=85.6 along=4.5 gait=3 v=3.09 rein=1
RIDEAI sit n=3 phase=land pos=-1.8,-8.9 ahead=8.2 lat=10.52 ang=109.0 along=5.3 gait=3 v=3.22 rein=0
RIDEAI sit n=3 phase=setup pos=2.2,-10.4 ahead=3.27 lat=6.5 ang=113.1 along=6.9 gait=3 v=5.44 rein=0
RIDEAI sit n=3 phase=setup pos=6.0,-12.1 ahead=-0.92 lat=2.66 ang=113.1 along=8.5 gait=3 v=2.34 rein=0
RIDEAI sit n=3 phase=approach pos=8.9,-12.6 ahead=2.6 lat=0.2 ang=72.2 along=9.1 gait=3 v=1.92 rein=-1
RIDEAI sit n=3 phase=approach pos=10.4,-10.9 ahead=6.98 lat=1.7 ang=8.6 along=7.3 gait=3 v=1.34 rein=-1
RIDEAI sit n=3 phase=approach pos=10.0,-9.3 ahead=5.92 lat=1.34 ang=19.4 along=5.8 gait=3 v=2.05 rein=0
RIDEAI sit n=3 phase=approach pos=9.1,-6.4 ahead=2.89 lat=0.46 ang=8.9 along=2.9 gait=3 v=3.88 rein=0
RIDEAI ASK n=3 ahead=2.57 lat=0.0 ang=8.9 charge=1.0
RIDEAI fence 3 -> 4 t=23.34 leave=leave
RIDEAI sit n=4 phase=approach pos=8.5,-1.1 ahead=8.31 lat=0.18 ang=2.8 along=8.3 gait=3 v=1.9 rein=0
RIDEAI sit n=4 phase=approach pos=8.4,1.1 ahead=6.08 lat=0.28 ang=2.8 along=6.1 gait=3 v=2.25 rein=0
RIDEAI sit n=4 phase=approach pos=8.4,3.9 ahead=3.38 lat=0.32 ang=0.7 along=3.4 gait=3 v=3.53 rein=0
RIDEAI ASK n=4 ahead=2.56 lat=0.26 ang=0.7 charge=1.0
RIDEAI fence 4 -> 5 t=27.88 leave=leave
RIDEAI sit n=5 phase=approach pos=8.5,9.8 ahead=8.19 lat=0.24 ang=0.7 along=8.2 gait=3 v=1.9 rein=0
RIDEAI sit n=5 phase=approach pos=8.5,12.1 ahead=5.96 lat=0.2 ang=0.7 along=6.0 gait=3 v=2.25 rein=0
