Godot Engine v4.7.2.stable.official.ed1daf0bf - https://godotengine.org

FIT flatten armature scale=(100.0, 100.0, 100.0) keep_rot=(-90.0, 0.0, 0.0)
FIT length=2.25 height=1.91220223903656 scale=(0.84991, 0.84991, 0.84991)
SEAT bone=Torso bone_pos=(0.0, 1.126922, 0.286373) back_y=1.42885863780975 seat=(0.0, 1.428859, 0.286373)
TACK place crown=(0.0, 0.142, 0.0294) brow=(0.0, 0.196, 0.1326) nose=(0.0, 0.385, -0.0222) bit=(0.0, 0.479225, -0.087663)
HORSE mesh=WhiteHorse anim=true seat=Torso rider_parent=Seat
RIDER mesh scale 0.91304347826087 bones 62
RIDECERT begin
RIDECERT filter hk_adv_005
RIDECERT round hk_adv_005 class=advanced seed=3 jo=false style=refuse_twice
COUNT fence=1 ahead=6.44 lateral=8.73 stride=-1 word=silent kept=false
MICHELLE soft | Come again.
MICHELLE soft | Two. Wait.
COUNT fence=1 ahead=8.40 lateral=1.49 stride=2 word=Two. Wait. kept=true
RIDEAI sit n=1 phase=approach pos=8.1,-30.6 ahead=8.3 lat=0.14 ang=4.2 along=8.3 gait=3 v=1.34 rein=0
MICHELLE soft | One. Wait.
COUNT fence=1 ahead=7.57 lateral=0.47 stride=1 word=One. Wait. kept=true
RIDEAI sit n=1 phase=approach pos=8.3,-28.4 ahead=6.01 lat=0.02 ang=4.2 along=6.0 gait=3 v=3.37 rein=0
MICHELLE soft | One. Early.
COUNT fence=1 ahead=5.35 lateral=0.47 stride=1 word=One. Early. kept=true
RIDEAI ASK n=1 ahead=4.31 lat=0.48 ang=4.2 charge=1.0
RIDECERT refuse fence=1 why=early
RIDEAI sit n=1 phase=approach pos=8.4,-26.9 ahead=4.53 lat=0.14 ang=4.2 along=4.6 gait=2 v=0.79 rein=0
MICHELLE soft | One. Early.
COUNT fence=1 ahead=4.45 lateral=0.47 stride=1 word=One. Early. kept=true
RIDEAI ASK n=1 ahead=4.32 lat=0.48 ang=4.2 charge=0.32
RIDECERT refuse fence=1 why=early
MICHELLE soft | One. Early.
COUNT fence=1 ahead=4.45 lateral=0.47 stride=1 word=One. Early. kept=true
RIDEAI sit n=1 phase=approach pos=8.4,-26.6 ahead=4.26 lat=0.16 ang=3.1 along=4.3 gait=3 v=1.39 rein=-1
MICHELLE soft | Early.
COUNT fence=1 ahead=4.22 lateral=0.21 stride=0 word=Early. kept=true
MICHELLE soft | Wait.
COUNT fence=1 ahead=3.44 lateral=0.21 stride=0 word=Wait. kept=true
MICHELLE soft | Now.
COUNT fence=1 ahead=3.01 lateral=0.21 stride=0 word=Now. kept=true
RIDEAI ASK n=1 ahead=2.56 lat=0.22 ang=0.7 charge=1.0
RIDEAI fence 1 -> 2 t=9.47 leave=leave
RIDEAI sit n=2 phase=land pos=8.4,-21.1 ahead=14.36 lat=17.16 ang=17.6 along=9.6 gait=3 v=3.19 rein=-1
RIDEAI sit n=2 phase=land pos=6.3,-19.0 ahead=16.16 lat=14.96 ang=78.8 along=7.7 gait=3 v=3.09 rein=-1
RIDEAI sit n=2 phase=land pos=3.1,-19.0 ahead=11.05 lat=11.8 ang=95.2 along=7.9 gait=3 v=3.26 rein=0
COUNT fence=2 ahead=10.99 lateral=8.88 stride=-1 word=silent kept=false
MICHELLE soft | Come again.
RIDEAI sit n=2 phase=setup pos=-1.3,-19.3 ahead=5.97 lat=7.42 ang=99.2 along=8.5 gait=3 v=5.55 rein=0
RIDEAI sit n=2 phase=setup pos=-5.9,-19.7 ahead=0.59 lat=2.8 ang=103.3 along=9.2 gait=3 v=2.0 rein=0
RIDEAI sit n=2 phase=approach pos=-8.9,-19.4 ahead=4.12 lat=0.14 ang=62.4 along=9.2 gait=3 v=2.57 rein=1
MICHELLE soft | Two. Wait.
COUNT fence=2 ahead=7.70 lateral=1.55 stride=2 word=Two. Wait. kept=true
RIDEAI sit n=2 phase=approach pos=-9.7,-17.9 ahead=7.7 lat=1.12 ang=2.6 along=7.7 gait=3 v=1.34 rein=1
MICHELLE soft | One. Wait.
COUNT fence=2 ahead=7.57 lateral=0.17 stride=1 word=One. Wait. kept=true
MICHELLE soft | One. Early.
COUNT fence=2 ahead=5.37 lateral=0.17 stride=1 word=One. Early. kept=true
RIDEAI sit n=2 phase=approach pos=-9.2,-15.5 ahead=5.31 lat=0.72 ang=9.6 along=5.3 gait=3 v=3.52 rein=0
MICHELLE soft | Early.
COUNT fence=2 ahead=4.17 lateral=0.17 stride=0 word=Early. kept=true
MICHELLE soft | Wait.
COUNT fence=2 ahead=3.46 lateral=0.17 stride=0 word=Wait. kept=true
MICHELLE soft | Now.
COUNT fence=2 ahead=3.00 lateral=0.17 stride=0 word=Now. kept=true
RIDEAI ASK n=2 ahead=2.55 lat=0.18 ang=9.6 charge=1.0
RIDEAI fence 2 -> 3 t=18.85 leave=leave
RIDEAI sit n=3 phase=land pos=-7.5,-9.0 ahead=13.91 lat=15.72 ang=29.9 along=7.0 gait=3 v=3.09 rein=1
RIDEAI sit n=3 phase=land pos=-4.9,-7.6 ahead=13.02 lat=13.14 ang=91.2 along=5.6 gait=3 v=3.09 rein=1
COUNT fence=3 ahead=10.87 lateral=8.42 stride=-1 word=silent kept=false
MICHELLE soft | Come again.
RIDEAI sit n=3 phase=land pos=-1.8,-8.3 ahead=8.16 lat=10.04 ang=104.5 along=6.3 gait=3 v=3.33 rein=0
RIDEAI sit n=3 phase=setup pos=2.5,-9.8 ahead=3.02 lat=5.78 ang=108.6 along=7.7 gait=3 v=5.55 rein=0
RIDEAI sit n=3 phase=setup pos=6.0,-11.0 ahead=-1.37 lat=2.26 ang=112.6 along=9.0 gait=3 v=2.69 rein=0
RIDEAI sit n=3 phase=approach pos=8.8,-11.0 ahead=4.5 lat=0.54 ang=56.4 along=8.9 gait=3 v=1.96 rein=-1
MICHELLE soft | One. Wait.
COUNT fence=3 ahead=7.39 lateral=1.60 stride=1 word=One. Wait. kept=true
RIDEAI sit n=3 phase=approach pos=9.7,-9.3 ahead=7.35 lat=1.46 ang=9.5 along=7.2 gait=3 v=1.53 rein=-1
MICHELLE soft | One. Early.
COUNT fence=3 ahead=5.39 lateral=0.49 stride=1 word=One. Early. kept=true
RIDEAI sit n=3 phase=approach pos=9.0,-6.7 ahead=4.68 lat=0.76 ang=15.3 along=4.6 gait=3 v=3.75 rein=0
MICHELLE soft | Early.
COUNT fence=3 ahead=4.18 lateral=0.32 stride=0 word=Early. kept=true
MICHELLE soft | Wait.
COUNT fence=3 ahead=3.41 lateral=0.15 stride=0 word=Wait. kept=true
MICHELLE soft | Now.
COUNT fence=3 ahead=3.03 lateral=0.15 stride=0 word=Now. kept=true
RIDEAI ASK n=3 ahead=2.58 lat=0.1 ang=9.5 charge=1.0
RIDEAI fence 3 -> 4 t=28.09 leave=leave
MICHELLE soft | One. Wait.
COUNT fence=4 ahead=6.89 lateral=1.18 stride=1 word=One. Wait. kept=true
RIDEAI sit n=4 phase=approach pos=8.0,-0.7 ahead=6.08 lat=0.2 ang=0.2 along=6.1 gait=3 v=1.4 rein=0
MICHELLE soft | One. Early.
COUNT fence=4 ahead=5.38 lateral=0.22 stride=1 word=One. Early. kept=true
MICHELLE soft | Early.
COUNT fence=4 ahead=4.21 lateral=0.22 stride=0 word=Early. kept=true
RIDEAI sit n=4 phase=approach pos=8.0,1.4 ahead=3.99 lat=0.2 ang=0.2 along=4.0 gait=3 v=2.25 rein=0
MICHELLE soft | Wait.
COUNT fence=4 ahead=3.46 lateral=0.22 stride=0 word=Wait. kept=true
MICHELLE soft | Now.
COUNT fence=4 ahead=3.01 lateral=0.22 stride=0 word=Now. kept=true
RIDEAI ASK n=4 ahead=2.56 lat=0.22 ang=0.2 charge=1.0
RIDEAI fence 4 -> 5 t=31.6 leave=straight
MICHELLE soft | One. Wait.
COUNT fence=5 ahead=6.95 lateral=0.24 stride=1 word=One. Wait. kept=true
RIDEAI sit n=5 phase=approach pos=8.0,6.7 ahead=6.16 lat=0.22 ang=0.2 along=6.2 gait=3 v=1.4 rein=0
MICHELLE soft | One. Early.
COUNT fence=5 ahead=5.38 lateral=0.24 stride=1 word=One. Early. kept=true
MICHELLE soft | Early.
COUNT fence=5 ahead=4.22 lateral=0.24 stride=0 word=Early. kept=true
RIDEAI sit n=5 phase=approach pos=8.0,8.7 ahead=4.14 lat=0.22 ang=0.2 along=4.1 gait=3 v=2.25 rein=0
MICHELLE soft | Wait.
COUNT fence=5 ahead=3.47 lateral=0.24 stride=0 word=Wait. kept=true
MICHELLE soft | Now.
COUNT fence=5 ahead=3.01 lateral=0.24 stride=0 word=Now. kept=true
RIDEAI ASK n=5 ahead=2.56 lat=0.24 ang=0.2 charge=1.0
RIDEAI fence 5 -> 6 t=35.09 leave=straight
COUNT fence=6 ahead=8.49 lateral=16.44 stride=-1 word=silent kept=false
MICHELLE soft | Come again.
RIDEAI sit n=6 phase=land pos=7.9,14.2 ahead=11.87 lat=10.62 ang=12.5 along=14.5 gait=3 v=3.09 rein=-1
RIDEAI sit n=6 phase=land pos=5.6,16.2 ahead=15.01 lat=9.68 ang=48.8 along=11.7 gait=3 v=3.09 rein=-1
RIDEAI sit n=6 phase=land pos=2.6,15.6 ahead=8.76 lat=6.74 ang=78.4 along=10.7 gait=3 v=3.37 rein=0
RIDEAI sit n=6 phase=setup pos=-0.7,14.3 ahead=4.56 lat=3.24 ang=82.5 along=10.2 gait=3 v=1.4 rein=0
RIDEAI sit n=6 phase=approach pos=-3.0,13.6 ahead=6.17 lat=0.9 ang=55.7 along=9.6 gait=3 v=3.52 rein=1
MICHELLE soft | Two. Wait.
COUNT fence=6 ahead=8.09 lateral=1.52 stride=2 word=Two. Wait. kept=true
RIDEAI sit n=6 phase=approach pos=-4.9,14.7 ahead=7.78 lat=0.18 ang=1.4 along=7.8 gait=3 v=1.61 rein=0
MICHELLE soft | One. Wait.
COUNT fence=6 ahead=7.54 lateral=0.37 stride=1 word=One. Wait. kept=true
MICHELLE soft | One. Early.
COUNT fence=6 ahead=5.37 lateral=0.37 stride=1 word=One. Early. kept=true
RIDEAI sit n=6 phase=approach pos=-6.3,17.0 ahead=5.06 lat=0.24 ang=1.4 along=5.1 gait=3 v=3.83 rein=0
MICHELLE soft | Early.
COUNT fence=6 ahead=4.21 lateral=0.37 stride=0 word=Early. kept=true
MICHELLE soft | Wait.
COUNT fence=6 ahead=3.44 lateral=0.37 stride=0 word=Wait. kept=true
MICHELLE soft | Now.
COUNT fence=6 ahead=2.98 lateral=0.37 stride=0 word=Now. kept=true
RIDEAI ASK n=6 ahead=2.55 lat=0.14 ang=3.3 charge=1.0
RIDEAI fence 6 -> 7 t=43.45 leave=leave
COUNT fence=7 ahead=0.91 lateral=18.90 stride=-1 word=silent kept=false
MICHELLE soft | Come again.
RIDEAI sit n=7 phase=land pos=-9.5,23.4 ahead=4.26 lat=17.76 ang=6.3 along=6.3 gait=3 v=3.09 rein=1
RIDEAI sit n=7 phase=land pos=-8.3,26.1 ahead=15.59 lat=16.52 ang=54.9 along=3.6 gait=3 v=3.09 rein=1
RIDEAI come again n=7 rein=1 pos=-5.4,26.3
RIDEAI sit n=7 phase=away pos=-5.3,26.3 ahead=11.28 lat=13.56 ang=112.3 along=3.4 gait=3 v=3.27 rein=1
RIDEAI sit n=7 phase=again pos=-3.9,25.1 ahead=7.35 lat=12.16 ang=124.7 along=4.6 gait=3 v=2.65 rein=0
RIDEAI sit n=7 phase=again pos=-0.8,22.9 ahead=3.53 lat=9.02 ang=124.7 along=6.8 gait=3 v=4.95 rein=0
RIDEAI sit n=7 phase=again pos=3.7,19.8 ahead=-1.94 lat=4.52 ang=124.7 along=9.9 gait=3 v=5.55 rein=0
RIDEAI sit n=7 phase=approach pos=8.4,17.3 ahead=-1.87 lat=0.14 ang=98.1 along=12.4 gait=3 v=3.49 rein=-1
RIDEAI sit n=7 phase=setup pos=10.8,18.5 ahead=7.54 lat=2.52 ang=36.3 along=11.2 gait=3 v=3.76 rein=-1
MICHELLE soft | Two. Wait.
COUNT fence=7 ahead=9.87 lateral=1.50 stride=2 word=Two. Wait. kept=true
RIDEAI sit n=7 phase=setup pos=11.0,20.9 ahead=9.1 lat=2.74 ang=26.2 along=8.8 gait=3 v=3.03 rein=-1
COUNT fence=7 ahead=8.94 lateral=1.73 stride=-1 word=silent kept=false
MICHELLE soft | Come again.
MICHELLE soft | One. Wait.
COUNT fence=7 ahead=6.22 lateral=1.56 stride=1 word=One. Wait. kept=true
RIDEAI sit n=7 phase=approach pos=9.0,24.0 ahead=5.72 lat=0.76 ang=10.9 along=5.7 gait=3 v=2.33 rein=0
MICHELLE soft | One. Early.
COUNT fence=7 ahead=5.39 lateral=0.33 stride=1 word=One. Early. kept=true
MICHELLE soft | Early.
COUNT fence=7 ahead=4.20 lateral=0.15 stride=0 word=Early. kept=true
RIDEAI sit n=7 phase=approach pos=8.6,26.2 ahead=3.52 lat=0.4 ang=6.2 along=3.5 gait=3 v=3.18 rein=0
MICHELLE soft | Wait.
COUNT fence=7 ahead=3.47 lateral=0.02 stride=0 word=Wait. kept=true
MICHELLE soft | Now.
COUNT fence=7 ahead=3.02 lateral=0.02 stride=0 word=Now. kept=true
RIDEAI ASK n=7 ahead=2.53 lat=0.02 ang=6.2 charge=1.0
RIDEAI fence 7 -> 8 t=55.5 leave=leave
COUNT fence=8 ahead=0.82 lateral=12.30 stride=-1 word=silent kept=false
MICHELLE soft | Come again.
RIDEAI sit n=8 phase=land pos=7.2,32.1 ahead=6.81 lat=0.64 ang=50.9 along=11.6 gait=3 v=3.09 rein=-1
MICHELLE soft | Two. Wait.
COUNT fence=8 ahead=9.30 lateral=1.49 stride=2 word=Two. Wait. kept=true
RIDEAI sit n=8 phase=land pos=4.3,32.6 ahead=8.96 lat=1.62 ang=10.4 along=8.8 gait=3 v=3.09 rein=-1
COUNT fence=8 ahead=8.23 lateral=1.68 stride=-1 word=silent kept=false
MICHELLE soft | Come again.
MICHELLE soft | Two. Wait.
COUNT fence=8 ahead=7.68 lateral=1.59 stride=2 word=Two. Wait. kept=true
MICHELLE soft | One. Wait.
COUNT fence=8 ahead=7.56 lateral=0.66 stride=1 word=One. Wait. kept=true
RIDEAI sit n=8 phase=approach pos=2.4,31.6 ahead=6.82 lat=0.98 ang=13.8 along=6.8 gait=3 v=2.01 rein=0
MICHELLE soft | One. Early.
COUNT fence=8 ahead=5.39 lateral=0.20 stride=1 word=One. Early. kept=true
MICHELLE soft | Early.
COUNT fence=8 ahead=4.20 lateral=0.20 stride=0 word=Early. kept=true
RIDEAI sit n=8 phase=approach pos=-0.4,30.6 ahead=3.81 lat=0.4 ang=9.1 along=3.8 gait=3 v=3.88 rein=0
MICHELLE soft | Wait.
COUNT fence=8 ahead=3.42 lateral=0.20 stride=0 word=Wait. kept=true
MICHELLE soft | Now.
COUNT fence=8 ahead=3.03 lateral=0.20 stride=0 word=Now. kept=true
RIDEAI ASK n=8 ahead=2.58 lat=0.14 ang=7.9 charge=1.0
RIDEAI fence 8 -> 9 t=60.94 leave=straight
COUNT fence=9 ahead=5.29 lateral=17.48 stride=-1 word=silent kept=false
MICHELLE soft | Come again.
RIDEAI sit n=9 phase=land pos=-6.7,27.7 ahead=13.33 lat=1.98 ang=32.2 along=17.0 gait=3 v=3.09 rein=-1
RIDEAI sit n=9 phase=land pos=-6.7,24.8 ahead=13.8 lat=2.06 ang=21.9 along=14.0 gait=3 v=3.09 rein=0
MICHELLE soft | Two. Wait.
COUNT fence=9 ahead=10.86 lateral=0.84 stride=2 word=Two. Wait. kept=true
RIDEAI sit n=9 phase=approach pos=-5.6,21.5 ahead=10.79 lat=0.98 ang=9.6 along=10.8 gait=3 v=4.25 rein=0
RIDEAI sit n=9 phase=approach pos=-5.0,18.5 ahead=7.72 lat=0.48 ang=5.0 along=7.7 gait=3 v=2.01 rein=0
MICHELLE soft | One. Wait.
COUNT fence=9 ahead=7.54 lateral=0.19 stride=1 word=One. Wait. kept=true
MICHELLE soft | One. Early.
COUNT fence=9 ahead=5.38 lateral=0.19 stride=1 word=One. Early. kept=true
RIDEAI sit n=9 phase=approach pos=-4.7,15.4 ahead=4.67 lat=0.22 ang=5.0 along=4.7 gait=3 v=3.88 rein=0
MICHELLE soft | Early.
COUNT fence=9 ahead=4.22 lateral=0.19 stride=0 word=Early. kept=true
MICHELLE soft | Wait.
COUNT fence=9 ahead=3.44 lateral=0.19 stride=0 word=Wait. kept=true
MICHELLE soft | Now.
COUNT fence=9 ahead=2.99 lateral=0.19 stride=0 word=Now. kept=true
RIDEAI ASK n=9 ahead=2.53 lat=0.2 ang=5.0 charge=1.0
RIDEAI fence 9 -> 10 t=67.59 leave=straight
MICHELLE soft | One. Wait.
COUNT fence=10 ahead=6.91 lateral=0.70 stride=1 word=One. Wait. kept=true
RIDEAI sit n=10 phase=approach pos=-4.1,9.4 ahead=6.03 lat=0.6 ang=4.2 along=6.0 gait=3 v=1.4 rein=0
MICHELLE soft | One. Early.
COUNT fence=10 ahead=5.37 lateral=0.15 stride=1 word=One. Early. kept=true
MICHELLE soft | Early.
COUNT fence=10 ahead=4.21 lateral=0.15 stride=0 word=Early. kept=true
RIDEAI sit n=10 phase=approach pos=-4.1,7.3 ahead=3.95 lat=0.44 ang=4.2 along=3.9 gait=3 v=2.25 rein=0
MICHELLE soft | Wait.
COUNT fence=10 ahead=3.46 lateral=0.15 stride=0 word=Wait. kept=true
MICHELLE soft | Now.
COUNT fence=10 ahead=3.01 lateral=0.15 stride=0 word=Now. kept=true
RIDEAI ASK n=10 ahead=2.56 lat=0.14 ang=4.2 charge=1.0
RIDEAI fence 10 -> 11 t=71.08 leave=straight
MICHELLE soft | One. Wait.
COUNT fence=11 ahead=6.33 lateral=0.41 stride=1 word=One. Wait. kept=true
RIDEAI sit n=11 phase=approach pos=-4.1,1.4 ahead=5.53 lat=0.76 ang=6.1 along=5.5 gait=3 v=1.4 rein=-1
MICHELLE soft | One. Early.
COUNT fence=11 ahead=5.39 lateral=0.07 stride=1 word=One. Early. kept=true
MICHELLE soft | Early.
COUNT fence=11 ahead=4.21 lateral=0.07 stride=0 word=Early. kept=true
RIDEAI sit n=11 phase=approach pos=-4.0,-0.6 ahead=3.5 lat=0.52 ang=7.3 along=3.5 gait=3 v=2.25 rein=0
MICHELLE soft | Wait.
COUNT fence=11 ahead=3.46 lateral=0.07 stride=0 word=Wait. kept=true
MICHELLE soft | Now.
COUNT fence=11 ahead=3.01 lateral=0.07 stride=0 word=Now. kept=true
RIDEAI ASK n=11 ahead=2.56 lat=0.06 ang=7.3 charge=1.0
RIDEAI fence 11 -> 12 t=74.29 leave=leave
COUNT fence=12 ahead=8.98 lateral=6.92 stride=-1 word=silent kept=false
MICHELLE soft | Come again.
MICHELLE soft | Two. Wait.
COUNT fence=12 ahead=9.66 lateral=1.46 stride=2 word=Two. Wait. kept=true
RIDEAI sit n=12 phase=land pos=-3.1,-6.2 ahead=9.63 lat=2.68 ang=8.4 along=9.3 gait=3 v=3.09 rein=-1
COUNT fence=12 ahead=8.64 lateral=1.68 stride=-1 word=silent kept=false
MICHELLE soft | Come again.
MICHELLE soft | One. Wait.
COUNT fence=12 ahead=7.17 lateral=1.54 stride=1 word=One. Wait. kept=true
RIDEAI sit n=12 phase=approach pos=-0.7,-7.8 ahead=6.86 lat=1.4 ang=20.8 along=6.8 gait=3 v=1.4 rein=0
MICHELLE soft | One. Early.
COUNT fence=12 ahead=5.38 lateral=0.62 stride=1 word=One. Early. kept=true
RIDEAI sit n=12 phase=approach pos=0.8,-9.2 ahead=4.85 lat=0.74 ang=16.1 along=4.8 gait=3 v=3.06 rein=0
MICHELLE soft | Early.
COUNT fence=12 ahead=4.21 lateral=0.24 stride=0 word=Early. kept=true
MICHELLE soft | Wait.
COUNT fence=12 ahead=3.45 lateral=0.10 stride=0 word=Wait. kept=true
MICHELLE soft | Now.
COUNT fence=12 ahead=3.00 lateral=0.04 stride=0 word=Now. kept=true
RIDEAI ASK n=12 ahead=2.55 lat=0.04 ang=6.8 charge=1.0
RIDEAI fence 12 -> 13 t=78.98 leave=leave
RIDECERT trace E:/Workspace/Madison/game/../dist/traces/hk_adv_005_refuse_twice.jsonl n=86
RIDECERT hk_adv_005 style=refuse_twice success=false faults=14 refusal_faults=12 rail_faults=0 time_faults=2 jumped=12/12 t=84.04 teleported=false complete=true refused=[1, 1] rail_fences=[] rail_air=[] conf=76.0 scope=80.0 eliminated=false reason= ribbon=Pink
RIDECERT wrote E:/Workspace/Madison/game/../dist/ridecert_results.json
RIDECERT done pass=true board=refuse_twice refusals=2
