Godot Engine v4.7.2.stable.official.ed1daf0bf - https://godotengine.org

FIT flatten armature scale=(100.0, 100.0, 100.0) keep_rot=(-90.0, 0.0, 0.0)
FIT length=2.25 height=1.91220223903656 scale=(0.84991, 0.84991, 0.84991)
SEAT bone=Torso bone_pos=(0.0, 1.126922, 0.286373) back_y=1.42885863780975 seat=(0.0, 1.428859, 0.286373)
TACK place crown=(0.0, 0.142, 0.0294) brow=(0.0, 0.196, 0.1326) nose=(0.0, 0.385, -0.0222) bit=(0.0, 0.479225, -0.087663)
HORSE mesh=WhiteHorse anim=true seat=Torso rider_parent=Seat
RIDER mesh scale 0.91304347826087 bones 62
RIDECERT begin
RIDECERT filter hk_adv_005
RIDECERT round hk_adv_005 class=advanced seed=3 jo=false style=refuse_three
COUNT fence=1 ahead=6.44 lateral=8.73 stride=-1 word=silent kept=false
MICHELLE soft | Come again.
MICHELLE soft | Two. Wait.
COUNT fence=1 ahead=8.40 lateral=1.49 stride=2 word=Two. Wait. kept=true
RIDEAI sit n=1 phase=approach pos=8.1,-30.6 ahead=8.3 lat=0.14 ang=4.2 along=8.3 gait=3 v=1.34 rein=0
MICHELLE soft | One. Wait.
COUNT fence=1 ahead=7.57 lateral=0.47 stride=1 word=One. Wait. kept=true
RIDEAI sit n=1 phase=approach pos=8.3,-28.4 ahead=6.01 lat=0.02 ang=4.2 along=6.0 gait=3 v=3.37 rein=0
MICHELLE soft | One. Early.
COUNT fence=1 ahead=5.35 lateral=0.47 stride=1 word=One. Early. kept=true
RIDEAI ASK n=1 ahead=4.31 lat=0.48 ang=4.2 charge=1.0
RIDECERT refuse fence=1 why=early
RIDEAI sit n=1 phase=approach pos=8.4,-26.9 ahead=4.53 lat=0.14 ang=4.2 along=4.6 gait=2 v=0.79 rein=0
MICHELLE soft | One. Early.
COUNT fence=1 ahead=4.45 lateral=0.47 stride=1 word=One. Early. kept=true
RIDEAI ASK n=1 ahead=4.32 lat=0.48 ang=4.2 charge=0.32
RIDECERT refuse fence=1 why=early
MICHELLE soft | One. Early.
COUNT fence=1 ahead=4.45 lateral=0.47 stride=1 word=One. Early. kept=true
RIDEAI ASK n=1 ahead=4.32 lat=0.48 ang=4.2 charge=0.32
RIDECERT refuse fence=1 why=three
RIDECERT trace E:/Workspace/Madison/game/../dist/traces/hk_adv_005_refuse_three.jsonl n=10
RIDECERT hk_adv_005 style=refuse_three success=false faults=12 refusal_faults=12 rail_faults=0 time_faults=0 jumped=0/12 t=7.24 teleported=false complete=true refused=[1, 1, 1] rail_fences=[] rail_air=[] conf=71.5 scope=80.0 eliminated=true reason=three ribbon=
RIDECERT wrote E:/Workspace/Madison/game/../dist/ridecert_results.json
RIDECERT done pass=true board=refuse_three refusals=3
