Godot Engine v4.7.2.stable.official.ed1daf0bf - https://godotengine.org

FIT flatten armature scale=(100.0, 100.0, 100.0) keep_rot=(-90.0, 0.0, 0.0)
FIT length=2.25 height=1.91220223903656 scale=(0.84991, 0.84991, 0.84991)
SEAT bone=Torso bone_pos=(0.0, 1.126922, 0.286373) back_y=1.42885863780975 seat=(0.0, 1.428859, 0.286373)
TACK place crown=(0.0, 0.142, 0.0294) brow=(0.0, 0.196, 0.1326) nose=(0.0, 0.385, -0.0222) bit=(0.0, 0.479225, -0.087663)
HORSE mesh=WhiteHorse anim=true seat=Torso rider_parent=Seat
RIDER mesh scale 0.91304347826087 bones 62
RIDECERT begin
RIDECERT filter hk_adv_003
RIDECERT round hk_adv_003 class=advanced seed=2 jo=false style=refuse_three
COUNT fence=1 ahead=5.96 lateral=8.41 stride=-1 word=silent kept=false
MICHELLE soft | Come again.
MICHELLE soft | Two. Wait.
COUNT fence=1 ahead=7.76 lateral=1.57 stride=2 word=Two. Wait. kept=true
RIDEAI sit n=1 phase=approach pos=8.1,-30.5 ahead=7.68 lat=0.04 ang=3.7 along=7.7 gait=3 v=1.48 rein=-1
MICHELLE soft | One. Wait.
COUNT fence=1 ahead=7.57 lateral=0.31 stride=1 word=One. Wait. kept=true
RIDEAI sit n=1 phase=approach pos=8.2,-28.3 ahead=5.46 lat=0.06 ang=2.6 along=5.5 gait=3 v=3.29 rein=0
MICHELLE soft | One. Early.
COUNT fence=1 ahead=5.35 lateral=0.31 stride=1 word=One. Early. kept=true
RIDEAI ASK n=1 ahead=4.31 lat=0.3 ang=2.6 charge=1.0
RIDECERT refuse fence=1 why=early
MICHELLE soft | One. Early.
COUNT fence=1 ahead=4.44 lateral=0.31 stride=1 word=One. Early. kept=true
RIDEAI sit n=1 phase=approach pos=8.2,-27.3 ahead=4.39 lat=0.12 ang=2.6 along=4.4 gait=3 v=1.13 rein=0
RIDEAI ASK n=1 ahead=4.31 lat=0.3 ang=2.6 charge=0.32
RIDECERT refuse fence=1 why=early
MICHELLE soft | One. Early.
COUNT fence=1 ahead=4.44 lateral=0.31 stride=1 word=One. Early. kept=true
RIDEAI ASK n=1 ahead=4.31 lat=0.3 ang=2.6 charge=0.32
RIDECERT refuse fence=1 why=three
RIDECERT trace E:/Workspace/Madison/game/../dist/traces/hk_adv_003_refuse_three.jsonl n=9
RIDECERT hk_adv_003 style=refuse_three success=false faults=12 refusal_faults=12 rail_faults=0 time_faults=0 jumped=0/12 t=7.10 teleported=false complete=true refused=[1, 1, 1] rail_fences=[] rail_air=[] conf=71.5 scope=80.0 eliminated=true reason=three ribbon=
RIDECERT wrote E:/Workspace/Madison/game/../dist/ridecert_results.json
RIDECERT done pass=true board=refuse_three refusals=3
