Godot Engine v4.7.2.stable.official.ed1daf0bf - https://godotengine.org

FIT flatten armature scale=(100.0, 100.0, 100.0) keep_rot=(-90.0, 0.0, 0.0)
FIT length=2.25 height=1.91220223903656 scale=(0.84991, 0.84991, 0.84991)
SEAT bone=Torso bone_pos=(0.0, 1.126922, 0.286373) back_y=1.42885863780975 seat=(0.0, 1.428859, 0.286373)
TACK place crown=(0.0, 0.142, 0.0294) brow=(0.0, 0.196, 0.1326) nose=(0.0, 0.385, -0.0222) bit=(0.0, 0.479225, -0.087663)
HORSE mesh=WhiteHorse anim=true seat=Torso rider_parent=Seat
RIDER mesh scale 0.91304347826087 bones 62
RIDECERT begin
RIDECERT filter hk_beg_039
RIDECERT round hk_beg_039 class=beginner seed=1 jo=false style=refuse_twice
COUNT fence=1 ahead=6.33 lateral=9.37 stride=-1 word=silent kept=false
MICHELLE soft | Come again.
MICHELLE soft | Two. Wait.
COUNT fence=1 ahead=8.74 lateral=1.49 stride=2 word=Two. Wait. kept=true
RIDEAI sit n=1 phase=approach pos=-8.0,-30.5 ahead=8.7 lat=0.02 ang=4.1 along=8.7 gait=3 v=1.48 rein=1
MICHELLE soft | One. Wait.
COUNT fence=1 ahead=7.54 lateral=0.43 stride=1 word=One. Wait. kept=true
RIDEAI sit n=1 phase=approach pos=-8.0,-28.3 ahead=6.48 lat=0.1 ang=2.9 along=6.5 gait=3 v=3.29 rein=0
MICHELLE soft | One. Early.
COUNT fence=1 ahead=5.39 lateral=0.43 stride=1 word=One. Early. kept=true
RIDEAI ASK n=1 ahead=4.29 lat=0.44 ang=2.9 charge=1.0
RIDECERT refuse fence=1 why=early
RIDEAI sit n=1 phase=approach pos=-7.9,-26.4 ahead=4.59 lat=0.2 ang=2.9 along=4.6 gait=1 v=0.46 rein=0
MICHELLE soft | One. Early.
COUNT fence=1 ahead=4.43 lateral=0.43 stride=1 word=One. Early. kept=true
RIDEAI ASK n=1 ahead=4.31 lat=0.44 ang=2.9 charge=0.28
RIDECERT refuse fence=1 why=early
MICHELLE soft | One. Early.
COUNT fence=1 ahead=4.45 lateral=0.43 stride=1 word=One. Early. kept=true
RIDEAI sit n=1 phase=approach pos=-7.9,-26.2 ahead=4.39 lat=0.2 ang=2.9 along=4.4 gait=3 v=1.13 rein=0
MICHELLE soft | Early.
COUNT fence=1 ahead=4.22 lateral=0.43 stride=0 word=Early. kept=true
MICHELLE soft | Wait.
COUNT fence=1 ahead=3.75 lateral=0.43 stride=0 word=Wait. kept=true
MICHELLE soft | Now.
COUNT fence=1 ahead=3.18 lateral=0.22 stride=0 word=Now. kept=true
RIDEAI ASK n=1 ahead=2.56 lat=0.22 ang=0.6 charge=1.0
RIDEAI fence 1 -> 2 t=9.59 leave=leave
MICHELLE soft | Two. Wait.
COUNT fence=2 ahead=10.21 lateral=0.11 stride=2 word=Two. Wait. kept=true
RIDEAI sit n=2 phase=approach pos=-7.6,-20.9 ahead=9.84 lat=0.2 ang=0.6 along=9.8 gait=3 v=3.54 rein=0
RIDEAI sit n=2 phase=approach pos=-7.5,-18.9 ahead=7.8 lat=0.18 ang=0.6 along=7.8 gait=3 v=2.25 rein=0
MICHELLE soft | One. Wait.
COUNT fence=2 ahead=7.54 lateral=0.11 stride=1 word=One. Wait. kept=true
RIDEAI sit n=2 phase=approach pos=-7.3,-16.6 ahead=5.55 lat=0.16 ang=0.6 along=5.5 gait=3 v=2.25 rein=0
MICHELLE soft | One. Early.
COUNT fence=2 ahead=5.40 lateral=0.11 stride=1 word=One. Early. kept=true
MICHELLE soft | Early.
COUNT fence=2 ahead=4.18 lateral=0.11 stride=0 word=Early. kept=true
MICHELLE soft | Wait.
COUNT fence=2 ahead=3.76 lateral=0.11 stride=0 word=Wait. kept=true
MICHELLE soft | Now.
COUNT fence=2 ahead=3.19 lateral=0.11 stride=0 word=Now. kept=true
RIDEAI ASK n=2 ahead=2.56 lat=0.12 ang=0.6 charge=1.0
RIDEAI fence 2 -> 3 t=14.12 leave=straight
RIDEAI sit n=3 phase=jump pos=-6.9,-10.6 ahead=12.3 lat=13.7 ang=4.0 along=11.4 gait=3 v=3.88 rein=0
RIDEAI sit n=3 phase=land pos=-5.2,-8.1 ahead=14.6 lat=12.0 ang=65.3 along=8.9 gait=3 v=3.09 rein=1
COUNT fence=3 ahead=10.83 lateral=8.57 stride=-1 word=silent kept=false
MICHELLE soft | Come again.
RIDEAI sit n=3 phase=land pos=-2.1,-8.0 ahead=8.45 lat=8.88 ang=92.8 along=8.7 gait=3 v=3.22 rein=0
RIDEAI sit n=3 phase=setup pos=1.8,-8.4 ahead=3.84 lat=4.98 ang=96.9 along=9.1 gait=3 v=5.02 rein=0
RIDEAI sit n=3 phase=setup pos=4.7,-8.8 ahead=0.33 lat=2.08 ang=100.4 along=9.5 gait=3 v=2.41 rein=0
RIDEAI sit n=3 phase=approach pos=7.4,-7.8 ahead=6.26 lat=0.6 ang=38.8 along=8.5 gait=3 v=1.92 rein=-1
MICHELLE soft | Two. Wait.
COUNT fence=3 ahead=7.67 lateral=1.50 stride=2 word=Two. Wait. kept=true
MICHELLE soft | One. Wait.
COUNT fence=3 ahead=7.56 lateral=0.10 stride=1 word=One. Wait. kept=true
RIDEAI sit n=3 phase=approach pos=7.7,-6.2 ahead=7.0 lat=0.86 ang=6.2 along=7.0 gait=3 v=2.19 rein=0
MICHELLE soft | One. Early.
COUNT fence=3 ahead=5.37 lateral=0.10 stride=1 word=One. Early. kept=true
MICHELLE soft | Early.
COUNT fence=3 ahead=4.18 lateral=0.10 stride=0 word=Early. kept=true
RIDEAI sit n=3 phase=approach pos=7.3,-3.0 ahead=3.79 lat=0.52 ang=6.2 along=3.8 gait=3 v=3.88 rein=0
MICHELLE soft | Wait.
COUNT fence=3 ahead=3.72 lateral=0.10 stride=0 word=Wait. kept=true
MICHELLE soft | Now.
COUNT fence=3 ahead=3.14 lateral=0.10 stride=0 word=Now. kept=true
RIDEAI ASK n=3 ahead=2.56 lat=0.1 ang=6.2 charge=1.0
RIDEAI fence 3 -> 4 t=22.87 leave=straight
RIDEAI sit n=4 phase=land pos=5.9,3.1 ahead=16.27 lat=14.0 ang=51.1 along=8.5 gait=3 v=3.09 rein=-1
COUNT fence=4 ahead=10.95 lateral=8.93 stride=-1 word=silent kept=false
MICHELLE soft | Come again.
RIDEAI sit n=4 phase=land pos=3.0,3.8 ahead=10.31 lat=11.04 ang=95.0 along=8.0 gait=3 v=3.22 rein=0
RIDEAI sit n=4 phase=setup pos=-0.5,3.7 ahead=6.2 lat=7.62 ang=99.1 along=8.4 gait=3 v=4.25 rein=0
RIDEAI sit n=4 phase=setup pos=-5.1,3.2 ahead=0.99 lat=3.06 ang=102.5 along=9.2 gait=3 v=2.49 rein=0
RIDEAI sit n=4 phase=approach pos=-8.0,3.4 ahead=3.43 lat=0.16 ang=69.2 along=9.2 gait=3 v=3.29 rein=1
RIDEAI sit n=4 phase=approach pos=-9.1,4.9 ahead=7.65 lat=1.08 ang=4.6 along=7.8 gait=3 v=1.34 rein=1
MICHELLE soft | Two. Wait.
COUNT fence=4 ahead=7.66 lateral=1.54 stride=2 word=Two. Wait. kept=true
MICHELLE soft | One. Wait.
COUNT fence=4 ahead=7.56 lateral=0.17 stride=1 word=One. Wait. kept=true
RIDEAI sit n=4 phase=approach pos=-8.6,7.1 ahead=5.62 lat=0.74 ang=9.4 along=5.6 gait=3 v=3.29 rein=0
MICHELLE soft | One. Early.
COUNT fence=4 ahead=5.39 lateral=0.17 stride=1 word=One. Early. kept=true
MICHELLE soft | Early.
COUNT fence=4 ahead=4.20 lateral=0.17 stride=0 word=Early. kept=true
MICHELLE soft | Wait.
COUNT fence=4 ahead=3.75 lateral=0.17 stride=0 word=Wait. kept=true
MICHELLE soft | Now.
COUNT fence=4 ahead=3.16 lateral=0.17 stride=0 word=Now. kept=true
RIDEAI ASK n=4 ahead=2.58 lat=0.18 ang=9.4 charge=1.0
RIDEAI fence 4 -> 5 t=31.78 leave=leave
RIDEAI sit n=5 phase=land pos=-7.0,13.6 ahead=15.68 lat=13.78 ang=24.6 along=10.9 gait=3 v=3.34 rein=1
RIDEAI sit n=5 phase=land pos=-4.6,15.2 ahead=11.99 lat=11.34 ang=85.9 along=9.3 gait=3 v=3.09 rein=1
COUNT fence=5 ahead=10.95 lateral=9.05 stride=-1 word=silent kept=false
MICHELLE soft | Come again.
RIDEAI sit n=5 phase=land pos=-1.4,15.3 ahead=8.33 lat=8.16 ang=88.9 along=9.2 gait=3 v=3.22 rein=0
RIDEAI sit n=5 phase=setup pos=2.9,15.0 ahead=3.25 lat=3.92 ang=94.0 along=9.5 gait=3 v=4.26 rein=0
RIDEAI sit n=5 phase=approach pos=5.7,14.9 ahead=2.5 lat=1.14 ang=81.8 along=9.6 gait=3 v=3.53 rein=-1
RIDEAI sit n=5 phase=approach pos=7.6,16.3 ahead=7.55 lat=0.8 ang=18.2 along=8.2 gait=3 v=1.35 rein=-1
MICHELLE soft | Two. Wait.
COUNT fence=5 ahead=7.85 lateral=1.60 stride=2 word=Two. Wait. kept=true
MICHELLE soft | One. Wait.
COUNT fence=5 ahead=7.55 lateral=0.16 stride=1 word=One. Wait. kept=true
RIDEAI sit n=5 phase=approach pos=7.5,18.2 ahead=6.39 lat=0.72 ang=5.0 along=6.3 gait=3 v=2.83 rein=0
MICHELLE soft | One. Early.
COUNT fence=5 ahead=5.37 lateral=0.16 stride=1 word=One. Early. kept=true
MICHELLE soft | Early.
COUNT fence=5 ahead=4.22 lateral=0.16 stride=0 word=Early. kept=true
MICHELLE soft | Wait.
COUNT fence=5 ahead=3.71 lateral=0.16 stride=0 word=Wait. kept=true
MICHELLE soft | Now.
COUNT fence=5 ahead=3.19 lateral=0.16 stride=0 word=Now. kept=true
RIDEAI sit n=5 phase=approach pos=7.2,21.8 ahead=2.73 lat=0.4 ang=5.0 along=2.7 gait=3 v=3.88 rein=0
RIDEAI ASK n=5 ahead=2.54 lat=0.16 ang=5.0 charge=1.0
RIDEAI fence 5 -> 6 t=40.43 leave=leave
COUNT fence=6 ahead=6.78 lateral=6.23 stride=-1 word=silent kept=false
MICHELLE soft | Come again.
MICHELLE soft | One. Wait.
COUNT fence=6 ahead=7.35 lateral=1.54 stride=1 word=One. Wait. kept=true
RIDEAI sit n=6 phase=land pos=5.3,27.4 ahead=6.48 lat=5.24 ang=60.7 along=3.9 gait=3 v=3.09 rein=-1
COUNT fence=6 ahead=5.97 lateral=1.62 stride=-1 word=silent kept=false
MICHELLE soft | Come again.
RIDEAI come again n=6 rein=-1 pos=2.6,27.3
RIDEAI sit n=6 phase=away pos=2.4,27.2 ahead=-0.19 lat=2.32 ang=122.5 along=4.0 gait=3 v=2.61 rein=-1
RIDEAI sit n=6 phase=again pos=1.7,25.5 ahead=-5.22 lat=1.58 ang=168.8 along=5.6 gait=3 v=2.76 rein=0
RIDEAI sit n=6 phase=again pos=1.1,21.7 ahead=-9.16 lat=0.8 ang=168.8 along=9.5 gait=3 v=5.06 rein=0
RIDEAI sit n=6 phase=approach pos=0.1,17.3 ahead=-10.68 lat=0.3 ang=139.6 along=13.8 gait=3 v=2.03 rein=1
RIDEAI sit n=6 phase=setup pos=-2.7,16.5 ahead=0.35 lat=3.08 ang=76.7 along=14.6 gait=3 v=2.43 rein=1
RIDEAI sit n=6 phase=setup pos=-3.8,17.9 ahead=12.48 lat=4.2 ang=6.9 along=13.1 gait=3 v=2.85 rein=1
RIDEAI sit n=6 phase=setup pos=-2.8,20.5 ahead=8.19 lat=3.1 ang=58.4 along=10.6 gait=3 v=2.11 rein=1
RIDEAI sit n=6 phase=approach pos=-0.1,21.7 ahead=6.81 lat=0.34 ang=46.0 along=9.4 gait=3 v=2.14 rein=-1
MICHELLE soft | Two. Wait.
COUNT fence=6 ahead=8.47 lateral=1.46 stride=2 word=Two. Wait. kept=true
RIDEAI sit n=6 phase=approach pos=0.4,23.2 ahead=7.93 lat=0.16 ang=2.0 along=7.9 gait=3 v=1.92 rein=0
MICHELLE soft | One. Wait.
COUNT fence=6 ahead=7.57 lateral=0.43 stride=1 word=One. Wait. kept=true
MICHELLE soft | One. Early.
COUNT fence=6 ahead=5.38 lateral=0.43 stride=1 word=One. Early. kept=true
RIDEAI sit n=6 phase=approach pos=0.4,26.2 ahead=4.92 lat=0.26 ang=2.0 along=4.9 gait=3 v=3.88 rein=0
MICHELLE soft | Early.
COUNT fence=6 ahead=4.21 lateral=0.43 stride=0 word=Early. kept=true
MICHELLE soft | Wait.
COUNT fence=6 ahead=3.76 lateral=0.43 stride=0 word=Wait. kept=true
MICHELLE soft | Now.
COUNT fence=6 ahead=3.13 lateral=0.23 stride=0 word=Now. kept=true
RIDEAI ASK n=6 ahead=2.55 lat=0.16 ang=2.6 charge=1.0
RIDEAI fence 6 -> 7 t=53.42 leave=leave
RIDEAI sit n=7 phase=land pos=-0.2,32.8 ahead=-8.24 lat=6.8 ang=153.9 along=12.5 gait=3 v=3.09 rein=-1
COUNT fence=7 ahead=0.96 lateral=14.83 stride=-1 word=silent kept=false
MICHELLE soft | Come again.
RIDEAI sit n=7 phase=land pos=-2.7,34.3 ahead=3.67 lat=4.32 ang=92.6 along=14.1 gait=3 v=3.09 rein=-1
RIDEAI sit n=7 phase=approach pos=-5.3,32.9 ahead=11.42 lat=1.7 ang=34.4 along=12.7 gait=3 v=3.44 rein=-1
MICHELLE soft | Two. Wait.
COUNT fence=7 ahead=10.89 lateral=0.81 stride=2 word=Two. Wait. kept=true
RIDEAI sit n=7 phase=approach pos=-6.3,28.7 ahead=8.48 lat=0.66 ang=9.9 along=8.5 gait=3 v=3.47 rein=0
MICHELLE soft | One. Wait.
COUNT fence=7 ahead=7.54 lateral=0.33 stride=1 word=One. Wait. kept=true
RIDEAI sit n=7 phase=approach pos=-6.6,26.4 ahead=6.21 lat=0.36 ang=6.4 along=6.2 gait=3 v=3.02 rein=0
MICHELLE soft | One. Early.
COUNT fence=7 ahead=5.37 lateral=0.33 stride=1 word=One. Early. kept=true
MICHELLE soft | Early.
COUNT fence=7 ahead=4.22 lateral=0.33 stride=0 word=Early. kept=true
MICHELLE soft | Wait.
COUNT fence=7 ahead=3.71 lateral=0.33 stride=0 word=Wait. kept=true
MICHELLE soft | Now.
COUNT fence=7 ahead=3.14 lateral=0.12 stride=0 word=Now. kept=true
RIDEAI ASK n=7 ahead=2.56 lat=0.12 ang=2.9 charge=1.0
RIDEAI fence 7 -> 8 t=60.2 leave=leave
RIDEAI sit n=8 phase=jump pos=-7.0,19.7 ahead=30.08 lat=14.22 ang=0.6 along=30.2 gait=3 v=3.88 rein=0
RIDEAI sit n=8 phase=land pos=-5.9,16.7 ahead=30.17 lat=13.04 ang=29.0 along=27.3 gait=3 v=3.22 rein=0
RIDEAI sit n=8 phase=land pos=-4.5,13.9 ahead=26.96 lat=11.48 ang=29.0 along=24.5 gait=3 v=3.22 rein=0
RIDEAI sit n=8 phase=setup pos=-2.5,10.5 ahead=22.82 lat=9.4 ang=33.1 along=21.1 gait=3 v=5.02 rein=0
RIDEAI sit n=8 phase=setup pos=0.4,5.8 ahead=17.33 lat=6.4 ang=33.1 along=16.5 gait=3 v=5.55 rein=0
COUNT fence=8 ahead=10.89 lateral=7.09 stride=-1 word=silent kept=false
MICHELLE soft | Come again.
RIDEAI sit n=8 phase=setup pos=3.3,1.5 ahead=9.99 lat=3.36 ang=53.8 along=12.3 gait=3 v=3.21 rein=0
RIDEAI sit n=8 phase=approach pos=5.1,-0.1 ahead=8.89 lat=1.54 ang=43.3 along=10.8 gait=3 v=3.08 rein=1
MICHELLE soft | Two. Wait.
COUNT fence=8 ahead=9.46 lateral=1.44 stride=2 word=Two. Wait. kept=true
RIDEAI sit n=8 phase=approach pos=5.8,-2.3 ahead=8.66 lat=0.72 ang=7.9 along=8.6 gait=3 v=2.09 rein=0
MICHELLE soft | One. Wait.
COUNT fence=8 ahead=7.57 lateral=0.48 stride=1 word=One. Wait. kept=true
RIDEAI sit n=8 phase=approach pos=6.1,-5.3 ahead=5.56 lat=0.28 ang=7.9 along=5.6 gait=3 v=3.88 rein=0
MICHELLE soft | One. Early.
COUNT fence=8 ahead=5.36 lateral=0.48 stride=1 word=One. Early. kept=true
MICHELLE soft | Early.
COUNT fence=8 ahead=4.22 lateral=0.17 stride=0 word=Early. kept=true
MICHELLE soft | Wait.
COUNT fence=8 ahead=3.76 lateral=0.17 stride=0 word=Wait. kept=true
MICHELLE soft | Now.
COUNT fence=8 ahead=3.18 lateral=0.17 stride=0 word=Now. kept=true
RIDEAI ASK n=8 ahead=2.53 lat=0.16 ang=4.4 charge=1.0
RIDEAI fence 8 -> 9 t=70.42 leave=straight
RIDECERT trace E:/Workspace/Madison/game/../dist/traces/hk_beg_039_refuse_twice.jsonl n=78
RIDECERT hk_beg_039 style=refuse_twice success=false faults=12 refusal_faults=12 rail_faults=0 time_faults=0 jumped=8/8 t=75.89 teleported=false complete=true refused=[1, 1] rail_fences=[] rail_air=[] conf=76.0 scope=80.0 eliminated=false reason= ribbon=Pink
RIDECERT wrote E:/Workspace/Madison/game/../dist/ridecert_results.json
RIDECERT done pass=true board=refuse_twice refusals=2
