Godot Engine v4.7.2.stable.official.ed1daf0bf - https://godotengine.org

FIT flatten armature scale=(100.0, 100.0, 100.0) keep_rot=(-90.0, 0.0, 0.0)
FIT length=2.25 height=1.91220223903656 scale=(0.84991, 0.84991, 0.84991)
SEAT bone=Torso bone_pos=(0.0, 1.126922, 0.286373) back_y=1.42885863780975 seat=(0.0, 1.428859, 0.286373)
TACK place crown=(0.0, 0.142, 0.0294) brow=(0.0, 0.196, 0.1326) nose=(0.0, 0.385, -0.0222) bit=(0.0, 0.479225, -0.087663)
HORSE mesh=WhiteHorse anim=true seat=Torso rider_parent=Seat
RIDER mesh scale 0.91304347826087 bones 62
RIDECERT begin
RIDECERT filter hk_beg_033
RIDECERT round hk_beg_033 class=beginner seed=5 jo=false style=refuse_twice
COUNT fence=1 ahead=6.23 lateral=8.77 stride=-1 word=silent kept=false
MICHELLE soft | Come again.
MICHELLE soft | Two. Wait.
COUNT fence=1 ahead=8.21 lateral=1.57 stride=2 word=Two. Wait. kept=true
RIDEAI sit n=1 phase=approach pos=8.6,-30.5 ahead=8.13 lat=0.12 ang=3.7 along=8.1 gait=3 v=1.48 rein=-1
MICHELLE soft | One. Wait.
COUNT fence=1 ahead=7.56 lateral=0.40 stride=1 word=One. Wait. kept=true
RIDEAI sit n=1 phase=approach pos=8.7,-28.3 ahead=5.9 lat=0.02 ang=3.7 along=5.9 gait=3 v=3.29 rein=0
MICHELLE soft | One. Early.
COUNT fence=1 ahead=5.38 lateral=0.40 stride=1 word=One. Early. kept=true
RIDEAI ASK n=1 ahead=4.29 lat=0.4 ang=3.7 charge=1.0
RIDECERT refuse fence=1 why=early
RIDEAI sit n=1 phase=approach pos=8.8,-26.9 ahead=4.49 lat=0.12 ang=3.7 along=4.5 gait=2 v=0.83 rein=0
MICHELLE soft | One. Early.
COUNT fence=1 ahead=4.43 lateral=0.40 stride=1 word=One. Early. kept=true
RIDEAI ASK n=1 ahead=4.31 lat=0.4 ang=3.7 charge=0.28
RIDECERT refuse fence=1 why=early
MICHELLE soft | One. Early.
COUNT fence=1 ahead=4.45 lateral=0.40 stride=1 word=One. Early. kept=true
MICHELLE soft | Early.
COUNT fence=1 ahead=4.22 lateral=0.40 stride=0 word=Early. kept=true
RIDEAI sit n=1 phase=approach pos=8.8,-26.6 ahead=4.2 lat=0.14 ang=3.7 along=4.2 gait=3 v=1.47 rein=0
MICHELLE soft | Wait.
COUNT fence=1 ahead=3.75 lateral=0.40 stride=0 word=Wait. kept=true
MICHELLE soft | Now.
COUNT fence=1 ahead=3.18 lateral=0.19 stride=0 word=Now. kept=true
RIDEAI ASK n=1 ahead=2.56 lat=0.2 ang=0.2 charge=1.0
RIDEAI fence 1 -> 2 t=9.43 leave=leave
MICHELLE soft | One. Wait.
COUNT fence=2 ahead=6.79 lateral=0.22 stride=1 word=One. Wait. kept=true
RIDEAI sit n=2 phase=approach pos=8.9,-21.2 ahead=6.12 lat=0.2 ang=0.2 along=6.1 gait=3 v=1.68 rein=0
MICHELLE soft | One. Early.
COUNT fence=2 ahead=5.40 lateral=0.22 stride=1 word=One. Early. kept=true
MICHELLE soft | Early.
COUNT fence=2 ahead=4.21 lateral=0.22 stride=0 word=Early. kept=true
RIDEAI sit n=2 phase=approach pos=8.9,-19.3 ahead=4.17 lat=0.2 ang=0.2 along=4.2 gait=3 v=2.25 rein=0
MICHELLE soft | Wait.
COUNT fence=2 ahead=3.75 lateral=0.22 stride=0 word=Wait. kept=true
MICHELLE soft | Now.
COUNT fence=2 ahead=3.15 lateral=0.22 stride=0 word=Now. kept=true
RIDEAI ASK n=2 ahead=2.55 lat=0.22 ang=0.2 charge=1.0
RIDEAI fence 2 -> 3 t=12.84 leave=leave
MICHELLE soft | Two. Wait.
COUNT fence=3 ahead=10.29 lateral=0.27 stride=2 word=Two. Wait. kept=true
RIDEAI sit n=3 phase=approach pos=8.9,-13.7 ahead=9.43 lat=0.22 ang=0.2 along=9.4 gait=3 v=3.17 rein=0
MICHELLE soft | One. Wait.
COUNT fence=3 ahead=7.57 lateral=0.27 stride=1 word=One. Wait. kept=true
RIDEAI sit n=3 phase=approach pos=8.9,-11.8 ahead=7.53 lat=0.24 ang=0.2 along=7.5 gait=3 v=2.25 rein=0
MICHELLE soft | One. Early.
COUNT fence=3 ahead=5.39 lateral=0.27 stride=1 word=One. Early. kept=true
RIDEAI sit n=3 phase=approach pos=8.9,-9.6 ahead=5.27 lat=0.24 ang=0.2 along=5.3 gait=3 v=2.37 rein=0
MICHELLE soft | Early.
COUNT fence=3 ahead=4.19 lateral=0.27 stride=0 word=Early. kept=true
MICHELLE soft | Wait.
COUNT fence=3 ahead=3.72 lateral=0.27 stride=0 word=Wait. kept=true
MICHELLE soft | Now.
COUNT fence=3 ahead=3.13 lateral=0.27 stride=0 word=Now. kept=true
RIDEAI ASK n=3 ahead=2.56 lat=0.26 ang=0.2 charge=1.0
RIDEAI fence 3 -> 4 t=17.4 leave=leave
RIDEAI sit n=4 phase=land pos=8.9,-3.4 ahead=14.78 lat=16.4 ang=11.9 along=11.6 gait=3 v=3.49 rein=-1
RIDEAI sit n=4 phase=land pos=7.1,-1.1 ahead=16.5 lat=14.38 ang=73.2 along=9.5 gait=3 v=3.09 rein=-1
RIDEAI sit n=4 phase=land pos=3.9,-0.7 ahead=11.46 lat=11.22 ang=88.5 along=9.3 gait=3 v=3.22 rein=0
COUNT fence=4 ahead=10.97 lateral=8.99 stride=-1 word=silent kept=false
MICHELLE soft | Come again.
RIDEAI sit n=4 phase=setup pos=-0.3,-0.5 ahead=6.59 lat=7.02 ang=92.6 along=9.4 gait=3 v=5.33 rein=0
RIDEAI sit n=4 phase=setup pos=-4.7,-0.4 ahead=1.5 lat=2.64 ang=96.7 along=9.6 gait=3 v=2.19 rein=0
RIDEAI sit n=4 phase=approach pos=-7.5,0.4 ahead=5.56 lat=0.24 ang=50.6 along=9.0 gait=3 v=1.92 rein=1
MICHELLE soft | Two. Wait.
COUNT fence=4 ahead=7.87 lateral=1.54 stride=2 word=Two. Wait. kept=true
RIDEAI sit n=4 phase=approach pos=-8.0,1.9 ahead=7.58 lat=0.82 ang=5.4 along=7.5 gait=3 v=1.73 rein=0
MICHELLE soft | One. Wait.
COUNT fence=4 ahead=7.55 lateral=0.10 stride=1 word=One. Wait. kept=true
MICHELLE soft | One. Early.
COUNT fence=4 ahead=5.37 lateral=0.10 stride=1 word=One. Early. kept=true
RIDEAI sit n=4 phase=approach pos=-7.5,4.7 ahead=4.74 lat=0.56 ang=5.4 along=4.7 gait=3 v=3.88 rein=0
MICHELLE soft | Early.
COUNT fence=4 ahead=4.16 lateral=0.10 stride=0 word=Early. kept=true
MICHELLE soft | Wait.
COUNT fence=4 ahead=3.71 lateral=0.10 stride=0 word=Wait. kept=true
MICHELLE soft | Now.
COUNT fence=4 ahead=3.13 lateral=0.10 stride=0 word=Now. kept=true
RIDEAI ASK n=4 ahead=2.54 lat=0.1 ang=5.4 charge=1.0
RIDEAI fence 4 -> 5 t=26.53 leave=leave
RIDEAI sit n=5 phase=land pos=-6.1,11.1 ahead=14.7 lat=14.82 ang=35.0 along=7.6 gait=3 v=3.09 rein=1
RIDEAI sit n=5 phase=land pos=-3.4,12.3 ahead=11.37 lat=12.14 ang=96.2 along=6.4 gait=3 v=3.09 rein=1
COUNT fence=5 ahead=10.98 lateral=8.06 stride=-1 word=silent kept=false
MICHELLE soft | Come again.
RIDEAI sit n=5 phase=setup pos=-0.3,11.6 ahead=7.09 lat=8.96 ang=103.4 along=7.1 gait=3 v=3.68 rein=1
RIDEAI sit n=5 phase=setup pos=4.3,10.3 ahead=1.8 lat=4.36 ang=106.5 along=8.4 gait=3 v=5.5 rein=0
RIDEAI sit n=5 phase=approach pos=7.3,9.4 ahead=-0.09 lat=1.44 ang=99.3 along=9.3 gait=3 v=3.3 rein=-1
RIDEAI sit n=5 phase=approach pos=9.7,10.2 ahead=6.18 lat=1.0 ang=36.9 along=8.5 gait=3 v=2.57 rein=-1
MICHELLE soft | One. Wait.
COUNT fence=5 ahead=7.49 lateral=1.51 stride=1 word=One. Wait. kept=true
RIDEAI sit n=5 phase=approach pos=9.9,12.0 ahead=6.81 lat=1.22 ang=14.2 along=6.7 gait=3 v=2.26 rein=0
MICHELLE soft | One. Early.
COUNT fence=5 ahead=5.36 lateral=0.46 stride=1 word=One. Early. kept=true
MICHELLE soft | Early.
COUNT fence=5 ahead=4.20 lateral=0.28 stride=0 word=Early. kept=true
MICHELLE soft | Wait.
COUNT fence=5 ahead=3.75 lateral=0.11 stride=0 word=Wait. kept=true
RIDEAI sit n=5 phase=approach pos=9.2,15.2 ahead=3.56 lat=0.48 ang=9.5 along=3.5 gait=3 v=3.88 rein=0
MICHELLE soft | Now.
COUNT fence=5 ahead=3.17 lateral=0.11 stride=0 word=Now. kept=true
RIDEAI ASK n=5 ahead=2.59 lat=0.12 ang=9.5 charge=1.0
RIDEAI fence 5 -> 6 t=35.63 leave=leave
RIDEAI sit n=6 phase=land pos=7.2,21.4 ahead=11.45 lat=7.46 ang=55.8 along=9.4 gait=3 v=3.09 rein=-1
COUNT fence=6 ahead=10.96 lateral=4.37 stride=-1 word=silent kept=false
MICHELLE soft | Come again.
RIDEAI sit n=6 phase=land pos=4.2,21.8 ahead=3.38 lat=4.46 ang=96.6 along=9.1 gait=3 v=3.22 rein=0
RIDEAI sit n=6 phase=approach pos=1.0,21.5 ahead=1.46 lat=1.22 ang=88.5 along=9.5 gait=3 v=2.14 rein=1
RIDEAI sit n=6 phase=approach pos=-1.0,23.0 ahead=6.76 lat=0.78 ang=27.2 along=8.0 gait=3 v=3.68 rein=1
MICHELLE soft | One. Wait.
COUNT fence=6 ahead=7.16 lateral=1.52 stride=1 word=One. Wait. kept=true
RIDEAI sit n=6 phase=approach pos=-1.0,25.0 ahead=6.07 lat=0.86 ang=8.9 along=6.0 gait=3 v=2.52 rein=0
MICHELLE soft | One. Early.
COUNT fence=6 ahead=5.36 lateral=0.08 stride=1 word=One. Early. kept=true
MICHELLE soft | Early.
COUNT fence=6 ahead=4.20 lateral=0.08 stride=0 word=Early. kept=true
MICHELLE soft | Wait.
COUNT fence=6 ahead=3.74 lateral=0.08 stride=0 word=Wait. kept=true
MICHELLE soft | Now.
COUNT fence=6 ahead=3.16 lateral=0.08 stride=0 word=Now. kept=true
RIDEAI sit n=6 phase=approach pos=-0.4,28.4 ahead=2.58 lat=0.32 ang=8.9 along=2.6 gait=3 v=3.88 rein=0
RIDEAI ASK n=6 ahead=2.58 lat=0.08 ang=8.9 charge=1.0
RIDEAI fence 6 -> 7 t=42.8 leave=leave
RIDEAI sit n=7 phase=land pos=-0.9,34.2 ahead=-6.53 lat=5.64 ang=131.4 along=16.3 gait=3 v=3.09 rein=-1
COUNT fence=7 ahead=1.03 lateral=17.44 stride=-1 word=silent kept=false
MICHELLE soft | Come again.
RIDEAI sit n=7 phase=land pos=-3.8,34.7 ahead=8.29 lat=2.74 ang=70.1 along=16.8 gait=3 v=3.09 rein=-1
RIDEAI sit n=7 phase=approach pos=-5.8,31.7 ahead=13.83 lat=0.62 ang=8.9 along=13.9 gait=3 v=4.85 rein=-1
MICHELLE soft | Two. Wait.
COUNT fence=7 ahead=10.86 lateral=0.56 stride=2 word=Two. Wait. kept=true
RIDEAI sit n=7 phase=approach pos=-6.1,26.4 ahead=8.59 lat=0.16 ang=4.8 along=8.6 gait=3 v=4.07 rein=0
MICHELLE soft | One. Wait.
COUNT fence=7 ahead=7.54 lateral=0.56 stride=1 word=One. Wait. kept=true
RIDEAI sit n=7 phase=approach pos=-6.3,23.9 ahead=6.08 lat=0.04 ang=4.8 along=6.1 gait=3 v=2.95 rein=0
MICHELLE soft | One. Early.
COUNT fence=7 ahead=5.39 lateral=0.56 stride=1 word=One. Early. kept=true
MICHELLE soft | Early.
COUNT fence=7 ahead=4.22 lateral=0.23 stride=0 word=Early. kept=true
MICHELLE soft | Wait.
COUNT fence=7 ahead=3.77 lateral=0.23 stride=0 word=Wait. kept=true
MICHELLE soft | Now.
COUNT fence=7 ahead=3.18 lateral=0.23 stride=0 word=Now. kept=true
RIDEAI ASK n=7 ahead=2.54 lat=0.24 ang=1.3 charge=1.0
RIDEAI fence 7 -> 8 t=50.19 leave=leave
RIDEAI sit n=8 phase=land pos=-6.3,17.3 ahead=27.06 lat=13.24 ang=6.6 along=25.7 gait=3 v=3.84 rein=-1
RIDEAI sit n=8 phase=land pos=-5.0,14.4 ahead=25.33 lat=11.66 ang=37.2 along=22.9 gait=3 v=3.22 rein=0
RIDEAI sit n=8 phase=land pos=-3.3,11.6 ahead=22.11 lat=9.72 ang=37.2 along=20.4 gait=3 v=3.22 rein=0
RIDEAI sit n=8 phase=setup pos=-1.1,8.4 ahead=17.76 lat=7.16 ang=41.3 along=17.4 gait=3 v=5.06 rein=0
RIDEAI sit n=8 phase=setup pos=2.0,4.1 ahead=12.13 lat=3.7 ang=44.8 along=13.4 gait=3 v=3.49 rein=-1
COUNT fence=8 ahead=10.99 lateral=6.84 stride=-1 word=silent kept=false
MICHELLE soft | Come again.
RIDEAI sit n=8 phase=approach pos=3.8,1.9 ahead=10.04 lat=1.7 ang=37.7 along=11.4 gait=3 v=3.84 rein=1
MICHELLE soft | Two. Wait.
COUNT fence=8 ahead=9.83 lateral=1.45 stride=2 word=Two. Wait. kept=true
RIDEAI sit n=8 phase=approach pos=4.5,-1.6 ahead=7.97 lat=0.68 ang=9.1 along=8.0 gait=3 v=1.55 rein=0
MICHELLE soft | One. Wait.
COUNT fence=8 ahead=7.57 lateral=0.58 stride=1 word=One. Wait. kept=true
MICHELLE soft | One. Early.
COUNT fence=8 ahead=5.35 lateral=0.21 stride=1 word=One. Early. kept=true
RIDEAI sit n=8 phase=approach pos=4.6,-4.2 ahead=5.35 lat=0.32 ang=5.6 along=5.3 gait=3 v=3.71 rein=0
MICHELLE soft | Early.
COUNT fence=8 ahead=4.19 lateral=0.21 stride=0 word=Early. kept=true
MICHELLE soft | Wait.
COUNT fence=8 ahead=3.74 lateral=0.21 stride=0 word=Wait. kept=true
MICHELLE soft | Now.
COUNT fence=8 ahead=3.16 lateral=0.21 stride=0 word=Now. kept=true
RIDEAI ASK n=8 ahead=2.57 lat=0.22 ang=5.6 charge=1.0
RIDEAI fence 8 -> 9 t=59.35 leave=leave
RIDECERT trace E:/Workspace/Madison/game/../dist/traces/hk_beg_033_refuse_twice.jsonl n=68
RIDECERT hk_beg_033 style=refuse_twice success=false faults=12 refusal_faults=12 rail_faults=0 time_faults=0 jumped=8/8 t=64.99 teleported=false complete=true refused=[1, 1] rail_fences=[] rail_air=[] conf=76.0 scope=80.0 eliminated=false reason= ribbon=Pink
RIDECERT wrote E:/Workspace/Madison/game/../dist/ridecert_results.json
RIDECERT done pass=true board=refuse_twice refusals=2
