Godot Engine v4.7.2.stable.official.ed1daf0bf - https://godotengine.org

FIT flatten armature scale=(100.0, 100.0, 100.0) keep_rot=(-90.0, 0.0, 0.0)
FIT length=2.25 height=1.91220223903656 scale=(0.84991, 0.84991, 0.84991)
SEAT bone=Torso bone_pos=(0.0, 1.126922, 0.286373) back_y=1.42885863780975 seat=(0.0, 1.428859, 0.286373)
TACK place crown=(0.0, 0.142, 0.0294) brow=(0.0, 0.196, 0.1326) nose=(0.0, 0.385, -0.0222) bit=(0.0, 0.479225, -0.087663)
HORSE mesh=WhiteHorse anim=true seat=Torso rider_parent=Seat
RIDER mesh scale 0.91304347826087 bones 62
RIDECERT begin
RIDECERT filter hk_beg_035
RIDECERT round hk_beg_035 class=beginner seed=0 jo=false style=refuse_twice
COUNT fence=1 ahead=5.83 lateral=8.24 stride=-1 word=silent kept=false
MICHELLE soft | Come again.
MICHELLE soft | One. Wait.
COUNT fence=1 ahead=7.55 lateral=1.57 stride=1 word=One. Wait. kept=true
RIDEAI sit n=1 phase=approach pos=8.7,-30.6 ahead=7.47 lat=0.02 ang=3.7 along=7.5 gait=3 v=1.48 rein=-1
MICHELLE soft | One. Early.
COUNT fence=1 ahead=5.37 lateral=0.19 stride=1 word=One. Early. kept=true
RIDEAI sit n=1 phase=approach pos=8.8,-28.3 ahead=5.26 lat=0.06 ang=1.4 along=5.3 gait=3 v=3.29 rein=0
RIDEAI ASK n=1 ahead=4.3 lat=0.2 ang=1.4 charge=1.0
RIDECERT refuse fence=1 why=early
MICHELLE soft | One. Early.
COUNT fence=1 ahead=4.43 lateral=0.19 stride=1 word=One. Early. kept=true
RIDEAI sit n=1 phase=approach pos=8.8,-27.4 ahead=4.32 lat=0.08 ang=1.4 along=4.3 gait=3 v=1.24 rein=0
RIDEAI ASK n=1 ahead=4.3 lat=0.2 ang=1.4 charge=0.32
RIDECERT refuse fence=1 why=early
MICHELLE soft | One. Early.
COUNT fence=1 ahead=4.44 lateral=0.19 stride=1 word=One. Early. kept=true
MICHELLE soft | Early.
COUNT fence=1 ahead=4.21 lateral=0.19 stride=0 word=Early. kept=true
RIDEAI sit n=1 phase=approach pos=8.8,-27.0 ahead=3.93 lat=0.1 ang=1.4 along=3.9 gait=3 v=1.82 rein=0
MICHELLE soft | Wait.
COUNT fence=1 ahead=3.74 lateral=0.19 stride=0 word=Wait. kept=true
MICHELLE soft | Now.
COUNT fence=1 ahead=3.15 lateral=0.19 stride=0 word=Now. kept=true
RIDEAI ASK n=1 ahead=2.58 lat=0.2 ang=1.4 charge=1.0
RIDEAI fence 1 -> 2 t=9.26 leave=leave
COUNT fence=2 ahead=10.16 lateral=16.29 stride=-1 word=silent kept=false
MICHELLE soft | Come again.
RIDEAI sit n=2 phase=land pos=8.6,-21.3 ahead=14.86 lat=16.52 ang=29.2 along=7.8 gait=3 v=3.09 rein=-1
RIDEAI sit n=2 phase=land pos=6.2,-19.6 ahead=13.91 lat=13.96 ang=90.4 along=6.3 gait=3 v=3.09 rein=-1
RIDEAI sit n=2 phase=setup pos=3.0,-19.9 ahead=9.31 lat=10.76 ang=100.6 along=6.9 gait=3 v=3.72 rein=0
RIDEAI sit n=2 phase=setup pos=-1.8,-20.8 ahead=3.83 lat=6.08 ang=104.7 along=8.1 gait=3 v=5.55 rein=0
RIDEAI sit n=2 phase=setup pos=-5.6,-21.6 ahead=-0.72 lat=2.34 ang=108.8 along=9.1 gait=3 v=2.57 rein=0
RIDEAI sit n=2 phase=approach pos=-8.4,-21.2 ahead=4.79 lat=0.48 ang=54.6 along=9.0 gait=3 v=1.92 rein=1
MICHELLE soft | One. Wait.
COUNT fence=2 ahead=7.51 lateral=1.50 stride=1 word=One. Wait. kept=true
RIDEAI sit n=2 phase=approach pos=-9.1,-19.5 ahead=7.4 lat=1.3 ang=11.4 along=7.3 gait=3 v=1.57 rein=1
MICHELLE soft | One. Early.
COUNT fence=2 ahead=5.36 lateral=0.32 stride=1 word=One. Early. kept=true
RIDEAI sit n=2 phase=approach pos=-8.3,-16.9 ahead=4.7 lat=0.7 ang=12.6 along=4.7 gait=3 v=3.79 rein=0
MICHELLE soft | Early.
COUNT fence=2 ahead=4.18 lateral=0.32 stride=0 word=Early. kept=true
MICHELLE soft | Wait.
COUNT fence=2 ahead=3.74 lateral=0.17 stride=0 word=Wait. kept=true
MICHELLE soft | Now.
COUNT fence=2 ahead=3.16 lateral=0.02 stride=0 word=Now. kept=true
RIDEAI ASK n=2 ahead=2.58 lat=0.02 ang=7.9 charge=1.0
RIDEAI fence 2 -> 3 t=18.68 leave=straight
RIDEAI sit n=3 phase=land pos=-6.6,-10.6 ahead=16.82 lat=15.3 ang=38.5 along=9.3 gait=3 v=3.09 rein=1
RIDEAI sit n=3 phase=land pos=-3.8,-9.2 ahead=14.39 lat=12.56 ang=72.2 along=7.9 gait=3 v=3.22 rein=0
COUNT fence=3 ahead=10.86 lateral=4.71 stride=-1 word=silent kept=false
MICHELLE soft | Come again.
RIDEAI sit n=3 phase=setup pos=-0.7,-8.3 ahead=10.65 lat=9.44 ang=78.3 along=7.0 gait=3 v=3.72 rein=1
RIDEAI sit n=3 phase=setup pos=3.9,-9.3 ahead=1.98 lat=4.84 ang=108.9 along=8.0 gait=3 v=5.55 rein=0
RIDEAI sit n=3 phase=approach pos=6.9,-10.4 ahead=-1.27 lat=1.78 ang=108.9 along=9.1 gait=3 v=3.11 rein=-1
RIDEAI sit n=3 phase=approach pos=9.5,-10.0 ahead=5.4 lat=0.82 ang=46.5 along=8.7 gait=3 v=2.38 rein=-1
MICHELLE soft | One. Wait.
COUNT fence=3 ahead=7.32 lateral=1.57 stride=1 word=One. Wait. kept=true
RIDEAI sit n=3 phase=approach pos=10.2,-8.2 ahead=7.0 lat=1.44 ang=15.9 along=6.9 gait=3 v=1.88 rein=0
MICHELLE soft | One. Early.
COUNT fence=3 ahead=5.37 lateral=0.50 stride=1 word=One. Early. kept=true
MICHELLE soft | Early.
COUNT fence=3 ahead=4.22 lateral=0.50 stride=0 word=Early. kept=true
RIDEAI sit n=3 phase=approach pos=9.3,-5.3 ahead=4.04 lat=0.62 ang=13.6 along=4.0 gait=3 v=3.88 rein=1
MICHELLE soft | Wait.
COUNT fence=3 ahead=3.73 lateral=0.17 stride=0 word=Wait. kept=true
MICHELLE soft | Now.
COUNT fence=3 ahead=3.14 lateral=0.17 stride=0 word=Now. kept=true
RIDEAI ASK n=3 ahead=2.57 lat=0.02 ang=7.8 charge=1.0
RIDEAI fence 3 -> 4 t=27.93 leave=leave
MICHELLE soft | Two. Wait.
COUNT fence=4 ahead=10.30 lateral=1.46 stride=2 word=Two. Wait. kept=true
RIDEAI sit n=4 phase=approach pos=8.6,0.7 ahead=8.84 lat=0.14 ang=2.7 along=8.9 gait=3 v=1.4 rein=0
MICHELLE soft | One. Wait.
COUNT fence=4 ahead=7.56 lateral=0.55 stride=1 word=One. Wait. kept=true
RIDEAI sit n=4 phase=approach pos=8.5,2.7 ahead=6.85 lat=0.24 ang=2.7 along=6.9 gait=3 v=2.25 rein=0
MICHELLE soft | One. Early.
COUNT fence=4 ahead=5.38 lateral=0.55 stride=1 word=One. Early. kept=true
RIDEAI sit n=4 phase=approach pos=8.4,5.2 ahead=4.45 lat=0.32 ang=0.8 along=4.4 gait=3 v=3.11 rein=0
MICHELLE soft | Early.
COUNT fence=4 ahead=4.19 lateral=0.27 stride=0 word=Early. kept=true
MICHELLE soft | Wait.
COUNT fence=4 ahead=3.76 lateral=0.27 stride=0 word=Wait. kept=true
MICHELLE soft | Now.
COUNT fence=4 ahead=3.17 lateral=0.27 stride=0 word=Now. kept=true
RIDEAI ASK n=4 ahead=2.59 lat=0.26 ang=0.8 charge=1.0
RIDEAI fence 4 -> 5 t=32.5 leave=leave
MICHELLE soft | Two. Wait.
COUNT fence=5 ahead=10.32 lateral=0.12 stride=2 word=Two. Wait. kept=true
RIDEAI sit n=5 phase=approach pos=8.5,11.4 ahead=9.01 lat=0.24 ang=0.8 along=9.0 gait=3 v=1.74 rein=0
MICHELLE soft | One. Wait.
COUNT fence=5 ahead=7.55 lateral=0.12 stride=1 word=One. Wait. kept=true
RIDEAI sit n=5 phase=approach pos=8.5,13.3 ahead=7.13 lat=0.22 ang=0.8 along=7.1 gait=3 v=2.25 rein=0
MICHELLE soft | One. Early.
COUNT fence=5 ahead=5.37 lateral=0.12 stride=1 word=One. Early. kept=true
RIDEAI sit n=5 phase=approach pos=8.5,15.6 ahead=4.81 lat=0.18 ang=0.8 along=4.8 gait=3 v=2.79 rein=0
MICHELLE soft | Early.
COUNT fence=5 ahead=4.21 lateral=0.12 stride=0 word=Early. kept=true
MICHELLE soft | Wait.
COUNT fence=5 ahead=3.74 lateral=0.12 stride=0 word=Wait. kept=true
MICHELLE soft | Now.
COUNT fence=5 ahead=3.15 lateral=0.12 stride=0 word=Now. kept=true
RIDEAI ASK n=5 ahead=2.58 lat=0.12 ang=0.8 charge=1.0
RIDEAI fence 5 -> 6 t=37.04 leave=straight
COUNT fence=6 ahead=6.15 lateral=6.58 stride=-1 word=silent kept=false
MICHELLE soft | Come again.
RIDEAI sit n=6 phase=land pos=8.4,21.9 ahead=6.91 lat=6.62 ang=20.7 along=4.9 gait=3 v=3.09 rein=-1
MICHELLE soft | One. Wait.
COUNT fence=6 ahead=6.97 lateral=1.57 stride=1 word=One. Wait. kept=true
COUNT fence=6 ahead=5.48 lateral=1.62 stride=-1 word=silent kept=false
MICHELLE soft | Come again.
RIDEAI sit n=6 phase=land pos=6.2,23.8 ahead=4.69 lat=4.3 ang=82.0 along=3.1 gait=3 v=3.09 rein=-1
RIDEAI come again n=6 rein=-1 pos=4.3,23.5
RIDEAI sit n=6 phase=away pos=3.8,23.0 ahead=-2.17 lat=1.96 ang=146.5 along=3.9 gait=3 v=1.34 rein=-1
RIDEAI sit n=6 phase=again pos=3.2,20.7 ahead=-5.86 lat=1.42 ang=169.4 along=6.2 gait=3 v=3.53 rein=0
RIDEAI sit n=6 phase=again pos=2.2,16.2 ahead=-10.53 lat=0.56 ang=169.4 along=10.8 gait=3 v=5.55 rein=0
RIDEAI sit n=6 phase=approach pos=0.6,13.0 ahead=-7.94 lat=0.88 ang=120.8 along=14.0 gait=3 v=2.65 rein=1
RIDEAI sit n=6 phase=setup pos=-2.2,13.0 ahead=4.29 lat=3.66 ang=58.4 along=14.1 gait=3 v=1.92 rein=1
RIDEAI sit n=6 phase=setup pos=-3.3,15.7 ahead=11.83 lat=4.84 ang=4.0 along=11.5 gait=3 v=2.86 rein=1
RIDEAI sit n=6 phase=setup pos=-1.7,17.5 ahead=7.07 lat=3.34 ang=65.3 along=9.6 gait=3 v=3.49 rein=1
RIDEAI sit n=6 phase=approach pos=0.9,18.0 ahead=5.4 lat=0.78 ang=58.3 along=9.0 gait=3 v=2.84 rein=-1
MICHELLE soft | One. Wait.
COUNT fence=6 ahead=6.84 lateral=1.55 stride=1 word=One. Wait. kept=true
RIDEAI sit n=6 phase=approach pos=2.4,20.3 ahead=6.72 lat=0.6 ang=3.8 along=6.7 gait=3 v=1.46 rein=0
MICHELLE soft | One. Early.
COUNT fence=6 ahead=5.38 lateral=0.16 stride=1 word=One. Early. kept=true
MICHELLE soft | Early.
COUNT fence=6 ahead=4.20 lateral=0.16 stride=0 word=Early. kept=true
RIDEAI sit n=6 phase=approach pos=2.3,22.9 ahead=4.14 lat=0.44 ang=3.8 along=4.1 gait=3 v=3.67 rein=0
MICHELLE soft | Wait.
COUNT fence=6 ahead=3.76 lateral=0.16 stride=0 word=Wait. kept=true
MICHELLE soft | Now.
COUNT fence=6 ahead=3.17 lateral=0.16 stride=0 word=Now. kept=true
RIDEAI ASK n=6 ahead=2.53 lat=0.16 ang=3.8 charge=1.0
RIDEAI fence 6 -> 7 t=50.21 leave=straight
RIDEAI sit n=7 phase=land pos=1.6,29.2 ahead=-14.05 lat=6.22 ang=138.7 along=24.2 gait=3 v=3.09 rein=-1
COUNT fence=7 ahead=0.96 lateral=25.47 stride=-1 word=silent kept=false
MICHELLE soft | Come again.
RIDEAI sit n=7 phase=land pos=-1.2,30.3 ahead=8.78 lat=3.4 ang=77.4 along=25.1 gait=3 v=3.09 rein=-1
RIDEAI sit n=7 phase=approach pos=-3.5,28.4 ahead=22.32 lat=1.22 ang=16.2 along=22.9 gait=3 v=3.9 rein=-1
RIDEAI sit n=7 phase=approach pos=-4.5,23.5 ahead=17.92 lat=0.66 ang=6.0 along=17.9 gait=3 v=5.55 rein=0
RIDEAI sit n=7 phase=approach pos=-5.6,18.1 ahead=12.37 lat=0.08 ang=6.0 along=12.4 gait=3 v=5.55 rein=0
MICHELLE soft | Two. Wait.
COUNT fence=7 ahead=10.89 lateral=1.21 stride=2 word=Two. Wait. kept=true
RIDEAI sit n=7 phase=approach pos=-6.4,13.5 ahead=7.81 lat=0.36 ang=1.3 along=7.8 gait=3 v=1.81 rein=0
MICHELLE soft | One. Wait.
COUNT fence=7 ahead=7.55 lateral=0.53 stride=1 word=One. Wait. kept=true
MICHELLE soft | One. Early.
COUNT fence=7 ahead=5.40 lateral=0.53 stride=1 word=One. Early. kept=true
RIDEAI sit n=7 phase=approach pos=-6.7,10.9 ahead=5.16 lat=0.42 ang=1.3 along=5.2 gait=3 v=3.6 rein=0
MICHELLE soft | Early.
COUNT fence=7 ahead=4.20 lateral=0.53 stride=0 word=Early. kept=true
MICHELLE soft | Wait.
COUNT fence=7 ahead=3.71 lateral=0.30 stride=0 word=Wait. kept=true
MICHELLE soft | Now.
COUNT fence=7 ahead=3.13 lateral=0.30 stride=0 word=Now. kept=true
RIDEAI ASK n=7 ahead=2.55 lat=0.3 ang=2.2 charge=1.0
RIDEAI fence 7 -> 8 t=58.9 leave=straight
RIDEAI sit n=8 phase=land pos=-6.9,4.2 ahead=18.46 lat=13.66 ang=20.3 along=14.6 gait=3 v=3.09 rein=-1
RIDEAI sit n=8 phase=land pos=-4.8,2.1 ahead=15.88 lat=11.4 ang=63.1 along=12.6 gait=3 v=3.22 rein=0
RIDEAI sit n=8 phase=land pos=-2.1,0.4 ahead=12.65 lat=8.52 ang=63.1 along=11.2 gait=3 v=3.41 rein=0
COUNT fence=8 ahead=10.98 lateral=7.01 stride=-1 word=silent kept=false
MICHELLE soft | Come again.
RIDEAI sit n=8 phase=setup pos=2.0,-1.7 ahead=7.62 lat=4.32 ang=67.2 along=9.4 gait=3 v=5.36 rein=0
RIDEAI sit n=8 phase=approach pos=4.5,-2.9 ahead=5.39 lat=1.7 ang=62.6 along=8.4 gait=3 v=2.6 rein=1
MICHELLE soft | One. Wait.
COUNT fence=8 ahead=6.54 lateral=1.56 stride=1 word=One. Wait. kept=true
RIDEAI sit n=8 phase=approach pos=5.7,-5.3 ahead=6.22 lat=0.3 ang=5.1 along=6.2 gait=3 v=1.38 rein=0
MICHELLE soft | One. Early.
COUNT fence=8 ahead=5.39 lateral=0.24 stride=1 word=One. Early. kept=true
MICHELLE soft | Early.
COUNT fence=8 ahead=4.17 lateral=0.24 stride=0 word=Early. kept=true
MICHELLE soft | Wait.
COUNT fence=8 ahead=3.71 lateral=0.24 stride=0 word=Wait. kept=true
RIDEAI sit n=8 phase=approach pos=5.7,-7.8 ahead=3.71 lat=0.08 ang=5.1 along=3.7 gait=3 v=3.6 rein=0
MICHELLE soft | Now.
COUNT fence=8 ahead=3.14 lateral=0.24 stride=0 word=Now. kept=true
RIDEAI ASK n=8 ahead=2.56 lat=0.24 ang=5.1 charge=1.0
RIDEAI fence 8 -> 9 t=66.93 leave=leave
RIDECERT trace E:/Workspace/Madison/game/../dist/traces/hk_beg_035_refuse_twice.jsonl n=75
RIDECERT hk_beg_035 style=refuse_twice success=false faults=12 refusal_faults=12 rail_faults=0 time_faults=0 jumped=8/8 t=72.28 teleported=false complete=true refused=[1, 1] rail_fences=[] rail_air=[] conf=76.0 scope=80.0 eliminated=false reason= ribbon=Pink
RIDECERT wrote E:/Workspace/Madison/game/../dist/ridecert_results.json
RIDECERT done pass=true board=refuse_twice refusals=2
