Godot Engine v4.7.2.stable.official.ed1daf0bf - https://godotengine.org

FIT flatten armature scale=(100.0, 100.0, 100.0) keep_rot=(-90.0, 0.0, 0.0)
FIT length=2.25 height=1.91220223903656 scale=(0.84991, 0.84991, 0.84991)
SEAT bone=Torso bone_pos=(0.0, 1.126922, 0.286373) back_y=1.42885863780975 seat=(0.0, 1.428859, 0.286373)
TACK place crown=(0.0, 0.142, 0.0294) brow=(0.0, 0.196, 0.1326) nose=(0.0, 0.385, -0.0222) bit=(0.0, 0.479225, -0.087663)
HORSE mesh=WhiteHorse anim=true seat=Torso rider_parent=Seat
RIDER mesh scale 0.91304347826087 bones 62
RIDECERT begin
RIDECERT filter hk_beg_034
RIDECERT round hk_beg_034 class=beginner seed=3 jo=false style=refuse_three
COUNT fence=1 ahead=6.32 lateral=9.24 stride=-1 word=silent kept=false
MICHELLE soft | Come again.
MICHELLE soft | Two. Wait.
COUNT fence=1 ahead=8.63 lateral=1.43 stride=2 word=Two. Wait. kept=true
RIDEAI sit n=1 phase=approach pos=7.9,-30.6 ahead=8.58 lat=0.0 ang=3.7 along=8.6 gait=3 v=1.48 rein=-1
MICHELLE soft | One. Wait.
COUNT fence=1 ahead=7.55 lateral=0.38 stride=1 word=One. Wait. kept=true
RIDEAI sit n=1 phase=approach pos=8.0,-28.3 ahead=6.37 lat=0.1 ang=2.6 along=6.4 gait=3 v=3.29 rein=0
MICHELLE soft | One. Early.
COUNT fence=1 ahead=5.34 lateral=0.38 stride=1 word=One. Early. kept=true
RIDEAI ASK n=1 ahead=4.3 lat=0.38 ang=2.6 charge=1.0
RIDECERT refuse fence=1 why=early
RIDEAI sit n=1 phase=approach pos=8.1,-26.5 ahead=4.59 lat=0.18 ang=2.6 along=4.6 gait=2 v=0.51 rein=0
MICHELLE soft | One. Early.
COUNT fence=1 ahead=4.44 lateral=0.38 stride=1 word=One. Early. kept=true
RIDEAI ASK n=1 ahead=4.31 lat=0.38 ang=2.6 charge=0.32
RIDECERT refuse fence=1 why=early
MICHELLE soft | One. Early.
COUNT fence=1 ahead=4.44 lateral=0.38 stride=1 word=One. Early. kept=true
RIDEAI sit n=1 phase=approach pos=8.1,-26.3 ahead=4.37 lat=0.18 ang=2.6 along=4.4 gait=3 v=1.16 rein=0
RIDEAI ASK n=1 ahead=4.31 lat=0.38 ang=2.6 charge=0.32
RIDECERT refuse fence=1 why=three
RIDECERT trace E:/Workspace/Madison/game/../dist/traces/hk_beg_034_refuse_three.jsonl n=10
RIDECERT hk_beg_034 style=refuse_three success=false faults=12 refusal_faults=12 rail_faults=0 time_faults=0 jumped=0/8 t=7.33 teleported=false complete=true refused=[1, 1, 1] rail_fences=[] rail_air=[] conf=71.5 scope=80.0 eliminated=true reason=three ribbon=
RIDECERT wrote E:/Workspace/Madison/game/../dist/ridecert_results.json
RIDECERT done pass=true board=refuse_three refusals=3
