Godot Engine v4.7.2.stable.official.ed1daf0bf - https://godotengine.org

FIT flatten armature scale=(100.0, 100.0, 100.0) keep_rot=(-90.0, 0.0, 0.0)
FIT length=2.25 height=1.91220223903656 scale=(0.84991, 0.84991, 0.84991)
SEAT bone=Torso bone_pos=(0.0, 1.126922, 0.286373) back_y=1.42885863780975 seat=(0.0, 1.428859, 0.286373)
TACK place crown=(0.0, 0.142, 0.0294) brow=(0.0, 0.196, 0.1326) nose=(0.0, 0.385, -0.0222) bit=(0.0, 0.479225, -0.087663)
HORSE mesh=WhiteHorse anim=true seat=Torso rider_parent=Seat
RIDER mesh scale 0.91304347826087 bones 62
RIDECERT begin
RIDECERT filter hk_beg_004
RIDECERT round hk_beg_004 class=beginner seed=2 jo=false style=refuse_twice
COUNT fence=1 ahead=7.88 lateral=2.52 stride=-1 word=silent kept=false
MICHELLE soft | Come again.
MICHELLE soft | Two. Wait.
COUNT fence=1 ahead=7.87 lateral=1.56 stride=2 word=Two. Wait. kept=true
MICHELLE soft | One. Wait.
COUNT fence=1 ahead=7.56 lateral=0.28 stride=1 word=One. Wait. kept=true
RIDEAI sit n=1 phase=approach pos=6.9,-31.6 ahead=6.44 lat=0.18 ang=4.1 along=6.4 gait=3 v=2.49 rein=0
MICHELLE soft | One. Early.
COUNT fence=1 ahead=5.37 lateral=0.28 stride=1 word=One. Early. kept=true
RIDEAI ASK n=1 ahead=4.27 lat=0.28 ang=4.1 charge=1.0
RIDECERT refuse fence=1 why=early
RIDEAI sit n=1 phase=approach pos=7.0,-29.8 ahead=4.6 lat=0.04 ang=4.1 along=4.6 gait=1 v=0.46 rein=0
MICHELLE soft | One. Early.
COUNT fence=1 ahead=4.40 lateral=0.28 stride=1 word=One. Early. kept=true
RIDEAI ASK n=1 ahead=4.31 lat=0.28 ang=4.1 charge=0.24
RIDECERT refuse fence=1 why=early
RIDEAI sit n=1 phase=approach pos=7.0,-29.6 ahead=4.46 lat=0.04 ang=4.1 along=4.5 gait=2 v=0.97 rein=0
MICHELLE soft | One. Early.
COUNT fence=1 ahead=4.45 lateral=0.28 stride=1 word=One. Early. kept=true
MICHELLE soft | Early.
COUNT fence=1 ahead=4.22 lateral=0.28 stride=0 word=Early. kept=true
MICHELLE soft | Wait.
COUNT fence=1 ahead=3.75 lateral=0.28 stride=0 word=Wait. kept=true
MICHELLE soft | Now.
COUNT fence=1 ahead=3.16 lateral=0.28 stride=0 word=Now. kept=true
RIDEAI ASK n=1 ahead=2.54 lat=0.16 ang=1.7 charge=1.0
RIDEAI fence 1 -> 2 t=8.65 leave=straight
COUNT fence=2 ahead=10.54 lateral=14.72 stride=-1 word=silent kept=false
MICHELLE soft | Come again.
RIDEAI sit n=2 phase=land pos=7.2,-24.5 ahead=10.93 lat=15.1 ang=4.2 along=9.9 gait=3 v=3.74 rein=-1
RIDEAI sit n=2 phase=land pos=5.6,-22.0 ahead=15.25 lat=13.38 ang=65.4 along=7.4 gait=3 v=3.09 rein=-1
RIDEAI sit n=2 phase=land pos=2.6,-21.8 ahead=9.01 lat=10.32 ang=99.1 along=7.4 gait=3 v=3.22 rein=0
RIDEAI sit n=2 phase=setup pos=-1.4,-22.5 ahead=4.32 lat=6.36 ang=103.2 along=8.2 gait=3 v=5.14 rein=0
RIDEAI sit n=2 phase=setup pos=-5.4,-23.2 ahead=-0.41 lat=2.42 ang=107.3 along=9.2 gait=3 v=2.42 rein=-1
RIDEAI sit n=2 phase=approach pos=-8.3,-22.9 ahead=4.65 lat=0.44 ang=56.1 along=9.0 gait=3 v=1.92 rein=1
MICHELLE soft | Two. Wait.
COUNT fence=2 ahead=7.60 lateral=1.54 stride=2 word=Two. Wait. kept=true
MICHELLE soft | One. Wait.
COUNT fence=2 ahead=7.56 lateral=0.30 stride=1 word=One. Wait. kept=true
RIDEAI sit n=2 phase=approach pos=-9.0,-21.3 ahead=7.52 lat=1.26 ang=9.7 along=7.4 gait=3 v=1.53 rein=1
MICHELLE soft | One. Early.
COUNT fence=2 ahead=5.40 lateral=0.31 stride=1 word=One. Early. kept=true
RIDEAI sit n=2 phase=approach pos=-8.3,-18.7 ahead=4.86 lat=0.72 ang=12.0 along=4.8 gait=3 v=3.75 rein=0
MICHELLE soft | Early.
COUNT fence=2 ahead=4.22 lateral=0.31 stride=0 word=Early. kept=true
MICHELLE soft | Wait.
COUNT fence=2 ahead=3.71 lateral=0.07 stride=0 word=Wait. kept=true
MICHELLE soft | Now.
COUNT fence=2 ahead=3.13 lateral=0.00 stride=0 word=Now. kept=true
RIDEAI ASK n=2 ahead=2.54 lat=0.0 ang=7.4 charge=1.0
RIDEAI fence 2 -> 3 t=17.73 leave=leave
RIDEAI sit n=3 phase=land pos=-6.8,-12.3 ahead=16.32 lat=14.26 ang=36.0 along=9.8 gait=3 v=3.09 rein=1
RIDEAI sit n=3 phase=land pos=-4.1,-11.0 ahead=11.21 lat=11.54 ang=92.2 along=8.7 gait=3 v=3.09 rein=0
COUNT fence=3 ahead=11.00 lateral=9.09 stride=-1 word=silent kept=false
MICHELLE soft | Come again.
RIDEAI sit n=3 phase=shy pos=-0.9,-11.0 ahead=7.25 lat=8.3 ang=96.5 along=8.8 gait=3 v=3.33 rein=1
RIDEAI sit n=3 phase=setup pos=1.1,-11.2 ahead=5.26 lat=6.34 ang=96.5 along=9.0 gait=3 v=2.6 rein=0
RIDEAI sit n=3 phase=setup pos=4.5,-11.4 ahead=1.79 lat=2.88 ang=96.5 along=9.4 gait=3 v=2.88 rein=0
RIDEAI sit n=3 phase=approach pos=7.1,-11.2 ahead=4.12 lat=0.36 ang=65.9 along=9.3 gait=3 v=3.57 rein=-1
MICHELLE soft | Two. Wait.
COUNT fence=3 ahead=7.67 lateral=1.53 stride=2 word=Two. Wait. kept=true
RIDEAI sit n=3 phase=approach pos=8.4,-9.6 ahead=7.69 lat=1.04 ang=0.2 along=7.7 gait=3 v=1.34 rein=-1
MICHELLE soft | One. Wait.
COUNT fence=3 ahead=7.57 lateral=0.03 stride=1 word=One. Wait. kept=true
RIDEAI sit n=3 phase=approach pos=8.0,-7.3 ahead=5.43 lat=0.72 ang=7.9 along=5.4 gait=3 v=3.41 rein=0
MICHELLE soft | One. Early.
COUNT fence=3 ahead=5.38 lateral=0.03 stride=1 word=One. Early. kept=true
MICHELLE soft | Early.
COUNT fence=3 ahead=4.19 lateral=0.03 stride=0 word=Early. kept=true
MICHELLE soft | Wait.
COUNT fence=3 ahead=3.73 lateral=0.03 stride=0 word=Wait. kept=true
MICHELLE soft | Now.
COUNT fence=3 ahead=3.15 lateral=0.03 stride=0 word=Now. kept=true
RIDEAI ASK n=3 ahead=2.57 lat=0.04 ang=7.9 charge=1.0
RIDEAI fence 3 -> 4 t=27.3 leave=leave
MICHELLE soft | One. Wait.
COUNT fence=4 ahead=6.99 lateral=0.93 stride=1 word=One. Wait. kept=true
RIDEAI sit n=4 phase=approach pos=6.9,-0.8 ahead=6.44 lat=0.12 ang=1.0 along=6.4 gait=3 v=1.97 rein=0
MICHELLE soft | One. Early.
COUNT fence=4 ahead=5.37 lateral=0.23 stride=1 word=One. Early. kept=true
RIDEAI sit n=4 phase=approach pos=6.8,1.1 ahead=4.5 lat=0.16 ang=1.0 along=4.5 gait=3 v=2.25 rein=0
MICHELLE soft | Early.
COUNT fence=4 ahead=4.20 lateral=0.23 stride=0 word=Early. kept=true
MICHELLE soft | Wait.
COUNT fence=4 ahead=3.75 lateral=0.23 stride=0 word=Wait. kept=true
MICHELLE soft | Now.
COUNT fence=4 ahead=3.15 lateral=0.23 stride=0 word=Now. kept=true
RIDEAI ASK n=4 ahead=2.59 lat=0.22 ang=1.0 charge=1.0
RIDEAI fence 4 -> 5 t=30.82 leave=leave
RIDEAI sit n=5 phase=land pos=6.4,6.9 ahead=17.94 lat=14.96 ang=16.0 along=14.4 gait=3 v=3.49 rein=-1
RIDEAI sit n=5 phase=land pos=4.4,9.1 ahead=15.53 lat=12.8 ang=75.2 along=12.3 gait=3 v=3.09 rein=0
RIDEAI sit n=5 phase=land pos=1.4,10.1 ahead=12.32 lat=9.7 ang=75.2 along=11.5 gait=3 v=3.22 rein=0
COUNT fence=5 ahead=10.84 lateral=9.48 stride=-1 word=silent kept=false
MICHELLE soft | Come again.
RIDEAI sit n=5 phase=setup pos=-2.7,11.3 ahead=7.47 lat=5.58 ang=79.3 along=10.7 gait=3 v=5.33 rein=0
RIDEAI sit n=5 phase=setup pos=-6.1,12.2 ahead=3.33 lat=2.08 ang=82.8 along=10.1 gait=3 v=2.54 rein=0
RIDEAI sit n=5 phase=approach pos=-8.3,13.9 ahead=7.83 lat=0.22 ang=21.7 along=8.5 gait=3 v=1.34 rein=1
MICHELLE soft | Two. Wait.
COUNT fence=5 ahead=8.14 lateral=1.57 stride=2 word=Two. Wait. kept=true
MICHELLE soft | One. Wait.
COUNT fence=5 ahead=7.56 lateral=0.41 stride=1 word=One. Wait. kept=true
RIDEAI sit n=5 phase=approach pos=-8.2,15.7 ahead=6.73 lat=0.32 ang=0.8 along=6.7 gait=3 v=2.72 rein=0
MICHELLE soft | One. Early.
COUNT fence=5 ahead=5.39 lateral=0.41 stride=1 word=One. Early. kept=true
MICHELLE soft | Early.
COUNT fence=5 ahead=4.16 lateral=0.41 stride=0 word=Early. kept=true
MICHELLE soft | Wait.
COUNT fence=5 ahead=3.71 lateral=0.41 stride=0 word=Wait. kept=true
MICHELLE soft | Now.
COUNT fence=5 ahead=3.13 lateral=0.41 stride=0 word=Now. kept=true
RIDEAI sit n=5 phase=approach pos=-8.0,19.3 ahead=3.13 lat=0.36 ang=0.8 along=3.1 gait=3 v=3.88 rein=0
RIDEAI ASK n=5 ahead=2.56 lat=0.24 ang=2.7 charge=1.0
RIDEAI fence 5 -> 6 t=39.54 leave=straight
COUNT fence=6 ahead=7.41 lateral=6.53 stride=-1 word=silent kept=false
MICHELLE soft | Come again.
MICHELLE soft | Two. Wait.
COUNT fence=6 ahead=8.06 lateral=1.55 stride=2 word=Two. Wait. kept=true
MICHELLE soft | One. Wait.
COUNT fence=6 ahead=7.53 lateral=0.27 stride=1 word=One. Wait. kept=true
RIDEAI sit n=6 phase=land pos=-6.2,25.1 ahead=7.47 lat=6.16 ang=58.4 along=4.3 gait=3 v=3.09 rein=1
COUNT fence=6 ahead=6.77 lateral=1.68 stride=-1 word=silent kept=false
MICHELLE soft | Come again.
RIDEAI sit n=6 phase=land pos=-3.2,25.1 ahead=0.69 lat=3.2 ang=119.6 along=4.2 gait=3 v=3.09 rein=1
RIDEAI sit n=6 phase=approach pos=-1.2,22.7 ahead=-3.04 lat=1.16 ang=126.7 along=6.6 gait=3 v=1.92 rein=-1
RIDEAI sit n=6 phase=approach pos=1.4,22.6 ahead=1.52 lat=1.4 ang=65.4 along=6.7 gait=3 v=3.76 rein=-1
RIDEAI sit n=6 phase=setup pos=3.5,23.3 ahead=-4.57 lat=3.52 ang=100.7 along=6.0 gait=3 v=2.7 rein=1
RIDEAI sit n=6 phase=setup pos=5.7,21.5 ahead=-9.11 lat=5.66 ang=163.1 along=7.8 gait=3 v=1.96 rein=1
RIDEAI sit n=6 phase=setup pos=4.8,18.8 ahead=-3.95 lat=4.82 ang=134.5 along=10.5 gait=3 v=2.71 rein=1
RIDEAI sit n=6 phase=setup pos=2.5,18.4 ahead=5.51 lat=2.46 ang=73.3 along=11.0 gait=3 v=3.53 rein=1
RIDEAI sit n=6 phase=approach pos=0.6,19.9 ahead=9.33 lat=0.64 ang=14.4 along=9.5 gait=3 v=1.34 rein=1
MICHELLE soft | Two. Wait.
COUNT fence=6 ahead=9.34 lateral=1.55 stride=2 word=Two. Wait. kept=true
MICHELLE soft | One. Wait.
COUNT fence=6 ahead=7.56 lateral=0.41 stride=1 word=One. Wait. kept=true
RIDEAI sit n=6 phase=approach pos=0.4,21.8 ahead=7.51 lat=0.42 ang=6.2 along=7.5 gait=3 v=2.95 rein=0
MICHELLE soft | One. Early.
COUNT fence=6 ahead=5.36 lateral=0.41 stride=1 word=One. Early. kept=true
MICHELLE soft | Early.
COUNT fence=6 ahead=4.20 lateral=0.41 stride=0 word=Early. kept=true
RIDEAI sit n=6 phase=approach pos=0.0,25.5 ahead=3.82 lat=0.02 ang=2.7 along=3.8 gait=3 v=3.88 rein=0
MICHELLE soft | Wait.
COUNT fence=6 ahead=3.76 lateral=0.16 stride=0 word=Wait. kept=true
MICHELLE soft | Now.
COUNT fence=6 ahead=3.18 lateral=0.16 stride=0 word=Now. kept=true
RIDEAI ASK n=6 ahead=2.53 lat=0.16 ang=2.7 charge=1.0
RIDEAI fence 6 -> 7 t=52.13 leave=leave
RIDEAI sit n=7 phase=land pos=-1.0,31.7 ahead=-12.24 lat=4.7 ang=134.6 along=22.2 gait=3 v=3.09 rein=-1
COUNT fence=7 ahead=0.99 lateral=23.18 stride=-1 word=silent kept=false
MICHELLE soft | Come again.
RIDEAI sit n=7 phase=land pos=-3.8,32.5 ahead=8.34 lat=1.84 ang=73.3 along=22.9 gait=3 v=3.09 rein=-1
RIDEAI sit n=7 phase=around pos=-6.0,30.3 ahead=20.08 lat=0.22 ang=11.5 along=20.5 gait=3 v=3.45 rein=-1
RIDEAI sit n=7 phase=around pos=-5.5,27.9 ahead=16.59 lat=0.4 ang=22.8 along=18.2 gait=3 v=3.34 rein=0
RIDEAI sit n=7 phase=approach pos=-4.2,23.6 ahead=13.82 lat=1.84 ang=3.4 along=13.9 gait=3 v=5.33 rein=1
MICHELLE soft | Two. Wait.
COUNT fence=7 ahead=10.91 lateral=0.25 stride=2 word=Two. Wait. kept=true
RIDEAI sit n=7 phase=approach pos=-5.1,18.3 ahead=8.69 lat=1.28 ang=6.8 along=8.6 gait=3 v=4.35 rein=0
MICHELLE soft | One. Wait.
COUNT fence=7 ahead=7.57 lateral=0.25 stride=1 word=One. Wait. kept=true
RIDEAI sit n=7 phase=approach pos=-5.5,15.8 ahead=6.14 lat=0.98 ang=6.8 along=6.1 gait=3 v=2.87 rein=0
MICHELLE soft | One. Early.
COUNT fence=7 ahead=5.35 lateral=0.14 stride=1 word=One. Early. kept=true
MICHELLE soft | Early.
COUNT fence=7 ahead=4.16 lateral=0.08 stride=0 word=Early. kept=true
MICHELLE soft | Wait.
COUNT fence=7 ahead=3.71 lateral=0.08 stride=0 word=Wait. kept=true
MICHELLE soft | Now.
COUNT fence=7 ahead=3.13 lateral=0.08 stride=0 word=Now. kept=true
RIDEAI ASK n=7 ahead=2.54 lat=0.08 ang=10.3 charge=1.0
RIDEAI fence 7 -> 8 t=61.2 leave=leave
RIDEAI sit n=8 phase=jump pos=-7.0,9.3 ahead=16.15 lat=9.86 ang=17.8 along=20.1 gait=3 v=3.88 rein=0
RIDEAI sit n=8 phase=land pos=-6.1,6.4 ahead=18.77 lat=9.2 ang=43.5 along=17.2 gait=3 v=3.09 rein=-1
RIDEAI sit n=8 phase=land pos=-3.5,4.5 ahead=15.17 lat=6.84 ang=47.6 along=15.0 gait=3 v=3.22 rein=0
COUNT fence=8 ahead=10.95 lateral=7.67 stride=-1 word=silent kept=false
MICHELLE soft | Come again.
RIDEAI sit n=8 phase=setup pos=-0.4,2.3 ahead=10.78 lat=3.92 ang=52.7 along=12.6 gait=3 v=3.12 rein=0
RIDEAI sit n=8 phase=approach pos=1.8,0.9 ahead=8.09 lat=1.76 ang=52.7 along=11.0 gait=3 v=3.68 rein=1
MICHELLE soft | Two. Wait.
COUNT fence=8 ahead=9.82 lateral=1.53 stride=2 word=Two. Wait. kept=true
RIDEAI sit n=8 phase=approach pos=2.9,-0.9 ahead=9.11 lat=0.84 ang=9.4 along=9.1 gait=3 v=1.4 rein=0
MICHELLE soft | One. Wait.
COUNT fence=8 ahead=7.54 lateral=0.66 stride=1 word=One. Wait. kept=true
RIDEAI sit n=8 phase=approach pos=3.4,-2.9 ahead=7.06 lat=0.5 ang=9.4 along=7.1 gait=3 v=3.02 rein=0
MICHELLE soft | One. Early.
COUNT fence=8 ahead=5.37 lateral=0.26 stride=1 word=One. Early. kept=true
MICHELLE soft | Early.
COUNT fence=8 ahead=4.20 lateral=0.26 stride=0 word=Early. kept=true
MICHELLE soft | Wait.
COUNT fence=8 ahead=3.75 lateral=0.26 stride=0 word=Wait. kept=true
RIDEAI sit n=8 phase=approach pos=4.1,-6.6 ahead=3.36 lat=0.08 ang=5.9 along=3.4 gait=3 v=3.88 rein=0
MICHELLE soft | Now.
COUNT fence=8 ahead=3.16 lateral=0.26 stride=0 word=Now. kept=true
RIDEAI ASK n=8 ahead=2.53 lat=0.1 ang=2.4 charge=1.0
RIDEAI fence 8 -> 9 t=69.85 leave=leave
RIDECERT trace E:/Workspace/Madison/game/../dist/traces/hk_beg_004_refuse_twice.jsonl n=78
RIDECERT hk_beg_004 style=refuse_twice success=false faults=12 refusal_faults=12 rail_faults=0 time_faults=0 jumped=8/8 t=75.43 teleported=false complete=true refused=[1, 1] rail_fences=[] rail_air=[] conf=76.0 scope=80.0 eliminated=false reason= ribbon=Pink
RIDECERT wrote E:/Workspace/Madison/game/../dist/ridecert_results.json
RIDECERT done pass=true board=refuse_twice refusals=2
