Godot Engine v4.7.2.stable.official.ed1daf0bf - https://godotengine.org

FIT flatten armature scale=(100.0, 100.0, 100.0) keep_rot=(-90.0, 0.0, 0.0)
FIT length=2.25 height=1.91220223903656 scale=(0.84991, 0.84991, 0.84991)
SEAT bone=Torso bone_pos=(0.0, 1.126922, 0.286373) back_y=1.42885863780975 seat=(0.0, 1.428859, 0.286373)
TACK place crown=(0.0, 0.142, 0.0294) brow=(0.0, 0.196, 0.1326) nose=(0.0, 0.385, -0.0222) bit=(0.0, 0.479225, -0.087663)
HORSE mesh=WhiteHorse anim=true seat=Torso rider_parent=Seat
RIDER mesh scale 0.91304347826087 bones 62
RIDECERT begin
RIDECERT filter hk_beg_007
RIDECERT round hk_beg_007 class=beginner seed=4 jo=false style=refuse_twice
COUNT fence=1 ahead=6.29 lateral=8.43 stride=-1 word=silent kept=false
MICHELLE soft | Come again.
MICHELLE soft | Two. Wait.
COUNT fence=1 ahead=8.08 lateral=1.59 stride=2 word=Two. Wait. kept=true
RIDEAI sit n=1 phase=approach pos=8.2,-30.6 ahead=7.97 lat=0.14 ang=4.2 along=8.0 gait=3 v=1.34 rein=0
MICHELLE soft | One. Wait.
COUNT fence=1 ahead=7.57 lateral=0.44 stride=1 word=One. Wait. kept=true
RIDEAI sit n=1 phase=approach pos=8.3,-28.4 ahead=5.68 lat=0.02 ang=4.2 along=5.7 gait=3 v=3.37 rein=0
MICHELLE soft | One. Early.
COUNT fence=1 ahead=5.39 lateral=0.44 stride=1 word=One. Early. kept=true
RIDEAI ASK n=1 ahead=4.31 lat=0.44 ang=4.2 charge=1.0
RIDECERT refuse fence=1 why=early
MICHELLE soft | One. Early.
COUNT fence=1 ahead=4.45 lateral=0.44 stride=1 word=One. Early. kept=true
RIDEAI sit n=1 phase=approach pos=8.4,-27.1 ahead=4.45 lat=0.12 ang=4.2 along=4.5 gait=3 v=1.01 rein=0
RIDEAI ASK n=1 ahead=4.31 lat=0.44 ang=4.2 charge=0.32
RIDECERT refuse fence=1 why=early
MICHELLE soft | One. Early.
COUNT fence=1 ahead=4.45 lateral=0.44 stride=1 word=One. Early. kept=true
MICHELLE soft | Early.
COUNT fence=1 ahead=4.22 lateral=0.44 stride=0 word=Early. kept=true
RIDEAI sit n=1 phase=approach pos=8.4,-26.8 ahead=4.12 lat=0.14 ang=4.2 along=4.1 gait=3 v=1.59 rein=0
MICHELLE soft | Wait.
COUNT fence=1 ahead=3.74 lateral=0.20 stride=0 word=Wait. kept=true
MICHELLE soft | Now.
COUNT fence=1 ahead=3.18 lateral=0.20 stride=0 word=Now. kept=true
RIDEAI ASK n=1 ahead=2.56 lat=0.2 ang=0.7 charge=1.0
RIDEAI fence 1 -> 2 t=9.39 leave=leave
COUNT fence=2 ahead=6.93 lateral=15.56 stride=-1 word=silent kept=false
MICHELLE soft | Come again.
RIDEAI sit n=2 phase=land pos=8.3,-21.2 ahead=10.49 lat=15.8 ang=22.7 along=4.8 gait=3 v=3.09 rein=-1
RIDEAI sit n=2 phase=land pos=6.1,-19.3 ahead=13.66 lat=13.42 ang=83.9 along=3.0 gait=3 v=3.09 rein=-1
RIDEAI sit n=2 phase=land pos=3.1,-20.0 ahead=7.86 lat=10.46 ang=114.6 along=4.0 gait=3 v=3.45 rein=0
RIDEAI come again n=2 rein=-1 pos=3.1,-20.0
RIDEAI sit n=2 phase=again pos=1.6,-21.3 ahead=1.49 lat=9.12 ang=141.5 along=5.4 gait=3 v=2.61 rein=0
RIDEAI sit n=2 phase=again pos=-0.9,-24.1 ahead=-2.28 lat=6.76 ang=141.5 along=8.3 gait=3 v=4.91 rein=0
RIDEAI sit n=2 phase=setup pos=-4.6,-28.0 ahead=-6.14 lat=3.36 ang=133.3 along=12.5 gait=3 v=4.64 rein=1
RIDEAI sit n=2 phase=approach pos=-7.3,-28.3 ahead=5.06 lat=0.72 ang=70.3 along=13.0 gait=3 v=3.45 rein=1
RIDEAI sit n=2 phase=approach pos=-8.8,-26.4 ahead=10.91 lat=0.96 ang=7.9 along=11.1 gait=3 v=2.72 rein=1
MICHELLE soft | Two. Wait.
COUNT fence=2 ahead=10.85 lateral=1.51 stride=2 word=Two. Wait. kept=true
RIDEAI sit n=2 phase=approach pos=-8.5,-23.6 ahead=8.4 lat=0.88 ang=2.3 along=8.4 gait=3 v=1.48 rein=0
MICHELLE soft | One. Wait.
COUNT fence=2 ahead=7.54 lateral=0.55 stride=1 word=One. Wait. kept=true
RIDEAI sit n=2 phase=approach pos=-8.2,-21.0 ahead=5.85 lat=0.7 ang=5.8 along=5.8 gait=3 v=3.64 rein=0
MICHELLE soft | One. Early.
COUNT fence=2 ahead=5.35 lateral=0.10 stride=1 word=One. Early. kept=true
MICHELLE soft | Early.
COUNT fence=2 ahead=4.18 lateral=0.10 stride=0 word=Early. kept=true
MICHELLE soft | Wait.
COUNT fence=2 ahead=3.73 lateral=0.10 stride=0 word=Wait. kept=true
MICHELLE soft | Now.
COUNT fence=2 ahead=3.15 lateral=0.10 stride=0 word=Now. kept=true
RIDEAI ASK n=2 ahead=2.56 lat=0.1 ang=5.8 charge=1.0
RIDEAI fence 2 -> 3 t=20.99 leave=leave
MICHELLE soft | Two. Wait.
COUNT fence=3 ahead=9.80 lateral=1.49 stride=2 word=Two. Wait. kept=true
RIDEAI sit n=3 phase=approach pos=-7.1,-14.4 ahead=9.47 lat=0.58 ang=0.2 along=9.5 gait=3 v=3.49 rein=0
MICHELLE soft | One. Wait.
COUNT fence=3 ahead=7.57 lateral=0.63 stride=1 word=One. Wait. kept=true
RIDEAI sit n=3 phase=approach pos=-6.9,-12.4 ahead=7.5 lat=0.6 ang=0.2 along=7.5 gait=3 v=2.25 rein=0
MICHELLE soft | One. Early.
COUNT fence=3 ahead=5.38 lateral=0.21 stride=1 word=One. Early. kept=true
RIDEAI sit n=3 phase=approach pos=-6.9,-10.1 ahead=5.27 lat=0.52 ang=3.3 along=5.2 gait=3 v=2.25 rein=0
MICHELLE soft | Early.
COUNT fence=3 ahead=4.20 lateral=0.21 stride=0 word=Early. kept=true
MICHELLE soft | Wait.
COUNT fence=3 ahead=3.73 lateral=0.21 stride=0 word=Wait. kept=true
MICHELLE soft | Now.
COUNT fence=3 ahead=3.18 lateral=0.21 stride=0 word=Now. kept=true
RIDEAI ASK n=3 ahead=2.57 lat=0.22 ang=3.3 charge=1.0
RIDEAI fence 3 -> 4 t=25.46 leave=leave
MICHELLE soft | Two. Wait.
COUNT fence=4 ahead=10.25 lateral=0.40 stride=2 word=Two. Wait. kept=true
RIDEAI sit n=4 phase=approach pos=-6.9,-4.1 ahead=10.01 lat=0.18 ang=3.3 along=10.0 gait=3 v=3.64 rein=0
RIDEAI sit n=4 phase=approach pos=-6.9,-2.0 ahead=7.92 lat=0.06 ang=3.3 along=7.9 gait=3 v=2.25 rein=0
MICHELLE soft | One. Wait.
COUNT fence=4 ahead=7.55 lateral=0.40 stride=1 word=One. Wait. kept=true
RIDEAI sit n=4 phase=approach pos=-6.9,0.2 ahead=5.67 lat=0.08 ang=3.3 along=5.7 gait=3 v=2.25 rein=0
MICHELLE soft | One. Early.
COUNT fence=4 ahead=5.37 lateral=0.40 stride=1 word=One. Early. kept=true
MICHELLE soft | Early.
COUNT fence=4 ahead=4.22 lateral=0.40 stride=0 word=Early. kept=true
MICHELLE soft | Wait.
COUNT fence=4 ahead=3.75 lateral=0.40 stride=0 word=Wait. kept=true
MICHELLE soft | Now.
COUNT fence=4 ahead=3.13 lateral=0.20 stride=0 word=Now. kept=true
RIDEAI sit n=4 phase=approach pos=-6.8,3.2 ahead=2.68 lat=0.2 ang=0.2 along=2.7 gait=3 v=3.88 rein=0
RIDEAI ASK n=4 ahead=2.55 lat=0.2 ang=0.2 charge=1.0
RIDEAI fence 4 -> 5 t=30.0 leave=straight
RIDEAI sit n=5 phase=land pos=-5.0,8.8 ahead=15.42 lat=13.34 ang=61.9 along=7.7 gait=3 v=3.09 rein=1
COUNT fence=5 ahead=10.93 lateral=8.52 stride=-1 word=silent kept=false
MICHELLE soft | Come again.
RIDEAI sit n=5 phase=land pos=-2.0,8.9 ahead=9.2 lat=10.3 ang=97.6 along=7.6 gait=3 v=3.22 rein=0
RIDEAI sit n=5 phase=setup pos=1.8,8.2 ahead=4.69 lat=6.5 ang=101.7 along=8.3 gait=3 v=4.91 rein=0
RIDEAI sit n=5 phase=setup pos=5.8,7.3 ahead=0.05 lat=2.54 ang=105.2 along=9.2 gait=3 v=2.12 rein=0
RIDEAI sit n=5 phase=approach pos=8.7,7.6 ahead=4.53 lat=0.38 ang=57.1 along=8.9 gait=3 v=2.15 rein=-1
MICHELLE soft | Two. Wait.
COUNT fence=5 ahead=7.59 lateral=1.58 stride=2 word=Two. Wait. kept=true
MICHELLE soft | One. Wait.
COUNT fence=5 ahead=7.57 lateral=0.35 stride=1 word=One. Wait. kept=true
RIDEAI sit n=5 phase=approach pos=9.5,9.1 ahead=7.53 lat=1.16 ang=8.6 along=7.4 gait=3 v=1.5 rein=-1
MICHELLE soft | One. Early.
COUNT fence=5 ahead=5.38 lateral=0.27 stride=1 word=One. Early. kept=true
RIDEAI sit n=5 phase=approach pos=9.0,11.6 ahead=4.91 lat=0.68 ang=11.0 along=4.9 gait=3 v=3.71 rein=0
MICHELLE soft | Early.
COUNT fence=5 ahead=4.20 lateral=0.27 stride=0 word=Early. kept=true
MICHELLE soft | Wait.
COUNT fence=5 ahead=3.76 lateral=0.11 stride=0 word=Wait. kept=true
MICHELLE soft | Now.
COUNT fence=5 ahead=3.17 lateral=0.04 stride=0 word=Now. kept=true
RIDEAI ASK n=5 ahead=2.53 lat=0.04 ang=6.3 charge=1.0
RIDEAI fence 5 -> 6 t=39.0 leave=leave
RIDEAI sit n=6 phase=land pos=7.9,18.2 ahead=13.39 lat=8.06 ang=29.5 along=10.8 gait=3 v=3.09 rein=-1
COUNT fence=6 ahead=10.90 lateral=4.98 stride=-1 word=silent kept=false
MICHELLE soft | Come again.
RIDEAI sit n=6 phase=land pos=5.4,19.6 ahead=5.37 lat=5.48 ang=90.7 along=9.4 gait=3 v=3.09 rein=-1
RIDEAI sit n=6 phase=setup pos=2.1,19.6 ahead=1.46 lat=2.26 ang=94.8 along=9.5 gait=3 v=3.56 rein=-1
RIDEAI sit n=6 phase=approach pos=-0.2,20.2 ahead=6.41 lat=0.14 ang=42.8 along=8.9 gait=3 v=2.84 rein=1
MICHELLE soft | One. Wait.
COUNT fence=6 ahead=7.44 lateral=1.49 stride=1 word=One. Wait. kept=true
RIDEAI sit n=6 phase=approach pos=-0.8,22.2 ahead=6.9 lat=0.74 ang=5.1 along=6.9 gait=3 v=2.03 rein=0
MICHELLE soft | One. Early.
COUNT fence=6 ahead=5.40 lateral=0.13 stride=1 word=One. Early. kept=true
MICHELLE soft | Early.
COUNT fence=6 ahead=4.18 lateral=0.13 stride=0 word=Early. kept=true
RIDEAI sit n=6 phase=approach pos=-0.5,25.3 ahead=3.8 lat=0.48 ang=5.1 along=3.8 gait=3 v=3.88 rein=0
MICHELLE soft | Wait.
COUNT fence=6 ahead=3.73 lateral=0.13 stride=0 word=Wait. kept=true
MICHELLE soft | Now.
COUNT fence=6 ahead=3.15 lateral=0.13 stride=0 word=Now. kept=true
RIDEAI ASK n=6 ahead=2.57 lat=0.14 ang=5.1 charge=1.0
RIDEAI fence 6 -> 7 t=46.12 leave=leave
RIDEAI sit n=7 phase=land pos=-0.6,31.6 ahead=-10.62 lat=5.36 ang=143.2 along=17.3 gait=3 v=3.09 rein=-1
COUNT fence=7 ahead=1.05 lateral=18.68 stride=-1 word=silent kept=false
MICHELLE soft | Come again.
RIDEAI sit n=7 phase=land pos=-3.3,32.8 ahead=5.18 lat=2.62 ang=81.9 along=18.4 gait=3 v=3.09 rein=-1
RIDEAI sit n=7 phase=approach pos=-5.8,30.8 ahead=15.34 lat=0.22 ang=20.7 along=16.3 gait=3 v=4.13 rein=-1
RIDEAI sit n=7 phase=approach pos=-6.4,25.7 ahead=11.19 lat=0.24 ang=3.3 along=11.2 gait=3 v=5.55 rein=0
MICHELLE soft | Two. Wait.
COUNT fence=7 ahead=10.92 lateral=0.89 stride=2 word=Two. Wait. kept=true
MICHELLE soft | One. Wait.
COUNT fence=7 ahead=7.55 lateral=0.25 stride=1 word=One. Wait. kept=true
RIDEAI sit n=7 phase=approach pos=-6.7,21.8 ahead=7.36 lat=0.42 ang=1.3 along=7.4 gait=3 v=2.31 rein=0
MICHELLE soft | One. Early.
COUNT fence=7 ahead=5.40 lateral=0.25 stride=1 word=One. Early. kept=true
RIDEAI sit n=7 phase=approach pos=-6.7,18.8 ahead=4.34 lat=0.34 ang=1.3 along=4.3 gait=3 v=3.88 rein=0
MICHELLE soft | Early.
COUNT fence=7 ahead=4.21 lateral=0.25 stride=0 word=Early. kept=true
MICHELLE soft | Wait.
COUNT fence=7 ahead=3.75 lateral=0.25 stride=0 word=Wait. kept=true
MICHELLE soft | Now.
COUNT fence=7 ahead=3.17 lateral=0.25 stride=0 word=Now. kept=true
RIDEAI ASK n=7 ahead=2.59 lat=0.24 ang=1.3 charge=1.0
RIDEAI fence 7 -> 8 t=53.66 leave=leave
COUNT fence=8 ahead=8.82 lateral=12.32 stride=-1 word=silent kept=false
MICHELLE soft | Come again.
RIDEAI sit n=8 phase=land pos=-6.3,12.4 ahead=12.38 lat=11.66 ang=30.1 along=7.6 gait=3 v=3.09 rein=-1
RIDEAI sit n=8 phase=land pos=-3.7,11.1 ahead=8.94 lat=9.08 ang=91.3 along=6.1 gait=3 v=3.09 rein=-1
RIDEAI sit n=8 phase=setup pos=-0.6,12.2 ahead=2.58 lat=5.96 ang=113.8 along=7.1 gait=3 v=3.95 rein=0
RIDEAI sit n=8 phase=setup pos=2.4,13.7 ahead=-0.79 lat=2.88 ang=113.8 along=8.5 gait=3 v=2.42 rein=0
RIDEAI sit n=8 phase=approach pos=4.4,14.3 ahead=3.13 lat=0.86 ang=75.4 along=9.1 gait=3 v=1.8 rein=1
RIDEAI sit n=8 phase=approach pos=6.0,12.6 ahead=7.17 lat=0.64 ang=7.8 along=7.3 gait=3 v=1.34 rein=1
MICHELLE soft | One. Wait.
COUNT fence=8 ahead=7.18 lateral=1.49 stride=1 word=One. Wait. kept=true
MICHELLE soft | One. Early.
COUNT fence=8 ahead=5.38 lateral=0.17 stride=1 word=One. Early. kept=true
RIDEAI sit n=8 phase=approach pos=6.0,10.5 ahead=5.23 lat=0.52 ang=3.8 along=5.2 gait=3 v=3.18 rein=0
MICHELLE soft | Early.
COUNT fence=8 ahead=4.16 lateral=0.17 stride=0 word=Early. kept=true
MICHELLE soft | Wait.
COUNT fence=8 ahead=3.71 lateral=0.17 stride=0 word=Wait. kept=true
MICHELLE soft | Now.
COUNT fence=8 ahead=3.13 lateral=0.17 stride=0 word=Now. kept=true
RIDEAI ASK n=8 ahead=2.55 lat=0.18 ang=3.8 charge=1.0
RIDEAI fence 8 -> 9 t=62.36 leave=leave
RIDECERT trace E:/Workspace/Madison/game/../dist/traces/hk_beg_007_refuse_twice.jsonl n=73
RIDECERT hk_beg_007 style=refuse_twice success=false faults=12 refusal_faults=12 rail_faults=0 time_faults=0 jumped=8/8 t=70.68 teleported=false complete=true refused=[1, 1] rail_fences=[] rail_air=[] conf=76.0 scope=80.0 eliminated=false reason= ribbon=Pink
RIDECERT wrote E:/Workspace/Madison/game/../dist/ridecert_results.json
RIDECERT done pass=true board=refuse_twice refusals=2
