Godot Engine v4.7.2.stable.official.ed1daf0bf - https://godotengine.org

FIT flatten armature scale=(100.0, 100.0, 100.0) keep_rot=(-90.0, 0.0, 0.0)
FIT length=2.25 height=1.91220223903656 scale=(0.84991, 0.84991, 0.84991)
SEAT bone=Torso bone_pos=(0.0, 1.126922, 0.286373) back_y=1.42885863780975 seat=(0.0, 1.428859, 0.286373)
TACK place crown=(0.0, 0.142, 0.0294) brow=(0.0, 0.196, 0.1326) nose=(0.0, 0.385, -0.0222) bit=(0.0, 0.479225, -0.087663)
HORSE mesh=WhiteHorse anim=true seat=Torso rider_parent=Seat
RIDER mesh scale 0.91304347826087 bones 62
RIDECERT begin
RIDECERT filter hk_int_009
RIDECERT round hk_int_009 class=intermediate seed=5 jo=false style=refuse_twice
COUNT fence=1 ahead=7.84 lateral=2.51 stride=-1 word=silent kept=false
MICHELLE soft | Come again.
MICHELLE soft | Two. Wait.
COUNT fence=1 ahead=7.78 lateral=1.46 stride=2 word=Two. Wait. kept=true
MICHELLE soft | One. Wait.
COUNT fence=1 ahead=7.57 lateral=0.20 stride=1 word=One. Wait. kept=true
RIDEAI sit n=1 phase=approach pos=7.7,-31.6 ahead=6.24 lat=0.16 ang=3.3 along=6.2 gait=3 v=2.49 rein=0
MICHELLE soft | One. Early.
COUNT fence=1 ahead=5.39 lateral=0.20 stride=1 word=One. Early. kept=true
RIDEAI ASK n=1 ahead=4.26 lat=0.2 ang=3.3 charge=1.0
RIDECERT refuse fence=1 why=early
RIDEAI sit n=1 phase=approach pos=7.8,-29.9 ahead=4.57 lat=0.06 ang=3.3 along=4.6 gait=1 v=0.46 rein=0
MICHELLE soft | One. Early.
COUNT fence=1 ahead=4.40 lateral=0.20 stride=1 word=One. Early. kept=true
RIDEAI ASK n=1 ahead=4.3 lat=0.2 ang=3.3 charge=0.24
RIDECERT refuse fence=1 why=early
MICHELLE soft | One. Early.
COUNT fence=1 ahead=4.44 lateral=0.20 stride=1 word=One. Early. kept=true
RIDEAI sit n=1 phase=approach pos=7.9,-29.8 ahead=4.41 lat=0.06 ang=3.3 along=4.4 gait=3 v=1.09 rein=0
MICHELLE soft | Early.
COUNT fence=1 ahead=4.21 lateral=0.20 stride=0 word=Early. kept=true
MICHELLE soft | Wait.
COUNT fence=1 ahead=3.56 lateral=0.20 stride=0 word=Wait. kept=true
MICHELLE soft | Now.
COUNT fence=1 ahead=3.07 lateral=0.20 stride=0 word=Now. kept=true
RIDEAI ASK n=1 ahead=2.58 lat=0.2 ang=3.3 charge=1.0
RIDEAI fence 1 -> 2 t=8.58 leave=early
COUNT fence=2 ahead=7.64 lateral=16.01 stride=-1 word=silent kept=false
MICHELLE soft | Come again.
RIDEAI sit n=2 phase=land pos=8.1,-24.5 ahead=8.94 lat=16.14 ang=7.3 along=7.0 gait=3 v=3.54 rein=-1
RIDEAI sit n=2 phase=land pos=6.4,-22.1 ahead=15.0 lat=14.3 ang=68.5 along=4.6 gait=3 v=3.09 rein=-1
RIDEAI sit n=2 phase=land pos=3.4,-22.2 ahead=9.01 lat=11.28 ang=109.4 along=5.0 gait=3 v=3.22 rein=0
RIDEAI sit n=2 phase=setup pos=-0.6,-23.5 ahead=4.22 lat=7.4 ang=113.4 along=6.5 gait=3 v=5.29 rein=0
RIDEAI sit n=2 phase=setup pos=-5.1,-25.1 ahead=-0.58 lat=3.0 ang=113.4 along=8.4 gait=3 v=2.06 rein=0
RIDEAI sit n=2 phase=approach pos=-7.9,-25.8 ahead=1.18 lat=0.18 ang=83.7 along=9.2 gait=3 v=2.86 rein=1
RIDEAI sit n=2 phase=approach pos=-9.6,-24.1 ahead=6.52 lat=1.62 ang=21.7 along=7.7 gait=3 v=2.76 rein=1
MICHELLE soft | One. Wait.
COUNT fence=2 ahead=7.00 lateral=1.53 stride=1 word=One. Wait. kept=true
RIDEAI sit n=2 phase=approach pos=-9.4,-22.4 ahead=6.07 lat=1.46 ang=21.3 along=5.9 gait=3 v=1.44 rein=0
MICHELLE soft | One. Early.
COUNT fence=2 ahead=5.38 lateral=0.79 stride=1 word=One. Early. kept=true
MICHELLE soft | Early.
COUNT fence=2 ahead=4.21 lateral=0.44 stride=0 word=Early. kept=true
MICHELLE soft | Wait.
COUNT fence=2 ahead=3.60 lateral=0.37 stride=0 word=Wait. kept=true
RIDEAI sit n=2 phase=approach pos=-8.4,-20.1 ahead=3.6 lat=0.6 ang=15.4 along=3.6 gait=3 v=3.6 rein=-1
MICHELLE soft | Now.
COUNT fence=2 ahead=3.05 lateral=0.15 stride=0 word=Now. kept=true
RIDEAI ASK n=2 ahead=2.53 lat=0.08 ang=7.3 charge=1.0
RIDEAI fence 2 -> 3 t=18.41 leave=early
RIDEAI sit n=3 phase=approach pos=-7.2,-13.8 ahead=11.77 lat=0.2 ang=0.9 along=11.8 gait=3 v=3.22 rein=0
MICHELLE soft | Two. Wait.
COUNT fence=3 ahead=10.91 lateral=0.02 stride=2 word=Two. Wait. kept=true
RIDEAI sit n=3 phase=approach pos=-7.1,-10.9 ahead=8.87 lat=0.16 ang=0.9 along=8.9 gait=3 v=1.4 rein=0
MICHELLE soft | One. Wait.
COUNT fence=3 ahead=7.57 lateral=0.02 stride=1 word=One. Wait. kept=true
RIDEAI sit n=3 phase=approach pos=-7.0,-8.8 ahead=6.71 lat=0.12 ang=0.9 along=6.7 gait=3 v=3.11 rein=0
MICHELLE soft | One. Early.
COUNT fence=3 ahead=5.36 lateral=0.02 stride=1 word=One. Early. kept=true
MICHELLE soft | Early.
COUNT fence=3 ahead=4.20 lateral=0.02 stride=0 word=Early. kept=true
MICHELLE soft | Wait.
COUNT fence=3 ahead=3.55 lateral=0.02 stride=0 word=Wait. kept=true
MICHELLE soft | Now.
COUNT fence=3 ahead=3.09 lateral=0.02 stride=0 word=Now. kept=true
RIDEAI sit n=3 phase=approach pos=-6.8,-5.0 ahead=2.96 lat=0.06 ang=0.9 along=3.0 gait=3 v=3.88 rein=0
RIDEAI ASK n=3 ahead=2.58 lat=0.02 ang=0.9 charge=1.0
RIDEAI fence 3 -> 4 t=23.64 leave=leave
MICHELLE soft | Two. Wait.
COUNT fence=4 ahead=10.31 lateral=0.15 stride=2 word=Two. Wait. kept=true
RIDEAI sit n=4 phase=approach pos=-6.6,0.4 ahead=8.35 lat=0.06 ang=1.5 along=8.4 gait=3 v=1.78 rein=0
MICHELLE soft | One. Wait.
COUNT fence=4 ahead=7.57 lateral=0.15 stride=1 word=One. Wait. kept=true
RIDEAI sit n=4 phase=approach pos=-6.5,2.6 ahead=6.14 lat=0.02 ang=1.5 along=6.1 gait=3 v=2.25 rein=0
MICHELLE soft | One. Early.
COUNT fence=4 ahead=5.39 lateral=0.15 stride=1 word=One. Early. kept=true
MICHELLE soft | Early.
COUNT fence=4 ahead=4.20 lateral=0.15 stride=0 word=Early. kept=true
MICHELLE soft | Wait.
COUNT fence=4 ahead=3.55 lateral=0.15 stride=0 word=Wait. kept=true
RIDEAI sit n=4 phase=approach pos=-6.3,5.3 ahead=3.44 lat=0.06 ang=1.5 along=3.4 gait=3 v=3.49 rein=0
MICHELLE soft | Now.
COUNT fence=4 ahead=3.08 lateral=0.15 stride=0 word=Now. kept=true
RIDEAI ASK n=4 ahead=2.56 lat=0.14 ang=1.5 charge=1.0
RIDEAI fence 4 -> 5 t=28.2 leave=leave
RIDEAI sit n=5 phase=land pos=-5.2,11.3 ahead=16.12 lat=13.06 ang=48.5 along=9.6 gait=3 v=3.09 rein=1
COUNT fence=5 ahead=10.86 lateral=9.12 stride=-1 word=silent kept=false
MICHELLE soft | Come again.
RIDEAI sit n=5 phase=land pos=-2.2,12.0 ahead=9.92 lat=10.14 ang=91.4 along=8.9 gait=3 v=3.22 rein=0
RIDEAI sit n=5 phase=setup pos=1.3,11.8 ahead=5.69 lat=6.58 ang=95.5 along=9.1 gait=3 v=4.45 rein=0
RIDEAI sit n=5 phase=setup pos=5.3,11.4 ahead=1.0 lat=2.6 ang=99.6 along=9.5 gait=3 v=2.27 rein=0
RIDEAI sit n=5 phase=approach pos=8.2,11.8 ahead=5.29 lat=0.28 ang=52.5 along=9.1 gait=3 v=1.92 rein=-1
MICHELLE soft | Two. Wait.
COUNT fence=5 ahead=7.82 lateral=1.59 stride=2 word=Two. Wait. kept=true
RIDEAI sit n=5 phase=approach pos=8.8,13.3 ahead=7.59 lat=0.92 ang=7.0 along=7.5 gait=3 v=1.69 rein=0
MICHELLE soft | One. Wait.
COUNT fence=5 ahead=7.57 lateral=0.00 stride=1 word=One. Wait. kept=true
MICHELLE soft | One. Early.
COUNT fence=5 ahead=5.36 lateral=0.00 stride=1 word=One. Early. kept=true
RIDEAI sit n=5 phase=approach pos=8.5,16.1 ahead=4.79 lat=0.58 ang=7.0 along=4.8 gait=3 v=3.88 rein=0
MICHELLE soft | Early.
COUNT fence=5 ahead=4.21 lateral=0.00 stride=0 word=Early. kept=true
MICHELLE soft | Wait.
COUNT fence=5 ahead=3.56 lateral=0.00 stride=0 word=Wait. kept=true
MICHELLE soft | Now.
COUNT fence=5 ahead=3.05 lateral=0.00 stride=0 word=Now. kept=true
RIDEAI ASK n=5 ahead=2.53 lat=0.0 ang=7.0 charge=1.0
RIDEAI fence 5 -> 6 t=36.96 leave=leave
COUNT fence=6 ahead=8.81 lateral=14.32 stride=-1 word=silent kept=false
MICHELLE soft | Come again.
RIDEAI sit n=6 phase=land pos=7.4,22.6 ahead=12.55 lat=15.32 ang=35.5 along=4.5 gait=3 v=3.09 rein=-1
RIDEAI sit n=6 phase=land pos=4.8,23.9 ahead=12.15 lat=12.62 ang=96.7 along=3.3 gait=3 v=3.09 rein=-1
RIDEAI come again n=6 rein=-1 pos=1.9,23.4
RIDEAI sit n=6 phase=away pos=1.7,23.4 ahead=7.6 lat=9.52 ang=109.7 along=4.1 gait=3 v=2.83 rein=-1
RIDEAI sit n=6 phase=again pos=0.3,22.1 ahead=0.33 lat=8.26 ang=144.6 along=5.5 gait=3 v=2.72 rein=0
RIDEAI sit n=6 phase=again pos=-2.0,19.3 ahead=-3.27 lat=6.18 ang=144.6 along=8.4 gait=3 v=3.88 rein=0
RIDEAI sit n=6 phase=setup pos=-5.0,15.7 ahead=-6.99 lat=3.42 ang=139.4 along=12.1 gait=3 v=5.5 rein=1
RIDEAI sit n=6 phase=approach pos=-7.6,15.1 ahead=4.51 lat=0.82 ang=73.4 along=13.0 gait=3 v=3.08 rein=1
RIDEAI sit n=6 phase=approach pos=-9.4,17.0 ahead=10.75 lat=1.06 ang=11.0 along=11.2 gait=3 v=2.34 rein=1
MICHELLE soft | Two. Wait.
COUNT fence=6 ahead=10.74 lateral=1.45 stride=2 word=Two. Wait. kept=true
RIDEAI sit n=6 phase=approach pos=-9.1,19.7 ahead=8.53 lat=0.94 ang=4.3 along=8.5 gait=3 v=1.4 rein=0
MICHELLE soft | One. Wait.
COUNT fence=6 ahead=7.54 lateral=0.30 stride=1 word=One. Wait. kept=true
RIDEAI sit n=6 phase=approach pos=-8.7,22.1 ahead=6.11 lat=0.76 ang=4.3 along=6.1 gait=3 v=3.48 rein=0
MICHELLE soft | One. Early.
COUNT fence=6 ahead=5.37 lateral=0.30 stride=1 word=One. Early. kept=true
MICHELLE soft | Early.
COUNT fence=6 ahead=4.20 lateral=0.30 stride=0 word=Early. kept=true
MICHELLE soft | Wait.
COUNT fence=6 ahead=3.56 lateral=0.30 stride=0 word=Wait. kept=true
MICHELLE soft | Now.
COUNT fence=6 ahead=3.04 lateral=0.30 stride=0 word=Now. kept=true
RIDEAI ASK n=6 ahead=2.58 lat=0.3 ang=4.3 charge=1.0
RIDEAI fence 6 -> 7 t=48.71 leave=leave
COUNT fence=7 ahead=3.46 lateral=7.24 stride=-1 word=silent kept=false
MICHELLE soft | Come again.
RIDEAI sit n=7 phase=land pos=-7.7,29.3 ahead=3.66 lat=7.72 ang=13.9 along=1.9 gait=3 v=3.69 rein=1
RIDEAI sit n=7 phase=land pos=-5.6,31.5 ahead=5.36 lat=5.62 ang=75.2 along=-0.3 gait=3 v=3.09 rein=1
MICHELLE soft | One. Early.
COUNT fence=7 ahead=5.32 lateral=1.51 stride=1 word=One. Early. kept=true
MICHELLE soft | Early.
COUNT fence=7 ahead=4.20 lateral=0.66 stride=0 word=Early. kept=true
MICHELLE soft | Wait.
COUNT fence=7 ahead=3.58 lateral=1.29 stride=0 word=Wait. kept=true
COUNT fence=7 ahead=3.12 lateral=1.65 stride=-1 word=silent kept=false
MICHELLE soft | Come again.
RIDEAI sit n=7 phase=land pos=-2.8,30.7 ahead=1.53 lat=2.8 ang=136.4 along=0.6 gait=3 v=3.09 rein=1
RIDEAI come again n=7 rein=1 pos=-2.5,30.3
RIDEAI sit n=7 phase=again pos=-1.9,28.6 ahead=-2.33 lat=1.98 ang=169.5 along=2.7 gait=3 v=2.8 rein=0
RIDEAI sit n=7 phase=again pos=-1.1,24.7 ahead=-6.3 lat=1.26 ang=169.5 along=6.6 gait=3 v=5.1 rein=0
RIDEAI sit n=7 phase=again pos=0.0,19.3 ahead=-11.96 lat=0.3 ang=173.6 along=12.1 gait=3 v=5.55 rein=0
RIDEAI sit n=7 phase=approach pos=1.7,17.0 ahead=-6.38 lat=1.36 ang=110.7 along=14.5 gait=3 v=3.14 rein=-1
RIDEAI sit n=7 phase=setup pos=4.1,17.3 ahead=7.69 lat=3.76 ang=43.7 along=14.2 gait=3 v=1.84 rein=-1
RIDEAI sit n=7 phase=setup pos=4.2,20.0 ahead=12.1 lat=3.94 ang=25.0 along=11.5 gait=3 v=3.87 rein=-1
RIDEAI sit n=7 phase=approach pos=2.2,21.2 ahead=3.66 lat=1.94 ang=80.1 along=10.2 gait=3 v=3.22 rein=1
RIDEAI sit n=7 phase=approach pos=0.3,22.5 ahead=8.63 lat=0.04 ang=12.9 along=8.8 gait=3 v=1.92 rein=1
MICHELLE soft | Two. Wait.
COUNT fence=7 ahead=8.63 lateral=1.58 stride=2 word=Two. Wait. kept=true
MICHELLE soft | One. Wait.
COUNT fence=7 ahead=7.53 lateral=0.52 stride=1 word=One. Wait. kept=true
RIDEAI sit n=7 phase=approach pos=0.0,25.5 ahead=5.89 lat=0.16 ang=3.6 along=5.9 gait=3 v=3.88 rein=0
MICHELLE soft | One. Early.
COUNT fence=7 ahead=5.37 lateral=0.52 stride=1 word=One. Early. kept=true
MICHELLE soft | Early.
COUNT fence=7 ahead=4.17 lateral=0.24 stride=0 word=Early. kept=true
MICHELLE soft | Wait.
COUNT fence=7 ahead=3.58 lateral=0.24 stride=0 word=Wait. kept=true
MICHELLE soft | Now.
COUNT fence=7 ahead=3.07 lateral=0.24 stride=0 word=Now. kept=true
RIDEAI ASK n=7 ahead=2.55 lat=0.24 ang=0.1 charge=1.0
RIDEAI fence 7 -> 8 t=62.08 leave=leave
RIDEAI sit n=8 phase=land pos=-0.3,32.2 ahead=-11.49 lat=2.98 ang=166.1 along=12.6 gait=3 v=3.54 rein=-1
RIDEAI sit n=8 phase=land pos=-2.2,34.5 ahead=-2.91 lat=0.88 ang=104.9 along=14.7 gait=3 v=3.09 rein=-1
COUNT fence=8 ahead=0.87 lateral=14.74 stride=-1 word=silent kept=false
MICHELLE soft | Come again.
RIDEAI sit n=8 phase=land pos=-5.1,34.0 ahead=8.7 lat=1.94 ang=43.6 along=13.9 gait=3 v=3.09 rein=-1
RIDEAI sit n=8 phase=setup pos=-6.0,31.5 ahead=11.53 lat=2.68 ang=22.2 along=11.4 gait=3 v=1.53 rein=-1
RIDEAI sit n=8 phase=approach pos=-4.6,29.5 ahead=8.99 lat=1.02 ang=24.7 along=9.4 gait=3 v=3.47 rein=1
MICHELLE soft | Two. Wait.
COUNT fence=8 ahead=8.99 lateral=1.55 stride=2 word=Two. Wait. kept=true
MICHELLE soft | One. Wait.
COUNT fence=8 ahead=7.55 lateral=0.64 stride=1 word=One. Wait. kept=true
RIDEAI sit n=8 phase=approach pos=-4.3,27.5 ahead=7.46 lat=0.62 ang=9.6 along=7.5 gait=3 v=2.6 rein=0
MICHELLE soft | One. Early.
COUNT fence=8 ahead=5.38 lateral=0.25 stride=1 word=One. Early. kept=true
MICHELLE soft | Early.
COUNT fence=8 ahead=4.21 lateral=0.25 stride=0 word=Early. kept=true
RIDEAI sit n=8 phase=approach pos=-4.2,23.9 ahead=3.95 lat=0.18 ang=6.1 along=4.0 gait=3 v=3.88 rein=0
MICHELLE soft | Wait.
COUNT fence=8 ahead=3.56 lateral=0.25 stride=0 word=Wait. kept=true
MICHELLE soft | Now.
COUNT fence=8 ahead=3.05 lateral=0.25 stride=0 word=Now. kept=true
RIDEAI ASK n=8 ahead=2.54 lat=0.08 ang=2.6 charge=1.0
RIDEAI fence 8 -> 9 t=69.99 leave=straight
RIDEAI sit n=9 phase=land pos=-3.8,17.6 ahead=13.39 lat=8.82 ang=38.7 along=10.1 gait=3 v=3.09 rein=-1
COUNT fence=9 ahead=10.94 lateral=5.17 stride=-1 word=silent kept=false
MICHELLE soft | Come again.
RIDEAI sit n=9 phase=land pos=-1.1,16.4 ahead=5.44 lat=6.06 ang=93.8 along=9.1 gait=3 v=3.09 rein=0
RIDEAI sit n=9 phase=setup pos=2.3,16.6 ahead=1.06 lat=2.72 ang=99.9 along=9.4 gait=3 v=3.14 rein=0
RIDEAI sit n=9 phase=approach pos=4.7,16.1 ahead=4.89 lat=0.26 ang=59.1 along=9.1 gait=3 v=3.49 rein=1
MICHELLE soft | One. Wait.
COUNT fence=9 ahead=7.51 lateral=1.46 stride=1 word=One. Wait. kept=true
RIDEAI sit n=9 phase=approach pos=5.8,14.3 ahead=7.42 lat=0.92 ang=7.6 along=7.4 gait=3 v=1.46 rein=1
MICHELLE soft | One. Early.
COUNT fence=9 ahead=5.37 lateral=0.06 stride=1 word=One. Early. kept=true
RIDEAI sit n=9 phase=approach pos=5.3,11.8 ahead=4.84 lat=0.58 ang=7.6 along=4.8 gait=3 v=3.67 rein=0
MICHELLE soft | Early.
COUNT fence=9 ahead=4.20 lateral=0.06 stride=0 word=Early. kept=true
MICHELLE soft | Wait.
COUNT fence=9 ahead=3.55 lateral=0.06 stride=0 word=Wait. kept=true
MICHELLE soft | Now.
COUNT fence=9 ahead=3.04 lateral=0.06 stride=0 word=Now. kept=true
RIDEAI ASK n=9 ahead=2.58 lat=0.06 ang=7.6 charge=1.0
RIDEAI fence 9 -> 10 t=77.62 leave=straight
RIDEAI sit n=10 phase=land pos=3.7,5.4 ahead=16.68 lat=6.8 ang=30.5 along=15.3 gait=3 v=3.09 rein=1
RIDEAI sit n=10 phase=land pos=1.3,3.5 ahead=12.07 lat=4.52 ang=48.9 along=13.2 gait=3 v=3.22 rein=0
COUNT fence=10 ahead=11.00 lateral=6.95 stride=-1 word=silent kept=false
MICHELLE soft | Come again.
RIDEAI sit n=10 phase=setup pos=-1.4,1.6 ahead=7.28 lat=2.02 ang=60.1 along=11.1 gait=3 v=3.64 rein=1
MICHELLE soft | Two. Wait.
COUNT fence=10 ahead=9.86 lateral=1.55 stride=2 word=Two. Wait. kept=true
RIDEAI sit n=10 phase=approach pos=-2.7,-0.1 ahead=9.34 lat=0.86 ang=8.6 along=9.3 gait=3 v=2.34 rein=0
MICHELLE soft | One. Wait.
COUNT fence=10 ahead=7.56 lateral=0.55 stride=1 word=One. Wait. kept=true
RIDEAI sit n=10 phase=approach pos=-3.5,-3.3 ahead=6.01 lat=0.36 ang=8.6 along=6.0 gait=3 v=3.88 rein=0
MICHELLE soft | One. Early.
COUNT fence=10 ahead=5.39 lateral=0.20 stride=1 word=One. Early. kept=true
MICHELLE soft | Early.
COUNT fence=10 ahead=4.22 lateral=0.20 stride=0 word=Early. kept=true
MICHELLE soft | Wait.
COUNT fence=10 ahead=3.58 lateral=0.20 stride=0 word=Wait. kept=true
MICHELLE soft | Now.
COUNT fence=10 ahead=3.06 lateral=0.20 stride=0 word=Now. kept=true
RIDEAI ASK n=10 ahead=2.54 lat=0.2 ang=5.1 charge=1.0
RIDEAI fence 10 -> 11 t=84.37 leave=leave
RIDECERT trace E:/Workspace/Madison/game/../dist/traces/hk_int_009_refuse_twice.jsonl n=93
RIDECERT hk_int_009 style=refuse_twice success=false faults=13 refusal_faults=12 rail_faults=0 time_faults=1 jumped=10/10 t=90.07 teleported=false complete=true refused=[1, 1] rail_fences=[] rail_air=[] conf=76.0 scope=80.0 eliminated=false reason= ribbon=Pink
RIDECERT wrote E:/Workspace/Madison/game/../dist/ridecert_results.json
RIDECERT done pass=true board=refuse_twice refusals=2
