Godot Engine v4.7.2.stable.official.ed1daf0bf - https://godotengine.org

FIT flatten armature scale=(100.0, 100.0, 100.0) keep_rot=(-90.0, 0.0, 0.0)
FIT length=2.25 height=1.91220223903656 scale=(0.84991, 0.84991, 0.84991)
SEAT bone=Torso bone_pos=(0.0, 1.126922, 0.286373) back_y=1.42885863780975 seat=(0.0, 1.428859, 0.286373)
TACK place crown=(0.0, 0.142, 0.0294) brow=(0.0, 0.196, 0.1326) nose=(0.0, 0.385, -0.0222) bit=(0.0, 0.479225, -0.087663)
HORSE mesh=WhiteHorse anim=true seat=Torso rider_parent=Seat
RIDER mesh scale 0.91304347826087 bones 62
RIDECERT begin
RIDECERT filter hk_int_007
RIDECERT round hk_int_007 class=intermediate seed=4 jo=false style=refuse_twice
COUNT fence=1 ahead=6.14 lateral=8.84 stride=-1 word=silent kept=false
MICHELLE soft | Come again.
MICHELLE soft | Two. Wait.
COUNT fence=1 ahead=8.20 lateral=1.51 stride=2 word=Two. Wait. kept=true
RIDEAI sit n=1 phase=approach pos=7.8,-30.6 ahead=8.14 lat=0.02 ang=3.7 along=8.2 gait=3 v=1.48 rein=-1
MICHELLE soft | One. Wait.
COUNT fence=1 ahead=7.55 lateral=0.35 stride=1 word=One. Wait. kept=true
RIDEAI sit n=1 phase=approach pos=7.9,-28.3 ahead=5.93 lat=0.08 ang=2.6 along=5.9 gait=3 v=3.29 rein=0
MICHELLE soft | One. Early.
COUNT fence=1 ahead=5.35 lateral=0.35 stride=1 word=One. Early. kept=true
RIDEAI ASK n=1 ahead=4.32 lat=0.36 ang=2.6 charge=1.0
RIDECERT refuse fence=1 why=early
RIDEAI sit n=1 phase=approach pos=7.9,-26.9 ahead=4.52 lat=0.14 ang=2.6 along=4.5 gait=2 v=0.83 rein=0
MICHELLE soft | One. Early.
COUNT fence=1 ahead=4.45 lateral=0.35 stride=1 word=One. Early. kept=true
RIDEAI ASK n=1 ahead=4.32 lat=0.36 ang=2.6 charge=0.32
RIDECERT refuse fence=1 why=early
MICHELLE soft | One. Early.
COUNT fence=1 ahead=4.46 lateral=0.35 stride=1 word=One. Early. kept=true
RIDEAI sit n=1 phase=approach pos=8.0,-26.6 ahead=4.23 lat=0.16 ang=2.6 along=4.2 gait=3 v=1.43 rein=0
MICHELLE soft | Early.
COUNT fence=1 ahead=4.20 lateral=0.35 stride=0 word=Early. kept=true
MICHELLE soft | Wait.
COUNT fence=1 ahead=3.58 lateral=0.35 stride=0 word=Wait. kept=true
MICHELLE soft | Now.
COUNT fence=1 ahead=3.08 lateral=0.35 stride=0 word=Now. kept=true
RIDEAI ASK n=1 ahead=2.56 lat=0.12 ang=2.1 charge=1.0
RIDEAI fence 1 -> 2 t=9.44 leave=straight
RIDEAI sit n=2 phase=land pos=7.7,-21.1 ahead=14.42 lat=16.76 ang=21.4 along=8.9 gait=3 v=3.14 rein=-1
RIDEAI sit n=2 phase=land pos=5.5,-19.2 ahead=15.21 lat=14.42 ang=82.7 along=7.1 gait=3 v=3.09 rein=-1
COUNT fence=2 ahead=10.95 lateral=10.43 stride=-1 word=silent kept=false
MICHELLE soft | Come again.
RIDEAI sit n=2 phase=land pos=2.6,-19.9 ahead=6.05 lat=11.52 ang=119.4 along=8.1 gait=3 v=3.3 rein=0
RIDEAI sit n=2 phase=setup pos=-1.4,-22.0 ahead=0.67 lat=7.74 ang=123.5 along=10.5 gait=3 v=5.55 rein=0
RIDEAI sit n=2 phase=setup pos=-4.7,-23.0 ahead=7.8 lat=4.48 ang=72.3 along=11.6 gait=3 v=2.31 rein=0
RIDEAI sit n=2 phase=around pos=-7.5,-21.8 ahead=4.77 lat=1.6 ang=72.3 along=10.7 gait=3 v=2.59 rein=0
RIDEAI sit n=2 phase=approach pos=-9.4,-20.1 ahead=7.93 lat=0.4 ang=27.4 along=9.1 gait=3 v=3.65 rein=1
MICHELLE soft | Two. Wait.
COUNT fence=2 ahead=8.31 lateral=1.57 stride=2 word=Two. Wait. kept=true
MICHELLE soft | One. Wait.
COUNT fence=2 ahead=7.55 lateral=0.38 stride=1 word=One. Wait. kept=true
RIDEAI sit n=2 phase=approach pos=-9.4,-18.1 ahead=7.15 lat=0.6 ang=1.7 along=7.1 gait=3 v=2.52 rein=0
MICHELLE soft | One. Early.
COUNT fence=2 ahead=5.34 lateral=0.38 stride=1 word=One. Early. kept=true
MICHELLE soft | Early.
COUNT fence=2 ahead=4.18 lateral=0.38 stride=0 word=Early. kept=true
RIDEAI sit n=2 phase=approach pos=-9.1,-14.6 ahead=3.66 lat=0.5 ang=1.7 along=3.6 gait=3 v=3.88 rein=0
MICHELLE soft | Wait.
COUNT fence=2 ahead=3.60 lateral=0.38 stride=0 word=Wait. kept=true
MICHELLE soft | Now.
COUNT fence=2 ahead=3.08 lateral=0.38 stride=0 word=Now. kept=true
RIDEAI ASK n=2 ahead=2.56 lat=0.38 ang=1.7 charge=1.0
RIDEAI fence 2 -> 3 t=19.41 leave=leave
MICHELLE soft | Two. Wait.
COUNT fence=3 ahead=9.83 lateral=0.06 stride=2 word=Two. Wait. kept=true
RIDEAI sit n=3 phase=approach pos=-8.5,-8.6 ahead=8.35 lat=0.4 ang=2.3 along=8.3 gait=3 v=1.71 rein=0
MICHELLE soft | One. Wait.
COUNT fence=3 ahead=7.55 lateral=0.06 stride=1 word=One. Wait. kept=true
RIDEAI sit n=3 phase=approach pos=-8.3,-6.4 ahead=6.16 lat=0.3 ang=2.3 along=6.1 gait=3 v=2.25 rein=0
MICHELLE soft | One. Early.
COUNT fence=3 ahead=5.37 lateral=0.06 stride=1 word=One. Early. kept=true
MICHELLE soft | Early.
COUNT fence=3 ahead=4.21 lateral=0.06 stride=0 word=Early. kept=true
RIDEAI sit n=3 phase=approach pos=-8.0,-3.9 ahead=3.64 lat=0.2 ang=2.3 along=3.6 gait=3 v=3.11 rein=0
MICHELLE soft | Wait.
COUNT fence=3 ahead=3.59 lateral=0.06 stride=0 word=Wait. kept=true
MICHELLE soft | Now.
COUNT fence=3 ahead=3.10 lateral=0.06 stride=0 word=Now. kept=true
RIDEAI ASK n=3 ahead=2.55 lat=0.06 ang=2.3 charge=1.0
RIDEAI fence 3 -> 4 t=23.85 leave=leave
MICHELLE soft | Two. Wait.
COUNT fence=4 ahead=10.28 lateral=0.37 stride=2 word=Two. Wait. kept=true
RIDEAI sit n=4 phase=approach pos=-7.4,1.8 ahead=8.69 lat=0.02 ang=2.3 along=8.7 gait=3 v=1.4 rein=0
MICHELLE soft | One. Wait.
COUNT fence=4 ahead=7.55 lateral=0.37 stride=1 word=One. Wait. kept=true
RIDEAI sit n=4 phase=approach pos=-7.2,3.9 ahead=6.61 lat=0.1 ang=2.3 along=6.6 gait=3 v=2.25 rein=0
MICHELLE soft | One. Early.
COUNT fence=4 ahead=5.38 lateral=0.37 stride=1 word=One. Early. kept=true
MICHELLE soft | Early.
COUNT fence=4 ahead=4.18 lateral=0.37 stride=0 word=Early. kept=true
RIDEAI sit n=4 phase=approach pos=-7.0,6.4 ahead=4.13 lat=0.2 ang=2.3 along=4.1 gait=3 v=3.11 rein=0
MICHELLE soft | Wait.
COUNT fence=4 ahead=3.59 lateral=0.37 stride=0 word=Wait. kept=true
MICHELLE soft | Now.
COUNT fence=4 ahead=3.06 lateral=0.37 stride=0 word=Now. kept=true
RIDEAI ASK n=4 ahead=2.56 lat=0.12 ang=2.4 charge=1.0
RIDEAI fence 4 -> 5 t=28.4 leave=straight
COUNT fence=5 ahead=6.34 lateral=14.38 stride=-1 word=silent kept=false
MICHELLE soft | Come again.
RIDEAI sit n=5 phase=land pos=-6.3,12.6 ahead=11.35 lat=14.1 ang=33.7 along=4.2 gait=3 v=3.09 rein=1
RIDEAI sit n=5 phase=land pos=-3.6,13.8 ahead=11.13 lat=11.44 ang=95.0 along=3.0 gait=3 v=3.09 rein=1
RIDEAI come again n=5 rein=1 pos=-1.4,12.9
RIDEAI sit n=5 phase=away pos=-0.9,12.6 ahead=3.39 lat=8.74 ang=133.6 along=4.3 gait=3 v=1.68 rein=1
RIDEAI sit n=5 phase=again pos=0.2,10.9 ahead=-0.65 lat=7.58 ang=145.8 along=5.9 gait=3 v=3.11 rein=0
RIDEAI sit n=5 phase=again pos=2.6,7.4 ahead=-4.93 lat=5.18 ang=145.8 along=9.5 gait=3 v=5.41 rein=0
RIDEAI sit n=5 phase=setup pos=5.7,3.7 ahead=-3.1 lat=2.1 ang=112.6 along=13.1 gait=3 v=2.06 rein=-1
RIDEAI sit n=5 phase=approach pos=8.2,4.4 ahead=8.02 lat=0.38 ang=48.1 along=12.4 gait=3 v=3.73 rein=-1
MICHELLE soft | Two. Wait.
COUNT fence=5 ahead=10.77 lateral=1.58 stride=2 word=Two. Wait. kept=true
RIDEAI sit n=5 phase=approach pos=8.9,6.7 ahead=10.16 lat=1.14 ang=5.1 along=10.1 gait=3 v=2.99 rein=0
RIDEAI sit n=5 phase=approach pos=8.7,8.9 ahead=7.94 lat=0.94 ang=5.1 along=7.9 gait=3 v=2.17 rein=0
MICHELLE soft | One. Wait.
COUNT fence=5 ahead=7.55 lateral=0.24 stride=1 word=One. Wait. kept=true
MICHELLE soft | One. Early.
COUNT fence=5 ahead=5.36 lateral=0.24 stride=1 word=One. Early. kept=true
RIDEAI sit n=5 phase=approach pos=8.5,12.1 ahead=4.78 lat=0.66 ang=5.1 along=4.7 gait=3 v=3.88 rein=0
MICHELLE soft | Early.
COUNT fence=5 ahead=4.19 lateral=0.24 stride=0 word=Early. kept=true
MICHELLE soft | Wait.
COUNT fence=5 ahead=3.55 lateral=0.24 stride=0 word=Wait. kept=true
MICHELLE soft | Now.
COUNT fence=5 ahead=3.09 lateral=0.24 stride=0 word=Now. kept=true
RIDEAI ASK n=5 ahead=2.58 lat=0.24 ang=5.1 charge=1.0
RIDEAI fence 5 -> 6 t=39.94 leave=leave
RIDEAI sit n=6 phase=land pos=7.6,18.6 ahead=15.71 lat=16.5 ang=34.7 along=7.7 gait=3 v=3.09 rein=-1
RIDEAI sit n=6 phase=land pos=5.0,20.0 ahead=13.08 lat=13.82 ang=95.9 along=6.5 gait=3 v=3.09 rein=-1
COUNT fence=6 ahead=10.95 lateral=8.78 stride=-1 word=silent kept=false
MICHELLE soft | Come again.
RIDEAI sit n=6 phase=setup pos=1.8,19.6 ahead=9.24 lat=10.62 ang=100.0 along=7.0 gait=3 v=3.68 rein=0
RIDEAI sit n=6 phase=setup pos=-3.0,18.8 ahead=3.79 lat=5.96 ang=104.1 along=8.2 gait=3 v=5.55 rein=0
RIDEAI sit n=6 phase=setup pos=-6.7,18.1 ahead=-0.71 lat=2.26 ang=108.2 along=9.2 gait=3 v=2.61 rein=0
RIDEAI sit n=6 phase=approach pos=-9.5,18.6 ahead=5.06 lat=0.54 ang=51.9 along=8.9 gait=3 v=1.92 rein=1
MICHELLE soft | One. Wait.
COUNT fence=6 ahead=7.54 lateral=1.52 stride=1 word=One. Wait. kept=true
RIDEAI sit n=6 phase=approach pos=-10.1,20.3 ahead=7.35 lat=1.24 ang=12.2 along=7.2 gait=3 v=1.69 rein=0
MICHELLE soft | One. Early.
COUNT fence=6 ahead=5.34 lateral=0.31 stride=1 word=One. Early. kept=true
RIDEAI sit n=6 phase=approach pos=-9.3,22.9 ahead=4.55 lat=0.66 ang=12.2 along=4.5 gait=3 v=3.88 rein=0
MICHELLE soft | Early.
COUNT fence=6 ahead=4.22 lateral=0.31 stride=0 word=Early. kept=true
MICHELLE soft | Wait.
COUNT fence=6 ahead=3.59 lateral=0.00 stride=0 word=Wait. kept=true
MICHELLE soft | Now.
COUNT fence=6 ahead=3.07 lateral=0.00 stride=0 word=Now. kept=true
RIDEAI ASK n=6 ahead=2.55 lat=0.0 ang=7.5 charge=1.0
RIDEAI fence 6 -> 7 t=49.31 leave=leave
COUNT fence=7 ahead=5.04 lateral=7.33 stride=-1 word=silent kept=false
MICHELLE soft | Come again.
RIDEAI sit n=7 phase=land pos=-7.6,29.2 ahead=6.44 lat=7.62 ang=40.7 along=1.9 gait=3 v=3.09 rein=1
MICHELLE soft | One. Wait.
COUNT fence=7 ahead=6.51 lateral=1.57 stride=1 word=One. Wait. kept=true
MICHELLE soft | One. Early.
COUNT fence=7 ahead=5.37 lateral=1.02 stride=1 word=One. Early. kept=true
COUNT fence=7 ahead=4.84 lateral=1.66 stride=-1 word=silent kept=false
MICHELLE soft | Come again.
RIDEAI sit n=7 phase=land pos=-4.8,30.2 ahead=4.51 lat=4.82 ang=102.0 along=1.0 gait=3 v=3.09 rein=1
RIDEAI come again n=7 rein=1 pos=-2.8,28.6
RIDEAI sit n=7 phase=again pos=-2.7,28.2 ahead=-2.09 lat=2.68 ang=163.4 along=3.0 gait=3 v=2.12 rein=1
RIDEAI sit n=7 phase=again pos=-2.0,25.7 ahead=-4.83 lat=2.08 ang=166.5 along=5.5 gait=3 v=3.61 rein=0
RIDEAI sit n=7 phase=again pos=-0.9,21.1 ahead=-9.58 lat=0.98 ang=166.5 along=10.1 gait=3 v=5.55 rein=0
RIDEAI sit n=7 phase=approach pos=0.5,17.3 ahead=-9.24 lat=0.38 ang=130.1 along=13.9 gait=3 v=2.3 rein=-1
RIDEAI sit n=7 phase=setup pos=3.0,16.8 ahead=1.77 lat=2.84 ang=72.1 along=14.5 gait=3 v=1.34 rein=-1
RIDEAI sit n=7 phase=setup pos=4.2,18.7 ahead=12.22 lat=4.02 ang=4.5 along=12.6 gait=3 v=3.42 rein=-1
RIDEAI sit n=7 phase=setup pos=3.1,21.0 ahead=7.99 lat=3.0 ang=57.9 along=10.3 gait=3 v=2.68 rein=-1
RIDEAI sit n=7 phase=approach pos=0.6,22.1 ahead=7.7 lat=0.5 ang=35.5 along=9.1 gait=3 v=1.38 rein=1
MICHELLE soft | Two. Wait.
COUNT fence=7 ahead=8.42 lateral=1.54 stride=2 word=Two. Wait. kept=true
MICHELLE soft | One. Wait.
COUNT fence=7 ahead=7.56 lateral=0.35 stride=1 word=One. Wait. kept=true
RIDEAI sit n=7 phase=approach pos=0.2,24.5 ahead=6.7 lat=0.14 ang=4.1 along=6.7 gait=3 v=3.5 rein=0
MICHELLE soft | One. Early.
COUNT fence=7 ahead=5.37 lateral=0.35 stride=1 word=One. Early. kept=true
MICHELLE soft | Early.
COUNT fence=7 ahead=4.21 lateral=0.35 stride=0 word=Early. kept=true
MICHELLE soft | Wait.
COUNT fence=7 ahead=3.56 lateral=0.35 stride=0 word=Wait. kept=true
MICHELLE soft | Now.
COUNT fence=7 ahead=3.05 lateral=0.28 stride=0 word=Now. kept=true
RIDEAI sit n=7 phase=approach pos=-0.1,28.4 ahead=2.86 lat=0.14 ang=0.6 along=2.9 gait=3 v=3.88 rein=1
RIDEAI ASK n=7 ahead=2.54 lat=0.1 ang=0.6 charge=1.0
RIDEAI fence 7 -> 8 t=62.29 leave=leave
RIDEAI sit n=8 phase=land pos=-1.4,34.1 ahead=-4.17 lat=3.34 ang=120.7 along=13.8 gait=3 v=3.09 rein=-1
COUNT fence=8 ahead=0.83 lateral=14.29 stride=-1 word=silent kept=false
MICHELLE soft | Come again.
RIDEAI sit n=8 phase=land pos=-4.3,34.3 ahead=7.32 lat=0.4 ang=59.5 along=13.8 gait=3 v=3.09 rein=-1
MICHELLE soft | Two. Wait.
COUNT fence=8 ahead=10.92 lateral=0.66 stride=2 word=Two. Wait. kept=true
RIDEAI sit n=8 phase=approach pos=-6.0,31.5 ahead=10.89 lat=1.1 ang=3.5 along=10.8 gait=3 v=2.58 rein=-1
RIDEAI sit n=8 phase=approach pos=-6.0,29.4 ahead=8.81 lat=0.92 ang=7.0 along=8.8 gait=3 v=2.98 rein=0
MICHELLE soft | One. Wait.
COUNT fence=8 ahead=7.55 lateral=0.16 stride=1 word=One. Wait. kept=true
MICHELLE soft | One. Early.
COUNT fence=8 ahead=5.35 lateral=0.16 stride=1 word=One. Early. kept=true
RIDEAI sit n=8 phase=approach pos=-5.8,25.7 ahead=5.09 lat=0.46 ang=7.0 along=5.1 gait=3 v=3.88 rein=0
MICHELLE soft | Early.
COUNT fence=8 ahead=4.19 lateral=0.16 stride=0 word=Early. kept=true
MICHELLE soft | Wait.
COUNT fence=8 ahead=3.54 lateral=0.16 stride=0 word=Wait. kept=true
MICHELLE soft | Now.
COUNT fence=8 ahead=3.09 lateral=0.16 stride=0 word=Now. kept=true
RIDEAI ASK n=8 ahead=2.57 lat=0.04 ang=4.7 charge=1.0
RIDEAI fence 8 -> 9 t=69.28 leave=leave
RIDEAI sit n=9 phase=land pos=-5.4,19.1 ahead=23.36 lat=12.7 ang=21.3 along=20.1 gait=3 v=3.09 rein=-1
RIDEAI sit n=9 phase=land pos=-3.3,16.8 ahead=19.82 lat=10.6 ang=47.8 along=17.8 gait=3 v=3.22 rein=0
RIDEAI sit n=9 phase=setup pos=-0.9,14.6 ahead=16.47 lat=8.2 ang=48.9 along=15.7 gait=3 v=3.49 rein=-1
RIDEAI sit n=9 phase=setup pos=2.7,11.8 ahead=11.33 lat=4.5 ang=52.9 along=12.9 gait=3 v=5.55 rein=0
COUNT fence=9 ahead=10.98 lateral=7.55 stride=-1 word=silent kept=false
MICHELLE soft | Come again.
RIDEAI sit n=9 phase=approach pos=5.3,10.0 ahead=7.9 lat=1.94 ang=55.4 along=11.1 gait=3 v=3.26 rein=1
MICHELLE soft | Two. Wait.
COUNT fence=9 ahead=9.02 lateral=1.43 stride=2 word=Two. Wait. kept=true
RIDEAI sit n=9 phase=approach pos=6.7,7.5 ahead=8.58 lat=0.52 ang=6.9 along=8.6 gait=3 v=1.61 rein=0
MICHELLE soft | One. Wait.
COUNT fence=9 ahead=7.54 lateral=0.51 stride=1 word=One. Wait. kept=true
RIDEAI sit n=9 phase=approach pos=7.0,4.8 ahead=5.88 lat=0.2 ang=6.9 along=5.9 gait=3 v=3.79 rein=0
MICHELLE soft | One. Early.
COUNT fence=9 ahead=5.36 lateral=0.51 stride=1 word=One. Early. kept=true
MICHELLE soft | Early.
COUNT fence=9 ahead=4.22 lateral=0.19 stride=0 word=Early. kept=true
MICHELLE soft | Wait.
COUNT fence=9 ahead=3.57 lateral=0.19 stride=0 word=Wait. kept=true
MICHELLE soft | Now.
COUNT fence=9 ahead=3.05 lateral=0.19 stride=0 word=Now. kept=true
RIDEAI ASK n=9 ahead=2.53 lat=0.2 ang=3.4 charge=1.0
RIDEAI fence 9 -> 10 t=77.91 leave=straight
RIDEAI sit n=10 phase=land pos=7.4,-2.0 ahead=19.58 lat=11.68 ang=0.5 along=19.7 gait=3 v=3.54 rein=1
RIDEAI sit n=10 phase=land pos=5.7,-4.4 ahead=18.73 lat=10.2 ang=50.5 along=17.1 gait=3 v=3.17 rein=0
RIDEAI sit n=10 phase=land pos=3.1,-6.3 ahead=15.51 lat=7.72 ang=50.5 along=15.0 gait=3 v=3.22 rein=0
COUNT fence=10 ahead=10.95 lateral=7.99 stride=-1 word=silent kept=false
MICHELLE soft | Come again.
RIDEAI sit n=10 phase=setup pos=-0.5,-8.4 ahead=10.7 lat=4.32 ang=55.6 along=12.6 gait=3 v=5.02 rein=0
RIDEAI sit n=10 phase=approach pos=-3.0,-9.8 ahead=7.35 lat=1.9 ang=58.7 along=11.0 gait=3 v=3.34 rein=-1
MICHELLE soft | Two. Wait.
COUNT fence=10 ahead=9.99 lateral=1.58 stride=2 word=Two. Wait. kept=true
RIDEAI sit n=10 phase=approach pos=-4.2,-11.4 ahead=9.33 lat=0.94 ang=10.4 along=9.3 gait=3 v=2.41 rein=0
MICHELLE soft | One. Wait.
COUNT fence=10 ahead=7.55 lateral=0.76 stride=1 word=One. Wait. kept=true
RIDEAI sit n=10 phase=approach pos=-5.0,-14.7 ahead=5.97 lat=0.4 ang=6.9 along=6.0 gait=3 v=3.88 rein=0
MICHELLE soft | One. Early.
COUNT fence=10 ahead=5.39 lateral=0.32 stride=1 word=One. Early. kept=true
MICHELLE soft | Early.
COUNT fence=10 ahead=4.22 lateral=0.32 stride=0 word=Early. kept=true
MICHELLE soft | Wait.
COUNT fence=10 ahead=3.57 lateral=0.32 stride=0 word=Wait. kept=true
MICHELLE soft | Now.
COUNT fence=10 ahead=3.07 lateral=0.11 stride=0 word=Now. kept=true
RIDEAI ASK n=10 ahead=2.55 lat=0.12 ang=3.4 charge=1.0
RIDEAI fence 10 -> 11 t=86.34 leave=straight
RIDECERT trace E:/Workspace/Madison/game/../dist/traces/hk_int_007_refuse_twice.jsonl n=92
RIDECERT hk_int_007 style=refuse_twice success=false faults=13 refusal_faults=12 rail_faults=0 time_faults=1 jumped=10/10 t=90.07 teleported=false complete=true refused=[1, 1] rail_fences=[] rail_air=[] conf=76.0 scope=80.0 eliminated=false reason= ribbon=Pink
RIDECERT wrote E:/Workspace/Madison/game/../dist/ridecert_results.json
RIDECERT done pass=true board=refuse_twice refusals=2
