Godot Engine v4.7.2.stable.official.ed1daf0bf - https://godotengine.org

FIT flatten armature scale=(100.0, 100.0, 100.0) keep_rot=(-90.0, 0.0, 0.0)
FIT length=2.25 height=1.91220223903656 scale=(0.84991, 0.84991, 0.84991)
SEAT bone=Torso bone_pos=(0.0, 1.126922, 0.286373) back_y=1.42885863780975 seat=(0.0, 1.428859, 0.286373)
TACK place crown=(0.0, 0.142, 0.0294) brow=(0.0, 0.196, 0.1326) nose=(0.0, 0.385, -0.0222) bit=(0.0, 0.479225, -0.087663)
HORSE mesh=WhiteHorse anim=true seat=Torso rider_parent=Seat
RIDER mesh scale 0.91304347826087 bones 62
RIDECERT begin
RIDECERT filter hk_int_005
RIDECERT round hk_int_005 class=intermediate seed=2 jo=false style=refuse_twice
COUNT fence=1 ahead=6.44 lateral=8.28 stride=-1 word=silent kept=false
MICHELLE soft | Come again.
MICHELLE soft | Two. Wait.
COUNT fence=1 ahead=8.11 lateral=1.51 stride=2 word=Two. Wait. kept=true
RIDEAI sit n=1 phase=approach pos=6.7,-30.7 ahead=7.96 lat=0.16 ang=3.7 along=8.0 gait=3 v=1.34 rein=0
MICHELLE soft | One. Wait.
COUNT fence=1 ahead=7.56 lateral=0.36 stride=1 word=One. Wait. kept=true
RIDEAI sit n=1 phase=approach pos=6.9,-28.3 ahead=5.64 lat=0.0 ang=3.7 along=5.7 gait=3 v=3.41 rein=0
MICHELLE soft | One. Early.
COUNT fence=1 ahead=5.35 lateral=0.36 stride=1 word=One. Early. kept=true
RIDEAI ASK n=1 ahead=4.26 lat=0.36 ang=3.7 charge=1.0
RIDECERT refuse fence=1 why=early
MICHELLE soft | One. Early.
COUNT fence=1 ahead=4.40 lateral=0.36 stride=1 word=One. Early. kept=true
RIDEAI sit n=1 phase=approach pos=6.9,-27.1 ahead=4.4 lat=0.08 ang=3.7 along=4.4 gait=3 v=1.01 rein=0
RIDEAI ASK n=1 ahead=4.3 lat=0.36 ang=3.7 charge=0.24
RIDECERT refuse fence=1 why=early
MICHELLE soft | One. Early.
COUNT fence=1 ahead=4.44 lateral=0.36 stride=1 word=One. Early. kept=true
MICHELLE soft | Early.
COUNT fence=1 ahead=4.21 lateral=0.36 stride=0 word=Early. kept=true
RIDEAI sit n=1 phase=approach pos=7.0,-26.8 ahead=4.06 lat=0.1 ang=3.7 along=4.1 gait=3 v=1.66 rein=0
MICHELLE soft | Wait.
COUNT fence=1 ahead=3.57 lateral=0.36 stride=0 word=Wait. kept=true
MICHELLE soft | Now.
COUNT fence=1 ahead=3.08 lateral=0.17 stride=0 word=Now. kept=true
RIDEAI ASK n=1 ahead=2.55 lat=0.16 ang=0.2 charge=1.0
RIDEAI fence 1 -> 2 t=9.35 leave=early
COUNT fence=2 ahead=8.10 lateral=15.81 stride=-1 word=silent kept=false
MICHELLE soft | Come again.
RIDEAI sit n=2 phase=land pos=6.8,-21.1 ahead=12.02 lat=16.14 ang=25.2 along=5.7 gait=3 v=3.09 rein=-1
RIDEAI sit n=2 phase=land pos=4.5,-19.3 ahead=13.92 lat=13.7 ang=86.5 along=4.0 gait=3 v=3.09 rein=-1
RIDEAI sit n=2 phase=setup pos=1.4,-19.9 ahead=8.34 lat=10.64 ang=110.0 along=4.8 gait=3 v=3.53 rein=-1
RIDEAI sit n=2 phase=setup pos=-3.1,-21.4 ahead=2.76 lat=6.32 ang=116.1 along=6.6 gait=3 v=5.55 rein=0
RIDEAI sit n=2 phase=setup pos=-6.8,-22.9 ahead=-1.33 lat=2.66 ang=116.1 along=8.4 gait=3 v=2.42 rein=0
RIDEAI sit n=2 phase=approach pos=-9.7,-23.2 ahead=2.74 lat=0.18 ang=71.0 along=9.0 gait=3 v=1.92 rein=1
RIDEAI sit n=2 phase=approach pos=-11.1,-21.3 ahead=6.87 lat=1.68 ang=7.4 along=7.1 gait=3 v=1.34 rein=1
MICHELLE soft | One. Wait.
COUNT fence=2 ahead=7.01 lateral=1.59 stride=1 word=One. Wait. kept=true
MICHELLE soft | One. Early.
COUNT fence=2 ahead=5.39 lateral=0.68 stride=1 word=One. Early. kept=true
RIDEAI sit n=2 phase=approach pos=-10.3,-19.3 ahead=5.19 lat=1.08 ang=19.4 along=5.1 gait=3 v=3.18 rein=0
MICHELLE soft | Early.
COUNT fence=2 ahead=4.20 lateral=0.59 stride=0 word=Early. kept=true
MICHELLE soft | Wait.
COUNT fence=2 ahead=3.59 lateral=0.25 stride=0 word=Wait. kept=true
MICHELLE soft | Now.
COUNT fence=2 ahead=3.08 lateral=0.12 stride=0 word=Now. kept=true
RIDEAI ASK n=2 ahead=2.56 lat=0.06 ang=7.8 charge=1.0
RIDEAI fence 2 -> 3 t=18.85 leave=straight
MICHELLE soft | Two. Wait.
COUNT fence=3 ahead=10.20 lateral=1.40 stride=2 word=Two. Wait. kept=true
RIDEAI sit n=3 phase=approach pos=-8.7,-12.9 ahead=9.42 lat=0.02 ang=3.2 along=9.4 gait=3 v=3.17 rein=0
MICHELLE soft | One. Wait.
COUNT fence=3 ahead=7.56 lateral=0.52 stride=1 word=One. Wait. kept=true
RIDEAI sit n=3 phase=approach pos=-8.5,-11.1 ahead=7.52 lat=0.1 ang=3.2 along=7.5 gait=3 v=2.25 rein=0
MICHELLE soft | One. Early.
COUNT fence=3 ahead=5.38 lateral=0.52 stride=1 word=One. Early. kept=true
RIDEAI sit n=3 phase=approach pos=-8.2,-8.8 ahead=5.27 lat=0.22 ang=3.2 along=5.3 gait=3 v=2.37 rein=0
MICHELLE soft | Early.
COUNT fence=3 ahead=4.21 lateral=0.25 stride=0 word=Early. kept=true
MICHELLE soft | Wait.
COUNT fence=3 ahead=3.57 lateral=0.25 stride=0 word=Wait. kept=true
MICHELLE soft | Now.
COUNT fence=3 ahead=3.09 lateral=0.25 stride=0 word=Now. kept=true
RIDEAI ASK n=3 ahead=2.57 lat=0.24 ang=0.2 charge=1.0
RIDEAI fence 3 -> 4 t=23.4 leave=leave
MICHELLE soft | Two. Wait.
COUNT fence=4 ahead=10.31 lateral=0.20 stride=2 word=Two. Wait. kept=true
RIDEAI sit n=4 phase=approach pos=-7.8,-2.6 ahead=9.89 lat=0.24 ang=0.2 along=9.9 gait=3 v=3.49 rein=0
RIDEAI sit n=4 phase=approach pos=-7.7,-0.6 ahead=7.83 lat=0.24 ang=0.2 along=7.8 gait=3 v=2.25 rein=0
MICHELLE soft | One. Wait.
COUNT fence=4 ahead=7.57 lateral=0.20 stride=1 word=One. Wait. kept=true
RIDEAI sit n=4 phase=approach pos=-7.6,1.7 ahead=5.58 lat=0.22 ang=0.2 along=5.6 gait=3 v=2.25 rein=0
MICHELLE soft | One. Early.
COUNT fence=4 ahead=5.39 lateral=0.20 stride=1 word=One. Early. kept=true
MICHELLE soft | Early.
COUNT fence=4 ahead=4.20 lateral=0.20 stride=0 word=Early. kept=true
MICHELLE soft | Wait.
COUNT fence=4 ahead=3.55 lateral=0.20 stride=0 word=Wait. kept=true
MICHELLE soft | Now.
COUNT fence=4 ahead=3.07 lateral=0.20 stride=0 word=Now. kept=true
RIDEAI ASK n=4 ahead=2.56 lat=0.2 ang=0.2 charge=1.0
RIDEAI fence 4 -> 5 t=27.94 leave=leave
RIDEAI sit n=5 phase=jump pos=-7.3,7.7 ahead=9.49 lat=14.12 ang=3.2 along=8.7 gait=3 v=3.88 rein=0
COUNT fence=5 ahead=9.67 lateral=13.45 stride=-1 word=silent kept=false
MICHELLE soft | Come again.
RIDEAI sit n=5 phase=land pos=-5.6,10.2 ahead=13.9 lat=12.44 ang=64.5 along=6.2 gait=3 v=3.09 rein=1
RIDEAI sit n=5 phase=land pos=-2.7,9.9 ahead=3.95 lat=9.52 ang=125.7 along=6.5 gait=3 v=3.09 rein=1
RIDEAI sit n=5 phase=setup pos=-1.2,8.2 ahead=-1.77 lat=8.06 ang=143.4 along=8.2 gait=3 v=1.9 rein=0
RIDEAI sit n=5 phase=setup pos=0.7,6.0 ahead=-0.62 lat=6.18 ang=123.6 along=10.4 gait=3 v=3.73 rein=-1
RIDEAI sit n=5 phase=setup pos=3.8,5.6 ahead=5.12 lat=3.08 ang=78.7 along=10.8 gait=3 v=2.23 rein=0
RIDEAI sit n=5 phase=approach pos=6.5,6.7 ahead=7.43 lat=0.34 ang=41.8 along=9.7 gait=3 v=1.92 rein=-1
MICHELLE soft | Two. Wait.
COUNT fence=5 ahead=8.81 lateral=1.42 stride=2 word=Two. Wait. kept=true
RIDEAI sit n=5 phase=approach pos=6.9,8.3 ahead=8.12 lat=0.08 ang=3.1 along=8.1 gait=3 v=2.07 rein=0
MICHELLE soft | One. Wait.
COUNT fence=5 ahead=7.53 lateral=0.53 stride=1 word=One. Wait. kept=true
MICHELLE soft | One. Early.
COUNT fence=5 ahead=5.38 lateral=0.53 stride=1 word=One. Early. kept=true
RIDEAI sit n=5 phase=approach pos=7.1,11.4 ahead=4.99 lat=0.26 ang=3.1 along=5.0 gait=3 v=3.88 rein=0
MICHELLE soft | Early.
COUNT fence=5 ahead=4.17 lateral=0.25 stride=0 word=Early. kept=true
MICHELLE soft | Wait.
COUNT fence=5 ahead=3.59 lateral=0.25 stride=0 word=Wait. kept=true
MICHELLE soft | Now.
COUNT fence=5 ahead=3.07 lateral=0.25 stride=0 word=Now. kept=true
RIDEAI ASK n=5 ahead=2.55 lat=0.26 ang=0.4 charge=1.0
RIDEAI fence 5 -> 6 t=38.02 leave=leave
COUNT fence=6 ahead=10.82 lateral=15.74 stride=-1 word=silent kept=false
MICHELLE soft | Come again.
RIDEAI sit n=6 phase=land pos=6.9,18.4 ahead=14.53 lat=16.38 ang=25.9 along=8.2 gait=3 v=3.09 rein=-1
RIDEAI sit n=6 phase=land pos=4.5,20.2 ahead=14.23 lat=13.92 ang=87.1 along=6.6 gait=3 v=3.09 rein=-1
RIDEAI sit n=6 phase=setup pos=1.3,20.0 ahead=9.15 lat=10.76 ang=101.4 along=7.1 gait=3 v=3.53 rein=-1
RIDEAI sit n=6 phase=setup pos=-3.3,19.2 ahead=4.14 lat=6.22 ang=103.5 along=8.2 gait=3 v=5.55 rein=0
RIDEAI sit n=6 phase=setup pos=-7.2,18.5 ahead=-0.41 lat=2.36 ang=106.9 along=9.1 gait=3 v=2.5 rein=0
RIDEAI sit n=6 phase=approach pos=-10.0,18.9 ahead=4.88 lat=0.48 ang=53.7 along=8.9 gait=3 v=1.92 rein=1
MICHELLE soft | One. Wait.
COUNT fence=6 ahead=7.54 lateral=1.47 stride=1 word=One. Wait. kept=true
RIDEAI sit n=6 phase=approach pos=-10.6,20.6 ahead=7.39 lat=1.24 ang=12.4 along=7.3 gait=3 v=1.61 rein=1
MICHELLE soft | One. Early.
COUNT fence=6 ahead=5.39 lateral=0.36 stride=1 word=One. Early. kept=true
RIDEAI sit n=6 phase=approach pos=-9.9,23.2 ahead=4.66 lat=0.66 ang=12.4 along=4.6 gait=3 v=3.83 rein=0
MICHELLE soft | Early.
COUNT fence=6 ahead=4.21 lateral=0.36 stride=0 word=Early. kept=true
MICHELLE soft | Wait.
COUNT fence=6 ahead=3.58 lateral=0.03 stride=0 word=Wait. kept=true
MICHELLE soft | Now.
COUNT fence=6 ahead=3.06 lateral=0.03 stride=0 word=Now. kept=true
RIDEAI ASK n=6 ahead=2.54 lat=0.02 ang=7.7 charge=1.0
RIDEAI fence 6 -> 7 t=47.35 leave=leave
COUNT fence=7 ahead=4.82 lateral=7.89 stride=-1 word=silent kept=false
MICHELLE soft | Come again.
RIDEAI sit n=7 phase=land pos=-8.2,29.5 ahead=6.43 lat=8.2 ang=39.0 along=1.6 gait=3 v=3.09 rein=1
MICHELLE soft | One. Wait.
COUNT fence=7 ahead=6.75 lateral=1.59 stride=1 word=One. Wait. kept=true
MICHELLE soft | One. Early.
COUNT fence=7 ahead=5.38 lateral=1.40 stride=1 word=One. Early. kept=true
RIDEAI sit n=7 phase=land pos=-5.4,30.5 ahead=5.23 lat=5.42 ang=100.3 along=0.6 gait=3 v=3.09 rein=1
COUNT fence=7 ahead=5.15 lateral=1.68 stride=-1 word=silent kept=false
MICHELLE soft | Come again.
RIDEAI come again n=7 rein=1 pos=-3.3,28.9
RIDEAI sit n=7 phase=again pos=-3.2,28.6 ahead=-1.28 lat=3.2 ang=159.6 along=2.6 gait=3 v=2.41 rein=1
RIDEAI sit n=7 phase=again pos=-2.5,26.2 ahead=-4.14 lat=2.54 ang=164.7 along=5.0 gait=3 v=3.53 rein=0
RIDEAI sit n=7 phase=again pos=-1.2,21.7 ahead=-8.82 lat=1.3 ang=164.7 along=9.5 gait=3 v=5.55 rein=0
RIDEAI sit n=7 phase=approach pos=0.3,17.5 ahead=-9.61 lat=0.14 ang=133.9 along=13.7 gait=3 v=1.89 rein=-1
RIDEAI sit n=7 phase=setup pos=2.4,16.9 ahead=1.4 lat=2.24 ang=75.6 along=14.3 gait=3 v=1.34 rein=-1
RIDEAI sit n=7 phase=setup pos=3.7,18.8 ahead=11.85 lat=3.54 ang=8.5 along=12.5 gait=3 v=3.42 rein=-1
RIDEAI sit n=7 phase=setup pos=2.8,21.1 ahead=8.13 lat=2.68 ang=53.9 along=10.1 gait=3 v=2.68 rein=-1
RIDEAI sit n=7 phase=approach pos=0.5,22.8 ahead=7.9 lat=0.4 ang=23.7 along=8.5 gait=3 v=1.49 rein=1
MICHELLE soft | Two. Wait.
COUNT fence=7 ahead=8.12 lateral=1.56 stride=2 word=Two. Wait. kept=true
MICHELLE soft | One. Wait.
COUNT fence=7 ahead=7.54 lateral=0.40 stride=1 word=One. Wait. kept=true
RIDEAI sit n=7 phase=approach pos=0.3,24.5 ahead=6.7 lat=0.2 ang=5.1 along=6.7 gait=3 v=2.64 rein=0
MICHELLE soft | One. Early.
COUNT fence=7 ahead=5.40 lateral=0.40 stride=1 word=One. Early. kept=true
MICHELLE soft | Early.
COUNT fence=7 ahead=4.18 lateral=0.40 stride=0 word=Early. kept=true
MICHELLE soft | Wait.
COUNT fence=7 ahead=3.55 lateral=0.18 stride=0 word=Wait. kept=true
RIDEAI sit n=7 phase=approach pos=0.0,28.1 ahead=3.16 lat=0.08 ang=1.6 along=3.2 gait=3 v=3.88 rein=0
MICHELLE soft | Now.
COUNT fence=7 ahead=3.04 lateral=0.18 stride=0 word=Now. kept=true
RIDEAI ASK n=7 ahead=2.58 lat=0.18 ang=1.6 charge=1.0
RIDEAI fence 7 -> 8 t=60.37 leave=straight
RIDEAI sit n=8 phase=land pos=-1.4,34.4 ahead=-7.82 lat=3.06 ang=126.8 along=17.1 gait=3 v=3.09 rein=-1
COUNT fence=8 ahead=1.04 lateral=17.71 stride=-1 word=silent kept=false
MICHELLE soft | Come again.
RIDEAI sit n=8 phase=land pos=-4.3,34.6 ahead=7.32 lat=0.12 ang=65.6 along=17.4 gait=3 v=3.09 rein=-1
RIDEAI sit n=8 phase=approach pos=-6.1,31.9 ahead=14.58 lat=1.64 ang=3.0 along=14.7 gait=3 v=2.97 rein=-1
RIDEAI sit n=8 phase=approach pos=-5.9,29.8 ahead=12.71 lat=1.48 ang=5.1 along=12.6 gait=3 v=2.87 rein=0
MICHELLE soft | Two. Wait.
COUNT fence=8 ahead=10.91 lateral=0.34 stride=2 word=Two. Wait. kept=true
RIDEAI sit n=8 phase=approach pos=-5.6,26.0 ahead=8.82 lat=1.12 ang=5.1 along=8.8 gait=3 v=3.45 rein=0
MICHELLE soft | One. Wait.
COUNT fence=8 ahead=7.56 lateral=0.34 stride=1 word=One. Wait. kept=true
RIDEAI sit n=8 phase=approach pos=-5.4,23.8 ahead=6.62 lat=0.94 ang=5.1 along=6.6 gait=3 v=2.91 rein=0
MICHELLE soft | One. Early.
COUNT fence=8 ahead=5.34 lateral=0.01 stride=1 word=One. Early. kept=true
MICHELLE soft | Early.
COUNT fence=8 ahead=4.18 lateral=0.01 stride=0 word=Early. kept=true
MICHELLE soft | Wait.
COUNT fence=8 ahead=3.60 lateral=0.01 stride=0 word=Wait. kept=true
MICHELLE soft | Now.
COUNT fence=8 ahead=3.08 lateral=0.01 stride=0 word=Now. kept=true
RIDEAI sit n=8 phase=approach pos=-4.8,20.1 ahead=2.95 lat=0.44 ang=8.6 along=2.9 gait=3 v=3.88 rein=0
RIDEAI ASK n=8 ahead=2.56 lat=0.0 ang=8.6 charge=1.0
RIDEAI fence 8 -> 9 t=68.74 leave=leave
COUNT fence=9 ahead=10.06 lateral=5.07 stride=-1 word=silent kept=false
MICHELLE soft | Come again.
MICHELLE soft | Two. Wait.
COUNT fence=9 ahead=10.11 lateral=1.43 stride=2 word=Two. Wait. kept=true
COUNT fence=9 ahead=9.13 lateral=1.69 stride=-1 word=silent kept=false
MICHELLE soft | Come again.
RIDEAI sit n=9 phase=land pos=-2.7,14.6 ahead=7.72 lat=5.56 ang=66.6 along=6.6 gait=3 v=3.09 rein=-1
RIDEAI sit n=9 phase=land pos=0.2,14.8 ahead=-2.18 lat=2.64 ang=127.8 along=7.0 gait=3 v=3.09 rein=-1
RIDEAI sit n=9 phase=approach pos=2.7,16.5 ahead=-3.08 lat=0.22 ang=112.0 along=8.8 gait=3 v=1.34 rein=1
RIDEAI sit n=9 phase=shy pos=4.9,17.0 ahead=-4.95 lat=1.88 ang=109.6 along=9.5 gait=3 v=3.29 rein=-1
RIDEAI sit n=9 phase=setup pos=6.9,18.8 ahead=-11.89 lat=3.82 ang=169.9 along=11.4 gait=3 v=2.3 rein=-1
RIDEAI sit n=9 phase=setup pos=6.0,21.6 ahead=-6.41 lat=2.76 ang=127.6 along=14.1 gait=3 v=1.92 rein=-1
RIDEAI sit n=9 phase=approach pos=3.4,21.8 ahead=5.8 lat=0.12 ang=66.4 along=14.2 gait=3 v=3.87 rein=-1
RIDEAI sit n=9 phase=approach pos=2.0,20.0 ahead=12.1 lat=1.22 ang=4.0 along=12.2 gait=3 v=3.14 rein=-1
MICHELLE soft | Two. Wait.
COUNT fence=9 ahead=10.89 lateral=0.35 stride=2 word=Two. Wait. kept=true
RIDEAI sit n=9 phase=approach pos=2.0,16.1 ahead=8.45 lat=0.96 ang=4.2 along=8.4 gait=3 v=2.27 rein=0
MICHELLE soft | One. Wait.
COUNT fence=9 ahead=7.57 lateral=0.35 stride=1 word=One. Wait. kept=true
RIDEAI sit n=9 phase=approach pos=2.0,13.9 ahead=6.22 lat=0.8 ang=4.2 along=6.2 gait=3 v=3.21 rein=0
MICHELLE soft | One. Early.
COUNT fence=9 ahead=5.34 lateral=0.35 stride=1 word=One. Early. kept=true
MICHELLE soft | Early.
COUNT fence=9 ahead=4.18 lateral=0.35 stride=0 word=Early. kept=true
MICHELLE soft | Wait.
COUNT fence=9 ahead=3.54 lateral=0.10 stride=0 word=Wait. kept=true
MICHELLE soft | Now.
COUNT fence=9 ahead=3.09 lateral=0.10 stride=0 word=Now. kept=true
RIDEAI ASK n=9 ahead=2.57 lat=0.1 ang=7.7 charge=1.0
RIDEAI fence 9 -> 10 t=81.01 leave=leave
RIDEAI sit n=10 phase=land pos=2.3,7.2 ahead=30.12 lat=8.16 ang=0.3 along=30.2 gait=3 v=3.84 rein=1
RIDEAI sit n=10 phase=land pos=1.6,4.0 ahead=27.98 lat=7.3 ang=18.0 along=27.0 gait=3 v=3.22 rein=0
RIDEAI sit n=10 phase=land pos=0.8,0.9 ahead=24.76 lat=6.3 ang=18.0 along=24.0 gait=3 v=3.22 rein=0
RIDEAI sit n=10 phase=setup pos=-0.5,-2.8 ahead=20.57 lat=4.84 ang=23.1 along=20.3 gait=3 v=5.06 rein=0
RIDEAI sit n=10 phase=setup pos=-2.4,-8.0 ahead=15.07 lat=2.68 ang=23.1 along=15.2 gait=3 v=5.55 rein=0
MICHELLE soft | Two. Wait.
COUNT fence=10 ahead=10.89 lateral=1.19 stride=2 word=Two. Wait. kept=true
RIDEAI sit n=10 phase=approach pos=-3.8,-13.3 ahead=9.96 lat=1.08 ang=12.9 along=10.0 gait=3 v=5.55 rein=0
MICHELLE soft | One. Wait.
COUNT fence=10 ahead=7.55 lateral=0.53 stride=1 word=One. Wait. kept=true
RIDEAI sit n=10 phase=approach pos=-4.3,-16.5 ahead=6.84 lat=0.46 ang=8.3 along=6.8 gait=3 v=2.41 rein=0
MICHELLE soft | One. Early.
COUNT fence=10 ahead=5.36 lateral=0.19 stride=1 word=One. Early. kept=true
MICHELLE soft | Early.
COUNT fence=10 ahead=4.16 lateral=0.19 stride=0 word=Early. kept=true
MICHELLE soft | Wait.
COUNT fence=10 ahead=3.58 lateral=0.19 stride=0 word=Wait. kept=true
RIDEAI sit n=10 phase=approach pos=-4.5,-19.8 ahead=3.51 lat=0.1 ang=4.8 along=3.5 gait=3 v=3.88 rein=0
MICHELLE soft | Now.
COUNT fence=10 ahead=3.06 lateral=0.19 stride=0 word=Now. kept=true
RIDEAI ASK n=10 ahead=2.54 lat=0.18 ang=4.8 charge=1.0
RIDEAI fence 10 -> 11 t=89.71 leave=leave
RIDECERT trace E:/Workspace/Madison/game/../dist/traces/hk_int_005_refuse_twice.jsonl n=95
RIDECERT hk_int_005 style=refuse_twice success=false faults=13 refusal_faults=12 rail_faults=0 time_faults=1 jumped=10/10 t=92.91 teleported=false complete=true refused=[1, 1] rail_fences=[] rail_air=[] conf=76.0 scope=80.0 eliminated=false reason= ribbon=Pink
RIDECERT wrote E:/Workspace/Madison/game/../dist/ridecert_results.json
RIDECERT done pass=true board=refuse_twice refusals=2
