Godot Engine v4.7.2.stable.official.ed1daf0bf - https://godotengine.org

FIT flatten armature scale=(100.0, 100.0, 100.0) keep_rot=(-90.0, 0.0, 0.0)
FIT length=2.25 height=1.91220223903656 scale=(0.84991, 0.84991, 0.84991)
SEAT bone=Torso bone_pos=(0.0, 1.126922, 0.286373) back_y=1.42885863780975 seat=(0.0, 1.428859, 0.286373)
TACK place crown=(0.0, 0.142, 0.0294) brow=(0.0, 0.196, 0.1326) nose=(0.0, 0.385, -0.0222) bit=(0.0, 0.479225, -0.087663)
HORSE mesh=WhiteHorse anim=true seat=Torso rider_parent=Seat
RIDER mesh scale 0.91304347826087 bones 62
RIDECERT begin
RIDECERT filter hk_jo_int_001
RIDECERT round hk_jo_int_001 class=intermediate seed=0 jo=true style=refuse_twice
COUNT fence=1 ahead=7.05 lateral=12.13 stride=-1 word=silent kept=false
MICHELLE soft | Come again.
RIDEAI sit n=1 phase=approach pos=-7.6,-30.9 ahead=11.8 lat=0.06 ang=7.7 along=11.9 gait=3 v=1.99 rein=1
MICHELLE soft | Two. Wait.
COUNT fence=1 ahead=10.89 lateral=0.69 stride=2 word=Two. Wait. kept=true
RIDEAI sit n=1 phase=approach pos=-7.7,-27.8 ahead=8.71 lat=0.14 ang=3.6 along=8.7 gait=3 v=4.29 rein=0
MICHELLE soft | One. Wait.
COUNT fence=1 ahead=7.56 lateral=0.69 stride=1 word=One. Wait. kept=true
MICHELLE soft | One. Early.
COUNT fence=1 ahead=5.37 lateral=0.21 stride=1 word=One. Early. kept=true
MICHELLE soft | Early.
COUNT fence=1 ahead=4.18 lateral=0.21 stride=0 word=Early. kept=true
RIDEAI sit n=1 phase=approach pos=-7.6,-22.7 ahead=3.64 lat=0.24 ang=0.4 along=3.6 gait=3 v=4.21 rein=0
MICHELLE soft | Wait.
COUNT fence=1 ahead=3.57 lateral=0.21 stride=0 word=Wait. kept=true
MICHELLE soft | Now.
COUNT fence=1 ahead=3.07 lateral=0.21 stride=0 word=Now. kept=true
MICHELLE soft | Too deep.
COUNT fence=1 ahead=1.97 lateral=0.21 stride=0 word=Too deep. kept=true
FENCE knock 1 by horse at -7.5,-20.2 next=1 jumping=false
RIDECERT rail now=1 next=1 jumping=false phase=approach pos=-7.5,-20.2
RIDEAI sit n=1 phase=approach pos=-7.5,-20.1 ahead=1.11 lat=0.22 ang=0.4 along=1.1 gait=3 v=2.91 rein=0
RIDEAI come again n=1 rein=-1 pos=-7.4,-19.4
RIDEAI sit n=1 phase=away pos=-8.6,-16.9 ahead=-2.42 lat=1.5 ang=54.3 along=-2.1 gait=3 v=3.73 rein=-1
RIDEAI sit n=1 phase=away pos=-12.1,-16.8 ahead=-2.99 lat=5.02 ang=124.1 along=-2.1 gait=3 v=3.73 rein=-1
RIDEAI sit n=1 phase=again pos=-13.5,-19.3 ahead=0.57 lat=6.28 ang=170.3 along=0.5 gait=3 v=2.15 rein=-1
COUNT fence=1 ahead=0.87 lateral=6.21 stride=-1 word=silent kept=false
MICHELLE soft | Come again.
RIDEAI sit n=1 phase=again pos=-12.5,-22.4 ahead=-1.64 lat=5.18 ang=160.1 along=3.6 gait=3 v=4.45 rein=0
RIDEAI sit n=1 phase=again pos=-10.9,-27.5 ahead=-6.94 lat=3.38 ang=160.1 along=8.6 gait=3 v=5.55 rein=0
RIDEAI sit n=1 phase=approach pos=-8.9,-32.2 ahead=-8.3 lat=1.2 ang=133.9 along=13.2 gait=3 v=2.92 rein=-1
RIDEAI sit n=1 phase=approach pos=-6.3,-32.7 ahead=2.65 lat=1.48 ang=72.7 along=13.6 gait=3 v=3.91 rein=-1
RIDEAI sit n=1 phase=setup pos=-4.7,-31.0 ahead=11.1 lat=3.0 ang=10.3 along=11.8 gait=3 v=3.18 rein=-1
MICHELLE soft | Two. Wait.
COUNT fence=1 ahead=10.89 lateral=0.68 stride=2 word=Two. Wait. kept=true
COUNT fence=1 ahead=9.84 lateral=1.74 stride=-1 word=silent kept=false
MICHELLE soft | Come again.
RIDEAI sit n=1 phase=approach pos=-5.9,-27.3 ahead=7.84 lat=1.68 ang=32.6 along=8.2 gait=3 v=2.67 rein=1
MICHELLE soft | Two. Wait.
COUNT fence=1 ahead=7.90 lateral=1.48 stride=2 word=Two. Wait. kept=true
MICHELLE soft | One. Wait.
COUNT fence=1 ahead=7.53 lateral=0.91 stride=1 word=One. Wait. kept=true
RIDEAI sit n=1 phase=approach pos=-6.6,-24.6 ahead=5.63 lat=0.8 ang=12.2 along=5.6 gait=3 v=3.88 rein=0
MICHELLE soft | One. Early.
COUNT fence=1 ahead=5.36 lateral=0.39 stride=1 word=One. Early. kept=true
MICHELLE soft | Early.
COUNT fence=1 ahead=4.16 lateral=0.13 stride=0 word=Early. kept=true
RIDEAI ASK n=1 ahead=3.92 lat=0.04 ang=7.5 charge=0.32
RIDECERT refuse fence=1 why=early
RIDEAI sit n=1 phase=approach pos=-6.9,-23.1 ahead=4.1 lat=0.5 ang=7.5 along=4.1 gait=2 v=0.88 rein=0
MICHELLE soft | Early.
COUNT fence=1 ahead=4.06 lateral=0.04 stride=0 word=Early. kept=true
RIDEAI ASK n=1 ahead=4.06 lat=0.04 ang=7.5 charge=0.04
RIDECERT refuse fence=1 why=early
MICHELLE soft | Early.
COUNT fence=1 ahead=4.19 lateral=0.04 stride=0 word=Early. kept=true
RIDEAI sit n=1 phase=approach pos=-6.9,-22.8 ahead=3.75 lat=0.46 ang=7.5 along=3.7 gait=3 v=1.74 rein=0
MICHELLE soft | Wait.
COUNT fence=1 ahead=3.60 lateral=0.04 stride=0 word=Wait. kept=true
MICHELLE soft | Now.
COUNT fence=1 ahead=3.08 lateral=0.04 stride=0 word=Now. kept=true
RIDEAI ASK n=1 ahead=2.58 lat=0.04 ang=7.5 charge=1.0
RIDEAI fence 1 -> 2 t=21.22 leave=early
RIDEAI sit n=2 phase=setup pos=-7.0,-17.1 ahead=23.24 lat=17.14 ang=30.1 along=16.9 gait=3 v=3.09 rein=1
RIDEAI sit n=2 phase=setup pos=-4.8,-14.9 ahead=20.36 lat=14.68 ang=58.7 along=15.0 gait=3 v=3.22 rein=0
RIDEAI sit n=2 phase=setup pos=-2.1,-12.9 ahead=17.05 lat=11.86 ang=58.7 along=13.3 gait=3 v=3.83 rein=0
RIDEAI sit n=2 phase=setup pos=1.8,-10.0 ahead=12.13 lat=7.66 ang=58.7 along=10.8 gait=3 v=5.55 rein=0
COUNT fence=2 ahead=10.83 lateral=5.61 stride=-1 word=silent kept=false
MICHELLE soft | Come again.
RIDEAI sit n=2 phase=setup pos=6.0,-7.2 ahead=6.7 lat=3.22 ang=62.8 along=8.4 gait=3 v=2.63 rein=0
RIDEAI sit n=2 phase=approach pos=8.3,-5.4 ahead=5.74 lat=0.76 ang=39.7 along=6.8 gait=3 v=3.43 rein=-1
MICHELLE soft | One. Wait.
COUNT fence=2 ahead=5.97 lateral=1.52 stride=1 word=One. Wait. kept=true
MICHELLE soft | One. Early.
COUNT fence=2 ahead=5.37 lateral=0.16 stride=1 word=One. Early. kept=true
RIDEAI sit n=2 phase=approach pos=8.6,-3.0 ahead=4.46 lat=0.2 ang=4.5 along=4.5 gait=3 v=3.34 rein=0
MICHELLE soft | Early.
COUNT fence=2 ahead=4.21 lateral=0.16 stride=0 word=Early. kept=true
MICHELLE soft | Wait.
COUNT fence=2 ahead=3.59 lateral=0.16 stride=0 word=Wait. kept=true
MICHELLE soft | Now.
COUNT fence=2 ahead=3.10 lateral=0.16 stride=0 word=Now. kept=true
RIDEAI ASK n=2 ahead=2.56 lat=0.16 ang=4.5 charge=1.0
RIDEAI fence 2 -> 3 t=30.1 leave=leave
RIDEAI sit n=3 phase=setup pos=8.5,2.0 ahead=14.47 lat=16.74 ang=6.9 along=12.6 gait=3 v=3.84 rein=-1
RIDEAI sit n=3 phase=setup pos=6.8,4.5 ahead=17.62 lat=14.92 ang=68.1 along=10.2 gait=3 v=3.09 rein=-1
RIDEAI sit n=3 phase=setup pos=3.8,5.6 ahead=13.71 lat=11.82 ang=76.3 along=9.4 gait=3 v=3.22 rein=0
COUNT fence=3 ahead=10.94 lateral=6.31 stride=-1 word=silent kept=false
MICHELLE soft | Come again.
RIDEAI sit n=3 phase=setup pos=0.1,6.8 ahead=9.74 lat=7.96 ang=76.3 along=8.4 gait=3 v=5.06 rein=0
RIDEAI sit n=3 phase=setup pos=-4.8,8.3 ahead=4.24 lat=3.06 ang=80.4 along=7.4 gait=3 v=2.78 rein=0
RIDEAI sit n=3 phase=approach pos=-7.4,9.5 ahead=4.58 lat=0.36 ang=47.3 along=6.4 gait=3 v=3.58 rein=1
MICHELLE soft | One. Early.
COUNT fence=3 ahead=5.39 lateral=1.54 stride=1 word=One. Early. kept=true
RIDEAI sit n=3 phase=approach pos=-7.7,11.4 ahead=4.48 lat=0.18 ang=0.7 along=4.5 gait=3 v=2.64 rein=0
MICHELLE soft | Early.
COUNT fence=3 ahead=4.21 lateral=0.23 stride=0 word=Early. kept=true
MICHELLE soft | Wait.
COUNT fence=3 ahead=3.58 lateral=0.23 stride=0 word=Wait. kept=true
MICHELLE soft | Now.
COUNT fence=3 ahead=3.06 lateral=0.23 stride=0 word=Now. kept=true
RIDEAI ASK n=3 ahead=2.55 lat=0.24 ang=0.7 charge=1.0
RIDEAI fence 3 -> 4 t=38.12 leave=straight
RIDEAI sit n=4 phase=setup pos=-7.1,17.6 ahead=-19.7 lat=16.5 ang=155.1 along=29.4 gait=3 v=3.09 rein=1
COUNT fence=4 ahead=1.09 lateral=34.25 stride=-1 word=silent kept=false
MICHELLE soft | Come again.
RIDEAI sit n=4 phase=setup pos=-4.5,19.1 ahead=11.96 lat=14.06 ang=93.8 along=31.0 gait=3 v=3.09 rein=1
RIDEAI sit n=4 phase=setup pos=-2.0,17.5 ahead=31.13 lat=11.42 ang=32.6 along=29.6 gait=3 v=3.51 rein=1
RIDEAI sit n=4 phase=setup pos=0.0,13.3 ahead=26.83 lat=9.18 ang=28.5 along=25.5 gait=3 v=5.55 rein=0
RIDEAI sit n=4 phase=setup pos=2.4,8.3 ahead=21.28 lat=6.54 ang=28.5 along=20.7 gait=3 v=5.55 rein=0
RIDEAI sit n=4 phase=setup pos=4.7,3.3 ahead=15.73 lat=3.9 ang=28.5 along=15.8 gait=3 v=5.55 rein=0
MICHELLE soft | Two. Wait.
COUNT fence=4 ahead=10.84 lateral=1.07 stride=2 word=Two. Wait. kept=true
RIDEAI sit n=4 phase=approach pos=6.7,-1.9 ahead=10.84 lat=1.62 ang=14.2 along=10.8 gait=3 v=5.37 rein=0
MICHELLE soft | One. Wait.
COUNT fence=4 ahead=7.57 lateral=0.51 stride=1 word=One. Wait. kept=true
MICHELLE soft | One. Early.
COUNT fence=4 ahead=5.36 lateral=0.31 stride=1 word=One. Early. kept=true
RIDEAI sit n=4 phase=approach pos=7.5,-7.4 ahead=5.36 lat=0.44 ang=8.1 along=5.4 gait=3 v=5.55 rein=1
MICHELLE soft | Early.
COUNT fence=4 ahead=4.18 lateral=0.12 stride=0 word=Early. kept=true
MICHELLE soft | Wait.
COUNT fence=4 ahead=3.57 lateral=0.12 stride=0 word=Wait. kept=true
MICHELLE soft | Now.
COUNT fence=4 ahead=3.07 lateral=0.12 stride=0 word=Now. kept=true
RIDEAI ASK n=4 ahead=2.59 lat=0.04 ang=2.5 charge=1.0
RIDEAI fence 4 -> 5 t=47.7 leave=leave
RIDECERT trace E:/Workspace/Madison/game/../dist/traces/hk_jo_int_001_refuse_twice.jsonl n=55
RIDECERT hk_jo_int_001 style=refuse_twice success=false faults=20 refusal_faults=12 rail_faults=4 time_faults=4 jumped=4/4 t=52.90 teleported=false complete=true refused=[1, 1] rail_fences=[1] rail_air=[] conf=76.0 scope=80.0 eliminated=false reason= ribbon=Pink
RIDECERT wrote E:/Workspace/Madison/game/../dist/ridecert_results.json
RIDECERT done pass=true board=refuse_twice refusals=2
