Godot Engine v4.7.2.stable.official.ed1daf0bf - https://godotengine.org

FIT flatten armature scale=(100.0, 100.0, 100.0) keep_rot=(-90.0, 0.0, 0.0)
FIT length=2.25 height=1.91220223903656 scale=(0.84991, 0.84991, 0.84991)
SEAT bone=Torso bone_pos=(0.0, 1.126922, 0.286373) back_y=1.42885863780975 seat=(0.0, 1.428859, 0.286373)
TACK place crown=(0.0, 0.142, 0.0294) brow=(0.0, 0.196, 0.1326) nose=(0.0, 0.385, -0.0222) bit=(0.0, 0.479225, -0.087663)
HORSE mesh=WhiteHorse anim=true seat=Torso rider_parent=Seat
RIDER mesh scale 0.91304347826087 bones 62
RIDECERT begin
RIDECERT filter hk_jo_beg_001
RIDECERT round hk_jo_beg_001 class=beginner seed=0 jo=true style=refuse_three
COUNT fence=1 ahead=7.56 lateral=11.32 stride=-1 word=silent kept=false
MICHELLE soft | Come again.
MICHELLE soft | Two. Wait.
COUNT fence=1 ahead=10.49 lateral=1.48 stride=2 word=Two. Wait. kept=true
RIDEAI sit n=1 phase=approach pos=-7.4,-29.9 ahead=10.36 lat=0.06 ang=5.8 along=10.4 gait=3 v=5.02 rein=1
MICHELLE soft | One. Wait.
COUNT fence=1 ahead=7.52 lateral=0.56 stride=1 word=One. Wait. kept=true
MICHELLE soft | One. Early.
COUNT fence=1 ahead=5.39 lateral=0.56 stride=1 word=One. Early. kept=true
RIDEAI sit n=1 phase=approach pos=-7.5,-24.4 ahead=4.93 lat=0.32 ang=2.7 along=4.9 gait=3 v=5.55 rein=0
MICHELLE soft | Early.
COUNT fence=1 ahead=4.22 lateral=0.22 stride=0 word=Early. kept=true
RIDEAI ASK n=1 ahead=3.83 lat=0.22 ang=1.5 charge=0.32
RIDECERT refuse fence=1 why=early
MICHELLE soft | Early.
COUNT fence=1 ahead=3.96 lateral=0.22 stride=0 word=Early. kept=true
RIDEAI ASK n=1 ahead=3.96 lat=0.22 ang=1.5 charge=0.04
RIDECERT refuse fence=1 why=early
RIDEAI sit n=1 phase=approach pos=-7.5,-23.8 ahead=4.38 lat=0.32 ang=1.5 along=4.4 gait=1 v=0.38 rein=0
MICHELLE soft | Early.
COUNT fence=1 ahead=4.10 lateral=0.22 stride=0 word=Early. kept=true
RIDEAI ASK n=1 ahead=4.1 lat=0.22 ang=1.5 charge=0.04
RIDECERT refuse fence=1 why=three
RIDECERT trace E:/Workspace/Madison/game/../dist/traces/hk_jo_beg_001_refuse_three.jsonl n=9
RIDECERT hk_jo_beg_001 style=refuse_three success=false faults=12 refusal_faults=12 rail_faults=0 time_faults=0 jumped=0/4 t=6.77 teleported=false complete=true refused=[1, 1, 1] rail_fences=[] rail_air=[] conf=71.5 scope=80.0 eliminated=true reason=three ribbon=
RIDECERT wrote E:/Workspace/Madison/game/../dist/ridecert_results.json
RIDECERT done pass=true board=refuse_three refusals=3
