Godot Engine v4.7.2.stable.official.ed1daf0bf - https://godotengine.org

FIT flatten armature scale=(100.0, 100.0, 100.0) keep_rot=(-90.0, 0.0, 0.0)
FIT length=2.25 height=1.91220223903656 scale=(0.84991, 0.84991, 0.84991)
SEAT bone=Torso bone_pos=(0.0, 1.126922, 0.286373) back_y=1.42885863780975 seat=(0.0, 1.428859, 0.286373)
TACK place crown=(0.0, 0.142, 0.0294) brow=(0.0, 0.196, 0.1326) nose=(0.0, 0.385, -0.0222) bit=(0.0, 0.479225, -0.087663)
HORSE mesh=WhiteHorse anim=true seat=Torso rider_parent=Seat
RIDER mesh scale 0.91304347826087 bones 62
RIDECERT begin
RIDECERT filter hk_les_001
RIDECERT round hk_les_001 class=lesson seed=0 jo=false style=refuse_three
MICHELLE soft | Two. Wait.
COUNT fence=1 ahead=10.86 lateral=1.13 stride=2 word=Two. Wait. kept=true
RIDEAI sit n=1 phase=approach pos=0.0,-29.8 ahead=10.62 lat=1.14 ang=0.0 along=10.6 gait=3 v=4.82 rein=0
MICHELLE soft | One. Wait.
COUNT fence=1 ahead=7.54 lateral=0.26 stride=1 word=One. Wait. kept=true
RIDEAI sit n=1 phase=approach pos=-0.2,-26.4 ahead=7.32 lat=0.92 ang=5.1 along=7.3 gait=3 v=2.31 rein=0
MICHELLE soft | One. Early.
COUNT fence=1 ahead=5.38 lateral=0.26 stride=1 word=One. Early. kept=true
RIDEAI ASK n=1 ahead=4.3 lat=0.26 ang=5.1 charge=1.0
MICHELLE early | Too soon. Wait for the last stride, then ask.
RIDECERT refuse fence=1 why=early
RIDEAI sit n=1 phase=approach pos=-0.4,-23.8 ahead=4.74 lat=0.68 ang=5.1 along=4.7 gait=1 v=0.08 rein=0
MICHELLE soft | One. Early.
COUNT fence=1 ahead=4.43 lateral=0.26 stride=1 word=One. Early. kept=true
RIDEAI ASK n=1 ahead=4.32 lat=0.26 ang=5.1 charge=0.28
MICHELLE halt | Halt. Leg off, sit, then the hand.
MICHELLE early | You left before the canter finished.
RIDECERT refuse fence=1 why=early
RIDEAI sit n=1 phase=approach pos=-0.5,-23.8 ahead=4.67 lat=0.68 ang=5.1 along=4.6 gait=1 v=0.46 rein=0
MICHELLE soft | One. Early.
COUNT fence=1 ahead=4.46 lateral=0.26 stride=1 word=One. Early. kept=true
RIDEAI ASK n=1 ahead=4.3 lat=0.26 ang=5.1 charge=0.36
MICHELLE halt | Whoa. Keep your eyes up.
MICHELLE early | Too soon off the ground.
RIDECERT refuse fence=1 why=early
RIDEAI sit n=1 phase=approach pos=-0.5,-23.6 ahead=4.53 lat=0.66 ang=5.1 along=4.5 gait=2 v=0.74 rein=0
MICHELLE soft | One. Early.
COUNT fence=1 ahead=4.44 lateral=0.26 stride=1 word=One. Early. kept=true
MICHELLE soft | Early.
COUNT fence=1 ahead=4.21 lateral=0.26 stride=0 word=Early. kept=true
MICHELLE soft | Wait.
COUNT fence=1 ahead=3.84 lateral=0.26 stride=0 word=Wait. kept=true
MICHELLE soft | Now.
COUNT fence=1 ahead=3.19 lateral=0.26 stride=0 word=Now. kept=true
RIDEAI sit n=1 phase=approach pos=-0.6,-21.7 ahead=2.58 lat=0.5 ang=5.1 along=2.5 gait=3 v=3.08 rein=0
RIDEAI ASK n=1 ahead=2.58 lat=0.26 ang=5.1 charge=1.0
MICHELLE spot | Right stride. Pat him later.
RIDEAI fence 1 -> 2 t=12.37 leave=spot
COUNT fence=2 ahead=10.82 lateral=6.79 stride=-1 word=silent kept=false
MICHELLE soft | Come again.
MICHELLE soft | Two. Wait.
COUNT fence=2 ahead=10.87 lateral=0.63 stride=2 word=Two. Wait. kept=true
COUNT fence=2 ahead=10.43 lateral=1.77 stride=-1 word=silent kept=false
MICHELLE soft | Come again.
RIDEAI sit n=2 phase=land pos=-2.6,-16.2 ahead=8.83 lat=6.58 ang=68.2 along=7.3 gait=3 v=3.09 rein=-1
RIDEAI sit n=2 phase=land pos=-5.6,-16.5 ahead=-0.17 lat=3.62 ang=116.2 along=7.7 gait=3 v=3.22 rein=0
RIDEAI sit n=2 phase=approach pos=-8.3,-17.6 ahead=0.35 lat=0.96 ang=93.9 along=9.0 gait=3 v=1.96 rein=1
RIDEAI sit n=2 phase=approach pos=-10.7,-16.1 ahead=5.63 lat=1.52 ang=31.5 along=7.5 gait=3 v=2.71 rein=1
MICHELLE soft | One. Wait.
COUNT fence=2 ahead=6.76 lateral=1.52 stride=1 word=One. Wait. kept=true
RIDEAI sit n=2 phase=approach pos=-10.6,-14.4 ahead=6.05 lat=1.52 ang=22.7 along=5.9 gait=3 v=1.4 rein=0
MICHELLE soft | One. Early.
COUNT fence=2 ahead=5.39 lateral=0.87 stride=1 word=One. Early. kept=true
MICHELLE soft | Early.
COUNT fence=2 ahead=4.22 lateral=0.52 stride=0 word=Early. kept=true
MICHELLE soft | Wait.
COUNT fence=2 ahead=3.85 lateral=0.52 stride=0 word=Wait. kept=true
RIDEAI sit n=2 phase=approach pos=-9.7,-12.4 ahead=3.85 lat=0.7 ang=18.0 along=3.8 gait=3 v=3.29 rein=0
MICHELLE soft | Now.
COUNT fence=2 ahead=3.18 lateral=0.15 stride=0 word=Now. kept=true
RIDEAI ASK n=2 ahead=2.53 lat=0.12 ang=6.4 charge=1.0
MICHELLE spot | That was the spot.
RIDEAI fence 2 -> 3 t=20.15 leave=spot
MICHELLE soft | Two. Wait.
COUNT fence=3 ahead=10.13 lateral=1.07 stride=2 word=Two. Wait. kept=true
RIDEAI sit n=3 phase=approach pos=-8.6,-6.6 ahead=8.68 lat=0.1 ang=6.4 along=8.7 gait=3 v=1.4 rein=0
MICHELLE soft | One. Wait.
COUNT fence=3 ahead=7.54 lateral=0.27 stride=1 word=One. Wait. kept=true
RIDEAI sit n=3 phase=approach pos=-8.4,-4.6 ahead=6.68 lat=0.2 ang=0.6 along=6.7 gait=3 v=2.25 rein=0
MICHELLE soft | One. Early.
COUNT fence=3 ahead=5.36 lateral=0.27 stride=1 word=One. Early. kept=true
RIDEAI sit n=3 phase=approach pos=-8.3,-2.1 ahead=4.24 lat=0.22 ang=0.6 along=4.2 gait=3 v=3.11 rein=0
MICHELLE soft | Early.
COUNT fence=3 ahead=4.18 lateral=0.27 stride=0 word=Early. kept=true
MICHELLE soft | Wait.
COUNT fence=3 ahead=3.82 lateral=0.27 stride=0 word=Wait. kept=true
MICHELLE soft | Now.
COUNT fence=3 ahead=3.19 lateral=0.27 stride=0 word=Now. kept=true
RIDEAI ASK n=3 ahead=2.56 lat=0.26 ang=0.6 charge=1.0
MICHELLE spot | Yes. That's the leave.
RIDEAI fence 3 -> 4 t=24.7 leave=spot
RIDECERT trace E:/Workspace/Madison/game/../dist/traces/hk_les_001_refuse_three.jsonl n=27
RIDECERT hk_les_001 style=refuse_three success=false faults=12 refusal_faults=12 rail_faults=0 time_faults=0 jumped=3/3 t=26.09 teleported=false complete=true refused=[1, 1, 1] rail_fences=[] rail_air=[] conf=72.5 scope=80.0 eliminated=false reason= ribbon=
RIDECERT wrote E:/Workspace/Madison/game/../dist/ridecert_results.json
RIDECERT done pass=true board=refuse_three refusals=3
