Godot Engine v4.7.2.stable.official.ed1daf0bf - https://godotengine.org

FIT flatten armature scale=(100.0, 100.0, 100.0) keep_rot=(-90.0, 0.0, 0.0)
FIT length=2.25 height=1.91220223903656 scale=(0.84991, 0.84991, 0.84991)
SEAT bone=Torso bone_pos=(0.0, 1.126922, 0.286373) back_y=1.42885863780975 seat=(0.0, 1.428859, 0.286373)
TACK place crown=(0.0, 0.142, 0.0294) brow=(0.0, 0.196, 0.1326) nose=(0.0, 0.385, -0.0222) bit=(0.0, 0.479225, -0.087663)
HORSE mesh=WhiteHorse anim=true seat=Torso rider_parent=Seat
RIDER mesh scale 0.91304347826087 bones 62
RIDECERT begin
RIDECERT filter hk_les_004
RIDECERT round hk_les_004 class=lesson seed=3 jo=false style=refuse_three
MICHELLE soft | Two. Wait.
COUNT fence=1 ahead=10.87 lateral=0.62 stride=2 word=Two. Wait. kept=true
RIDEAI sit n=1 phase=approach pos=0.0,-30.4 ahead=10.73 lat=0.62 ang=0.0 along=10.7 gait=3 v=4.22 rein=0
RIDEAI sit n=1 phase=approach pos=0.0,-27.3 ahead=7.63 lat=0.62 ang=0.0 along=7.6 gait=3 v=2.01 rein=0
MICHELLE soft | One. Wait.
COUNT fence=1 ahead=7.56 lateral=0.62 stride=1 word=One. Wait. kept=true
MICHELLE soft | One. Early.
COUNT fence=1 ahead=5.38 lateral=0.20 stride=1 word=One. Early. kept=true
RIDEAI sit n=1 phase=approach pos=-0.1,-24.2 ahead=4.61 lat=0.48 ang=3.5 along=4.6 gait=3 v=3.88 rein=0
RIDEAI ASK n=1 ahead=4.28 lat=0.2 ang=3.5 charge=1.0
MICHELLE early | That was early. Come again quieter.
RIDECERT refuse fence=1 why=early
MICHELLE soft | One. Early.
COUNT fence=1 ahead=4.42 lateral=0.20 stride=1 word=One. Early. kept=true
RIDEAI ASK n=1 ahead=4.31 lat=0.2 ang=3.5 charge=0.28
MICHELLE halt | Whoa. He stops when you sit.
MICHELLE early | Too soon. Wait for the last stride, then ask.
RIDECERT refuse fence=1 why=early
RIDEAI sit n=1 phase=approach pos=-0.1,-24.3 ahead=4.71 lat=0.48 ang=3.5 along=4.7 gait=1 v=0.46 rein=0
MICHELLE soft | One. Early.
COUNT fence=1 ahead=4.44 lateral=0.20 stride=1 word=One. Early. kept=true
RIDEAI ASK n=1 ahead=4.31 lat=0.2 ang=3.5 charge=0.32
MICHELLE early | Don't launch. The stride is later.
RIDECERT refuse fence=1 why=early
RIDEAI sit n=1 phase=approach pos=-0.1,-24.2 ahead=4.6 lat=0.48 ang=3.5 along=4.6 gait=1 v=0.46 rein=0
MICHELLE soft | One. Early.
COUNT fence=1 ahead=4.44 lateral=0.20 stride=1 word=One. Early. kept=true
MICHELLE soft | Early.
COUNT fence=1 ahead=4.22 lateral=0.20 stride=0 word=Early. kept=true
MICHELLE soft | Wait.
COUNT fence=1 ahead=3.85 lateral=0.20 stride=0 word=Wait. kept=true
MICHELLE soft | Now.
COUNT fence=1 ahead=3.20 lateral=0.20 stride=0 word=Now. kept=true
RIDEAI sit n=1 phase=approach pos=-0.2,-22.5 ahead=2.88 lat=0.38 ang=3.5 along=2.9 gait=3 v=2.85 rein=0
RIDEAI ASK n=1 ahead=2.58 lat=0.2 ang=3.5 charge=1.0
MICHELLE spot | Good spot. Stay there.
RIDEAI fence 1 -> 2 t=12.47 leave=spot
COUNT fence=2 ahead=10.97 lateral=3.58 stride=-1 word=silent kept=false
MICHELLE soft | Come again.
RIDEAI sit n=2 phase=land pos=-1.8,-16.9 ahead=10.21 lat=6.56 ang=60.5 along=9.1 gait=3 v=3.09 rein=-1
RIDEAI sit n=2 phase=land pos=-4.8,-16.6 ahead=2.03 lat=3.52 ang=99.3 along=9.0 gait=3 v=3.22 rein=0
RIDEAI sit n=2 phase=approach pos=-7.9,-16.6 ahead=3.65 lat=0.48 ang=69.7 along=9.2 gait=3 v=1.92 rein=1
RIDEAI sit n=2 phase=approach pos=-9.2,-14.8 ahead=7.26 lat=0.96 ang=5.7 along=7.4 gait=3 v=1.34 rein=1
MICHELLE soft | One. Wait.
COUNT fence=2 ahead=7.27 lateral=1.54 stride=1 word=One. Wait. kept=true
MICHELLE soft | One. Early.
COUNT fence=2 ahead=5.37 lateral=0.09 stride=1 word=One. Early. kept=true
RIDEAI sit n=2 phase=approach pos=-8.8,-12.6 ahead=5.27 lat=0.66 ang=8.3 along=5.2 gait=3 v=3.25 rein=0
MICHELLE soft | Early.
COUNT fence=2 ahead=4.18 lateral=0.09 stride=0 word=Early. kept=true
MICHELLE soft | Wait.
COUNT fence=2 ahead=3.79 lateral=0.09 stride=0 word=Wait. kept=true
MICHELLE soft | Now.
COUNT fence=2 ahead=3.21 lateral=0.09 stride=0 word=Now. kept=true
RIDEAI ASK n=2 ahead=2.56 lat=0.08 ang=8.3 charge=1.0
MICHELLE spot | That was the spot.
RIDEAI fence 2 -> 3 t=19.49 leave=spot
MICHELLE soft | Two. Wait.
COUNT fence=3 ahead=10.19 lateral=1.45 stride=2 word=Two. Wait. kept=true
RIDEAI sit n=3 phase=approach pos=-7.7,-6.1 ahead=9.42 lat=0.2 ang=2.1 along=9.4 gait=3 v=3.17 rein=0
MICHELLE soft | One. Wait.
COUNT fence=3 ahead=7.56 lateral=0.55 stride=1 word=One. Wait. kept=true
RIDEAI sit n=3 phase=approach pos=-7.5,-4.2 ahead=7.52 lat=0.28 ang=2.1 along=7.5 gait=3 v=2.25 rein=0
MICHELLE soft | One. Early.
COUNT fence=3 ahead=5.38 lateral=0.55 stride=1 word=One. Early. kept=true
RIDEAI sit n=3 phase=approach pos=-7.3,-1.9 ahead=5.26 lat=0.36 ang=2.1 along=5.3 gait=3 v=2.37 rein=0
MICHELLE soft | Early.
COUNT fence=3 ahead=4.21 lateral=0.28 stride=0 word=Early. kept=true
MICHELLE soft | Wait.
COUNT fence=3 ahead=3.84 lateral=0.28 stride=0 word=Wait. kept=true
MICHELLE soft | Now.
COUNT fence=3 ahead=3.21 lateral=0.28 stride=0 word=Now. kept=true
RIDEAI ASK n=3 ahead=2.57 lat=0.28 ang=1.4 charge=1.0
MICHELLE spot | True leave. He jumped with you.
RIDEAI fence 3 -> 4 t=24.05 leave=spot
RIDECERT trace E:/Workspace/Madison/game/../dist/traces/hk_les_004_refuse_three.jsonl n=26
RIDECERT hk_les_004 style=refuse_three success=false faults=12 refusal_faults=12 rail_faults=0 time_faults=0 jumped=3/3 t=25.44 teleported=false complete=true refused=[1, 1, 1] rail_fences=[] rail_air=[] conf=72.5 scope=80.0 eliminated=false reason= ribbon=
RIDECERT wrote E:/Workspace/Madison/game/../dist/ridecert_results.json
RIDECERT done pass=true board=refuse_three refusals=3
