Godot Engine v4.7.2.stable.official.ed1daf0bf - https://godotengine.org

FIT flatten armature scale=(100.0, 100.0, 100.0) keep_rot=(-90.0, 0.0, 0.0)
FIT length=2.25 height=1.91220223903656 scale=(0.84991, 0.84991, 0.84991)
SEAT bone=Torso bone_pos=(0.0, 1.126922, 0.286373) back_y=1.42885863780975 seat=(0.0, 1.428859, 0.286373)
TACK place crown=(0.0, 0.142, 0.0294) brow=(0.0, 0.196, 0.1326) nose=(0.0, 0.385, -0.0222) bit=(0.0, 0.479225, -0.087663)
HORSE mesh=WhiteHorse anim=true seat=Torso rider_parent=Seat
RIDER mesh scale 0.91304347826087 bones 62
RIDECERT begin
RIDECERT filter hk_les_003
RIDECERT round hk_les_003 class=lesson seed=2 jo=false style=refuse_three
MICHELLE soft | Two. Wait.
COUNT fence=1 ahead=10.89 lateral=0.93 stride=2 word=Two. Wait. kept=true
RIDEAI sit n=1 phase=approach pos=0.0,-30.4 ahead=9.43 lat=0.94 ang=0.0 along=9.4 gait=3 v=4.14 rein=0
MICHELLE soft | One. Wait.
COUNT fence=1 ahead=7.55 lateral=0.12 stride=1 word=One. Wait. kept=true
RIDEAI sit n=1 phase=approach pos=0.1,-28.2 ahead=7.31 lat=0.86 ang=5.8 along=7.3 gait=3 v=2.56 rein=0
MICHELLE soft | One. Early.
COUNT fence=1 ahead=5.34 lateral=0.12 stride=1 word=One. Early. kept=true
RIDEAI ASK n=1 ahead=4.31 lat=0.12 ang=5.8 charge=1.0
MICHELLE halt | Sit down for the halt.
MICHELLE early | That was early. Come again quieter.
RIDECERT refuse fence=1 why=early
RIDEAI sit n=1 phase=approach pos=0.3,-25.6 ahead=4.73 lat=0.6 ang=5.8 along=4.7 gait=1 v=0.33 rein=0
MICHELLE soft | One. Early.
COUNT fence=1 ahead=4.45 lateral=0.12 stride=1 word=One. Early. kept=true
RIDEAI ASK n=1 ahead=4.31 lat=0.12 ang=5.8 charge=0.32
MICHELLE early | Don't throw your hand at it early.
RIDECERT refuse fence=1 why=early
RIDEAI sit n=1 phase=approach pos=0.3,-25.5 ahead=4.62 lat=0.58 ang=5.8 along=4.6 gait=1 v=0.46 rein=0
MICHELLE soft | One. Early.
COUNT fence=1 ahead=4.45 lateral=0.12 stride=1 word=One. Early. kept=true
RIDEAI ASK n=1 ahead=4.31 lat=0.12 ang=5.8 charge=0.32
MICHELLE early | You left before the canter finished.
RIDECERT refuse fence=1 why=early
MICHELLE soft | One. Early.
COUNT fence=1 ahead=4.45 lateral=0.12 stride=1 word=One. Early. kept=true
RIDEAI sit n=1 phase=approach pos=0.4,-25.4 ahead=4.45 lat=0.56 ang=5.8 along=4.4 gait=3 v=1.01 rein=0
MICHELLE soft | Early.
COUNT fence=1 ahead=4.22 lateral=0.12 stride=0 word=Early. kept=true
MICHELLE soft | Wait.
COUNT fence=1 ahead=3.85 lateral=0.12 stride=0 word=Wait. kept=true
MICHELLE soft | Now.
COUNT fence=1 ahead=3.21 lateral=0.12 stride=0 word=Now. kept=true
RIDEAI ASK n=1 ahead=2.59 lat=0.12 ang=5.8 charge=1.0
MICHELLE spot | That was the spot.
RIDEAI fence 1 -> 2 t=12.3 leave=spot
RIDEAI sit n=2 phase=land pos=0.9,-20.2 ahead=11.5 lat=7.32 ang=10.9 along=10.3 gait=3 v=3.64 rein=1
MICHELLE soft | Two. Wait.
COUNT fence=2 ahead=10.90 lateral=1.34 stride=2 word=Two. Wait. kept=true
COUNT fence=2 ahead=10.74 lateral=1.73 stride=-1 word=silent kept=false
MICHELLE soft | Come again.
RIDEAI sit n=2 phase=land pos=2.9,-18.0 ahead=7.54 lat=5.32 ang=72.2 along=8.1 gait=3 v=3.09 rein=1
RIDEAI sit n=2 phase=land pos=5.9,-18.5 ahead=-1.36 lat=2.36 ang=114.0 along=8.6 gait=3 v=3.22 rein=0
RIDEAI sit n=2 phase=approach pos=8.6,-18.9 ahead=3.33 lat=0.36 ang=66.1 along=9.0 gait=3 v=2.19 rein=-1
RIDEAI sit n=2 phase=approach pos=10.1,-16.8 ahead=6.71 lat=1.9 ang=4.4 along=6.9 gait=3 v=1.92 rein=-1
MICHELLE soft | One. Wait.
COUNT fence=2 ahead=6.73 lateral=1.57 stride=1 word=One. Wait. kept=true
MICHELLE soft | One. Early.
COUNT fence=2 ahead=5.38 lateral=0.98 stride=1 word=One. Early. kept=true
RIDEAI sit n=2 phase=approach pos=9.5,-15.0 ahead=5.13 lat=1.32 ang=25.4 along=5.1 gait=3 v=1.59 rein=0
MICHELLE soft | Early.
COUNT fence=2 ahead=4.21 lateral=0.89 stride=0 word=Early. kept=true
MICHELLE soft | Wait.
COUNT fence=2 ahead=3.82 lateral=0.55 stride=0 word=Wait. kept=true
MICHELLE soft | Now.
COUNT fence=2 ahead=3.23 lateral=0.20 stride=0 word=Now. kept=true
RIDEAI sit n=2 phase=approach pos=8.7,-12.5 ahead=2.58 lat=0.44 ang=7.9 along=2.5 gait=3 v=3.75 rein=1
RIDEAI ASK n=2 ahead=2.58 lat=0.08 ang=7.9 charge=1.0
MICHELLE spot | You waited, then asked. That's it.
RIDEAI fence 2 -> 3 t=19.82 leave=spot
MICHELLE soft | Two. Wait.
COUNT fence=3 ahead=10.33 lateral=1.42 stride=2 word=Two. Wait. kept=true
RIDEAI sit n=3 phase=approach pos=8.1,-7.2 ahead=8.23 lat=0.12 ang=2.8 along=8.2 gait=3 v=1.94 rein=0
MICHELLE soft | One. Wait.
COUNT fence=3 ahead=7.57 lateral=0.53 stride=1 word=One. Wait. kept=true
RIDEAI sit n=3 phase=approach pos=8.0,-5.0 ahead=6.0 lat=0.24 ang=2.8 along=6.0 gait=3 v=2.25 rein=0
MICHELLE soft | One. Early.
COUNT fence=3 ahead=5.39 lateral=0.53 stride=1 word=One. Early. kept=true
MICHELLE soft | Early.
COUNT fence=3 ahead=4.20 lateral=0.26 stride=0 word=Early. kept=true
MICHELLE soft | Wait.
COUNT fence=3 ahead=3.82 lateral=0.26 stride=0 word=Wait. kept=true
MICHELLE soft | Now.
COUNT fence=3 ahead=3.18 lateral=0.26 stride=0 word=Now. kept=true
RIDEAI sit n=3 phase=approach pos=7.9,-2.2 ahead=3.18 lat=0.3 ang=0.7 along=3.2 gait=3 v=3.72 rein=0
RIDEAI ASK n=3 ahead=2.53 lat=0.26 ang=0.7 charge=1.0
MICHELLE spot | That's the spot. Eyes up now.
RIDEAI fence 3 -> 4 t=24.39 leave=spot
RIDECERT trace E:/Workspace/Madison/game/../dist/traces/hk_les_003_refuse_three.jsonl n=26
RIDECERT hk_les_003 style=refuse_three success=false faults=12 refusal_faults=12 rail_faults=0 time_faults=0 jumped=3/3 t=25.77 teleported=false complete=true refused=[1, 1, 1] rail_fences=[] rail_air=[] conf=72.5 scope=80.0 eliminated=false reason= ribbon=
RIDECERT wrote E:/Workspace/Madison/game/../dist/ridecert_results.json
RIDECERT done pass=true board=refuse_three refusals=3
