Godot Engine v4.7.2.stable.official.ed1daf0bf - https://godotengine.org

FIT flatten armature scale=(100.0, 100.0, 100.0) keep_rot=(-90.0, 0.0, 0.0)
FIT length=2.25 height=1.91220223903656 scale=(0.84991, 0.84991, 0.84991)
SEAT bone=Torso bone_pos=(0.0, 1.126922, 0.286373) back_y=1.42885863780975 seat=(0.0, 1.428859, 0.286373)
TACK place crown=(0.0, 0.142, 0.0294) brow=(0.0, 0.196, 0.1326) nose=(0.0, 0.385, -0.0222) bit=(0.0, 0.479225, -0.087663)
HORSE mesh=WhiteHorse anim=true seat=Torso rider_parent=Seat
RIDER mesh scale 0.91304347826087 bones 62
RIDECERT begin
RIDECERT filter hk_les_002
RIDECERT round hk_les_002 class=lesson seed=1 jo=false style=refuse_three
MICHELLE soft | Two. Wait.
COUNT fence=1 ahead=10.85 lateral=0.70 stride=2 word=Two. Wait. kept=true
RIDEAI sit n=1 phase=approach pos=2.4,-29.6 ahead=10.36 lat=0.68 ang=7.6 along=10.4 gait=3 v=5.02 rein=0
MICHELLE soft | One. Wait.
COUNT fence=1 ahead=7.57 lateral=0.70 stride=1 word=One. Wait. kept=true
RIDEAI sit n=1 phase=approach pos=2.9,-26.4 ahead=7.12 lat=0.26 ang=7.6 along=7.1 gait=3 v=2.41 rein=0
MICHELLE soft | One. Early.
COUNT fence=1 ahead=5.36 lateral=0.28 stride=1 word=One. Early. kept=true
RIDEAI ASK n=1 ahead=4.28 lat=0.28 ang=4.1 charge=1.0
MICHELLE halt | Halt. Leg off, sit, then the hand.
MICHELLE early | Wait. He wasn't there yet.
RIDECERT refuse fence=1 why=early
RIDEAI sit n=1 phase=approach pos=3.0,-24.0 ahead=4.72 lat=0.06 ang=4.1 along=4.7 gait=1 v=0.25 rein=0
MICHELLE soft | One. Early.
COUNT fence=1 ahead=4.42 lateral=0.28 stride=1 word=One. Early. kept=true
RIDEAI ASK n=1 ahead=4.31 lat=0.28 ang=4.1 charge=0.28
MICHELLE early | Wait. He wasn't there yet.
RIDECERT refuse fence=1 why=early
RIDEAI sit n=1 phase=approach pos=3.0,-23.9 ahead=4.63 lat=0.06 ang=4.1 along=4.6 gait=1 v=0.46 rein=0
MICHELLE soft | One. Early.
COUNT fence=1 ahead=4.44 lateral=0.28 stride=1 word=One. Early. kept=true
RIDEAI ASK n=1 ahead=4.31 lat=0.28 ang=4.1 charge=0.32
MICHELLE early | That was early. Come again quieter.
RIDECERT refuse fence=1 why=early
RIDEAI sit n=1 phase=approach pos=3.1,-23.8 ahead=4.46 lat=0.04 ang=4.1 along=4.5 gait=2 v=0.97 rein=0
MICHELLE soft | One. Early.
COUNT fence=1 ahead=4.44 lateral=0.28 stride=1 word=One. Early. kept=true
MICHELLE soft | Early.
COUNT fence=1 ahead=4.22 lateral=0.28 stride=0 word=Early. kept=true
MICHELLE soft | Wait.
COUNT fence=1 ahead=3.85 lateral=0.28 stride=0 word=Wait. kept=true
MICHELLE soft | Now.
COUNT fence=1 ahead=3.20 lateral=0.28 stride=0 word=Now. kept=true
RIDEAI ASK n=1 ahead=2.54 lat=0.16 ang=1.8 charge=1.0
MICHELLE spot | Quiet leave. That's the one.
RIDEAI fence 1 -> 2 t=12.3 leave=spot
RIDEAI sit n=2 phase=land pos=3.3,-18.6 ahead=12.11 lat=5.56 ang=4.8 along=11.7 gait=3 v=3.74 rein=1
COUNT fence=2 ahead=10.94 lateral=2.42 stride=-1 word=silent kept=false
MICHELLE soft | Come again.
RIDEAI sit n=2 phase=land pos=5.0,-16.2 ahead=7.24 lat=3.82 ang=66.1 along=9.2 gait=3 v=3.09 rein=1
RIDEAI sit n=2 phase=approach pos=8.0,-15.6 ahead=5.01 lat=0.82 ang=60.0 along=8.6 gait=3 v=3.09 rein=-1
MICHELLE soft | One. Wait.
COUNT fence=2 ahead=6.41 lateral=1.48 stride=1 word=One. Wait. kept=true
RIDEAI sit n=2 phase=approach pos=9.5,-13.3 ahead=6.33 lat=0.64 ang=4.1 along=6.3 gait=3 v=1.38 rein=0
MICHELLE soft | One. Early.
COUNT fence=2 ahead=5.39 lateral=0.18 stride=1 word=One. Early. kept=true
MICHELLE soft | Early.
COUNT fence=2 ahead=4.18 lateral=0.18 stride=0 word=Early. kept=true
MICHELLE soft | Wait.
COUNT fence=2 ahead=3.83 lateral=0.18 stride=0 word=Wait. kept=true
RIDEAI sit n=2 phase=approach pos=9.3,-10.8 ahead=3.83 lat=0.46 ang=4.1 along=3.8 gait=3 v=3.6 rein=0
MICHELLE soft | Now.
COUNT fence=2 ahead=3.19 lateral=0.18 stride=0 word=Now. kept=true
RIDEAI ASK n=2 ahead=2.55 lat=0.18 ang=4.1 charge=1.0
MICHELLE spot | Right stride. Pat him later.
RIDEAI fence 2 -> 3 t=18.11 leave=spot
MICHELLE soft | Two. Wait.
COUNT fence=3 ahead=10.27 lateral=0.60 stride=2 word=Two. Wait. kept=true
RIDEAI sit n=3 phase=approach pos=8.9,-4.9 ahead=8.7 lat=0.02 ang=4.1 along=8.7 gait=3 v=1.4 rein=0
MICHELLE soft | One. Wait.
COUNT fence=3 ahead=7.55 lateral=0.60 stride=1 word=One. Wait. kept=true
RIDEAI sit n=3 phase=approach pos=8.7,-2.8 ahead=6.64 lat=0.12 ang=4.1 along=6.7 gait=3 v=2.25 rein=0
MICHELLE soft | One. Early.
COUNT fence=3 ahead=5.39 lateral=0.25 stride=1 word=One. Early. kept=true
MICHELLE soft | Early.
COUNT fence=3 ahead=4.20 lateral=0.25 stride=0 word=Early. kept=true
RIDEAI sit n=3 phase=approach pos=8.7,-0.4 ahead=4.2 lat=0.2 ang=0.6 along=4.2 gait=3 v=3.11 rein=0
MICHELLE soft | Wait.
COUNT fence=3 ahead=3.83 lateral=0.25 stride=0 word=Wait. kept=true
MICHELLE soft | Now.
COUNT fence=3 ahead=3.20 lateral=0.25 stride=0 word=Now. kept=true
RIDEAI ASK n=3 ahead=2.56 lat=0.26 ang=0.6 charge=1.0
MICHELLE spot | That leave was true.
RIDEAI fence 3 -> 4 t=22.66 leave=spot
RIDECERT trace E:/Workspace/Madison/game/../dist/traces/hk_les_002_refuse_three.jsonl n=25
RIDECERT hk_les_002 style=refuse_three success=false faults=12 refusal_faults=12 rail_faults=0 time_faults=0 jumped=3/3 t=24.05 teleported=false complete=true refused=[1, 1, 1] rail_fences=[] rail_air=[] conf=72.5 scope=80.0 eliminated=false reason= ribbon=
RIDECERT wrote E:/Workspace/Madison/game/../dist/ridecert_results.json
RIDECERT done pass=true board=refuse_three refusals=3
