Godot Engine v4.7.2.stable.official.ed1daf0bf - https://godotengine.org

FIT flatten armature scale=(100.0, 100.0, 100.0) keep_rot=(-90.0, 0.0, 0.0)
FIT length=2.25 height=1.91220223903656 scale=(0.84991, 0.84991, 0.84991)
SEAT bone=Torso bone_pos=(0.0, 1.126922, 0.286373) back_y=1.42885863780975 seat=(0.0, 1.428859, 0.286373)
TACK place crown=(0.0, 0.142, 0.0294) brow=(0.0, 0.196, 0.1326) nose=(0.0, 0.385, -0.0222) bit=(0.0, 0.479225, -0.087663)
HORSE mesh=WhiteHorse anim=true seat=Torso rider_parent=Seat
RIDER mesh scale 0.91304347826087 bones 62
RIDECERT begin
RIDECERT filter hk_les_001
RIDECERT round hk_les_001 class=lesson seed=0 jo=false style=refuse_twice
MICHELLE soft | Two. Wait.
COUNT fence=1 ahead=10.86 lateral=1.13 stride=2 word=Two. Wait. kept=true
RIDEAI sit n=1 phase=approach pos=0.0,-29.8 ahead=10.62 lat=1.14 ang=0.0 along=10.6 gait=3 v=4.82 rein=0
MICHELLE soft | One. Wait.
COUNT fence=1 ahead=7.54 lateral=0.26 stride=1 word=One. Wait. kept=true
RIDEAI sit n=1 phase=approach pos=-0.2,-26.4 ahead=7.32 lat=0.92 ang=5.1 along=7.3 gait=3 v=2.31 rein=0
MICHELLE soft | One. Early.
COUNT fence=1 ahead=5.38 lateral=0.26 stride=1 word=One. Early. kept=true
RIDEAI ASK n=1 ahead=4.3 lat=0.26 ang=5.1 charge=1.0
MICHELLE early | Don't throw your hand at it early.
RIDECERT refuse fence=1 why=early
RIDEAI sit n=1 phase=approach pos=-0.4,-23.8 ahead=4.74 lat=0.68 ang=5.1 along=4.7 gait=1 v=0.08 rein=0
MICHELLE soft | One. Early.
COUNT fence=1 ahead=4.43 lateral=0.26 stride=1 word=One. Early. kept=true
RIDEAI ASK n=1 ahead=4.32 lat=0.26 ang=5.1 charge=0.28
MICHELLE early | Too soon off the ground.
RIDECERT refuse fence=1 why=early
RIDEAI sit n=1 phase=approach pos=-0.5,-23.8 ahead=4.67 lat=0.68 ang=5.1 along=4.6 gait=1 v=0.46 rein=0
MICHELLE soft | One. Early.
COUNT fence=1 ahead=4.46 lateral=0.26 stride=1 word=One. Early. kept=true
MICHELLE soft | Early.
COUNT fence=1 ahead=4.20 lateral=0.26 stride=0 word=Early. kept=true
MICHELLE soft | Wait.
COUNT fence=1 ahead=3.83 lateral=0.26 stride=0 word=Wait. kept=true
RIDEAI sit n=1 phase=approach pos=-0.6,-22.4 ahead=3.26 lat=0.56 ang=5.1 along=3.2 gait=3 v=2.54 rein=0
MICHELLE soft | Now.
COUNT fence=1 ahead=3.22 lateral=0.26 stride=0 word=Now. kept=true
RIDEAI ASK n=1 ahead=2.55 lat=0.26 ang=5.1 charge=1.0
MICHELLE spot | Spot. Sit still on the other side.
RIDEAI fence 1 -> 2 t=9.98 leave=spot
COUNT fence=2 ahead=10.79 lateral=6.79 stride=-1 word=silent kept=false
MICHELLE soft | Come again.
MICHELLE soft | Two. Wait.
COUNT fence=2 ahead=10.90 lateral=0.41 stride=2 word=Two. Wait. kept=true
COUNT fence=2 ahead=10.41 lateral=1.75 stride=-1 word=silent kept=false
MICHELLE soft | Come again.
RIDEAI sit n=2 phase=land pos=-2.0,-16.6 ahead=10.41 lat=7.24 ang=52.9 along=7.7 gait=3 v=3.09 rein=-1
RIDEAI sit n=2 phase=land pos=-4.9,-16.2 ahead=0.93 lat=4.32 ang=114.2 along=7.4 gait=3 v=3.09 rein=-1
RIDEAI sit n=2 phase=approach pos=-7.8,-17.6 ahead=-1.56 lat=1.44 ang=109.2 along=8.9 gait=3 v=2.14 rein=1
RIDEAI sit n=2 phase=approach pos=-10.2,-16.7 ahead=4.79 lat=0.94 ang=48.0 along=8.2 gait=3 v=3.68 rein=1
MICHELLE soft | One. Wait.
COUNT fence=2 ahead=6.82 lateral=1.55 stride=1 word=One. Wait. kept=true
RIDEAI sit n=2 phase=approach pos=-10.8,-14.9 ahead=6.55 lat=1.64 ang=17.9 along=6.4 gait=3 v=1.34 rein=1
MICHELLE soft | One. Early.
COUNT fence=2 ahead=5.37 lateral=0.78 stride=1 word=One. Early. kept=true
RIDEAI sit n=2 phase=approach pos=-10.0,-13.1 ahead=4.61 lat=0.96 ang=21.4 along=4.6 gait=3 v=2.83 rein=0
MICHELLE soft | Early.
COUNT fence=2 ahead=4.22 lateral=0.69 stride=0 word=Early. kept=true
MICHELLE soft | Wait.
COUNT fence=2 ahead=3.82 lateral=0.35 stride=0 word=Wait. kept=true
MICHELLE soft | Now.
COUNT fence=2 ahead=3.23 lateral=0.15 stride=0 word=Now. kept=true
RIDEAI ASK n=2 ahead=2.58 lat=0.02 ang=8.6 charge=1.0
MICHELLE spot | Right stride. Pat him later.
RIDEAI fence 2 -> 3 t=17.74 leave=spot
MICHELLE soft | Two. Wait.
COUNT fence=3 ahead=10.15 lateral=1.39 stride=2 word=Two. Wait. kept=true
RIDEAI sit n=3 phase=approach pos=-8.6,-7.0 ahead=9.09 lat=0.1 ang=2.4 along=9.1 gait=3 v=2.02 rein=0
MICHELLE soft | One. Wait.
COUNT fence=3 ahead=7.57 lateral=0.50 stride=1 word=One. Wait. kept=true
RIDEAI sit n=3 phase=approach pos=-8.5,-5.1 ahead=7.23 lat=0.18 ang=2.4 along=7.2 gait=3 v=2.25 rein=0
MICHELLE soft | One. Early.
COUNT fence=3 ahead=5.39 lateral=0.50 stride=1 word=One. Early. kept=true
RIDEAI sit n=3 phase=approach pos=-8.2,-2.9 ahead=4.94 lat=0.28 ang=2.4 along=5.0 gait=3 v=2.64 rein=0
MICHELLE soft | Early.
COUNT fence=3 ahead=4.21 lateral=0.50 stride=0 word=Early. kept=true
MICHELLE soft | Wait.
COUNT fence=3 ahead=3.81 lateral=0.26 stride=0 word=Wait. kept=true
MICHELLE soft | Now.
COUNT fence=3 ahead=3.18 lateral=0.26 stride=0 word=Now. kept=true
RIDEAI ASK n=3 ahead=2.54 lat=0.26 ang=1.0 charge=1.0
MICHELLE spot | That's the spot. Eyes up now.
RIDEAI fence 3 -> 4 t=22.29 leave=spot
RIDECERT trace E:/Workspace/Madison/game/../dist/traces/hk_les_001_refuse_twice.jsonl n=24
RIDECERT hk_les_001 style=refuse_twice success=false faults=8 refusal_faults=8 rail_faults=0 time_faults=0 jumped=3/3 t=23.67 teleported=false complete=true refused=[1, 1] rail_fences=[] rail_air=[] conf=76.0 scope=80.0 eliminated=false reason= ribbon=
RIDECERT wrote E:/Workspace/Madison/game/../dist/ridecert_results.json
RIDECERT done pass=true board=refuse_twice refusals=2
