Godot Engine v4.7.2.stable.official.ed1daf0bf - https://godotengine.org

FIT flatten armature scale=(100.0, 100.0, 100.0) keep_rot=(-90.0, 0.0, 0.0)
FIT length=2.25 height=1.91220223903656 scale=(0.84991, 0.84991, 0.84991)
SEAT bone=Torso bone_pos=(0.0, 1.126922, 0.286373) back_y=1.42885863780975 seat=(0.0, 1.428859, 0.286373)
TACK place crown=(0.0, 0.142, 0.0294) brow=(0.0, 0.196, 0.1326) nose=(0.0, 0.385, -0.0222) bit=(0.0, 0.479225, -0.087663)
HORSE mesh=WhiteHorse anim=true seat=Torso rider_parent=Seat
RIDER mesh scale 0.91304347826087 bones 62
RIDECERT begin
RIDECERT filter hk_les_002
RIDECERT round hk_les_002 class=lesson seed=1 jo=false style=refuse_twice
MICHELLE soft | Two. Wait.
COUNT fence=1 ahead=10.85 lateral=0.70 stride=2 word=Two. Wait. kept=true
RIDEAI sit n=1 phase=approach pos=2.4,-29.6 ahead=10.36 lat=0.68 ang=7.6 along=10.4 gait=3 v=5.02 rein=0
MICHELLE soft | One. Wait.
COUNT fence=1 ahead=7.57 lateral=0.70 stride=1 word=One. Wait. kept=true
RIDEAI sit n=1 phase=approach pos=2.9,-26.4 ahead=7.12 lat=0.26 ang=7.6 along=7.1 gait=3 v=2.41 rein=0
MICHELLE soft | One. Early.
COUNT fence=1 ahead=5.36 lateral=0.28 stride=1 word=One. Early. kept=true
RIDEAI ASK n=1 ahead=4.28 lat=0.28 ang=4.1 charge=1.0
MICHELLE halt | Sit. Whoa is not a suggestion.
MICHELLE early | Wait. He wasn't there yet.
RIDECERT refuse fence=1 why=early
RIDEAI sit n=1 phase=approach pos=3.0,-24.0 ahead=4.72 lat=0.06 ang=4.1 along=4.7 gait=1 v=0.25 rein=0
MICHELLE soft | One. Early.
COUNT fence=1 ahead=4.42 lateral=0.28 stride=1 word=One. Early. kept=true
RIDEAI ASK n=1 ahead=4.31 lat=0.28 ang=4.1 charge=0.28
MICHELLE early | That leave was a stride early.
RIDECERT refuse fence=1 why=early
RIDEAI sit n=1 phase=approach pos=3.0,-23.9 ahead=4.63 lat=0.06 ang=4.1 along=4.6 gait=1 v=0.46 rein=0
MICHELLE soft | One. Early.
COUNT fence=1 ahead=4.44 lateral=0.28 stride=1 word=One. Early. kept=true
MICHELLE soft | Early.
COUNT fence=1 ahead=4.21 lateral=0.28 stride=0 word=Early. kept=true
MICHELLE soft | Wait.
COUNT fence=1 ahead=3.85 lateral=0.28 stride=0 word=Wait. kept=true
MICHELLE soft | Now.
COUNT fence=1 ahead=3.20 lateral=0.28 stride=0 word=Now. kept=true
RIDEAI sit n=1 phase=approach pos=3.2,-22.4 ahead=3.07 lat=0.06 ang=4.1 along=3.1 gait=3 v=2.7 rein=0
RIDEAI ASK n=1 ahead=2.54 lat=0.16 ang=1.8 charge=1.0
MICHELLE spot | You waited, then asked. That's it.
RIDEAI fence 1 -> 2 t=9.89 leave=spot
COUNT fence=2 ahead=10.94 lateral=2.42 stride=-1 word=silent kept=false
MICHELLE soft | Come again.
RIDEAI sit n=2 phase=land pos=4.4,-16.6 ahead=9.56 lat=4.48 ang=50.8 along=9.6 gait=3 v=3.09 rein=1
RIDEAI sit n=2 phase=approach pos=7.3,-15.9 ahead=3.74 lat=1.54 ang=75.3 along=8.9 gait=3 v=3.22 rein=-1
RIDEAI sit n=2 phase=approach pos=9.5,-13.6 ahead=6.39 lat=0.62 ang=12.2 along=6.7 gait=3 v=2.16 rein=-1
MICHELLE soft | One. Wait.
COUNT fence=2 ahead=6.41 lateral=1.48 stride=1 word=One. Wait. kept=true
MICHELLE soft | One. Early.
COUNT fence=2 ahead=5.39 lateral=0.18 stride=1 word=One. Early. kept=true
RIDEAI sit n=2 phase=approach pos=9.4,-11.6 ahead=4.66 lat=0.52 ang=4.1 along=4.6 gait=3 v=3.02 rein=0
MICHELLE soft | Early.
COUNT fence=2 ahead=4.17 lateral=0.18 stride=0 word=Early. kept=true
MICHELLE soft | Wait.
COUNT fence=2 ahead=3.82 lateral=0.18 stride=0 word=Wait. kept=true
MICHELLE soft | Now.
COUNT fence=2 ahead=3.19 lateral=0.18 stride=0 word=Now. kept=true
RIDEAI ASK n=2 ahead=2.55 lat=0.18 ang=4.1 charge=1.0
MICHELLE spot | That's the one. Don't fuss after.
RIDEAI fence 2 -> 3 t=15.72 leave=spot
MICHELLE soft | Two. Wait.
COUNT fence=3 ahead=10.27 lateral=0.60 stride=2 word=Two. Wait. kept=true
RIDEAI sit n=3 phase=approach pos=8.9,-5.2 ahead=9.07 lat=0.06 ang=4.1 along=9.1 gait=3 v=2.02 rein=0
MICHELLE soft | One. Wait.
COUNT fence=3 ahead=7.54 lateral=0.60 stride=1 word=One. Wait. kept=true
RIDEAI sit n=3 phase=approach pos=8.8,-3.4 ahead=7.21 lat=0.08 ang=4.1 along=7.2 gait=3 v=2.25 rein=0
MICHELLE soft | One. Early.
COUNT fence=3 ahead=5.39 lateral=0.25 stride=1 word=One. Early. kept=true
RIDEAI sit n=3 phase=approach pos=8.7,-1.1 ahead=4.94 lat=0.2 ang=0.6 along=4.9 gait=3 v=2.67 rein=0
MICHELLE soft | Early.
COUNT fence=3 ahead=4.20 lateral=0.25 stride=0 word=Early. kept=true
MICHELLE soft | Wait.
COUNT fence=3 ahead=3.83 lateral=0.25 stride=0 word=Wait. kept=true
MICHELLE soft | Now.
COUNT fence=3 ahead=3.20 lateral=0.25 stride=0 word=Now. kept=true
RIDEAI ASK n=3 ahead=2.56 lat=0.26 ang=0.6 charge=1.0
MICHELLE spot | Right stride. Pat him later.
RIDEAI fence 3 -> 4 t=20.26 leave=spot
RIDECERT trace E:/Workspace/Madison/game/../dist/traces/hk_les_002_refuse_twice.jsonl n=22
RIDECERT hk_les_002 style=refuse_twice success=false faults=8 refusal_faults=8 rail_faults=0 time_faults=0 jumped=3/3 t=21.66 teleported=false complete=true refused=[1, 1] rail_fences=[] rail_air=[] conf=76.0 scope=80.0 eliminated=false reason= ribbon=
RIDECERT wrote E:/Workspace/Madison/game/../dist/ridecert_results.json
RIDECERT done pass=true board=refuse_twice refusals=2
