Godot Engine v4.7.2.stable.official.ed1daf0bf - https://godotengine.org

FIT flatten armature scale=(100.0, 100.0, 100.0) keep_rot=(-90.0, 0.0, 0.0)
FIT length=2.25 height=1.91220223903656 scale=(0.84991, 0.84991, 0.84991)
SEAT bone=Torso bone_pos=(0.0, 1.126922, 0.286373) back_y=1.42885863780975 seat=(0.0, 1.428859, 0.286373)
TACK place crown=(-0.00755, 0.144504, 0.030855) brow=(-0.00755, 0.198728, 0.134282) nose=(-0.00755, 0.388511, -0.020858) bit=(-0.00755, 0.479225, -0.087663)
HORSE mesh=WhiteHorse anim=true seat=Torso rider_parent=Seat
RIDECERT begin
RIDECERT filter hk_adv_001
RIDECERT round hk_adv_001 class=advanced seed=0 jo=false style=clear
RIDEAI sit n=1 phase=approach pos=6.6,-31.3 ahead=7.45 lat=0.36 ang=4.2 along=7.4 gait=3 v=1.84 rein=0
RIDEAI sit n=1 phase=approach pos=6.9,-28.3 ahead=4.51 lat=0.14 ang=4.2 along=4.5 gait=3 v=3.88 rein=0
RIDEAI ASK n=1 ahead=2.57 lat=0.18 ang=4.2 charge=1.0
RIDEAI fence 1 -> 2 t=3.92 leave=leave
RIDEAI sit n=2 phase=land pos=6.9,-21.8 ahead=14.65 lat=9.02 ang=4.6 along=15.4 gait=3 v=3.09 rein=-1
RIDEAI sit n=2 phase=land pos=4.5,-20.2 ahead=13.47 lat=7.72 ang=56.6 along=12.8 gait=3 v=3.09 rein=-1
RIDEAI sit n=2 phase=setup pos=1.2,-20.6 ahead=8.21 lat=4.72 ang=70.9 along=11.5 gait=3 v=3.83 rein=0
RIDEAI sit n=2 phase=setup pos=-1.4,-21.1 ahead=5.57 lat=2.24 ang=70.9 along=10.6 gait=3 v=3.11 rein=0
RIDEAI sit n=2 phase=approach pos=-3.8,-20.6 ahead=8.87 lat=0.34 ang=11.6 along=9.0 gait=3 v=1.34 rein=1
RIDEAI sit n=2 phase=approach pos=-5.0,-18.9 ahead=6.95 lat=0.16 ang=4.6 along=7.0 gait=3 v=3.06 rein=0
RIDEAI sit n=2 phase=approach pos=-7.1,-15.9 ahead=3.23 lat=0.12 ang=1.2 along=3.2 gait=3 v=3.88 rein=0
RIDEAI ASK n=2 ahead=2.58 lat=0.18 ang=1.2 charge=1.0
RIDEAI fence 2 -> 3 t=12.0 leave=leave
RIDEAI sit n=3 phase=land pos=-9.3,-10.2 ahead=10.84 lat=16.26 ang=18.9 along=5.9 gait=3 v=3.09 rein=1
RIDEAI sit n=3 phase=land pos=-7.0,-8.3 ahead=14.48 lat=14.0 ang=80.1 along=4.0 gait=3 v=3.09 rein=1
FENCE knock 11 by horse at -6.8,-8.3 next=3 jumping=false
RIDECERT rail now=1 next=3 jumping=false phase=land pos=-6.7,-8.3
RIDEAI come again n=3 rein=1 pos=-5.4,-8.5
RIDEAI sit n=3 phase=away pos=-4.7,-9.0 ahead=2.75 lat=11.74 ang=145.7 along=4.7 gait=3 v=1.46 rein=1
RIDEAI sit n=3 phase=again pos=-2.7,-10.6 ahead=4.58 lat=9.7 ang=123.7 along=6.3 gait=3 v=3.76 rein=0
RIDEAI sit n=3 phase=again pos=1.3,-13.3 ahead=-0.29 lat=5.66 ang=123.7 along=9.0 gait=3 v=5.55 rein=0
RIDEAI sit n=3 phase=approach pos=5.2,-16.9 ahead=-8.68 lat=1.76 ang=141.0 along=12.6 gait=3 v=4.42 rein=-1
RIDEAI sit n=3 phase=approach pos=7.4,-17.6 ahead=3.34 lat=0.44 ang=73.5 along=13.3 gait=3 v=2.93 rein=-1
RIDEAI sit n=3 phase=setup pos=9.4,-15.7 ahead=10.7 lat=2.38 ang=11.1 along=11.4 gait=3 v=2.19 rein=-1
RIDEAI sit n=3 phase=approach pos=8.5,-12.6 ahead=8.36 lat=1.54 ang=18.5 along=8.3 gait=3 v=2.94 rein=0
RIDEAI sit n=3 phase=approach pos=7.9,-10.6 ahead=6.35 lat=0.92 ang=15.0 along=6.3 gait=3 v=2.87 rein=0
RIDEAI sit n=3 phase=approach pos=7.3,-7.0 ahead=2.73 lat=0.3 ang=6.9 along=2.7 gait=3 v=3.88 rein=0
RIDEAI ASK n=3 ahead=2.54 lat=0.04 ang=6.9 charge=1.0
RIDEAI fence 3 -> 4 t=24.31 leave=rail
RIDEAI sit n=4 phase=approach pos=6.9,-1.9 ahead=5.06 lat=0.14 ang=1.1 along=5.1 gait=3 v=2.25 rein=0
RIDEAI sit n=4 phase=approach pos=6.8,0.3 ahead=2.81 lat=0.18 ang=1.1 along=2.8 gait=3 v=2.25 rein=0
RIDEAI ASK n=4 ahead=2.58 lat=0.24 ang=1.1 charge=1.0
RIDEAI fence 4 -> 5 t=27.77 leave=leave
RIDEAI sit n=5 phase=approach pos=6.7,5.6 ahead=8.36 lat=0.28 ang=1.1 along=8.4 gait=3 v=1.78 rein=0
RIDEAI sit n=5 phase=approach pos=6.7,7.8 ahead=6.15 lat=0.32 ang=1.1 along=6.2 gait=3 v=2.25 rein=0
RIDEAI sit n=5 phase=approach pos=6.6,10.5 ahead=3.44 lat=0.36 ang=1.1 along=3.5 gait=3 v=3.49 rein=0
RIDEAI ASK n=5 ahead=2.53 lat=0.18 ang=3.6 charge=1.0
RIDEAI fence 5 -> 6 t=32.33 leave=straight
RIDEAI sit n=6 phase=land pos=6.1,16.6 ahead=14.01 lat=13.88 ang=45.3 along=5.9 gait=3 v=3.09 rein=-1
RIDEAI sit n=6 phase=land pos=3.3,17.5 ahead=9.09 lat=11.02 ang=106.6 along=5.2 gait=3 v=3.09 rein=-1
RIDEAI sit n=6 phase=setup pos=0.6,15.5 ahead=0.34 lat=8.48 ang=137.2 along=7.4 gait=3 v=4.28 rein=0
RIDEAI sit n=6 phase=setup pos=-2.8,12.2 ahead=-0.71 lat=5.28 ang=119.2 along=10.9 gait=3 v=2.92 rein=1
RIDEAI sit n=6 phase=setup pos=-5.2,12.4 ahead=5.24 lat=2.94 ang=77.3 along=10.8 gait=3 v=3.16 rein=0
RIDEAI sit n=6 phase=approach pos=-7.7,13.8 ahead=8.31 lat=0.36 ang=32.1 along=9.6 gait=3 v=2.22 rein=1
RIDEAI sit n=6 phase=approach pos=-7.8,15.6 ahead=7.88 lat=0.06 ang=3.7 along=7.9 gait=3 v=2.41 rein=0
RIDEAI sit n=6 phase=approach pos=-7.8,18.9 ahead=4.5 lat=0.16 ang=3.7 along=4.5 gait=3 v=3.88 rein=0
RIDEAI ASK n=6 ahead=2.58 lat=0.22 ang=0.2 charge=1.0
RIDEAI fence 6 -> 7 t=42.0 leave=leave
RIDEAI sit n=7 phase=land pos=-7.0,25.8 ahead=11.26 lat=14.0 ang=33.4 along=4.3 gait=3 v=3.09 rein=1
RIDEAI sit n=7 phase=land pos=-4.3,27.1 ahead=11.06 lat=11.34 ang=94.7 along=3.0 gait=3 v=3.09 rein=1
RIDEAI come again n=7 rein=1 pos=-1.9,26.1
RIDEAI sit n=7 phase=away pos=-1.6,25.8 ahead=3.85 lat=8.56 ang=129.8 along=4.3 gait=3 v=2.11 rein=1
RIDEAI sit n=7 phase=again pos=-0.2,24.4 ahead=1.55 lat=7.2 ang=132.1 along=5.7 gait=3 v=2.91 rein=0
RIDEAI sit n=7 phase=again pos=2.7,21.8 ahead=-2.36 lat=4.3 ang=132.1 along=8.3 gait=3 v=4.88 rein=0
RIDEAI sit n=7 phase=again pos=6.9,18.4 ahead=-5.95 lat=0.08 ang=120.9 along=11.7 gait=3 v=5.55 rein=0
RIDEAI sit n=7 phase=setup pos=9.9,18.2 ahead=3.88 lat=2.86 ang=57.9 along=11.9 gait=3 v=3.11 rein=-1
RIDEAI sit n=7 phase=setup pos=11.2,20.5 ahead=9.89 lat=4.18 ang=4.5 along=9.6 gait=3 v=2.38 rein=-1
RIDEAI sit n=7 phase=setup pos=9.5,22.8 ahead=5.18 lat=2.54 ang=66.9 along=7.3 gait=3 v=1.92 rein=-1
RIDEAI sit n=7 phase=approach pos=7.1,24.1 ahead=4.64 lat=0.06 ang=40.2 along=6.0 gait=3 v=3.86 rein=1
RIDEAI sit n=7 phase=approach pos=6.6,26.0 ahead=4.09 lat=0.34 ang=1.7 along=4.1 gait=3 v=2.56 rein=0
RIDEAI ASK n=7 ahead=2.57 lat=0.22 ang=1.7 charge=1.0
RIDEAI fence 7 -> 8 t=54.41 leave=leave
RIDEAI sit n=8 phase=land pos=7.3,32.6 ahead=-14.39 lat=10.5 ang=132.3 along=9.8 gait=3 v=3.09 rein=1
RIDEAI sit n=8 phase=land pos=9.9,33.9 ahead=-9.65 lat=11.34 ang=166.4 along=12.7 gait=3 v=3.09 rein=1
RIDEAI sit n=8 phase=setup pos=12.4,32.1 ahead=4.99 lat=9.18 ang=105.1 along=14.8 gait=3 v=3.74 rein=1
RIDEAI sit n=8 phase=setup pos=12.3,29.6 ahead=12.96 lat=6.76 ang=60.1 along=14.3 gait=3 v=2.99 rein=0
RIDEAI sit n=8 phase=setup pos=11.0,26.2 ahead=9.29 lat=3.58 ang=60.1 along=12.4 gait=3 v=2.11 rein=0
RIDEAI sit n=8 phase=approach pos=9.8,23.6 ahead=9.11 lat=1.26 ang=39.7 along=10.8 gait=3 v=3.95 rein=1
RIDEAI sit n=8 phase=approach pos=7.6,22.4 ahead=8.35 lat=0.42 ang=6.5 along=8.4 gait=3 v=2.19 rein=0
RIDEAI sit n=8 phase=approach pos=4.5,21.5 ahead=5.17 lat=0.06 ang=4.2 along=5.2 gait=3 v=3.88 rein=1
RIDEAI ASK n=8 ahead=2.58 lat=0.2 ang=3.0 charge=1.0
RIDEAI fence 8 -> 9 t=64.0 leave=leave
RIDEAI sit n=9 phase=setup pos=-2.5,20.0 ahead=1.26 lat=2.02 ang=97.4 along=5.7 gait=3 v=3.09 rein=1
RIDEAI sit n=9 phase=approach pos=-5.2,18.9 ahead=3.15 lat=0.76 ang=38.2 along=4.6 gait=3 v=3.09 rein=-1
RIDEAI come again n=9 rein=1 pos=-5.4,18.7
RIDEAI sit n=9 phase=away pos=-6.8,18.0 ahead=-2.78 lat=2.34 ang=97.1 along=3.7 gait=3 v=2.31 rein=1
RIDEAI sit n=9 phase=again pos=-8.9,20.1 ahead=-6.75 lat=4.44 ang=167.0 along=5.9 gait=3 v=3.73 rein=1
RIDEAI sit n=9 phase=again pos=-9.8,23.2 ahead=-10.05 lat=5.24 ang=134.3 along=9.0 gait=3 v=1.92 rein=-1
RIDEAI sit n=9 phase=again pos=-10.9,25.8 ahead=-11.13 lat=6.32 ang=176.1 along=11.6 gait=3 v=3.43 rein=1
RIDEAI sit n=9 phase=setup pos=-9.5,27.7 ahead=-1.08 lat=4.88 ang=114.2 along=13.5 gait=3 v=3.34 rein=1
RIDEAI sit n=9 phase=setup pos=-7.2,27.6 ahead=11.07 lat=2.6 ang=46.6 along=13.4 gait=3 v=2.03 rein=1
RIDEAI sit n=9 phase=around pos=-5.3,25.3 ahead=8.92 lat=0.66 ang=39.6 along=11.0 gait=3 v=4.04 rein=0
RIDEAI sit n=9 phase=approach pos=-4.5,23.4 ahead=9.11 lat=0.04 ang=3.2 along=9.1 gait=3 v=1.4 rein=0
RIDEAI sit n=9 phase=approach pos=-4.4,21.3 ahead=6.98 lat=0.16 ang=3.2 along=7.0 gait=3 v=3.14 rein=0
RIDEAI sit n=9 phase=approach pos=-4.2,17.6 ahead=3.23 lat=0.28 ang=0.3 along=3.2 gait=3 v=3.88 rein=0
RIDEAI ASK n=9 ahead=2.59 lat=0.26 ang=0.3 charge=1.0
RIDEAI fence 9 -> 10 t=76.93 leave=leave
RIDEAI sit n=10 phase=approach pos=-4.1,11.2 ahead=11.55 lat=0.2 ang=1.2 along=11.6 gait=3 v=3.22 rein=0
RIDEAI sit n=10 phase=approach pos=-4.1,8.4 ahead=8.77 lat=0.26 ang=1.2 along=8.8 gait=3 v=1.4 rein=0
RIDEAI sit n=10 phase=approach pos=-4.0,6.1 ahead=6.49 lat=0.3 ang=1.2 along=6.5 gait=3 v=3.33 rein=0
RIDEAI sit n=10 phase=approach pos=-4.0,2.3 ahead=2.69 lat=0.36 ang=3.5 along=2.7 gait=3 v=3.88 rein=0
RIDEAI ASK n=10 ahead=2.56 lat=0.18 ang=3.5 charge=1.0
RIDEAI fence 10 -> 11 t=82.2 leave=leave
RIDEAI sit n=11 phase=approach pos=-4.4,-2.8 ahead=5.03 lat=0.08 ang=3.8 along=5.0 gait=3 v=2.25 rein=0
RIDEAI sit n=11 phase=approach pos=-4.5,-5.0 ahead=2.77 lat=0.08 ang=3.8 along=2.8 gait=3 v=2.25 rein=0
RIDEAI ASK n=11 ahead=2.59 lat=0.26 ang=3.8 charge=1.0
RIDEAI fence 11 -> 12 t=85.68 leave=leave
RIDEAI sit n=12 phase=land pos=-3.7,-11.2 ahead=9.71 lat=2.06 ang=21.2 along=9.6 gait=3 v=3.09 rein=-1
RIDEAI sit n=12 phase=approach pos=-0.7,-11.8 ahead=4.33 lat=0.22 ang=53.9 along=7.6 gait=3 v=3.22 rein=1
RIDEAI sit n=12 phase=approach pos=1.2,-13.0 ahead=5.75 lat=1.26 ang=12.3 along=5.6 gait=3 v=1.61 rein=1
RIDEAI sit n=12 phase=approach pos=1.8,-15.7 ahead=3.04 lat=0.48 ang=8.8 along=3.0 gait=3 v=3.83 rein=-1
RIDEAI ASK n=12 ahead=2.59 lat=0.02 ang=8.8 charge=1.0
RIDEAI fence 12 -> 13 t=91.12 leave=straight
RIDECERT trace E:/Workspace/Madison/game/../dist/traces/hk_adv_001_clear.jsonl n=97
RIDECERT hk_adv_001 style=clear success=false faults=7 jumped=12/12 t=95.18 teleported=false complete=true
RIDECERT track FAIL hk_adv_001 { "id": "hk_adv_001", "class_id": "advanced", "jump_off": false, "style": "clear", "fences_needed": 12, "fences_jumped": 12, "faults": 7, "time_sec": 95.18, "refused": [], "rails": 1, "teleported": false, "teleport_why": "", "max_speed": 5.55, "inputs_pressed": { "gait_up": 3, "gait_down": 0, "turn_left": 31, "turn_right": 19, "jump": 31, "halt": 0 }, "round_complete": true, "eliminated": false, "eliminate_reason": "", "loaded_id": "hk_adv_001", "success": false }
RIDECERT wrote E:/Workspace/Madison/game/../dist/ridecert_results.json
RIDECERT done pass=false board=0/1 filter=hk_adv_001
