Godot Engine v4.7.2.stable.official.ed1daf0bf - https://godotengine.org

FIT flatten armature scale=(100.0, 100.0, 100.0) keep_rot=(-90.0, 0.0, 0.0)
FIT length=2.25 height=1.91220223903656 scale=(0.84991, 0.84991, 0.84991)
SEAT bone=Torso bone_pos=(0.0, 1.126922, 0.286373) back_y=1.42885863780975 seat=(0.0, 1.428859, 0.286373)
TACK place crown=(-0.00755, 0.144504, 0.030855) brow=(-0.00755, 0.198728, 0.134282) nose=(-0.00755, 0.388511, -0.020858) bit=(-0.00755, 0.479225, -0.087663)
HORSE mesh=WhiteHorse anim=true seat=Torso rider_parent=Seat
RIDECERT begin
RIDECERT filter hk_adv_002
RIDECERT round hk_adv_002 class=advanced seed=1 jo=false style=clear
RIDEAI sit n=1 phase=approach pos=8.1,-31.7 ahead=6.72 lat=0.32 ang=6.0 along=6.7 gait=3 v=2.49 rein=0
RIDEAI sit n=1 phase=approach pos=8.4,-28.2 ahead=3.27 lat=0.0 ang=2.5 along=3.3 gait=3 v=3.88 rein=0
RIDEAI ASK n=1 ahead=2.55 lat=0.16 ang=2.5 charge=1.0
RIDEAI fence 1 -> 2 t=3.59 leave=
RIDEAI sit n=2 phase=land pos=7.6,-22.2 ahead=14.77 lat=14.96 ang=49.9 along=5.2 gait=3 v=3.09 rein=-1
RIDEAI sit n=2 phase=land pos=4.8,-21.6 ahead=9.84 lat=12.04 ang=109.1 along=4.7 gait=3 v=3.09 rein=0
RIDEAI sit n=2 phase=setup pos=1.3,-22.6 ahead=5.62 lat=8.66 ang=113.2 along=5.9 gait=3 v=4.56 rein=0
RIDEAI sit n=2 phase=setup pos=-3.7,-24.4 ahead=0.35 lat=3.82 ang=113.2 along=8.0 gait=3 v=4.5 rein=0
RIDEAI sit n=2 phase=approach pos=-6.4,-25.3 ahead=-0.6 lat=1.16 ang=101.0 along=9.1 gait=3 v=3.57 rein=1
RIDEAI sit n=2 phase=approach pos=-8.7,-24.4 ahead=5.8 lat=1.2 ang=38.5 along=8.4 gait=3 v=2.84 rein=1
RIDEAI sit n=2 phase=approach pos=-8.9,-22.5 ahead=6.59 lat=1.52 ang=19.2 along=6.5 gait=3 v=2.19 rein=0
RIDEAI sit n=2 phase=approach pos=-7.7,-19.5 ahead=3.43 lat=0.54 ang=12.3 along=3.4 gait=3 v=3.88 rein=-1
RIDEAI ASK n=2 ahead=2.53 lat=0.06 ang=9.9 charge=1.0
RIDEAI fence 2 -> 3 t=13.06 leave=straight
RIDEAI sit n=3 phase=approach pos=-6.7,-14.2 ahead=5.51 lat=0.2 ang=0.6 along=5.5 gait=3 v=2.09 rein=0
RIDEAI sit n=3 phase=approach pos=-6.5,-11.9 ahead=3.26 lat=0.22 ang=0.6 along=3.3 gait=3 v=2.25 rein=0
RIDEAI ASK n=3 ahead=2.58 lat=0.26 ang=0.6 charge=1.0
RIDEAI fence 3 -> 4 t=16.55 leave=leave
RIDEAI sit n=4 phase=approach pos=-6.1,-6.6 ahead=8.67 lat=0.36 ang=0.0 along=8.7 gait=3 v=1.4 rein=0
RIDEAI sit n=4 phase=approach pos=-6.0,-4.5 ahead=6.6 lat=0.36 ang=0.0 along=6.6 gait=3 v=2.25 rein=0
RIDEAI sit n=4 phase=approach pos=-5.8,-2.0 ahead=4.1 lat=0.36 ang=0.0 along=4.1 gait=3 v=3.11 rein=0
RIDEAI ASK n=4 ahead=2.57 lat=0.36 ang=0.0 charge=1.0
RIDEAI fence 4 -> 5 t=21.11 leave=leave
RIDEAI sit n=5 phase=land pos=-4.9,4.2 ahead=11.04 lat=13.24 ang=37.8 along=3.7 gait=3 v=3.09 rein=1
RIDEAI sit n=5 phase=land pos=-2.1,5.2 ahead=9.95 lat=10.5 ang=99.0 along=2.6 gait=3 v=3.09 rein=1
RIDEAI come again n=5 rein=1 pos=0.3,4.7
RIDEAI sit n=5 phase=away pos=0.8,4.4 ahead=4.8 lat=7.58 ang=120.4 along=3.4 gait=3 v=1.54 rein=1
RIDEAI sit n=5 phase=again pos=1.8,2.8 ahead=-4.11 lat=6.6 ang=171.6 along=5.1 gait=3 v=2.96 rein=1
RIDEAI sit n=5 phase=again pos=2.9,-1.1 ahead=-4.14 lat=5.5 ang=144.6 along=9.0 gait=3 v=5.26 rein=0
RIDEAI sit n=5 phase=setup pos=6.0,-5.2 ahead=-5.27 lat=2.34 ang=123.7 along=13.0 gait=3 v=3.06 rein=-1
RIDEAI sit n=5 phase=approach pos=8.7,-5.1 ahead=5.76 lat=0.36 ang=62.1 along=13.0 gait=3 v=3.87 rein=-1
RIDEAI sit n=5 phase=approach pos=9.9,-3.0 ahead=10.93 lat=1.54 ang=0.3 along=10.9 gait=3 v=3.14 rein=-1
RIDEAI sit n=5 phase=approach pos=9.6,-0.2 ahead=8.19 lat=1.2 ang=7.4 along=8.1 gait=3 v=1.67 rein=0
RIDEAI sit n=5 phase=approach pos=9.2,2.5 ahead=5.45 lat=0.84 ang=7.4 along=5.4 gait=3 v=3.83 rein=0
RIDEAI ASK n=5 ahead=2.53 lat=0.14 ang=7.4 charge=1.0
RIDEAI fence 5 -> 6 t=32.83 leave=leave
RIDEAI sit n=6 phase=land pos=8.3,9.2 ahead=10.38 lat=3.32 ang=8.3 along=11.0 gait=3 v=3.19 rein=-1
RIDEAI sit n=6 phase=land pos=5.9,10.9 ahead=6.7 lat=2.16 ang=53.0 along=8.3 gait=3 v=3.09 rein=-1
RIDEAI sit n=6 phase=approach pos=3.3,11.8 ahead=6.18 lat=0.28 ang=10.0 along=6.2 gait=3 v=1.34 rein=1
RIDEAI sit n=6 phase=approach pos=2.1,13.5 ahead=4.16 lat=0.12 ang=4.2 along=4.2 gait=3 v=3.1 rein=0
RIDEAI ASK n=6 ahead=2.54 lat=0.18 ang=4.2 charge=1.0
RIDEAI fence 6 -> 7 t=37.94 leave=leave
RIDEAI sit n=7 phase=land pos=-1.0,18.9 ahead=7.32 lat=8.46 ang=11.5 along=9.2 gait=3 v=3.09 rein=1
RIDEAI sit n=7 phase=land pos=0.4,21.5 ahead=9.85 lat=7.48 ang=49.7 along=6.4 gait=3 v=3.09 rein=1
RIDEAI sit n=7 phase=setup pos=3.5,21.4 ahead=2.01 lat=4.46 ang=111.0 along=6.0 gait=3 v=3.82 rein=1
RIDEAI sit n=7 phase=setup pos=5.2,19.5 ahead=-3.34 lat=2.42 ang=132.6 along=7.6 gait=3 v=3.14 rein=0
RIDEAI sit n=7 phase=approach pos=7.4,17.9 ahead=1.33 lat=0.04 ang=81.4 along=8.7 gait=3 v=2.42 rein=-1
RIDEAI sit n=7 phase=setup pos=9.9,19.3 ahead=5.8 lat=2.18 ang=19.0 along=6.9 gait=3 v=1.92 rein=-1
RIDEAI come again n=7 rein=-1 pos=9.6,22.0
RIDEAI sit n=7 phase=away pos=9.6,22.1 ahead=4.16 lat=1.42 ang=40.5 along=4.3 gait=3 v=3.72 rein=-1
RIDEAI sit n=7 phase=away pos=7.9,22.8 ahead=-1.69 lat=0.4 ang=110.4 along=3.8 gait=3 v=2.5 rein=-1
RIDEAI sit n=7 phase=again pos=5.8,20.8 ahead=-6.21 lat=2.08 ang=177.6 along=6.1 gait=3 v=1.92 rein=-1
RIDEAI sit n=7 phase=again pos=5.7,18.0 ahead=-8.54 lat=1.62 ang=170.1 along=9.0 gait=3 v=3.99 rein=0
RIDEAI sit n=7 phase=approach pos=6.0,13.4 ahead=-11.07 lat=0.6 ang=148.0 along=13.4 gait=3 v=2.92 rein=-1
RIDEAI sit n=7 phase=approach pos=8.2,11.9 ahead=-1.07 lat=1.9 ang=86.8 along=14.5 gait=3 v=3.91 rein=-1
RIDEAI sit n=7 phase=setup pos=10.4,12.9 ahead=10.37 lat=3.82 ang=24.4 along=13.1 gait=3 v=3.18 rein=-1
RIDEAI sit n=7 phase=setup pos=10.7,15.5 ahead=10.53 lat=3.66 ang=38.1 along=10.5 gait=3 v=2.45 rein=-1
RIDEAI sit n=7 phase=approach pos=8.4,17.3 ahead=6.32 lat=1.08 ang=53.2 along=9.1 gait=3 v=1.92 rein=1
RIDEAI sit n=7 phase=approach pos=7.9,19.0 ahead=7.52 lat=0.32 ang=4.4 along=7.5 gait=3 v=1.65 rein=0
RIDEAI sit n=7 phase=approach pos=8.2,21.8 ahead=4.76 lat=0.1 ang=4.4 along=4.8 gait=3 v=3.87 rein=0
RIDEAI ASK n=7 ahead=2.56 lat=0.26 ang=4.4 charge=1.0
RIDEAI fence 7 -> 8 t=56.48 leave=leave
RIDEAI sit n=8 phase=land pos=8.6,29.0 ahead=4.12 lat=1.34 ang=60.0 along=10.6 gait=3 v=3.09 rein=-1
RIDEAI sit n=8 phase=land pos=6.3,30.8 ahead=8.08 lat=2.78 ang=1.2 along=8.0 gait=3 v=3.09 rein=-1
RIDEAI sit n=8 phase=approach pos=3.3,30.0 ahead=5.26 lat=1.4 ang=29.8 along=5.3 gait=3 v=3.55 rein=0
RIDEAI sit n=8 phase=approach pos=1.0,29.5 ahead=3.14 lat=0.54 ang=12.6 along=3.1 gait=3 v=2.28 rein=0
RIDEAI ASK n=8 ahead=2.56 lat=0.12 ang=6.8 charge=1.0
RIDEAI fence 8 -> 9 t=61.56 leave=leave
RIDEAI sit n=9 phase=land pos=-4.7,28.9 ahead=13.3 lat=0.94 ang=45.6 along=20.0 gait=3 v=3.09 rein=-1
RIDEAI sit n=9 phase=land pos=-5.6,26.0 ahead=17.16 lat=1.68 ang=8.5 along=17.1 gait=3 v=3.09 rein=0
RIDEAI sit n=9 phase=approach pos=-5.2,22.5 ahead=13.61 lat=1.16 ang=8.5 along=13.6 gait=3 v=4.45 rein=0
RIDEAI sit n=9 phase=approach pos=-4.5,17.4 ahead=8.48 lat=0.4 ang=8.5 along=8.5 gait=3 v=3.92 rein=0
RIDEAI sit n=9 phase=approach pos=-4.4,14.9 ahead=6.03 lat=0.18 ang=3.9 along=6.0 gait=3 v=2.98 rein=0
RIDEAI ASK n=9 ahead=2.57 lat=0.22 ang=3.9 charge=1.0
RIDEAI fence 9 -> 10 t=68.69 leave=leave
RIDEAI sit n=10 phase=land pos=-4.1,8.3 ahead=7.34 lat=8.68 ang=6.6 along=6.4 gait=3 v=3.74 rein=-1
RIDEAI sit n=10 phase=land pos=-2.4,5.8 ahead=7.87 lat=6.88 ang=67.8 along=4.0 gait=3 v=3.09 rein=-1
RIDEAI sit n=10 phase=land pos=0.5,6.2 ahead=0.27 lat=3.96 ang=129.1 along=4.5 gait=3 v=3.09 rein=-1
RIDEAI sit n=10 phase=setup pos=2.4,8.4 ahead=-4.15 lat=2.18 ang=144.4 along=6.7 gait=3 v=1.44 rein=0
RIDEAI sit n=10 phase=approach pos=4.5,9.4 ahead=0.3 lat=0.1 ang=88.5 along=7.7 gait=3 v=3.5 rein=1
RIDEAI sit n=10 phase=setup pos=8.1,9.4 ahead=-6.44 lat=3.58 ang=114.0 along=7.8 gait=3 v=3.17 rein=-1
RIDEAI sit n=10 phase=setup pos=9.4,11.4 ahead=-10.17 lat=4.84 ang=175.5 along=9.8 gait=3 v=3.41 rein=-1
RIDEAI sit n=10 phase=setup pos=8.5,13.7 ahead=-3.22 lat=3.8 ang=122.1 along=12.1 gait=3 v=2.68 rein=-1
RIDEAI sit n=10 phase=approach pos=5.7,14.0 ahead=7.09 lat=1.02 ang=59.7 along=12.3 gait=3 v=1.96 rein=-1
RIDEAI sit n=10 phase=approach pos=4.4,11.3 ahead=9.55 lat=0.24 ang=2.5 along=9.6 gait=3 v=4.26 rein=0
RIDEAI sit n=10 phase=approach pos=4.2,9.0 ahead=7.28 lat=0.34 ang=2.5 along=7.3 gait=3 v=2.49 rein=0
RIDEAI sit n=10 phase=approach pos=4.1,5.5 ahead=3.84 lat=0.34 ang=1.0 along=3.8 gait=3 v=3.88 rein=0
RIDEAI ASK n=10 ahead=2.55 lat=0.28 ang=1.0 charge=1.0
RIDEAI fence 10 -> 11 t=81.5 leave=leave
RIDEAI sit n=11 phase=approach pos=4.1,-0.4 ahead=8.71 lat=0.58 ang=4.4 along=8.7 gait=3 v=1.4 rein=0
RIDEAI sit n=11 phase=approach pos=4.1,-2.4 ahead=6.66 lat=0.42 ang=4.4 along=6.6 gait=3 v=2.25 rein=0
RIDEAI sit n=11 phase=approach pos=4.1,-4.9 ahead=4.18 lat=0.24 ang=4.4 along=4.2 gait=3 v=3.11 rein=0
RIDEAI ASK n=11 ahead=2.55 lat=0.08 ang=4.4 charge=1.0
RIDEAI fence 11 -> 12 t=86.05 leave=leave
RIDEAI sit n=12 phase=approach pos=4.1,-11.3 ahead=5.25 lat=0.42 ang=1.5 along=5.2 gait=3 v=1.55 rein=0
RIDEAI sit n=12 phase=approach pos=4.2,-13.5 ahead=3.1 lat=0.36 ang=1.5 along=3.1 gait=3 v=2.25 rein=0
RIDEAI ASK n=12 ahead=2.57 lat=0.28 ang=1.5 charge=1.0
RIDEAI fence 12 -> 13 t=89.23 leave=leave
RIDECERT trace E:/Workspace/Madison/game/../dist/traces/hk_adv_002_clear.jsonl n=97
RIDECERT hk_adv_002 style=clear success=false faults=3 jumped=12/12 t=93.64 teleported=false complete=true
RIDECERT track FAIL hk_adv_002 { "id": "hk_adv_002", "class_id": "advanced", "jump_off": false, "style": "clear", "fences_needed": 12, "fences_jumped": 12, "faults": 3, "time_sec": 93.64, "refused": [], "rails": 0, "teleported": false, "teleport_why": "", "max_speed": 5.55, "inputs_pressed": { "gait_up": 3, "gait_down": 0, "turn_left": 32, "turn_right": 38, "jump": 30, "halt": 0 }, "round_complete": true, "eliminated": false, "eliminate_reason": "", "loaded_id": "hk_adv_002", "success": false }
RIDECERT wrote E:/Workspace/Madison/game/../dist/ridecert_results.json
RIDECERT done pass=false board=0/1 filter=hk_adv_002
