Godot Engine v4.7.2.stable.official.ed1daf0bf - https://godotengine.org

FIT flatten armature scale=(100.0, 100.0, 100.0) keep_rot=(-90.0, 0.0, 0.0)
FIT length=2.25 height=1.91220223903656 scale=(0.84991, 0.84991, 0.84991)
SEAT bone=Torso bone_pos=(0.0, 1.126922, 0.286373) back_y=1.42885863780975 seat=(0.0, 1.428859, 0.286373)
TACK place crown=(-0.00755, 0.144504, 0.030855) brow=(-0.00755, 0.198728, 0.134282) nose=(-0.00755, 0.388511, -0.020858) bit=(-0.00755, 0.479225, -0.087663)
HORSE mesh=WhiteHorse anim=true seat=Torso rider_parent=Seat
RIDECERT begin
RIDECERT filter hk_beg_035
RIDECERT round hk_beg_035 class=beginner seed=0 jo=false style=clear
RIDEAI sit n=1 phase=approach pos=8.7,-30.6 ahead=7.47 lat=0.02 ang=3.7 along=7.5 gait=3 v=1.48 rein=-1
RIDEAI sit n=1 phase=approach pos=8.8,-28.3 ahead=5.26 lat=0.06 ang=1.4 along=5.3 gait=3 v=3.29 rein=0
RIDEAI ASK n=1 ahead=2.55 lat=0.2 ang=1.4 charge=1.0
RIDEAI fence 1 -> 2 t=4.14 leave=straight
RIDEAI sit n=2 phase=land pos=8.8,-21.7 ahead=13.23 lat=16.72 ang=19.0 along=8.2 gait=3 v=3.09 rein=-1
RIDEAI sit n=2 phase=land pos=6.7,-19.7 ahead=15.34 lat=14.46 ang=80.2 along=6.4 gait=3 v=3.09 rein=-1
RIDEAI sit n=2 phase=land pos=3.5,-19.9 ahead=9.91 lat=11.34 ang=100.6 along=6.8 gait=3 v=3.33 rein=0
RIDEAI sit n=2 phase=setup pos=-0.9,-20.6 ahead=4.76 lat=6.98 ang=104.7 along=7.8 gait=3 v=5.55 rein=0
RIDEAI sit n=2 phase=setup pos=-5.2,-21.5 ahead=-0.31 lat=2.72 ang=108.8 along=9.0 gait=3 v=2.19 rein=0
RIDEAI sit n=2 phase=approach pos=-8.1,-21.4 ahead=3.7 lat=0.2 ang=64.8 along=9.1 gait=3 v=1.92 rein=1
RIDEAI sit n=2 phase=approach pos=-9.1,-19.7 ahead=7.51 lat=1.32 ang=0.2 along=7.5 gait=3 v=1.34 rein=1
RIDEAI sit n=2 phase=approach pos=-8.5,-17.5 ahead=5.3 lat=0.84 ang=12.6 along=5.2 gait=3 v=3.41 rein=0
RIDEAI ASK n=2 ahead=2.57 lat=0.02 ang=7.9 charge=1.0
RIDEAI fence 2 -> 3 t=13.56 leave=leave
RIDEAI sit n=3 phase=land pos=-6.9,-11.0 ahead=15.96 lat=15.6 ang=28.3 along=9.7 gait=3 v=3.09 rein=1
RIDEAI sit n=3 phase=land pos=-4.4,-9.4 ahead=14.92 lat=13.08 ang=72.2 along=8.1 gait=3 v=3.22 rein=0
RIDEAI sit n=3 phase=land pos=-1.3,-8.4 ahead=11.7 lat=10.0 ang=72.2 along=7.1 gait=3 v=3.33 rein=0
RIDEAI sit n=3 phase=setup pos=3.1,-8.5 ahead=2.22 lat=5.64 ang=114.0 along=7.2 gait=3 v=5.33 rein=0
RIDEAI sit n=3 phase=setup pos=6.3,-10.0 ahead=-1.36 lat=2.38 ang=114.0 along=8.7 gait=3 v=2.5 rein=0
RIDEAI sit n=3 phase=approach pos=9.2,-10.3 ahead=3.38 lat=0.48 ang=64.9 along=9.0 gait=3 v=1.92 rein=-1
RIDEAI sit n=3 phase=approach pos=10.4,-8.5 ahead=7.12 lat=1.72 ang=1.5 along=7.2 gait=3 v=1.65 rein=-1
RIDEAI sit n=3 phase=approach pos=10.0,-6.9 ahead=5.66 lat=1.24 ang=20.4 along=5.6 gait=3 v=2.28 rein=0
RIDEAI ASK n=3 ahead=2.54 lat=0.06 ang=9.9 charge=1.0
RIDEAI fence 3 -> 4 t=23.24 leave=leave
RIDEAI sit n=4 phase=jump pos=8.6,-0.9 ahead=10.29 lat=0.12 ang=9.9 along=10.5 gait=3 v=3.88 rein=0
RIDEAI sit n=4 phase=approach pos=8.5,1.4 ahead=8.18 lat=0.26 ang=2.7 along=8.2 gait=3 v=2.01 rein=0
RIDEAI sit n=4 phase=approach pos=8.4,3.6 ahead=5.96 lat=0.36 ang=0.8 along=6.0 gait=3 v=2.25 rein=0
RIDEAI sit n=4 phase=approach pos=8.4,6.5 ahead=3.1 lat=0.32 ang=0.8 along=3.1 gait=3 v=3.76 rein=0
RIDEAI ASK n=4 ahead=2.58 lat=0.28 ang=0.8 charge=1.0
RIDEAI fence 4 -> 5 t=27.81 leave=straight
RIDEAI sit n=5 phase=approach pos=8.5,12.0 ahead=8.42 lat=0.24 ang=0.8 along=8.4 gait=3 v=1.71 rein=0
RIDEAI sit n=5 phase=approach pos=8.5,14.2 ahead=6.22 lat=0.22 ang=0.8 along=6.2 gait=3 v=2.25 rein=0
RIDEAI sit n=5 phase=approach pos=8.5,16.8 ahead=3.56 lat=0.18 ang=0.8 along=3.6 gait=3 v=3.41 rein=0
RIDEAI ASK n=5 ahead=2.57 lat=0.12 ang=0.8 charge=1.0
RIDEAI fence 5 -> 6 t=32.35 leave=straight
RIDEAI sit n=6 phase=land pos=7.8,22.9 ahead=6.93 lat=5.92 ang=45.3 along=3.9 gait=3 v=3.09 rein=-1
RIDEAI sit n=6 phase=land pos=4.9,23.7 ahead=2.04 lat=3.06 ang=106.5 along=3.2 gait=3 v=3.09 rein=-1
RIDEAI come again n=6 rein=-1 pos=4.4,23.5
RIDEAI sit n=6 phase=again pos=3.6,22.4 ahead=-4.13 lat=1.74 ang=169.6 along=4.5 gait=3 v=2.15 rein=0
RIDEAI sit n=6 phase=again pos=2.9,19.2 ahead=-7.44 lat=1.14 ang=169.6 along=7.8 gait=3 v=4.45 rein=0
RIDEAI sit n=6 phase=approach pos=1.7,14.1 ahead=-11.98 lat=0.14 ang=159.1 along=12.9 gait=3 v=4.35 rein=1
RIDEAI sit n=6 phase=approach pos=-0.6,12.6 ahead=-3.62 lat=2.02 ang=96.4 along=14.5 gait=3 v=3.53 rein=1
RIDEAI sit n=6 phase=setup pos=-2.8,13.7 ahead=8.77 lat=4.32 ang=34.0 along=13.5 gait=3 v=2.8 rein=1
RIDEAI sit n=6 phase=setup pos=-3.0,16.4 ahead=11.65 lat=4.58 ang=28.4 along=10.8 gait=3 v=2.07 rein=1
RIDEAI sit n=6 phase=setup pos=-0.4,17.7 ahead=1.91 lat=2.04 ang=90.8 along=9.4 gait=3 v=2.28 rein=1
RIDEAI sit n=6 phase=approach pos=1.8,19.0 ahead=6.8 lat=0.1 ang=31.6 along=8.0 gait=3 v=3.72 rein=-1
RIDEAI sit n=6 phase=approach pos=2.2,21.0 ahead=5.96 lat=0.44 ang=1.6 along=6.0 gait=3 v=2.41 rein=0
RIDEAI sit n=6 phase=approach pos=2.3,24.4 ahead=2.57 lat=0.36 ang=1.6 along=2.6 gait=3 v=3.88 rein=0
RIDEAI ASK n=6 ahead=2.57 lat=0.28 ang=1.6 charge=1.0
RIDEAI fence 6 -> 7 t=45.51 leave=straight
RIDEAI sit n=7 phase=land pos=0.8,30.1 ahead=-5.77 lat=5.4 ang=115.3 along=24.9 gait=3 v=3.09 rein=-1
RIDEAI sit n=7 phase=land pos=-2.1,30.0 ahead=16.47 lat=2.48 ang=54.1 along=24.6 gait=3 v=3.09 rein=-1
RIDEAI sit n=7 phase=approach pos=-3.8,26.8 ahead=21.25 lat=1.1 ang=6.1 along=21.3 gait=3 v=4.85 rein=0
RIDEAI sit n=7 phase=approach pos=-4.8,21.4 ahead=15.8 lat=0.54 ang=6.1 along=15.8 gait=3 v=5.55 rein=0
RIDEAI sit n=7 phase=approach pos=-5.9,16.0 ahead=10.25 lat=0.06 ang=6.1 along=10.3 gait=3 v=5.55 rein=0
RIDEAI sit n=7 phase=approach pos=-6.4,12.7 ahead=6.98 lat=0.3 ang=0.2 along=7.0 gait=3 v=2.41 rein=0
RIDEAI sit n=7 phase=approach pos=-6.7,9.4 ahead=3.7 lat=0.32 ang=0.2 along=3.7 gait=3 v=3.88 rein=0
RIDEAI ASK n=7 ahead=2.54 lat=0.34 ang=0.2 charge=1.0
RIDEAI fence 7 -> 8 t=54.23 leave=straight
RIDEAI sit n=8 phase=land pos=-6.5,3.2 ahead=18.92 lat=13.18 ang=41.3 along=13.6 gait=3 v=3.09 rein=-1
RIDEAI sit n=8 phase=land pos=-3.9,1.4 ahead=14.71 lat=10.46 ang=63.8 along=12.0 gait=3 v=3.22 rein=0
RIDEAI sit n=8 phase=setup pos=-0.9,-0.3 ahead=10.76 lat=7.3 ang=67.9 along=10.6 gait=3 v=4.29 rein=0
RIDEAI sit n=8 phase=setup pos=3.2,-2.4 ahead=5.72 lat=3.04 ang=71.3 along=8.9 gait=3 v=2.35 rein=0
RIDEAI sit n=8 phase=approach pos=5.3,-3.7 ahead=6.6 lat=0.88 ang=38.0 along=7.7 gait=3 v=3.41 rein=1
RIDEAI sit n=8 phase=approach pos=5.7,-5.9 ahead=5.58 lat=0.24 ang=4.5 along=5.6 gait=3 v=2.22 rein=0
RIDEAI ASK n=8 ahead=2.53 lat=0.2 ang=4.5 charge=1.0
RIDEAI fence 8 -> 9 t=62.29 leave=leave
RIDECERT trace E:/Workspace/Madison/game/../dist/traces/hk_beg_035_clear.jsonl n=70
RIDECERT hk_beg_035 style=clear success=true faults=0 jumped=8/8 t=67.63 teleported=false complete=true
RIDECERT wrote E:/Workspace/Madison/game/../dist/ridecert_results.json
RIDECERT done pass=true board=1/1 filter=hk_beg_035
