Godot Engine v4.7.2.stable.official.ed1daf0bf - https://godotengine.org

FIT flatten armature scale=(100.0, 100.0, 100.0) keep_rot=(-90.0, 0.0, 0.0)
FIT length=2.25 height=1.91220223903656 scale=(0.84991, 0.84991, 0.84991)
SEAT bone=Torso bone_pos=(0.0, 1.126922, 0.286373) back_y=1.42885863780975 seat=(0.0, 1.428859, 0.286373)
TACK place crown=(-0.00755, 0.144504, 0.030855) brow=(-0.00755, 0.198728, 0.134282) nose=(-0.00755, 0.388511, -0.020858) bit=(-0.00755, 0.479225, -0.087663)
HORSE mesh=WhiteHorse anim=true seat=Torso rider_parent=Seat
RIDECERT begin
RIDECERT filter hk_int_005
RIDECERT round hk_int_005 class=intermediate seed=2 jo=false style=clear
RIDEAI sit n=1 phase=approach pos=6.7,-30.7 ahead=7.96 lat=0.16 ang=3.7 along=8.0 gait=3 v=1.34 rein=0
RIDEAI sit n=1 phase=approach pos=6.9,-28.3 ahead=5.64 lat=0.0 ang=3.7 along=5.7 gait=3 v=3.41 rein=0
RIDEAI ASK n=1 ahead=2.53 lat=0.12 ang=0.9 charge=1.0
RIDEAI fence 1 -> 2 t=4.24 leave=leave
RIDEAI sit n=2 phase=land pos=6.9,-21.6 ahead=10.25 lat=16.26 ang=15.2 along=6.2 gait=3 v=3.39 rein=-1
RIDEAI sit n=2 phase=land pos=4.9,-19.4 ahead=14.71 lat=14.14 ang=76.4 along=4.2 gait=3 v=3.09 rein=-1
RIDEAI sit n=2 phase=land pos=2.0,-20.1 ahead=3.89 lat=11.32 ang=137.7 along=5.1 gait=3 v=3.09 rein=-1
RIDEAI sit n=2 phase=setup pos=-0.7,-23.2 ahead=-1.53 lat=8.78 ang=143.8 along=8.3 gait=3 v=5.28 rein=0
RIDEAI sit n=2 phase=setup pos=-3.7,-25.8 ahead=3.48 lat=5.98 ang=102.3 along=11.1 gait=3 v=2.34 rein=1
RIDEAI sit n=2 phase=setup pos=-6.6,-25.2 ahead=5.05 lat=3.02 ang=78.8 along=10.7 gait=3 v=2.0 rein=0
RIDEAI sit n=2 phase=approach pos=-9.2,-24.0 ahead=7.04 lat=0.42 ang=45.8 along=9.7 gait=3 v=3.72 rein=1
RIDEAI sit n=2 phase=approach pos=-9.6,-22.3 ahead=8.05 lat=0.16 ang=2.0 along=8.1 gait=3 v=1.96 rein=0
RIDEAI sit n=2 phase=approach pos=-9.5,-19.3 ahead=5.01 lat=0.26 ang=2.0 along=5.0 gait=3 v=3.88 rein=0
RIDEAI ASK n=2 ahead=2.57 lat=0.24 ang=1.5 charge=1.0
RIDEAI fence 2 -> 3 t=14.46 leave=leave
RIDEAI sit n=3 phase=approach pos=-9.0,-12.7 ahead=9.21 lat=0.3 ang=2.0 along=9.2 gait=3 v=2.45 rein=0
RIDEAI sit n=3 phase=approach pos=-8.8,-10.8 ahead=7.35 lat=0.22 ang=2.0 along=7.3 gait=3 v=2.25 rein=0
RIDEAI sit n=3 phase=approach pos=-8.6,-8.6 ahead=5.08 lat=0.14 ang=2.0 along=5.1 gait=3 v=2.56 rein=0
RIDEAI ASK n=3 ahead=2.57 lat=0.04 ang=2.0 charge=1.0
RIDEAI fence 3 -> 4 t=19.02 leave=leave
RIDEAI sit n=4 phase=approach pos=-8.0,-2.3 ahead=9.6 lat=0.08 ang=2.0 along=9.6 gait=3 v=3.24 rein=0
RIDEAI sit n=4 phase=approach pos=-7.8,-0.4 ahead=7.65 lat=0.14 ang=2.0 along=7.7 gait=3 v=2.25 rein=0
RIDEAI sit n=4 phase=approach pos=-7.6,1.8 ahead=5.4 lat=0.22 ang=2.0 along=5.4 gait=3 v=2.25 rein=0
RIDEAI ASK n=4 ahead=2.59 lat=0.16 ang=2.6 charge=1.0
RIDEAI fence 4 -> 5 t=23.57 leave=leave
RIDEAI sit n=5 phase=land pos=-7.3,8.0 ahead=9.84 lat=14.16 ang=5.9 along=8.4 gait=3 v=3.64 rein=1
RIDEAI sit n=5 phase=land pos=-5.5,10.4 ahead=13.75 lat=12.38 ang=67.2 along=6.0 gait=3 v=3.09 rein=1
RIDEAI sit n=5 phase=land pos=-2.6,9.9 ahead=3.4 lat=9.46 ang=128.4 along=6.5 gait=3 v=3.09 rein=1
RIDEAI sit n=5 phase=setup pos=-1.2,8.2 ahead=-1.7 lat=8.04 ang=143.0 along=8.2 gait=3 v=2.01 rein=0
RIDEAI sit n=5 phase=setup pos=0.7,5.9 ahead=-1.7 lat=6.2 ang=128.5 along=10.5 gait=3 v=2.99 rein=-1
RIDEAI sit n=5 phase=setup pos=3.0,5.6 ahead=5.54 lat=3.8 ang=80.5 along=10.8 gait=3 v=3.45 rein=0
RIDEAI sit n=5 phase=approach pos=5.7,6.2 ahead=6.26 lat=1.18 ang=59.0 along=10.2 gait=3 v=2.8 rein=-1
RIDEAI sit n=5 phase=approach pos=7.1,8.5 ahead=7.86 lat=0.24 ang=1.8 along=7.9 gait=3 v=1.42 rein=0
RIDEAI sit n=5 phase=approach pos=7.2,11.1 ahead=5.31 lat=0.32 ang=1.8 along=5.3 gait=3 v=3.64 rein=0
RIDEAI ASK n=5 ahead=2.56 lat=0.26 ang=1.7 charge=1.0
RIDEAI fence 5 -> 6 t=33.81 leave=leave
RIDEAI sit n=6 phase=land pos=6.9,18.2 ahead=14.02 lat=16.46 ang=22.1 along=8.5 gait=3 v=3.09 rein=-1
RIDEAI sit n=6 phase=land pos=4.7,20.1 ahead=14.79 lat=14.1 ang=83.3 along=6.7 gait=3 v=3.09 rein=-1
RIDEAI sit n=6 phase=land pos=1.5,19.9 ahead=9.62 lat=10.98 ang=99.7 along=7.1 gait=3 v=3.33 rein=0
RIDEAI sit n=6 phase=setup pos=-2.9,19.2 ahead=4.47 lat=6.58 ang=103.7 along=8.1 gait=3 v=5.55 rein=0
RIDEAI sit n=6 phase=setup pos=-7.0,18.5 ahead=-0.39 lat=2.52 ang=107.8 along=9.1 gait=3 v=2.34 rein=0
RIDEAI sit n=6 phase=approach pos=-9.9,18.8 ahead=4.37 lat=0.38 ang=58.7 along=9.0 gait=3 v=1.92 rein=1
RIDEAI sit n=6 phase=approach pos=-10.7,20.4 ahead=7.54 lat=1.28 ang=6.7 along=7.4 gait=3 v=1.42 rein=1
RIDEAI sit n=6 phase=approach pos=-10.0,22.9 ahead=5.0 lat=0.74 ang=12.5 along=5.0 gait=3 v=3.64 rein=0
RIDEAI ASK n=6 ahead=2.56 lat=0.04 ang=7.9 charge=1.0
RIDEAI fence 6 -> 7 t=43.13 leave=leave
RIDEAI sit n=7 phase=land pos=-8.3,29.3 ahead=6.21 lat=8.36 ang=34.0 along=1.9 gait=3 v=3.09 rein=1
RIDEAI sit n=7 phase=land pos=-5.7,30.5 ahead=5.59 lat=5.68 ang=95.3 along=0.6 gait=3 v=3.09 rein=1
RIDEAI come again n=7 rein=1 pos=-3.3,28.9
RIDEAI sit n=7 phase=again pos=-3.3,28.8 ahead=-0.67 lat=3.28 ang=153.7 along=2.4 gait=3 v=3.13 rein=1
RIDEAI sit n=7 phase=again pos=-2.6,26.5 ahead=-3.89 lat=2.62 ang=164.9 along=4.7 gait=3 v=3.34 rein=0
RIDEAI sit n=7 phase=again pos=-1.3,22.1 ahead=-8.4 lat=1.44 ang=164.9 along=9.1 gait=3 v=5.55 rein=0
RIDEAI sit n=7 phase=approach pos=0.3,17.7 ahead=-9.91 lat=0.08 ang=136.7 along=13.5 gait=3 v=1.92 rein=-1
RIDEAI sit n=7 phase=setup pos=2.3,17.0 ahead=0.65 lat=2.16 ang=78.8 along=14.2 gait=3 v=1.34 rein=-1
RIDEAI sit n=7 phase=setup pos=3.7,18.7 ahead=11.6 lat=3.5 ang=11.4 along=12.5 gait=3 v=3.31 rein=-1
RIDEAI sit n=7 phase=setup pos=2.9,21.2 ahead=8.49 lat=2.76 ang=51.0 along=10.1 gait=3 v=2.57 rein=-1
RIDEAI sit n=7 phase=approach pos=0.6,22.9 ahead=7.76 lat=0.46 ang=25.1 along=8.4 gait=3 v=1.63 rein=1
RIDEAI sit n=7 phase=approach pos=0.3,24.6 ahead=6.64 lat=0.26 ang=4.1 along=6.6 gait=3 v=2.6 rein=0
RIDEAI sit n=7 phase=approach pos=0.0,28.1 ahead=3.1 lat=0.02 ang=4.1 along=3.1 gait=3 v=3.88 rein=0
RIDEAI ASK n=7 ahead=2.58 lat=0.22 ang=4.1 charge=1.0
RIDEAI fence 7 -> 8 t=56.06 leave=leave
RIDEAI sit n=8 phase=land pos=-1.6,34.3 ahead=-7.01 lat=2.84 ang=123.3 along=17.1 gait=3 v=3.09 rein=-1
RIDEAI sit n=8 phase=land pos=-4.6,34.4 ahead=7.97 lat=0.1 ang=62.0 along=17.2 gait=3 v=3.09 rein=-1
RIDEAI sit n=8 phase=approach pos=-6.1,31.7 ahead=14.55 lat=1.68 ang=1.2 along=14.5 gait=3 v=2.1 rein=-1
RIDEAI sit n=8 phase=approach pos=-6.0,29.7 ahead=12.51 lat=1.52 ang=4.7 along=12.4 gait=3 v=3.06 rein=0
RIDEAI sit n=8 phase=approach pos=-5.6,25.7 ahead=8.59 lat=1.2 ang=4.7 along=8.5 gait=3 v=2.89 rein=0
RIDEAI sit n=8 phase=approach pos=-5.3,23.6 ahead=6.41 lat=0.88 ang=9.4 along=6.4 gait=3 v=3.06 rein=0
RIDEAI sit n=8 phase=approach pos=-4.7,19.9 ahead=2.67 lat=0.28 ang=9.4 along=2.7 gait=3 v=3.88 rein=0
RIDEAI ASK n=8 ahead=2.54 lat=0.16 ang=9.4 charge=1.0
RIDEAI fence 8 -> 9 t=64.37 leave=leave
RIDEAI sit n=9 phase=land pos=-2.4,14.5 ahead=7.0 lat=5.18 ang=71.4 along=6.5 gait=3 v=3.09 rein=-1
RIDEAI sit n=9 phase=setup pos=0.5,15.0 ahead=-3.16 lat=2.32 ang=132.7 along=7.2 gait=3 v=3.09 rein=-1
RIDEAI sit n=9 phase=approach pos=2.6,16.1 ahead=0.81 lat=0.3 ang=86.5 along=8.4 gait=3 v=1.61 rein=1
RIDEAI sit n=9 phase=approach pos=4.3,14.4 ahead=6.01 lat=1.5 ang=17.7 along=6.8 gait=3 v=2.46 rein=1
RIDEAI sit n=9 phase=approach pos=3.8,12.6 ahead=4.99 lat=1.08 ang=21.9 along=4.9 gait=3 v=2.83 rein=0
RIDEAI ASK n=9 ahead=2.59 lat=0.1 ang=6.8 charge=1.0
RIDEAI fence 9 -> 10 t=71.44 leave=leave
RIDEAI sit n=10 phase=land pos=2.2,6.3 ahead=30.34 lat=8.04 ang=13.1 along=29.3 gait=3 v=3.22 rein=0
RIDEAI sit n=10 phase=land pos=1.7,3.1 ahead=27.12 lat=7.3 ang=13.1 along=26.1 gait=3 v=3.22 rein=0
RIDEAI sit n=10 phase=land pos=0.8,0.0 ahead=23.84 lat=6.24 ang=20.2 along=23.1 gait=3 v=3.37 rein=0
RIDEAI sit n=10 phase=setup pos=-0.8,-4.2 ahead=19.09 lat=4.46 ang=24.3 along=18.9 gait=3 v=5.55 rein=0
RIDEAI sit n=10 phase=setup pos=-2.9,-9.4 ahead=13.54 lat=2.18 ang=24.3 along=13.9 gait=3 v=5.55 rein=0
RIDEAI sit n=10 phase=approach pos=-4.0,-14.6 ahead=8.63 lat=0.78 ang=13.1 along=8.7 gait=3 v=4.21 rein=0
RIDEAI sit n=10 phase=approach pos=-4.3,-17.1 ahead=6.18 lat=0.4 ang=7.3 along=6.2 gait=3 v=2.91 rein=0
RIDEAI ASK n=10 ahead=2.57 lat=0.12 ang=3.8 charge=1.0
RIDEAI fence 10 -> 11 t=80.15 leave=leave
RIDECERT trace E:/Workspace/Madison/game/../dist/traces/hk_int_005_clear.jsonl n=85
RIDECERT hk_int_005 style=clear success=true faults=0 jumped=10/10 t=83.35 teleported=false complete=true
RIDECERT wrote E:/Workspace/Madison/game/../dist/ridecert_results.json
RIDECERT done pass=true board=1/1 filter=hk_int_005
