Godot Engine v4.7.2.stable.official.ed1daf0bf - https://godotengine.org

FIT flatten armature scale=(100.0, 100.0, 100.0) keep_rot=(-90.0, 0.0, 0.0)
FIT length=2.25 height=1.91220223903656 scale=(0.84991, 0.84991, 0.84991)
SEAT bone=Torso bone_pos=(0.0, 1.126922, 0.286373) back_y=1.42885863780975 seat=(0.0, 1.428859, 0.286373)
TACK place crown=(-0.00755, 0.144504, 0.030855) brow=(-0.00755, 0.198728, 0.134282) nose=(-0.00755, 0.388511, -0.020858) bit=(-0.00755, 0.479225, -0.087663)
HORSE mesh=WhiteHorse anim=true seat=Torso rider_parent=Seat
RIDECERT begin
RIDECERT filter hk_int_005
RIDECERT round hk_int_005 class=intermediate seed=2 jo=false style=clear
RIDEAI sit n=1 phase=setup pos=2.0,-30.9 ahead=7.46 lat=4.82 ang=68.8 along=8.2 gait=3
RIDEAI sit n=1 phase=approach pos=6.4,-31.0 ahead=2.75 lat=0.46 ang=73.8 along=8.3 gait=3
RIDEAI sit n=1 phase=approach pos=7.1,-29.9 ahead=7.22 lat=0.22 ang=0.8 along=7.2 gait=3
RIDEAI sit n=1 phase=approach pos=7.1,-27.2 ahead=4.53 lat=0.26 ang=0.8 along=4.5 gait=3
RIDEAI ASK n=1 ahead=2.59 lat=0.32 ang=0.8 charge=1.0
RIDEAI fence 1 -> 2 t=5.92 leave=leave
RIDEAI sit n=2 phase=land pos=6.7,-20.8 ahead=13.96 lat=16.06 ang=37.0 along=5.4 gait=3
RIDEAI sit n=2 phase=land pos=4.0,-19.7 ahead=11.4 lat=13.3 ang=107.0 along=4.5 gait=3
RIDEAI sit n=2 phase=setup pos=1.5,-21.6 ahead=2.79 lat=10.86 ang=136.1 along=6.6 gait=3
RIDEAI sit n=2 phase=setup pos=-2.1,-25.0 ahead=-0.84 lat=7.58 ang=130.3 along=10.2 gait=3
RIDEAI sit n=2 phase=setup pos=-7.1,-25.3 ahead=5.15 lat=2.52 ang=75.5 along=10.8 gait=3
RIDEAI sit n=2 phase=approach pos=-9.2,-23.6 ahead=9.29 lat=0.36 ang=5.1 along=9.3 gait=3
RIDEAI sit n=2 phase=approach pos=-9.2,-21.8 ahead=7.54 lat=0.22 ang=5.1 along=7.5 gait=3
RIDEAI sit n=2 phase=approach pos=-9.3,-18.3 ahead=4.04 lat=0.08 ang=1.1 along=4.0 gait=3
RIDEAI ASK n=2 ahead=2.55 lat=0.16 ang=1.1 charge=1.0
RIDEAI fence 2 -> 3 t=15.23 leave=straight
RIDEAI sit n=3 phase=approach pos=-9.0,-12.7 ahead=8.49 lat=0.44 ang=0.5 along=8.5 gait=3
RIDEAI sit n=3 phase=approach pos=-8.9,-11.8 ahead=7.62 lat=0.42 ang=0.5 along=7.6 gait=3
RIDEAI sit n=3 phase=approach pos=-8.8,-9.8 ahead=5.62 lat=0.4 ang=0.5 along=5.6 gait=3
RIDEAI ASK n=3 ahead=2.53 lat=0.36 ang=0.5 charge=1.0
RIDEAI fence 3 -> 4 t=20.1 leave=leave
RIDEAI sit n=4 phase=approach pos=-8.5,-3.3 ahead=9.95 lat=0.34 ang=0.5 along=9.9 gait=3
RIDEAI sit n=4 phase=approach pos=-8.4,-1.8 ahead=8.43 lat=0.34 ang=0.5 along=8.4 gait=3
RIDEAI sit n=4 phase=approach pos=-8.4,-0.7 ahead=7.38 lat=0.32 ang=0.5 along=7.4 gait=3
RIDEAI sit n=4 phase=approach pos=-8.2,1.9 ahead=4.78 lat=0.3 ang=0.5 along=4.8 gait=3
RIDEAI ASK n=4 ahead=2.58 lat=0.26 ang=0.5 charge=1.0
RIDEAI fence 4 -> 5 t=25.24 leave=leave
RIDEAI sit n=5 phase=land pos=-7.6,8.4 ahead=14.44 lat=14.42 ang=32.0 along=8.0 gait=3
RIDEAI sit n=5 phase=land pos=-4.9,9.5 ahead=10.04 lat=11.74 ang=102.0 along=6.9 gait=3
RIDEAI sit n=5 phase=setup pos=-2.3,7.7 ahead=0.64 lat=9.12 ang=133.4 along=8.7 gait=3
RIDEAI sit n=5 phase=setup pos=1.8,5.6 ahead=5.4 lat=5.04 ang=88.0 along=10.8 gait=3
RIDEAI sit n=5 phase=approach pos=6.4,6.6 ahead=6.84 lat=0.48 ang=48.8 along=9.8 gait=3
RIDEAI sit n=5 phase=approach pos=6.7,7.9 ahead=8.53 lat=0.12 ang=3.6 along=8.5 gait=3
RIDEAI sit n=5 phase=approach pos=6.9,10.6 ahead=5.82 lat=0.06 ang=3.6 along=5.8 gait=3
RIDEAI ASK n=5 ahead=2.54 lat=0.18 ang=0.4 charge=1.0
RIDEAI fence 5 -> 6 t=33.94 leave=straight
RIDEAI sit n=6 phase=land pos=7.0,17.8 ahead=12.52 lat=16.54 ang=13.7 along=8.9 gait=3
RIDEAI sit n=6 phase=land pos=4.9,19.8 ahead=15.01 lat=14.32 ang=83.6 along=6.9 gait=3
RIDEAI sit n=6 phase=land pos=1.7,19.7 ahead=10.11 lat=11.18 ang=97.6 along=7.3 gait=3
RIDEAI sit n=6 phase=setup pos=-2.4,19.2 ahead=5.17 lat=7.06 ang=102.3 along=8.1 gait=3
RIDEAI sit n=6 phase=approach pos=-7.9,18.3 ahead=-0.47 lat=1.68 ang=103.0 along=9.4 gait=3
RIDEAI sit n=6 phase=approach pos=-9.8,19.0 ahead=8.02 lat=0.24 ang=23.2 along=8.8 gait=3
RIDEAI sit n=6 phase=approach pos=-9.7,20.9 ahead=6.91 lat=0.34 ang=0.7 along=6.9 gait=3
RIDEAI sit n=6 phase=approach pos=-9.5,24.6 ahead=3.23 lat=0.38 ang=0.7 along=3.2 gait=3
RIDEAI ASK n=6 ahead=2.54 lat=0.22 ang=3.3 charge=1.0
RIDEAI fence 6 -> 7 t=42.69 leave=straight
RIDEAI sit n=7 phase=land pos=-7.6,30.3 ahead=7.25 lat=7.66 ang=64.0 along=0.9 gait=3
RIDEAI sit n=7 phase=land pos=-4.8,29.8 ahead=2.52 lat=4.78 ang=133.9 along=1.3 gait=3
RIDEAI sit n=7 phase=reapproach pos=-2.8,26.9 ahead=-2.36 lat=2.86 ang=150.2 along=4.4 gait=3
RIDEAI sit n=7 phase=reapproach pos=-0.2,22.2 ahead=-8.06 lat=0.36 ang=154.9 along=9.1 gait=3
RIDEAI sit n=7 phase=reapproach pos=-0.7,17.1 ahead=-11.33 lat=0.86 ang=139.8 along=14.1 gait=3
RIDEAI sit n=7 phase=setup pos=-5.5,15.8 ahead=-0.77 lat=5.72 ang=72.2 along=15.3 gait=3
RIDEAI sit n=7 phase=setup pos=-10.8,16.4 ahead=-2.35 lat=11.0 ang=60.6 along=14.7 gait=3
RIDEAI sit n=7 phase=sand pos=-13.0,20.9 ahead=12.18 lat=13.12 ang=9.3 along=10.2 gait=3
RIDEAI sit n=7 phase=setup pos=-9.5,24.5 ahead=10.66 lat=9.58 ang=79.3 along=6.6 gait=3
RIDEAI sit n=7 phase=setup pos=-4.3,23.2 ahead=1.14 lat=4.44 ang=111.9 along=8.0 gait=3
RIDEAI sit n=7 phase=approach pos=-0.1,22.1 ahead=3.26 lat=0.26 ang=70.7 along=9.1 gait=3
RIDEAI sit n=7 phase=approach pos=0.5,23.2 ahead=8.03 lat=0.38 ang=0.3 along=8.0 gait=3
RIDEAI sit n=7 phase=approach pos=0.5,26.1 ahead=5.16 lat=0.4 ang=0.3 along=5.2 gait=3
RIDEAI ASK n=7 ahead=2.57 lat=0.42 ang=0.3 charge=1.0
RIDEAI fence 7 -> 8 t=57.6 leave=leave
RIDEAI sit n=8 phase=land pos=0.2,33.1 ahead=-12.93 lat=4.66 ang=157.6 along=15.9 gait=3
RIDEAI sit n=8 phase=sand pos=-2.3,34.7 ahead=2.89 lat=2.2 ang=87.7 along=17.4 gait=3
RIDEAI sit n=8 phase=land pos=-4.6,32.9 ahead=14.87 lat=0.1 ang=17.8 along=15.7 gait=3
RIDEAI sit n=8 phase=approach pos=-4.7,30.9 ahead=13.67 lat=0.24 ang=2.3 along=13.7 gait=3
RIDEAI sit n=8 phase=approach pos=-4.8,28.4 ahead=11.15 lat=0.34 ang=2.3 along=11.2 gait=3
RIDEAI sit n=8 phase=approach pos=-4.9,25.3 ahead=8.09 lat=0.48 ang=2.3 along=8.1 gait=3
RIDEAI sit n=8 phase=approach pos=-4.9,23.9 ahead=6.65 lat=0.46 ang=1.7 along=6.6 gait=3
RIDEAI sit n=8 phase=approach pos=-4.8,20.9 ahead=3.63 lat=0.36 ang=1.7 along=3.6 gait=3
RIDEAI ASK n=8 ahead=2.53 lat=0.26 ang=1.7 charge=1.0
RIDEAI fence 8 -> 9 t=66.61 leave=straight
RIDEAI sit n=9 phase=land pos=-3.7,14.8 ahead=9.2 lat=6.52 ang=54.5 along=6.7 gait=3
RIDEAI sit n=9 phase=land pos=-0.8,14.6 ahead=-0.8 lat=3.62 ang=124.4 along=6.7 gait=3
RIDEAI sit n=9 phase=approach pos=1.6,16.1 ahead=-0.48 lat=1.32 ang=102.3 along=8.3 gait=3
RIDEAI sit n=9 phase=approach pos=2.6,15.4 ahead=7.25 lat=0.26 ang=22.6 along=7.7 gait=3
RIDEAI sit n=9 phase=approach pos=2.7,12.9 ahead=5.25 lat=0.08 ang=2.7 along=5.3 gait=3
RIDEAI ASK n=9 ahead=2.55 lat=0.16 ang=2.7 charge=1.0
RIDEAI fence 9 -> 10 t=73.46 leave=leave
RIDEAI sit n=10 phase=land pos=2.4,6.3 ahead=30.32 lat=8.16 ang=18.8 along=29.3 gait=3
RIDEAI sit n=10 phase=land pos=1.5,3.2 ahead=27.11 lat=7.12 ang=18.8 along=26.2 gait=3
RIDEAI sit n=10 phase=land pos=0.6,0.1 ahead=23.88 lat=6.08 ang=18.8 along=23.2 gait=3
RIDEAI sit n=10 phase=setup pos=-1.0,-4.2 ahead=19.13 lat=4.3 ang=23.5 along=19.0 gait=3
RIDEAI sit n=10 phase=setup pos=-3.0,-9.3 ahead=13.58 lat=2.08 ang=23.5 along=13.9 gait=3
RIDEAI sit n=10 phase=approach pos=-4.0,-14.6 ahead=8.68 lat=0.8 ang=7.7 along=8.7 gait=3
RIDEAI sit n=10 phase=approach pos=-4.2,-16.5 ahead=6.85 lat=0.56 ang=7.7 along=6.8 gait=3
RIDEAI sit n=10 phase=approach pos=-4.4,-18.6 ahead=4.68 lat=0.26 ang=7.7 along=4.7 gait=3
RIDEAI ASK n=10 ahead=2.54 lat=0.08 ang=3.7 charge=1.0
RIDEAI fence 10 -> 11 t=82.76 leave=leave
RIDECERT trace E:/Workspace/Madison/game/../dist/traces/hk_int_005_clear.jsonl n=86
RIDECERT hk_int_005 style=clear success=true faults=0 jumped=10/10 t=85.96 teleported=false complete=true
RIDECERT wrote E:/Workspace/Madison/game/../dist/ridecert_results.json
RIDECERT done pass=true board=1/1 filter=hk_int_005
