Godot Engine v4.7.2.stable.official.ed1daf0bf - https://godotengine.org

FIT flatten armature scale=(100.0, 100.0, 100.0) keep_rot=(-90.0, 0.0, 0.0)
FIT length=2.25 height=1.91220223903656 scale=(0.84991, 0.84991, 0.84991)
SEAT bone=Torso bone_pos=(0.0, 1.126922, 0.286373) back_y=1.42885863780975 seat=(0.0, 1.428859, 0.286373)
TACK place crown=(-0.00755, 0.144504, 0.030855) brow=(-0.00755, 0.198728, 0.134282) nose=(-0.00755, 0.388511, -0.020858) bit=(-0.00755, 0.479225, -0.087663)
HORSE mesh=WhiteHorse anim=true seat=Torso rider_parent=Seat
RIDECERT begin
RIDECERT filter hk_jo_beg_001
RIDECERT round hk_jo_beg_001 class=beginner seed=0 jo=true style=clear
RIDEAI sit n=1 phase=setup pos=-2.0,-30.9 ahead=8.73 lat=5.38 ang=71.1 along=11.2 gait=3
RIDEAI sit n=1 phase=approach pos=-6.6,-29.2 ahead=6.93 lat=0.74 ang=49.1 along=9.7 gait=3
RIDEAI sit n=1 phase=approach pos=-7.0,-27.9 ahead=8.38 lat=0.3 ang=5.3 along=8.4 gait=3
RIDEAI sit n=1 phase=approach pos=-7.1,-25.4 ahead=5.89 lat=0.06 ang=5.3 along=5.9 gait=3
RIDEAI ASK n=1 ahead=2.56 lat=0.16 ang=1.3 charge=1.0
RIDEAI fence 1 -> 2 t=6.29 leave=straight
RIDEAI sit n=2 phase=land pos=-7.1,-18.6 ahead=18.12 lat=17.06 ang=14.9 along=14.2 gait=3
RIDEAI sit n=2 phase=land pos=-5.0,-16.5 ahead=17.27 lat=14.82 ang=76.6 along=12.3 gait=3
RIDEAI sit n=2 phase=land pos=-2.0,-15.4 ahead=14.06 lat=11.7 ang=76.6 along=11.6 gait=3
RIDEAI sit n=2 phase=setup pos=2.0,-14.3 ahead=9.15 lat=7.58 ang=81.3 along=10.9 gait=3
RIDEAI sit n=2 phase=setup pos=7.4,-13.0 ahead=2.82 lat=2.12 ang=86.0 along=10.1 gait=3
RIDEAI sit n=2 phase=approach pos=9.3,-11.6 ahead=8.84 lat=0.08 ang=8.9 along=8.9 gait=3
RIDEAI sit n=2 phase=approach pos=9.2,-9.8 ahead=7.08 lat=0.04 ang=3.6 along=7.1 gait=3
RIDEAI sit n=2 phase=approach pos=9.1,-6.2 ahead=3.51 lat=0.22 ang=0.4 along=3.5 gait=3
RIDEAI ASK n=2 ahead=2.54 lat=0.2 ang=0.4 charge=1.0
RIDEAI fence 2 -> 3 t=15.09 leave=straight
RIDEAI sit n=3 phase=land pos=7.4,-0.3 ahead=23.78 lat=15.98 ang=56.2 along=18.9 gait=3
RIDEAI sit n=3 phase=land pos=4.9,1.7 ahead=20.57 lat=13.3 ang=56.2 along=17.1 gait=3
RIDEAI sit n=3 phase=setup pos=2.1,3.8 ahead=16.42 lat=10.3 ang=60.8 along=15.2 gait=3
RIDEAI sit n=3 phase=setup pos=-2.3,6.7 ahead=11.15 lat=5.7 ang=60.8 along=12.7 gait=3
RIDEAI sit n=3 phase=approach pos=-6.7,9.6 ahead=7.98 lat=1.08 ang=44.4 along=10.1 gait=3
RIDEAI sit n=3 phase=approach pos=-7.1,11.2 ahead=8.63 lat=0.58 ang=7.2 along=8.6 gait=3
RIDEAI sit n=3 phase=approach pos=-7.2,13.5 ahead=6.31 lat=0.3 ang=7.2 along=6.3 gait=3
RIDEAI ASK n=3 ahead=2.56 lat=0.14 ang=3.2 charge=1.0
RIDEAI fence 3 -> 4 t=24.24 leave=straight
RIDEAI sit n=4 phase=jump pos=-7.1,20.2 ahead=-30.99 lat=13.36 ang=177.9 along=30.5 gait=3
RIDEAI sit n=4 phase=land pos=-5.3,22.6 ahead=-1.58 lat=11.74 ang=112.1 along=33.0 gait=3
RIDEAI sit n=4 phase=land pos=-2.6,21.8 ahead=29.97 lat=8.92 ang=42.2 along=32.4 gait=3
RIDEAI sit n=4 phase=setup pos=-1.0,18.3 ahead=29.22 lat=7.18 ang=25.9 along=29.0 gait=3
RIDEAI sit n=4 phase=setup pos=0.9,13.2 ahead=24.08 lat=4.98 ang=22.4 along=24.0 gait=3
RIDEAI sit n=4 phase=setup pos=2.7,8.0 ahead=18.53 lat=2.86 ang=22.4 along=18.9 gait=3
RIDEAI sit n=4 phase=approach pos=3.9,2.6 ahead=13.6 lat=1.34 ang=10.7 along=13.6 gait=3
RIDEAI sit n=4 phase=approach pos=4.5,-2.7 ahead=8.38 lat=0.4 ang=5.4 along=8.4 gait=3
RIDEAI sit n=4 phase=approach pos=4.6,-4.3 ahead=6.75 lat=0.24 ang=5.4 along=6.8 gait=3
RIDEAI sit n=4 phase=approach pos=4.6,-6.6 ahead=4.43 lat=0.02 ang=5.4 along=4.4 gait=3
RIDEAI ASK n=4 ahead=2.56 lat=0.14 ang=1.4 charge=1.0
RIDEAI fence 4 -> 5 t=35.16 leave=straight
RIDECERT trace E:/Workspace/Madison/game/../dist/traces/hk_jo_beg_001_clear.jsonl n=41
RIDECERT hk_jo_beg_001 style=clear success=true faults=0 jumped=4/4 t=40.48 teleported=false complete=true
RIDECERT wrote E:/Workspace/Madison/game/../dist/ridecert_results.json
RIDECERT done pass=true board=1/1 filter=hk_jo_beg_001
