Godot Engine v4.7.2.stable.official.ed1daf0bf - https://godotengine.org

FIT flatten armature scale=(100.0, 100.0, 100.0) keep_rot=(-90.0, 0.0, 0.0)
FIT length=2.25 height=1.91220223903656 scale=(0.84991, 0.84991, 0.84991)
SEAT bone=Torso bone_pos=(0.0, 1.126922, 0.286373) back_y=1.42885863780975 seat=(0.0, 1.428859, 0.286373)
TACK place crown=(0.0, 0.142, 0.0294) brow=(0.0, 0.196, 0.1326) nose=(0.0, 0.385, -0.0222) bit=(0.0, 0.479225, -0.087663)
HORSE mesh=WhiteHorse anim=true seat=Torso rider_parent=Seat
RIDER mesh scale 0.91304347826087 bones 62
RIDECERT begin
RIDECERT filter hk_adv_001
RIDECERT round hk_adv_001 class=advanced seed=0 jo=false style=refuse_early
COUNT fence=1 ahead=7.46 lateral=5.81 stride=-1 word=silent kept=false
MICHELLE soft | Come again.
MICHELLE soft | Two. Wait.
COUNT fence=1 ahead=8.02 lateral=1.49 stride=2 word=Two. Wait. kept=true
MICHELLE soft | One. Wait.
COUNT fence=1 ahead=7.57 lateral=0.19 stride=1 word=One. Wait. kept=true
RIDEAI sit n=1 phase=approach pos=6.6,-31.3 ahead=7.45 lat=0.36 ang=4.2 along=7.4 gait=3 v=1.84 rein=0
MICHELLE soft | One. Early.
COUNT fence=1 ahead=5.39 lateral=0.19 stride=1 word=One. Early. kept=true
RIDEAI sit n=1 phase=approach pos=6.9,-28.3 ahead=4.51 lat=0.14 ang=4.2 along=4.5 gait=3 v=3.88 rein=0
RIDEAI ASK n=1 ahead=4.32 lat=0.18 ang=4.2 charge=1.0
RIDECERT refuse fence=1 why=early
MICHELLE soft | One. Early.
COUNT fence=1 ahead=4.45 lateral=0.19 stride=1 word=One. Early. kept=true
MICHELLE soft | Early.
COUNT fence=1 ahead=4.20 lateral=0.19 stride=0 word=Early. kept=true
RIDEAI sit n=1 phase=approach pos=6.9,-27.8 ahead=4.01 lat=0.1 ang=4.2 along=4.0 gait=3 v=1.74 rein=0
MICHELLE soft | Wait.
COUNT fence=1 ahead=3.46 lateral=0.19 stride=0 word=Wait. kept=true
MICHELLE soft | Now.
COUNT fence=1 ahead=2.99 lateral=0.19 stride=0 word=Now. kept=true
RIDEAI ASK n=1 ahead=2.54 lat=0.18 ang=4.2 charge=1.0
RIDEAI fence 1 -> 2 t=6.66 leave=leave
COUNT fence=2 ahead=8.04 lateral=13.79 stride=-1 word=silent kept=false
MICHELLE soft | Come again.
RIDEAI sit n=2 phase=land pos=7.1,-22.1 ahead=11.51 lat=7.58 ang=10.7 along=13.2 gait=3 v=3.09 rein=-1
RIDEAI sit n=2 phase=land pos=4.8,-20.2 ahead=11.68 lat=6.56 ang=50.5 along=10.4 gait=3 v=3.09 rein=-1
RIDEAI sit n=2 phase=setup pos=1.8,-21.1 ahead=3.15 lat=3.56 ang=92.4 along=9.7 gait=3 v=3.6 rein=-1
RIDEAI sit n=2 phase=approach pos=-0.5,-22.3 ahead=4.77 lat=0.94 ang=65.8 along=9.6 gait=3 v=2.96 rein=1
MICHELLE soft | Two. Wait.
COUNT fence=2 ahead=7.64 lateral=1.60 stride=2 word=Two. Wait. kept=true
RIDEAI sit n=2 phase=approach pos=-2.9,-21.4 ahead=7.64 lat=0.66 ang=0.0 along=7.6 gait=3 v=1.34 rein=1
MICHELLE soft | One. Wait.
COUNT fence=2 ahead=7.57 lateral=0.20 stride=1 word=One. Wait. kept=true
MICHELLE soft | One. Early.
COUNT fence=2 ahead=5.36 lateral=0.20 stride=1 word=One. Early. kept=true
RIDEAI sit n=2 phase=approach pos=-3.9,-19.3 ahead=5.31 lat=0.52 ang=3.5 along=5.3 gait=3 v=3.44 rein=0
MICHELLE soft | Early.
COUNT fence=2 ahead=4.18 lateral=0.20 stride=0 word=Early. kept=true
MICHELLE soft | Wait.
COUNT fence=2 ahead=3.47 lateral=0.20 stride=0 word=Wait. kept=true
MICHELLE soft | Now.
COUNT fence=2 ahead=3.01 lateral=0.20 stride=0 word=Now. kept=true
RIDEAI ASK n=2 ahead=2.56 lat=0.2 ang=3.5 charge=1.0
RIDEAI fence 2 -> 3 t=14.2 leave=straight
COUNT fence=3 ahead=3.06 lateral=16.41 stride=-1 word=silent kept=false
MICHELLE soft | Come again.
RIDEAI sit n=3 phase=land pos=-6.8,-13.3 ahead=6.44 lat=13.76 ang=10.2 along=9.0 gait=3 v=3.09 rein=1
RIDEAI sit n=3 phase=land pos=-5.7,-10.6 ahead=13.81 lat=12.7 ang=51.1 along=6.3 gait=3 v=3.09 rein=1
RIDEAI sit n=3 phase=land pos=-2.8,-10.2 ahead=7.45 lat=9.78 ang=108.3 along=5.9 gait=3 v=3.21 rein=0
RIDEAI sit n=3 phase=setup pos=1.3,-11.7 ahead=2.45 lat=5.68 ang=112.4 along=7.4 gait=3 v=5.51 rein=0
RIDEAI sit n=3 phase=setup pos=4.7,-13.1 ahead=-1.16 lat=2.34 ang=112.4 along=8.8 gait=3 v=2.41 rein=0
RIDEAI sit n=3 phase=approach pos=7.6,-13.2 ahead=3.41 lat=0.58 ang=63.7 along=8.8 gait=3 v=2.56 rein=-1
MICHELLE soft | One. Wait.
COUNT fence=3 ahead=7.38 lateral=1.59 stride=1 word=One. Wait. kept=true
RIDEAI sit n=3 phase=approach pos=8.6,-11.7 ahead=7.39 lat=1.6 ang=1.2 along=7.4 gait=3 v=1.34 rein=-1
MICHELLE soft | One. Early.
COUNT fence=3 ahead=5.39 lateral=0.64 stride=1 word=One. Early. kept=true
RIDEAI sit n=3 phase=approach pos=7.9,-9.4 ahead=5.1 lat=0.92 ang=17.5 along=5.1 gait=3 v=3.48 rein=0
MICHELLE soft | Early.
COUNT fence=3 ahead=4.20 lateral=0.28 stride=0 word=Early. kept=true
MICHELLE soft | Wait.
COUNT fence=3 ahead=3.43 lateral=0.14 stride=0 word=Wait. kept=true
MICHELLE soft | Now.
COUNT fence=3 ahead=2.98 lateral=0.00 stride=0 word=Now. kept=true
RIDEAI ASK n=3 ahead=2.53 lat=0.0 ang=8.2 charge=1.0
RIDEAI fence 3 -> 4 t=23.58 leave=leave
MICHELLE soft | One. Wait.
COUNT fence=4 ahead=6.86 lateral=0.92 stride=1 word=One. Wait. kept=true
RIDEAI sit n=4 phase=approach pos=6.9,-3.1 ahead=6.2 lat=0.1 ang=1.2 along=6.2 gait=3 v=1.4 rein=0
MICHELLE soft | One. Early.
COUNT fence=4 ahead=5.39 lateral=0.23 stride=1 word=One. Early. kept=true
MICHELLE soft | Early.
COUNT fence=4 ahead=4.22 lateral=0.23 stride=0 word=Early. kept=true
RIDEAI sit n=4 phase=approach pos=6.9,-1.1 ahead=4.22 lat=0.14 ang=1.2 along=4.2 gait=3 v=2.25 rein=0
MICHELLE soft | Wait.
COUNT fence=4 ahead=3.47 lateral=0.23 stride=0 word=Wait. kept=true
MICHELLE soft | Now.
COUNT fence=4 ahead=3.02 lateral=0.23 stride=0 word=Now. kept=true
RIDEAI ASK n=4 ahead=2.57 lat=0.22 ang=1.2 charge=1.0
RIDEAI fence 4 -> 5 t=27.05 leave=leave
MICHELLE soft | Two. Wait.
COUNT fence=5 ahead=10.31 lateral=0.45 stride=2 word=Two. Wait. kept=true
RIDEAI sit n=5 phase=approach pos=6.7,4.4 ahead=9.5 lat=0.26 ang=1.2 along=9.5 gait=3 v=3.22 rein=0
RIDEAI sit n=5 phase=approach pos=6.7,6.3 ahead=7.58 lat=0.3 ang=1.2 along=7.6 gait=3 v=2.25 rein=0
MICHELLE soft | One. Wait.
COUNT fence=5 ahead=7.54 lateral=0.45 stride=1 word=One. Wait. kept=true
MICHELLE soft | One. Early.
COUNT fence=5 ahead=5.37 lateral=0.45 stride=1 word=One. Early. kept=true
RIDEAI sit n=5 phase=approach pos=6.7,8.6 ahead=5.33 lat=0.34 ang=1.2 along=5.3 gait=3 v=2.33 rein=0
MICHELLE soft | Early.
COUNT fence=5 ahead=4.21 lateral=0.45 stride=0 word=Early. kept=true
MICHELLE soft | Wait.
COUNT fence=5 ahead=3.45 lateral=0.45 stride=0 word=Wait. kept=true
MICHELLE soft | Now.
COUNT fence=5 ahead=2.98 lateral=0.26 stride=0 word=Now. kept=true
RIDEAI ASK n=5 ahead=2.53 lat=0.26 ang=2.3 charge=1.0
RIDEAI fence 5 -> 6 t=31.61 leave=straight
COUNT fence=6 ahead=8.63 lateral=14.30 stride=-1 word=silent kept=false
MICHELLE soft | Come again.
RIDEAI sit n=6 phase=land pos=6.8,14.8 ahead=9.56 lat=14.66 ang=7.8 along=7.6 gait=3 v=3.59 rein=-1
RIDEAI sit n=6 phase=land pos=5.1,17.2 ahead=13.86 lat=12.8 ang=69.1 along=5.3 gait=3 v=3.09 rein=-1
RIDEAI sit n=6 phase=land pos=2.1,16.9 ahead=3.77 lat=9.9 ang=130.3 along=5.8 gait=3 v=3.09 rein=-1
RIDEAI sit n=6 phase=setup pos=-0.7,14.1 ahead=-2.21 lat=7.28 ang=140.6 along=8.9 gait=3 v=5.12 rein=0
RIDEAI sit n=6 phase=setup pos=-3.7,12.1 ahead=4.36 lat=4.46 ang=90.5 along=11.1 gait=3 v=2.31 rein=1
RIDEAI sit n=6 phase=around pos=-6.6,12.9 ahead=4.93 lat=1.52 ang=70.6 along=10.5 gait=3 v=4.08 rein=1
MICHELLE soft | Two. Wait.
COUNT fence=6 ahead=8.91 lateral=1.47 stride=2 word=Two. Wait. kept=true
RIDEAI sit n=6 phase=approach pos=-7.9,14.5 ahead=8.91 lat=0.08 ang=5.3 along=8.9 gait=3 v=1.34 rein=1
MICHELLE soft | One. Wait.
COUNT fence=6 ahead=7.53 lateral=0.38 stride=1 word=One. Wait. kept=true
RIDEAI sit n=6 phase=approach pos=-7.8,16.7 ahead=6.74 lat=0.04 ang=3.0 along=6.8 gait=3 v=3.25 rein=0
MICHELLE soft | One. Early.
COUNT fence=6 ahead=5.40 lateral=0.38 stride=1 word=One. Early. kept=true
MICHELLE soft | Early.
COUNT fence=6 ahead=4.17 lateral=0.38 stride=0 word=Early. kept=true
MICHELLE soft | Wait.
COUNT fence=6 ahead=3.46 lateral=0.38 stride=0 word=Wait. kept=true
MICHELLE soft | Now.
COUNT fence=6 ahead=3.02 lateral=0.19 stride=0 word=Now. kept=true
RIDEAI sit n=6 phase=approach pos=-7.8,20.5 ahead=2.96 lat=0.22 ang=1.7 along=3.0 gait=3 v=3.88 rein=1
RIDEAI ASK n=6 ahead=2.57 lat=0.12 ang=1.7 charge=1.0
RIDEAI fence 6 -> 7 t=41.25 leave=straight
COUNT fence=7 ahead=7.33 lateral=13.61 stride=-1 word=silent kept=false
MICHELLE soft | Come again.
RIDEAI sit n=7 phase=land pos=-5.9,26.6 ahead=12.9 lat=12.92 ang=59.8 along=3.5 gait=3 v=3.09 rein=1
RIDEAI sit n=7 phase=land pos=-3.0,26.6 ahead=7.16 lat=9.96 ang=118.0 along=3.5 gait=3 v=3.09 rein=0
RIDEAI come again n=7 rein=1 pos=-1.7,25.9
RIDEAI sit n=7 phase=again pos=-1.0,25.2 ahead=0.83 lat=8.0 ang=143.6 along=4.9 gait=3 v=1.61 rein=-1
RIDEAI sit n=7 phase=again pos=1.0,23.4 ahead=-0.03 lat=6.0 ang=132.0 along=6.7 gait=3 v=3.83 rein=0
RIDEAI sit n=7 phase=again pos=4.6,20.2 ahead=-4.83 lat=2.42 ang=132.0 along=9.9 gait=3 v=5.55 rein=0
RIDEAI sit n=7 phase=approach pos=8.5,17.9 ahead=-1.43 lat=1.52 ang=89.6 along=12.2 gait=3 v=1.92 rein=-1
RIDEAI sit n=7 phase=setup pos=10.8,19.5 ahead=7.64 lat=3.84 ang=27.3 along=10.6 gait=3 v=3.0 rein=-1
MICHELLE soft | Two. Wait.
COUNT fence=7 ahead=9.82 lateral=1.54 stride=2 word=Two. Wait. kept=true
COUNT fence=7 ahead=8.81 lateral=1.66 stride=-1 word=silent kept=false
MICHELLE soft | Come again.
RIDEAI sit n=7 phase=setup pos=10.6,21.9 ahead=8.81 lat=3.56 ang=34.1 along=8.2 gait=3 v=3.45 rein=-1
RIDEAI sit n=7 phase=approach pos=8.4,23.2 ahead=4.26 lat=1.36 ang=63.8 along=6.9 gait=3 v=2.72 rein=1
MICHELLE soft | One. Early.
COUNT fence=7 ahead=4.64 lateral=1.53 stride=1 word=One. Early. kept=true
RIDEAI sit n=7 phase=approach pos=6.7,25.6 ahead=4.47 lat=0.3 ang=0.9 along=4.5 gait=3 v=1.34 rein=1
MICHELLE soft | Early.
COUNT fence=7 ahead=4.20 lateral=0.23 stride=0 word=Early. kept=true
MICHELLE soft | Wait.
COUNT fence=7 ahead=3.44 lateral=0.23 stride=0 word=Wait. kept=true
MICHELLE soft | Now.
COUNT fence=7 ahead=3.00 lateral=0.23 stride=0 word=Now. kept=true
RIDEAI ASK n=7 ahead=2.55 lat=0.22 ang=0.9 charge=1.0
RIDEAI fence 7 -> 8 t=53.44 leave=leave
RIDEAI sit n=8 phase=land pos=6.8,31.4 ahead=-11.87 lat=9.48 ang=108.0 along=9.2 gait=3 v=3.54 rein=1
RIDEAI sit n=8 phase=land pos=8.7,33.8 ahead=-13.37 lat=11.44 ang=169.3 along=11.4 gait=3 v=3.09 rein=1
RIDEAI sit n=8 phase=land pos=11.6,33.2 ahead=-0.99 lat=10.4 ang=129.4 along=14.2 gait=3 v=3.09 rein=1
COUNT fence=8 ahead=0.84 lateral=17.59 stride=-1 word=silent kept=false
MICHELLE soft | Come again.
RIDEAI sit n=8 phase=setup pos=12.6,30.7 ahead=12.85 lat=7.7 ang=67.0 along=14.7 gait=3 v=2.11 rein=1
RIDEAI sit n=8 phase=setup pos=11.5,27.6 ahead=10.79 lat=4.86 ang=59.9 along=13.1 gait=3 v=4.41 rein=0
RIDEAI sit n=8 phase=setup pos=10.5,24.8 ahead=7.88 lat=2.36 ang=59.9 along=11.7 gait=3 v=3.03 rein=0
MICHELLE soft | Two. Wait.
COUNT fence=8 ahead=9.77 lateral=1.49 stride=2 word=Two. Wait. kept=true
RIDEAI sit n=8 phase=approach pos=8.7,22.8 ahead=9.59 lat=0.68 ang=6.7 along=9.6 gait=3 v=2.3 rein=0
RIDEAI sit n=8 phase=approach pos=7.0,22.3 ahead=7.79 lat=0.46 ang=6.7 along=7.8 gait=3 v=2.41 rein=0
MICHELLE soft | One. Wait.
COUNT fence=8 ahead=7.54 lateral=0.44 stride=1 word=One. Wait. kept=true
MICHELLE soft | One. Early.
COUNT fence=8 ahead=5.34 lateral=0.44 stride=1 word=One. Early. kept=true
RIDEAI sit n=8 phase=approach pos=3.7,21.3 ahead=4.39 lat=0.08 ang=3.2 along=4.4 gait=3 v=3.88 rein=0
MICHELLE soft | Early.
COUNT fence=8 ahead=4.19 lateral=0.17 stride=0 word=Early. kept=true
MICHELLE soft | Wait.
COUNT fence=8 ahead=3.42 lateral=0.17 stride=0 word=Wait. kept=true
MICHELLE soft | Now.
COUNT fence=8 ahead=3.03 lateral=0.17 stride=0 word=Now. kept=true
RIDEAI ASK n=8 ahead=2.57 lat=0.16 ang=3.2 charge=1.0
RIDEAI fence 8 -> 9 t=63.44 leave=leave
COUNT fence=9 ahead=4.06 lateral=5.06 stride=-1 word=silent kept=false
MICHELLE soft | Come again.
RIDEAI sit n=9 phase=approach pos=-3.1,20.1 ahead=1.87 lat=1.38 ang=85.0 along=5.7 gait=3 v=3.22 rein=-1
RIDEAI come again n=9 rein=1 pos=-5.3,18.7
RIDEAI sit n=9 phase=away pos=-5.5,18.4 ahead=2.27 lat=1.04 ang=43.4 along=4.1 gait=3 v=1.89 rein=1
RIDEAI sit n=9 phase=away pos=-7.3,18.2 ahead=-4.11 lat=2.8 ang=113.2 along=3.9 gait=3 v=2.77 rein=1
RIDEAI sit n=9 phase=again pos=-8.9,21.0 ahead=-6.49 lat=4.4 ang=176.9 along=6.7 gait=3 v=3.73 rein=1
FENCE knock 6 by horse at -9.8,23.4 next=9 jumping=false
RIDECERT rail now=1 next=9 jumping=false phase=again pos=-9.8,23.4
RIDEAI sit n=9 phase=again pos=-10.0,23.6 ahead=-10.46 lat=5.46 ang=134.1 along=9.4 gait=3 v=2.19 rein=1
RIDEAI sit n=9 phase=again pos=-10.7,26.4 ahead=-9.96 lat=6.12 ang=163.5 along=12.2 gait=3 v=1.92 rein=1
RIDEAI sit n=9 phase=setup pos=-8.8,28.0 ahead=1.12 lat=4.12 ang=102.2 along=13.8 gait=3 v=3.76 rein=1
RIDEAI sit n=9 phase=setup pos=-6.8,27.4 ahead=11.76 lat=2.22 ang=37.6 along=13.1 gait=3 v=2.31 rein=0
RIDEAI sit n=9 phase=approach pos=-4.8,24.8 ahead=9.36 lat=0.24 ang=28.3 along=10.5 gait=3 v=3.02 rein=1
MICHELLE soft | Two. Wait.
COUNT fence=9 ahead=9.89 lateral=1.49 stride=2 word=Two. Wait. kept=true
RIDEAI sit n=9 phase=approach pos=-4.5,23.2 ahead=8.83 lat=0.02 ang=3.8 along=8.8 gait=3 v=1.4 rein=0
MICHELLE soft | One. Wait.
COUNT fence=9 ahead=7.56 lateral=0.61 stride=1 word=One. Wait. kept=true
RIDEAI sit n=9 phase=approach pos=-4.3,20.7 ahead=6.37 lat=0.18 ang=3.8 along=6.4 gait=3 v=3.52 rein=0
MICHELLE soft | One. Early.
COUNT fence=9 ahead=5.39 lateral=0.26 stride=1 word=One. Early. kept=true
MICHELLE soft | Early.
COUNT fence=9 ahead=4.22 lateral=0.26 stride=0 word=Early. kept=true
MICHELLE soft | Wait.
COUNT fence=9 ahead=3.44 lateral=0.26 stride=0 word=Wait. kept=true
MICHELLE soft | Now.
COUNT fence=9 ahead=2.99 lateral=0.26 stride=0 word=Now. kept=true
RIDEAI sit n=9 phase=approach pos=-4.2,16.9 ahead=2.54 lat=0.24 ang=0.3 along=2.5 gait=3 v=3.88 rein=0
RIDEAI ASK n=9 ahead=2.54 lat=0.26 ang=0.3 charge=1.0
RIDEAI fence 9 -> 10 t=76.4 leave=rail
RIDEAI sit n=10 phase=approach pos=-4.1,10.6 ahead=10.97 lat=0.26 ang=1.8 along=11.0 gait=3 v=3.22 rein=0
MICHELLE soft | Two. Wait.
COUNT fence=10 ahead=10.91 lateral=0.60 stride=2 word=Two. Wait. kept=true
RIDEAI sit n=10 phase=approach pos=-4.0,8.2 ahead=8.51 lat=0.34 ang=1.8 along=8.5 gait=3 v=1.59 rein=0
MICHELLE soft | One. Wait.
COUNT fence=10 ahead=7.56 lateral=0.60 stride=1 word=One. Wait. kept=true
RIDEAI sit n=10 phase=approach pos=-3.9,5.5 ahead=5.85 lat=0.42 ang=1.8 along=5.9 gait=3 v=3.72 rein=0
MICHELLE soft | One. Early.
COUNT fence=10 ahead=5.40 lateral=0.60 stride=1 word=One. Early. kept=true
MICHELLE soft | Early.
COUNT fence=10 ahead=4.19 lateral=0.29 stride=0 word=Early. kept=true
MICHELLE soft | Wait.
COUNT fence=10 ahead=3.42 lateral=0.29 stride=0 word=Wait. kept=true
MICHELLE soft | Now.
COUNT fence=10 ahead=3.03 lateral=0.29 stride=0 word=Now. kept=true
RIDEAI ASK n=10 ahead=2.58 lat=0.3 ang=1.7 charge=1.0
RIDEAI fence 10 -> 11 t=81.67 leave=leave
MICHELLE soft | One. Wait.
COUNT fence=11 ahead=6.96 lateral=0.08 stride=1 word=One. Wait. kept=true
RIDEAI sit n=11 phase=approach pos=-4.1,-1.2 ahead=6.58 lat=0.3 ang=2.0 along=6.6 gait=3 v=2.83 rein=0
MICHELLE soft | One. Early.
COUNT fence=11 ahead=5.39 lateral=0.08 stride=1 word=One. Early. kept=true
RIDEAI sit n=11 phase=approach pos=-4.2,-3.2 ahead=4.64 lat=0.24 ang=2.0 along=4.6 gait=3 v=2.25 rein=0
MICHELLE soft | Early.
COUNT fence=11 ahead=4.19 lateral=0.08 stride=0 word=Early. kept=true
MICHELLE soft | Wait.
COUNT fence=11 ahead=3.44 lateral=0.08 stride=0 word=Wait. kept=true
MICHELLE soft | Now.
COUNT fence=11 ahead=3.03 lateral=0.08 stride=0 word=Now. kept=true
RIDEAI ASK n=11 ahead=2.57 lat=0.08 ang=2.0 charge=1.0
RIDEAI fence 11 -> 12 t=85.16 leave=leave
COUNT fence=12 ahead=9.60 lateral=7.51 stride=-1 word=silent kept=false
MICHELLE soft | Come again.
RIDEAI sit n=12 phase=land pos=-4.4,-8.9 ahead=9.8 lat=1.56 ang=28.1 along=11.9 gait=3 v=3.69 rein=-1
MICHELLE soft | Two. Wait.
COUNT fence=12 ahead=10.47 lateral=1.43 stride=2 word=Two. Wait. kept=true
COUNT fence=12 ahead=9.56 lateral=1.63 stride=-1 word=silent kept=false
MICHELLE soft | Come again.
RIDEAI sit n=12 phase=land pos=-2.8,-11.5 ahead=8.26 lat=1.42 ang=33.2 along=8.9 gait=3 v=3.09 rein=-1
RIDEAI sit n=12 phase=approach pos=0.2,-12.2 ahead=5.57 lat=0.8 ang=29.1 along=6.8 gait=3 v=3.09 rein=1
MICHELLE soft | One. Wait.
COUNT fence=12 ahead=6.04 lateral=1.56 stride=1 word=One. Wait. kept=true
MICHELLE soft | One. Early.
COUNT fence=12 ahead=5.37 lateral=0.27 stride=1 word=One. Early. kept=true
RIDEAI sit n=12 phase=approach pos=1.1,-13.8 ahead=5.05 lat=0.82 ang=12.5 along=5.0 gait=3 v=2.45 rein=0
MICHELLE soft | Early.
COUNT fence=12 ahead=4.21 lateral=0.27 stride=0 word=Early. kept=true
MICHELLE soft | Wait.
COUNT fence=12 ahead=3.42 lateral=0.06 stride=0 word=Wait. kept=true
MICHELLE soft | Now.
COUNT fence=12 ahead=2.97 lateral=0.01 stride=0 word=Now. kept=true
RIDEAI ASK n=12 ahead=2.58 lat=0.02 ang=7.8 charge=1.0
RIDEAI fence 12 -> 13 t=90.4 leave=straight
RIDECERT trace E:/Workspace/Madison/game/../dist/traces/hk_adv_001_refuse_early.jsonl n=97
RIDECERT hk_adv_001 style=refuse_early success=false faults=11 jumped=12/12 t=94.44 teleported=false complete=true refused=[1] rail_fences=[6] rail_air=[] conf=79.5 scope=80.0
RIDECERT round hk_adv_001 class=advanced seed=0 jo=false style=rail_late
COUNT fence=1 ahead=7.46 lateral=5.81 stride=-1 word=silent kept=false
MICHELLE soft | Come again.
MICHELLE soft | Two. Wait.
COUNT fence=1 ahead=8.02 lateral=1.49 stride=2 word=Two. Wait. kept=true
MICHELLE soft | One. Wait.
COUNT fence=1 ahead=7.57 lateral=0.19 stride=1 word=One. Wait. kept=true
RIDEAI sit n=1 phase=approach pos=6.6,-31.3 ahead=7.45 lat=0.36 ang=4.2 along=7.4 gait=3 v=1.84 rein=0
MICHELLE soft | One. Early.
COUNT fence=1 ahead=5.39 lateral=0.19 stride=1 word=One. Early. kept=true
RIDEAI sit n=1 phase=approach pos=6.9,-28.3 ahead=4.51 lat=0.14 ang=4.2 along=4.5 gait=3 v=3.88 rein=0
MICHELLE soft | Early.
COUNT fence=1 ahead=4.19 lateral=0.19 stride=0 word=Early. kept=true
MICHELLE soft | Wait.
COUNT fence=1 ahead=3.41 lateral=0.19 stride=0 word=Wait. kept=true
MICHELLE soft | Now.
COUNT fence=1 ahead=3.02 lateral=0.19 stride=0 word=Now. kept=true
RIDEAI ASK n=1 ahead=2.63 lat=0.18 ang=4.2 charge=1.0
RIDEAI fence 1 -> 2 t=3.9 leave=leave
COUNT fence=2 ahead=8.13 lateral=13.79 stride=-1 word=silent kept=false
MICHELLE soft | Come again.
RIDEAI sit n=2 phase=land pos=6.9,-21.9 ahead=12.37 lat=7.58 ang=3.6 along=12.9 gait=3 v=3.09 rein=-1
RIDEAI sit n=2 phase=land pos=4.4,-20.3 ahead=10.74 lat=6.22 ang=57.7 along=10.3 gait=3 v=3.09 rein=-1
RIDEAI sit n=2 phase=setup pos=1.4,-21.4 ahead=2.83 lat=3.06 ang=91.4 along=9.8 gait=3 v=3.87 rein=0
RIDEAI sit n=2 phase=approach pos=-0.9,-22.3 ahead=5.76 lat=0.58 ang=55.6 along=9.3 gait=3 v=3.22 rein=1
MICHELLE soft | Two. Wait.
COUNT fence=2 ahead=7.59 lateral=1.52 stride=2 word=Two. Wait. kept=true
MICHELLE soft | One. Wait.
COUNT fence=2 ahead=7.56 lateral=0.44 stride=1 word=One. Wait. kept=true
RIDEAI sit n=2 phase=approach pos=-3.0,-21.1 ahead=7.31 lat=0.58 ang=2.3 along=7.3 gait=3 v=1.92 rein=0
MICHELLE soft | One. Early.
COUNT fence=2 ahead=5.37 lateral=0.29 stride=1 word=One. Early. kept=true
RIDEAI sit n=2 phase=approach pos=-4.4,-18.4 ahead=4.3 lat=0.46 ang=2.3 along=4.3 gait=3 v=3.88 rein=0
MICHELLE soft | Early.
COUNT fence=2 ahead=4.17 lateral=0.29 stride=0 word=Early. kept=true
MICHELLE soft | Wait.
COUNT fence=2 ahead=3.46 lateral=0.29 stride=0 word=Wait. kept=true
MICHELLE soft | Now.
COUNT fence=2 ahead=3.00 lateral=0.29 stride=0 word=Now. kept=true
RIDEAI ASK n=2 ahead=2.62 lat=0.28 ang=2.3 charge=1.0
RIDEAI fence 2 -> 3 t=11.27 leave=leave
COUNT fence=3 ahead=2.79 lateral=16.57 stride=-1 word=silent kept=false
MICHELLE soft | Come again.
RIDEAI sit n=3 phase=land pos=-6.9,-12.6 ahead=9.65 lat=13.86 ang=6.0 along=8.2 gait=3 v=3.09 rein=1
RIDEAI sit n=3 phase=land pos=-5.1,-10.2 ahead=13.42 lat=12.08 ang=67.3 along=5.9 gait=3 v=3.09 rein=1
RIDEAI sit n=3 phase=setup pos=-2.0,-10.5 ahead=6.59 lat=8.96 ang=108.1 along=6.2 gait=3 v=3.86 rein=0
RIDEAI sit n=3 phase=setup pos=2.6,-12.3 ahead=1.02 lat=4.36 ang=112.2 along=8.0 gait=3 v=5.5 rein=0
RIDEAI sit n=3 phase=approach pos=5.3,-13.4 ahead=-1.39 lat=1.68 ang=109.2 along=9.1 gait=3 v=2.95 rein=-1
RIDEAI sit n=3 phase=approach pos=8.0,-13.0 ahead=5.2 lat=0.98 ang=46.9 along=8.6 gait=3 v=2.22 rein=-1
MICHELLE soft | One. Wait.
COUNT fence=3 ahead=7.35 lateral=1.58 stride=1 word=One. Wait. kept=true
RIDEAI sit n=3 phase=approach pos=8.5,-11.2 ahead=7.04 lat=1.54 ang=17.9 along=6.9 gait=3 v=1.88 rein=0
MICHELLE soft | One. Early.
COUNT fence=3 ahead=5.36 lateral=0.65 stride=1 word=One. Early. kept=true
MICHELLE soft | Early.
COUNT fence=3 ahead=4.17 lateral=0.29 stride=0 word=Early. kept=true
RIDEAI sit n=3 phase=approach pos=7.7,-8.4 ahead=4.11 lat=0.66 ang=13.2 along=4.1 gait=3 v=3.88 rein=0
MICHELLE soft | Wait.
COUNT fence=3 ahead=3.47 lateral=0.22 stride=0 word=Wait. kept=true
MICHELLE soft | Now.
COUNT fence=3 ahead=3.02 lateral=0.01 stride=0 word=Now. kept=true
MICHELLE soft | Too deep.
COUNT fence=3 ahead=2.04 lateral=0.21 stride=0 word=Too deep. kept=true
RIDEAI ASK n=3 ahead=1.39 lat=0.26 ang=1.6 charge=1.0
FENCE knock 3 by horse at 7.3,-5.5 next=3 jumping=true
RIDECERT rail now=1 next=3 jumping=true phase=jump pos=7.3,-5.5
RIDEAI fence 3 -> 4 t=20.95 leave=deep
MICHELLE soft | One. Wait.
COUNT fence=4 ahead=5.77 lateral=0.05 stride=1 word=One. Wait. kept=true
MICHELLE soft | One. Early.
COUNT fence=4 ahead=5.39 lateral=0.05 stride=1 word=One. Early. kept=true
RIDEAI sit n=4 phase=approach pos=7.2,-1.9 ahead=5.07 lat=0.18 ang=1.6 along=5.1 gait=3 v=1.54 rein=0
MICHELLE soft | Early.
COUNT fence=4 ahead=4.20 lateral=0.05 stride=0 word=Early. kept=true
MICHELLE soft | Wait.
COUNT fence=4 ahead=3.45 lateral=0.05 stride=0 word=Wait. kept=true
RIDEAI sit n=4 phase=approach pos=7.1,0.0 ahead=3.11 lat=0.14 ang=1.6 along=3.1 gait=3 v=2.25 rein=0
MICHELLE soft | Now.
COUNT fence=4 ahead=3.00 lateral=0.05 stride=0 word=Now. kept=true
RIDEAI ASK n=4 ahead=2.59 lat=0.04 ang=1.6 charge=1.0
RIDEAI fence 4 -> 5 t=23.9 leave=leave
MICHELLE soft | Two. Wait.
COUNT fence=5 ahead=10.32 lateral=0.26 stride=2 word=Two. Wait. kept=true
RIDEAI sit n=5 phase=approach pos=7.0,5.4 ahead=8.58 lat=0.02 ang=1.6 along=8.6 gait=3 v=1.48 rein=0
MICHELLE soft | One. Wait.
COUNT fence=5 ahead=7.54 lateral=0.26 stride=1 word=One. Wait. kept=true
RIDEAI sit n=5 phase=approach pos=6.9,7.5 ahead=6.45 lat=0.08 ang=1.6 along=6.5 gait=3 v=2.25 rein=0
MICHELLE soft | One. Early.
COUNT fence=5 ahead=5.36 lateral=0.26 stride=1 word=One. Early. kept=true
MICHELLE soft | Early.
COUNT fence=5 ahead=4.21 lateral=0.26 stride=0 word=Early. kept=true
RIDEAI sit n=5 phase=approach pos=6.8,10.0 ahead=3.89 lat=0.14 ang=1.6 along=3.9 gait=3 v=3.18 rein=0
MICHELLE soft | Wait.
COUNT fence=5 ahead=3.45 lateral=0.26 stride=0 word=Wait. kept=true
MICHELLE soft | Now.
COUNT fence=5 ahead=3.02 lateral=0.26 stride=0 word=Now. kept=true
RIDEAI ASK n=5 ahead=2.57 lat=0.26 ang=1.6 charge=1.0
RIDEAI fence 5 -> 6 t=28.45 leave=leave
COUNT fence=6 ahead=9.65 lateral=13.64 stride=-1 word=silent kept=false
MICHELLE soft | Come again.
RIDEAI sit n=6 phase=land pos=6.0,16.2 ahead=14.08 lat=13.86 ang=43.4 along=6.3 gait=3 v=3.09 rein=-1
RIDEAI sit n=6 phase=land pos=3.3,17.2 ahead=9.27 lat=11.02 ang=104.7 along=5.5 gait=3 v=3.09 rein=-1
RIDEAI sit n=6 phase=setup pos=0.6,15.3 ahead=0.44 lat=8.5 ang=136.3 along=7.5 gait=3 v=4.01 rein=0
RIDEAI sit n=6 phase=setup pos=-2.8,12.2 ahead=-0.43 lat=5.36 ang=118.3 along=10.9 gait=3 v=2.92 rein=1
RIDEAI sit n=6 phase=setup pos=-5.1,12.5 ahead=5.27 lat=3.02 ang=77.5 along=10.8 gait=3 v=3.16 rein=0
RIDEAI sit n=6 phase=approach pos=-7.7,13.9 ahead=8.16 lat=0.34 ang=33.4 along=9.6 gait=3 v=2.15 rein=1
MICHELLE soft | Two. Wait.
COUNT fence=6 ahead=8.86 lateral=1.44 stride=2 word=Two. Wait. kept=true
RIDEAI sit n=6 phase=approach pos=-7.9,15.6 ahead=7.85 lat=0.0 ang=4.0 along=7.9 gait=3 v=2.38 rein=0
MICHELLE soft | One. Wait.
COUNT fence=6 ahead=7.56 lateral=0.53 stride=1 word=One. Wait. kept=true
MICHELLE soft | One. Early.
COUNT fence=6 ahead=5.34 lateral=0.53 stride=1 word=One. Early. kept=true
RIDEAI sit n=6 phase=approach pos=-7.9,18.9 ahead=4.52 lat=0.2 ang=0.5 along=4.5 gait=3 v=3.88 rein=0
MICHELLE soft | Early.
COUNT fence=6 ahead=4.20 lateral=0.24 stride=0 word=Early. kept=true
MICHELLE soft | Wait.
COUNT fence=6 ahead=3.42 lateral=0.24 stride=0 word=Wait. kept=true
MICHELLE soft | Now.
COUNT fence=6 ahead=3.03 lateral=0.24 stride=0 word=Now. kept=true
RIDEAI ASK n=6 ahead=2.58 lat=0.24 ang=0.5 charge=1.0
RIDEAI fence 6 -> 7 t=38.0 leave=leave
COUNT fence=7 ahead=6.82 lateral=14.02 stride=-1 word=silent kept=false
MICHELLE soft | Come again.
RIDEAI sit n=7 phase=land pos=-7.0,25.8 ahead=11.24 lat=14.04 ang=33.1 along=4.3 gait=3 v=3.09 rein=1
RIDEAI sit n=7 phase=land pos=-4.4,27.1 ahead=11.11 lat=11.38 ang=94.4 along=3.0 gait=3 v=3.09 rein=1
RIDEAI come again n=7 rein=1 pos=-2.0,26.1
RIDEAI sit n=7 phase=away pos=-1.6,25.8 ahead=3.77 lat=8.62 ang=130.6 along=4.3 gait=3 v=2.11 rein=1
RIDEAI sit n=7 phase=again pos=-0.3,24.4 ahead=1.64 lat=7.24 ang=131.7 along=5.7 gait=3 v=2.91 rein=0
RIDEAI sit n=7 phase=again pos=2.7,21.8 ahead=-2.25 lat=4.34 ang=131.7 along=8.2 gait=3 v=4.84 rein=0
RIDEAI sit n=7 phase=again pos=6.9,18.4 ahead=-5.63 lat=0.14 ang=119.5 along=11.7 gait=3 v=5.45 rein=-1
RIDEAI sit n=7 phase=setup pos=9.8,18.3 ahead=4.15 lat=2.76 ang=56.8 along=11.8 gait=3 v=3.07 rein=-1
RIDEAI sit n=7 phase=setup pos=11.0,20.6 ahead=9.81 lat=4.04 ang=5.6 along=9.5 gait=3 v=2.34 rein=-1
MICHELLE soft | Two. Wait.
COUNT fence=7 ahead=9.80 lateral=1.51 stride=2 word=Two. Wait. kept=true
COUNT fence=7 ahead=8.79 lateral=1.68 stride=-1 word=silent kept=false
MICHELLE soft | Come again.
RIDEAI sit n=7 phase=setup pos=9.3,22.9 ahead=4.83 lat=2.32 ang=68.0 along=7.2 gait=3 v=1.92 rein=-1
RIDEAI sit n=7 phase=approach pos=7.1,24.5 ahead=4.93 lat=0.14 ang=29.2 along=5.6 gait=3 v=3.91 rein=1
MICHELLE soft | One. Early.
COUNT fence=7 ahead=4.75 lateral=1.54 stride=1 word=One. Early. kept=true
MICHELLE soft | Early.
COUNT fence=7 ahead=4.20 lateral=0.21 stride=0 word=Early. kept=true
RIDEAI sit n=7 phase=approach pos=6.8,26.6 ahead=3.48 lat=0.18 ang=0.4 along=3.5 gait=3 v=2.45 rein=0
MICHELLE soft | Wait.
COUNT fence=7 ahead=3.44 lateral=0.21 stride=0 word=Wait. kept=true
MICHELLE soft | Now.
COUNT fence=7 ahead=2.99 lateral=0.21 stride=0 word=Now. kept=true
RIDEAI ASK n=7 ahead=2.58 lat=0.22 ang=0.4 charge=1.0
RIDEAI fence 7 -> 8 t=50.23 leave=leave
RIDEAI sit n=8 phase=land pos=7.5,33.0 ahead=-14.74 lat=10.86 ang=140.4 along=10.1 gait=3 v=3.09 rein=1
RIDEAI sit n=8 phase=land pos=10.3,33.9 ahead=-7.95 lat=11.3 ang=158.3 along=13.1 gait=3 v=3.09 rein=1
COUNT fence=8 ahead=0.80 lateral=17.61 stride=-1 word=silent kept=false
MICHELLE soft | Come again.
RIDEAI sit n=8 phase=setup pos=12.5,31.7 ahead=7.07 lat=8.76 ang=96.3 along=14.9 gait=3 v=3.31 rein=1
RIDEAI sit n=8 phase=setup pos=12.1,29.3 ahead=12.6 lat=6.48 ang=60.2 along=14.0 gait=3 v=3.37 rein=0
RIDEAI sit n=8 phase=setup pos=10.9,25.9 ahead=9.01 lat=3.38 ang=60.2 along=12.2 gait=3 v=2.0 rein=0
RIDEAI sit n=8 phase=approach pos=9.4,23.2 ahead=9.3 lat=0.96 ang=31.6 along=10.3 gait=3 v=4.26 rein=1
MICHELLE soft | Two. Wait.
COUNT fence=8 ahead=9.26 lateral=1.46 stride=2 word=Two. Wait. kept=true
RIDEAI sit n=8 phase=approach pos=7.2,22.3 ahead=8.02 lat=0.4 ang=6.5 along=8.0 gait=3 v=2.41 rein=0
MICHELLE soft | One. Wait.
COUNT fence=8 ahead=7.54 lateral=0.52 stride=1 word=One. Wait. kept=true
MICHELLE soft | One. Early.
COUNT fence=8 ahead=5.40 lateral=0.52 stride=1 word=One. Early. kept=true
RIDEAI sit n=8 phase=approach pos=4.0,21.4 ahead=4.64 lat=0.04 ang=3.0 along=4.6 gait=3 v=3.88 rein=0
MICHELLE soft | Early.
COUNT fence=8 ahead=4.19 lateral=0.20 stride=0 word=Early. kept=true
MICHELLE soft | Wait.
COUNT fence=8 ahead=3.41 lateral=0.20 stride=0 word=Wait. kept=true
MICHELLE soft | Now.
COUNT fence=8 ahead=3.02 lateral=0.20 stride=0 word=Now. kept=true
RIDEAI ASK n=8 ahead=2.57 lat=0.2 ang=3.0 charge=1.0
RIDEAI fence 8 -> 9 t=59.87 leave=straight
COUNT fence=9 ahead=4.04 lateral=5.03 stride=-1 word=silent kept=false
MICHELLE soft | Come again.
RIDEAI sit n=9 phase=approach pos=-2.9,20.1 ahead=1.67 lat=1.58 ang=89.2 along=5.7 gait=3 v=3.09 rein=-1
RIDEAI come again n=9 rein=1 pos=-5.3,18.7
RIDEAI sit n=9 phase=away pos=-5.4,18.5 ahead=2.66 lat=0.94 ang=38.9 along=4.2 gait=3 v=2.47 rein=1
RIDEAI sit n=9 phase=away pos=-7.1,18.1 ahead=-3.72 lat=2.64 ang=108.7 along=3.8 gait=3 v=2.62 rein=1
RIDEAI sit n=9 phase=again pos=-8.9,20.7 ahead=-6.58 lat=4.4 ang=178.6 along=6.5 gait=3 v=3.73 rein=1
FENCE knock 6 by horse at -8.9,21.9 next=9 jumping=false
RIDECERT rail now=2 next=9 jumping=false phase=again pos=-8.9,22.0
RIDEAI sit n=9 phase=again pos=-9.8,23.6 ahead=-10.05 lat=5.26 ang=130.3 along=9.3 gait=3 v=1.99 rein=1
RIDEAI sit n=9 phase=again pos=-10.7,26.3 ahead=-10.49 lat=6.04 ang=167.3 along=12.1 gait=3 v=2.57 rein=1
RIDEAI sit n=9 phase=setup pos=-8.9,28.0 ahead=0.3 lat=4.26 ang=106.0 along=13.8 gait=3 v=3.57 rein=1
RIDEAI sit n=9 phase=setup pos=-6.8,27.6 ahead=11.87 lat=2.18 ang=37.4 along=13.3 gait=3 v=2.26 rein=1
RIDEAI sit n=9 phase=approach pos=-4.9,25.0 ahead=8.96 lat=0.3 ang=34.8 along=10.7 gait=3 v=3.41 rein=1
MICHELLE soft | Two. Wait.
COUNT fence=9 ahead=9.90 lateral=1.58 stride=2 word=Two. Wait. kept=true
RIDEAI sit n=9 phase=approach pos=-4.5,23.3 ahead=8.99 lat=0.06 ang=2.9 along=9.0 gait=3 v=1.4 rein=0
MICHELLE soft | One. Wait.
COUNT fence=9 ahead=7.54 lateral=0.52 stride=1 word=One. Wait. kept=true
RIDEAI sit n=9 phase=approach pos=-4.3,21.1 ahead=6.74 lat=0.18 ang=2.9 along=6.8 gait=3 v=3.29 rein=0
MICHELLE soft | One. Early.
COUNT fence=9 ahead=5.39 lateral=0.52 stride=1 word=One. Early. kept=true
MICHELLE soft | Early.
COUNT fence=9 ahead=4.18 lateral=0.26 stride=0 word=Early. kept=true
MICHELLE soft | Wait.
COUNT fence=9 ahead=3.47 lateral=0.26 stride=0 word=Wait. kept=true
MICHELLE soft | Now.
COUNT fence=9 ahead=3.02 lateral=0.26 stride=0 word=Now. kept=true
RIDEAI sit n=9 phase=approach pos=-4.2,17.3 ahead=2.95 lat=0.28 ang=0.6 along=2.9 gait=3 v=3.88 rein=0
RIDEAI ASK n=9 ahead=2.56 lat=0.26 ang=0.6 charge=1.0
RIDEAI fence 9 -> 10 t=72.85 leave=rail
RIDEAI sit n=10 phase=approach pos=-4.1,11.0 ahead=11.31 lat=0.2 ang=1.0 along=11.3 gait=3 v=3.22 rein=0
MICHELLE soft | Two. Wait.
COUNT fence=10 ahead=10.89 lateral=0.38 stride=2 word=Two. Wait. kept=true
RIDEAI sit n=10 phase=approach pos=-4.1,8.3 ahead=8.69 lat=0.24 ang=1.0 along=8.7 gait=3 v=1.4 rein=0
MICHELLE soft | One. Wait.
COUNT fence=10 ahead=7.55 lateral=0.38 stride=1 word=One. Wait. kept=true
RIDEAI sit n=10 phase=approach pos=-4.1,5.9 ahead=6.24 lat=0.28 ang=1.0 along=6.2 gait=3 v=3.49 rein=0
MICHELLE soft | One. Early.
COUNT fence=10 ahead=5.36 lateral=0.38 stride=1 word=One. Early. kept=true
MICHELLE soft | Early.
COUNT fence=10 ahead=4.19 lateral=0.38 stride=0 word=Early. kept=true
MICHELLE soft | Wait.
COUNT fence=10 ahead=3.42 lateral=0.38 stride=0 word=Wait. kept=true
MICHELLE soft | Now.
COUNT fence=10 ahead=3.03 lateral=0.38 stride=0 word=Now. kept=true
RIDEAI ASK n=10 ahead=2.53 lat=0.2 ang=2.5 charge=1.0
RIDEAI fence 10 -> 11 t=78.13 leave=rail
MICHELLE soft | One. Wait.
COUNT fence=11 ahead=6.91 lateral=0.12 stride=1 word=One. Wait. kept=true
RIDEAI sit n=11 phase=approach pos=-4.2,-0.9 ahead=6.91 lat=0.22 ang=2.9 along=6.9 gait=3 v=3.84 rein=0
MICHELLE soft | One. Early.
COUNT fence=11 ahead=5.38 lateral=0.12 stride=1 word=One. Early. kept=true
RIDEAI sit n=11 phase=approach pos=-4.3,-2.9 ahead=4.85 lat=0.12 ang=2.9 along=4.9 gait=3 v=2.25 rein=0
MICHELLE soft | Early.
COUNT fence=11 ahead=4.21 lateral=0.12 stride=0 word=Early. kept=true
MICHELLE soft | Wait.
COUNT fence=11 ahead=3.46 lateral=0.12 stride=0 word=Wait. kept=true
MICHELLE soft | Now.
COUNT fence=11 ahead=3.01 lateral=0.12 stride=0 word=Now. kept=true
RIDEAI sit n=11 phase=approach pos=-4.4,-5.2 ahead=2.6 lat=0.02 ang=2.9 along=2.6 gait=3 v=2.25 rein=0
RIDEAI ASK n=11 ahead=2.56 lat=0.12 ang=2.9 charge=1.0
RIDEAI fence 11 -> 12 t=81.61 leave=leave
COUNT fence=12 ahead=9.47 lateral=7.87 stride=-1 word=silent kept=false
MICHELLE soft | Come again.
MICHELLE soft | Two. Wait.
COUNT fence=12 ahead=10.52 lateral=1.43 stride=2 word=Two. Wait. kept=true
COUNT fence=12 ahead=9.60 lateral=1.65 stride=-1 word=silent kept=false
MICHELLE soft | Come again.
RIDEAI sit n=12 phase=land pos=-3.3,-11.3 ahead=9.16 lat=1.8 ang=26.2 along=9.3 gait=3 v=3.09 rein=-1
RIDEAI sit n=12 phase=approach pos=-0.3,-11.9 ahead=5.04 lat=0.5 ang=42.5 along=7.3 gait=3 v=3.17 rein=1
MICHELLE soft | One. Wait.
COUNT fence=12 ahead=5.97 lateral=1.53 stride=1 word=One. Wait. kept=true
RIDEAI sit n=12 phase=approach pos=1.1,-13.3 ahead=5.49 lat=1.0 ang=13.5 along=5.4 gait=3 v=2.03 rein=0
MICHELLE soft | One. Early.
COUNT fence=12 ahead=5.38 lateral=0.28 stride=1 word=One. Early. kept=true
MICHELLE soft | Early.
COUNT fence=12 ahead=4.20 lateral=0.28 stride=0 word=Early. kept=true
MICHELLE soft | Wait.
COUNT fence=12 ahead=3.47 lateral=0.28 stride=0 word=Wait. kept=true
MICHELLE soft | Now.
COUNT fence=12 ahead=2.98 lateral=0.01 stride=0 word=Now. kept=true
RIDEAI ASK n=12 ahead=2.53 lat=0.02 ang=8.9 charge=1.0
RIDEAI fence 12 -> 13 t=86.96 leave=leave
RIDECERT trace E:/Workspace/Madison/game/../dist/traces/hk_adv_001_rail_late.jsonl n=93
RIDECERT hk_adv_001 style=rail_late success=false faults=10 jumped=12/12 t=91.0 teleported=false complete=true refused=[] rail_fences=[3, 6] rail_air=[] conf=83.0 scope=80.0
RIDECERT wrote E:/Workspace/Madison/game/../dist/ridecert_style.json
RIDECERT done pass=true board=style 1 style_all=true
