Godot Engine v4.7.2.stable.official.ed1daf0bf - https://godotengine.org

FIT flatten armature scale=(100.0, 100.0, 100.0) keep_rot=(-90.0, 0.0, 0.0)
FIT length=2.25 height=1.91220223903656 scale=(0.84991, 0.84991, 0.84991)
SEAT bone=Torso bone_pos=(0.0, 1.126922, 0.286373) back_y=1.42885863780975 seat=(0.0, 1.428859, 0.286373)
TACK place crown=(0.0, 0.142, 0.0294) brow=(0.0, 0.196, 0.1326) nose=(0.0, 0.385, -0.0222) bit=(0.0, 0.479225, -0.087663)
HORSE mesh=WhiteHorse anim=true seat=Torso rider_parent=Seat
RIDER mesh scale 0.91304347826087 bones 62
RIDECERT begin
RIDECERT filter hk_adv_003
RIDECERT round hk_adv_003 class=advanced seed=2 jo=false style=refuse_early
COUNT fence=1 ahead=5.96 lateral=8.41 stride=-1 word=silent kept=false
MICHELLE soft | Come again.
MICHELLE soft | Two. Wait.
COUNT fence=1 ahead=7.76 lateral=1.57 stride=2 word=Two. Wait. kept=true
RIDEAI sit n=1 phase=approach pos=8.1,-30.5 ahead=7.68 lat=0.04 ang=3.7 along=7.7 gait=3 v=1.48 rein=-1
MICHELLE soft | One. Wait.
COUNT fence=1 ahead=7.57 lateral=0.31 stride=1 word=One. Wait. kept=true
RIDEAI sit n=1 phase=approach pos=8.2,-28.3 ahead=5.46 lat=0.06 ang=2.6 along=5.5 gait=3 v=3.29 rein=0
MICHELLE soft | One. Early.
COUNT fence=1 ahead=5.35 lateral=0.31 stride=1 word=One. Early. kept=true
RIDEAI ASK n=1 ahead=4.31 lat=0.3 ang=2.6 charge=1.0
RIDECERT refuse fence=1 why=early
MICHELLE soft | One. Early.
COUNT fence=1 ahead=4.44 lateral=0.31 stride=1 word=One. Early. kept=true
RIDEAI sit n=1 phase=approach pos=8.2,-27.3 ahead=4.39 lat=0.12 ang=2.6 along=4.4 gait=3 v=1.13 rein=0
MICHELLE soft | Early.
COUNT fence=1 ahead=4.21 lateral=0.31 stride=0 word=Early. kept=true
MICHELLE soft | Wait.
COUNT fence=1 ahead=3.45 lateral=0.31 stride=0 word=Wait. kept=true
MICHELLE soft | Now.
COUNT fence=1 ahead=3.02 lateral=0.31 stride=0 word=Now. kept=true
RIDEAI ASK n=1 ahead=2.55 lat=0.14 ang=0.9 charge=1.0
RIDEAI fence 1 -> 2 t=6.93 leave=straight
MICHELLE soft | One. Wait.
COUNT fence=2 ahead=6.89 lateral=0.02 stride=1 word=One. Wait. kept=true
RIDEAI sit n=2 phase=approach pos=8.2,-22.0 ahead=6.56 lat=0.12 ang=0.9 along=6.6 gait=3 v=2.97 rein=0
MICHELLE soft | One. Early.
COUNT fence=2 ahead=5.40 lateral=0.02 stride=1 word=One. Early. kept=true
RIDEAI sit n=2 phase=approach pos=8.2,-20.1 ahead=4.61 lat=0.1 ang=0.9 along=4.6 gait=3 v=2.25 rein=0
MICHELLE soft | Early.
COUNT fence=2 ahead=4.20 lateral=0.02 stride=0 word=Early. kept=true
MICHELLE soft | Wait.
COUNT fence=2 ahead=3.45 lateral=0.02 stride=0 word=Wait. kept=true
MICHELLE soft | Now.
COUNT fence=2 ahead=3.03 lateral=0.02 stride=0 word=Now. kept=true
RIDEAI ASK n=2 ahead=2.58 lat=0.02 ang=0.9 charge=1.0
RIDEAI fence 2 -> 3 t=10.38 leave=straight
MICHELLE soft | One. Wait.
COUNT fence=3 ahead=6.97 lateral=0.10 stride=1 word=One. Wait. kept=true
RIDEAI sit n=3 phase=approach pos=8.1,-14.7 ahead=6.74 lat=0.0 ang=0.9 along=6.7 gait=3 v=3.26 rein=0
MICHELLE soft | One. Early.
COUNT fence=3 ahead=5.40 lateral=0.10 stride=1 word=One. Early. kept=true
RIDEAI sit n=3 phase=approach pos=8.1,-12.8 ahead=4.76 lat=0.02 ang=0.9 along=4.8 gait=3 v=2.25 rein=0
MICHELLE soft | Early.
COUNT fence=3 ahead=4.20 lateral=0.10 stride=0 word=Early. kept=true
MICHELLE soft | Wait.
COUNT fence=3 ahead=3.45 lateral=0.10 stride=0 word=Wait. kept=true
MICHELLE soft | Now.
COUNT fence=3 ahead=3.03 lateral=0.10 stride=0 word=Now. kept=true
RIDEAI ASK n=3 ahead=2.58 lat=0.1 ang=0.9 charge=1.0
RIDEAI fence 3 -> 4 t=13.86 leave=straight
COUNT fence=4 ahead=8.77 lateral=15.59 stride=-1 word=silent kept=false
MICHELLE soft | Come again.
RIDEAI sit n=4 phase=land pos=8.0,-7.5 ahead=8.77 lat=16.42 ang=6.0 along=7.1 gait=3 v=3.84 rein=-1
RIDEAI sit n=4 phase=land pos=6.4,-5.0 ahead=15.29 lat=14.62 ang=67.2 along=4.7 gait=3 v=3.09 rein=-1
RIDEAI sit n=4 phase=land pos=3.4,-5.2 ahead=6.0 lat=11.72 ang=128.5 along=5.1 gait=3 v=3.09 rein=-1
RIDEAI sit n=4 phase=setup pos=0.5,-7.6 ahead=0.5 lat=8.94 ang=136.7 along=7.7 gait=3 v=4.93 rein=0
RIDEAI sit n=4 phase=setup pos=-2.7,-9.7 ahead=5.68 lat=5.9 ang=91.3 along=10.0 gait=3 v=2.23 rein=1
RIDEAI sit n=4 phase=setup pos=-5.7,-9.6 ahead=2.72 lat=2.94 ang=91.3 along=10.1 gait=3 v=3.6 rein=0
RIDEAI sit n=4 phase=approach pos=-8.1,-8.9 ahead=5.85 lat=0.48 ang=55.5 along=9.6 gait=3 v=3.38 rein=1
MICHELLE soft | Two. Wait.
COUNT fence=4 ahead=7.99 lateral=1.59 stride=2 word=Two. Wait. kept=true
RIDEAI sit n=4 phase=approach pos=-9.1,-7.0 ahead=7.76 lat=0.62 ang=2.4 along=7.7 gait=3 v=1.61 rein=0
MICHELLE soft | One. Wait.
COUNT fence=4 ahead=7.56 lateral=0.29 stride=1 word=One. Wait. kept=true
MICHELLE soft | One. Early.
COUNT fence=4 ahead=5.35 lateral=0.29 stride=1 word=One. Early. kept=true
RIDEAI sit n=4 phase=approach pos=-8.8,-4.3 ahead=5.04 lat=0.5 ang=2.4 along=5.0 gait=3 v=3.83 rein=0
MICHELLE soft | Early.
COUNT fence=4 ahead=4.20 lateral=0.29 stride=0 word=Early. kept=true
MICHELLE soft | Wait.
COUNT fence=4 ahead=3.42 lateral=0.29 stride=0 word=Wait. kept=true
MICHELLE soft | Now.
COUNT fence=4 ahead=3.03 lateral=0.29 stride=0 word=Now. kept=true
RIDEAI ASK n=4 ahead=2.58 lat=0.3 ang=2.4 charge=1.0
RIDEAI fence 4 -> 5 t=23.94 leave=leave
COUNT fence=5 ahead=10.53 lateral=14.99 stride=-1 word=silent kept=false
MICHELLE soft | Come again.
RIDEAI sit n=5 phase=land pos=-7.8,2.3 ahead=14.01 lat=15.9 ang=27.9 along=7.4 gait=3 v=3.09 rein=1
RIDEAI sit n=5 phase=land pos=-5.3,3.8 ahead=13.45 lat=13.36 ang=89.1 along=5.9 gait=3 v=3.09 rein=1
RIDEAI sit n=5 phase=setup pos=-2.2,3.1 ahead=6.94 lat=10.28 ang=112.6 along=6.7 gait=3 v=3.43 rein=-1
RIDEAI sit n=5 phase=setup pos=0.1,2.2 ahead=4.64 lat=8.0 ang=111.7 along=7.5 gait=3 v=2.13 rein=0
RIDEAI sit n=5 phase=setup pos=3.0,1.1 ahead=2.31 lat=5.08 ang=107.1 along=8.7 gait=3 v=3.88 rein=0
RIDEAI sit n=5 phase=setup pos=5.6,0.3 ahead=-0.42 lat=2.48 ang=107.1 along=9.5 gait=3 v=2.84 rein=0
RIDEAI sit n=5 phase=approach pos=8.3,0.5 ahead=5.63 lat=0.26 ang=50.8 along=9.2 gait=3 v=2.11 rein=-1
MICHELLE soft | Two. Wait.
COUNT fence=5 ahead=7.80 lateral=1.58 stride=2 word=Two. Wait. kept=true
MICHELLE soft | One. Wait.
COUNT fence=5 ahead=7.57 lateral=0.01 stride=1 word=One. Wait. kept=true
RIDEAI sit n=5 phase=approach pos=9.1,2.3 ahead=7.54 lat=0.98 ang=7.6 along=7.5 gait=3 v=1.73 rein=0
MICHELLE soft | One. Early.
COUNT fence=5 ahead=5.39 lateral=0.01 stride=1 word=One. Early. kept=true
RIDEAI sit n=5 phase=approach pos=8.7,5.1 ahead=4.7 lat=0.62 ang=7.6 along=4.7 gait=3 v=3.88 rein=0
MICHELLE soft | Early.
COUNT fence=5 ahead=4.19 lateral=0.01 stride=0 word=Early. kept=true
MICHELLE soft | Wait.
COUNT fence=5 ahead=3.47 lateral=0.01 stride=0 word=Wait. kept=true
MICHELLE soft | Now.
COUNT fence=5 ahead=3.02 lateral=0.01 stride=0 word=Now. kept=true
RIDEAI ASK n=5 ahead=2.57 lat=0.0 ang=7.6 charge=1.0
RIDEAI fence 5 -> 6 t=34.29 leave=leave
COUNT fence=6 ahead=8.93 lateral=14.75 stride=-1 word=silent kept=false
MICHELLE soft | Come again.
RIDEAI sit n=6 phase=land pos=7.5,11.5 ahead=13.09 lat=15.76 ang=38.1 along=4.3 gait=3 v=3.09 rein=-1
RIDEAI sit n=6 phase=land pos=4.8,12.7 ahead=12.3 lat=13.0 ang=99.4 along=3.2 gait=3 v=3.09 rein=-1
RIDEAI come again n=6 rein=-1 pos=2.1,12.0
RIDEAI sit n=6 phase=away pos=1.8,11.9 ahead=7.04 lat=10.0 ang=116.7 along=4.2 gait=3 v=2.54 rein=-1
RIDEAI sit n=6 phase=again pos=0.6,10.5 ahead=-0.64 lat=8.88 ang=150.5 along=5.8 gait=3 v=2.88 rein=0
RIDEAI sit n=6 phase=again pos=-1.6,7.1 ahead=-1.67 lat=7.0 ang=135.2 along=9.3 gait=3 v=5.18 rein=1
RIDEAI sit n=6 phase=setup pos=-6.2,4.3 ahead=-3.04 lat=2.58 ang=115.7 along=12.4 gait=3 v=4.5 rein=1
RIDEAI sit n=6 phase=approach pos=-8.7,4.8 ahead=7.6 lat=0.04 ang=51.1 along=12.0 gait=3 v=3.34 rein=1
MICHELLE soft | Two. Wait.
COUNT fence=6 ahead=10.18 lateral=1.51 stride=2 word=Two. Wait. kept=true
RIDEAI sit n=6 phase=approach pos=-9.6,7.2 ahead=9.73 lat=0.98 ang=3.3 along=9.7 gait=3 v=2.61 rein=0
RIDEAI sit n=6 phase=approach pos=-9.3,9.1 ahead=7.85 lat=0.88 ang=3.3 along=7.8 gait=3 v=2.41 rein=0
MICHELLE soft | One. Wait.
COUNT fence=6 ahead=7.56 lateral=0.43 stride=1 word=One. Wait. kept=true
MICHELLE soft | One. Early.
COUNT fence=6 ahead=5.35 lateral=0.32 stride=1 word=One. Early. kept=true
RIDEAI sit n=6 phase=approach pos=-8.8,12.4 ahead=4.52 lat=0.64 ang=6.8 along=4.5 gait=3 v=3.88 rein=0
MICHELLE soft | Early.
COUNT fence=6 ahead=4.19 lateral=0.10 stride=0 word=Early. kept=true
MICHELLE soft | Wait.
COUNT fence=6 ahead=3.41 lateral=0.10 stride=0 word=Wait. kept=true
MICHELLE soft | Now.
COUNT fence=6 ahead=3.03 lateral=0.10 stride=0 word=Now. kept=true
RIDEAI ASK n=6 ahead=2.57 lat=0.1 ang=6.8 charge=1.0
RIDEAI fence 6 -> 7 t=45.66 leave=leave
RIDEAI sit n=7 phase=land pos=-7.1,19.3 ahead=17.33 lat=15.22 ang=40.4 along=9.8 gait=3 v=3.09 rein=1
RIDEAI sit n=7 phase=land pos=-4.3,20.3 ahead=12.36 lat=12.42 ang=90.4 along=8.8 gait=3 v=3.21 rein=0
COUNT fence=7 ahead=10.97 lateral=8.89 stride=-1 word=silent kept=false
MICHELLE soft | Come again.
RIDEAI sit n=7 phase=setup pos=-1.0,20.2 ahead=8.4 lat=9.12 ang=94.5 along=8.9 gait=3 v=3.83 rein=0
RIDEAI sit n=7 phase=setup pos=3.9,19.8 ahead=3.49 lat=4.22 ang=94.5 along=9.3 gait=3 v=5.21 rein=0
RIDEAI sit n=7 phase=approach pos=6.8,19.5 ahead=2.29 lat=1.24 ang=83.7 along=9.6 gait=3 v=3.38 rein=-1
RIDEAI sit n=7 phase=approach pos=8.9,20.9 ahead=7.36 lat=0.82 ang=20.4 along=8.2 gait=3 v=1.6 rein=-1
MICHELLE soft | Two. Wait.
COUNT fence=7 ahead=7.77 lateral=1.45 stride=2 word=Two. Wait. kept=true
MICHELLE soft | One. Wait.
COUNT fence=7 ahead=7.55 lateral=0.03 stride=1 word=One. Wait. kept=true
RIDEAI sit n=7 phase=approach pos=8.8,22.7 ahead=6.39 lat=0.74 ang=6.3 along=6.4 gait=3 v=2.75 rein=0
MICHELLE soft | One. Early.
COUNT fence=7 ahead=5.34 lateral=0.03 stride=1 word=One. Early. kept=true
MICHELLE soft | Early.
COUNT fence=7 ahead=4.20 lateral=0.03 stride=0 word=Early. kept=true
MICHELLE soft | Wait.
COUNT fence=7 ahead=3.43 lateral=0.03 stride=0 word=Wait. kept=true
MICHELLE soft | Now.
COUNT fence=7 ahead=2.97 lateral=0.03 stride=0 word=Now. kept=true
RIDEAI sit n=7 phase=approach pos=8.4,26.3 ahead=2.78 lat=0.34 ang=6.3 along=2.8 gait=3 v=3.88 rein=0
RIDEAI ASK n=7 ahead=2.58 lat=0.02 ang=6.3 charge=1.0
RIDEAI fence 7 -> 8 t=54.62 leave=straight
COUNT fence=8 ahead=1.55 lateral=12.57 stride=-1 word=silent kept=false
MICHELLE soft | Come again.
RIDEAI sit n=8 phase=land pos=6.5,31.9 ahead=8.84 lat=2.36 ang=26.5 along=11.1 gait=3 v=3.09 rein=-1
MICHELLE soft | Two. Wait.
COUNT fence=8 ahead=9.68 lateral=1.60 stride=2 word=Two. Wait. kept=true
COUNT fence=8 ahead=8.62 lateral=1.71 stride=-1 word=silent kept=false
MICHELLE soft | Come again.
RIDEAI sit n=8 phase=land pos=3.5,31.6 ahead=7.88 lat=2.12 ang=34.8 along=8.1 gait=3 v=3.09 rein=-1
MICHELLE soft | One. Wait.
COUNT fence=8 ahead=7.36 lateral=1.52 stride=1 word=One. Wait. kept=true
RIDEAI sit n=8 phase=approach pos=1.6,30.7 ahead=6.24 lat=1.2 ang=20.7 along=6.2 gait=3 v=2.09 rein=0
MICHELLE soft | One. Early.
COUNT fence=8 ahead=5.36 lateral=0.60 stride=1 word=One. Early. kept=true
MICHELLE soft | Early.
COUNT fence=8 ahead=4.19 lateral=0.22 stride=0 word=Early. kept=true
MICHELLE soft | Wait.
COUNT fence=8 ahead=3.43 lateral=0.15 stride=0 word=Wait. kept=true
RIDEAI sit n=8 phase=approach pos=-1.4,29.9 ahead=3.24 lat=0.42 ang=6.7 along=3.2 gait=3 v=3.88 rein=1
MICHELLE soft | Now.
COUNT fence=8 ahead=2.98 lateral=0.05 stride=0 word=Now. kept=true
RIDEAI ASK n=8 ahead=2.59 lat=0.06 ang=6.7 charge=1.0
RIDEAI fence 8 -> 9 t=60.15 leave=leave
COUNT fence=9 ahead=1.64 lateral=21.68 stride=-1 word=silent kept=false
MICHELLE soft | Come again.
RIDEAI sit n=9 phase=land pos=-7.8,28.1 ahead=15.19 lat=4.58 ang=29.9 along=20.2 gait=3 v=3.09 rein=-1
RIDEAI sit n=9 phase=land pos=-7.9,25.2 ahead=17.36 lat=4.52 ang=27.3 along=17.2 gait=3 v=3.09 rein=0
RIDEAI sit n=9 phase=setup pos=-6.3,21.9 ahead=13.42 lat=2.74 ang=31.4 along=14.0 gait=3 v=4.6 rein=0
MICHELLE soft | Two. Wait.
COUNT fence=9 ahead=10.87 lateral=1.00 stride=2 word=Two. Wait. kept=true
RIDEAI sit n=9 phase=approach pos=-4.8,16.9 ahead=9.15 lat=0.92 ang=12.0 along=9.2 gait=3 v=5.21 rein=0
MICHELLE soft | One. Wait.
COUNT fence=9 ahead=7.54 lateral=0.36 stride=1 word=One. Wait. kept=true
RIDEAI sit n=9 phase=approach pos=-4.5,14.2 ahead=6.46 lat=0.46 ang=7.3 along=6.5 gait=3 v=2.64 rein=0
MICHELLE soft | One. Early.
COUNT fence=9 ahead=5.39 lateral=0.36 stride=1 word=One. Early. kept=true
MICHELLE soft | Early.
COUNT fence=9 ahead=4.20 lateral=0.36 stride=0 word=Early. kept=true
MICHELLE soft | Wait.
COUNT fence=9 ahead=3.44 lateral=0.12 stride=0 word=Wait. kept=true
MICHELLE soft | Now.
COUNT fence=9 ahead=2.98 lateral=0.12 stride=0 word=Now. kept=true
RIDEAI sit n=9 phase=approach pos=-4.3,10.6 ahead=2.92 lat=0.08 ang=3.8 along=2.9 gait=3 v=3.88 rein=0
RIDEAI ASK n=9 ahead=2.53 lat=0.12 ang=3.8 charge=1.0
RIDEAI fence 9 -> 10 t=67.51 leave=leave
COUNT fence=10 ahead=5.22 lateral=8.55 stride=-1 word=silent kept=false
MICHELLE soft | Come again.
RIDEAI sit n=10 phase=land pos=-3.0,4.8 ahead=7.59 lat=7.28 ang=51.4 along=3.1 gait=3 v=3.09 rein=-1
MICHELLE soft | One. Wait.
COUNT fence=10 ahead=7.49 lateral=1.48 stride=1 word=One. Wait. kept=true
COUNT fence=10 ahead=6.15 lateral=1.62 stride=-1 word=silent kept=false
MICHELLE soft | Come again.
RIDEAI sit n=10 phase=land pos=-0.1,4.6 ahead=2.99 lat=4.36 ang=112.6 along=2.7 gait=3 v=3.09 rein=-1
RIDEAI come again n=10 rein=-1 pos=0.9,5.5
RIDEAI sit n=10 phase=again pos=1.4,6.6 ahead=-3.63 lat=2.76 ang=164.1 along=4.6 gait=3 v=2.19 rein=0
RIDEAI sit n=10 phase=again pos=2.1,9.9 ahead=-6.98 lat=1.84 ang=164.1 along=7.8 gait=3 v=4.49 rein=0
RIDEAI sit n=10 phase=approach pos=3.2,15.0 ahead=-11.69 lat=0.44 ang=157.7 along=12.8 gait=3 v=4.35 rein=1
RIDEAI sit n=10 phase=approach pos=5.3,16.6 ahead=-2.99 lat=1.74 ang=95.0 along=14.3 gait=3 v=3.53 rein=1
RIDEAI sit n=10 phase=setup pos=7.4,15.9 ahead=10.29 lat=3.74 ang=27.2 along=13.5 gait=3 v=2.22 rein=1
RIDEAI sit n=10 phase=setup pos=7.4,13.3 ahead=10.91 lat=3.62 ang=37.5 along=11.0 gait=3 v=1.34 rein=1
RIDEAI sit n=10 phase=approach pos=5.3,12.4 ahead=5.01 lat=1.42 ang=68.7 along=10.1 gait=3 v=3.53 rein=-1
MICHELLE soft | Two. Wait.
COUNT fence=10 ahead=8.52 lateral=1.59 stride=2 word=Two. Wait. kept=true
RIDEAI sit n=10 phase=approach pos=3.9,10.7 ahead=8.52 lat=0.06 ang=3.3 along=8.5 gait=3 v=1.34 rein=-1
MICHELLE soft | One. Wait.
COUNT fence=10 ahead=7.55 lateral=0.38 stride=1 word=One. Wait. kept=true
RIDEAI sit n=10 phase=approach pos=3.9,8.5 ahead=6.27 lat=0.14 ang=2.1 along=6.3 gait=3 v=3.33 rein=0
MICHELLE soft | One. Early.
COUNT fence=10 ahead=5.37 lateral=0.38 stride=1 word=One. Early. kept=true
MICHELLE soft | Early.
COUNT fence=10 ahead=4.20 lateral=0.38 stride=0 word=Early. kept=true
MICHELLE soft | Wait.
COUNT fence=10 ahead=3.42 lateral=0.38 stride=0 word=Wait. kept=true
MICHELLE soft | Now.
COUNT fence=10 ahead=2.98 lateral=0.32 stride=0 word=Now. kept=true
RIDEAI ASK n=10 ahead=2.54 lat=0.14 ang=2.5 charge=1.0
RIDEAI fence 10 -> 11 t=80.8 leave=leave
RIDEAI sit n=11 phase=jump pos=4.3,1.7 ahead=8.73 lat=8.96 ang=4.2 along=9.4 gait=3 v=3.88 rein=0
COUNT fence=11 ahead=8.84 lateral=9.47 stride=-1 word=silent kept=false
MICHELLE soft | Come again.
MICHELLE soft | Two. Wait.
COUNT fence=11 ahead=10.86 lateral=1.54 stride=2 word=Two. Wait. kept=true
RIDEAI sit n=11 phase=land pos=3.0,-1.0 ahead=10.04 lat=7.62 ang=57.0 along=6.7 gait=3 v=3.09 rein=1
COUNT fence=11 ahead=9.96 lateral=1.65 stride=-1 word=silent kept=false
MICHELLE soft | Come again.
RIDEAI sit n=11 phase=land pos=0.1,-1.2 ahead=0.99 lat=4.68 ang=118.3 along=6.6 gait=3 v=3.09 rein=1
RIDEAI sit n=11 phase=setup pos=-2.3,0.3 ahead=-2.88 lat=2.3 ang=125.4 along=8.2 gait=3 v=1.4 rein=0
RIDEAI sit n=11 phase=approach pos=-4.6,1.1 ahead=-2.05 lat=0.04 ang=103.3 along=9.1 gait=3 v=3.46 rein=-1
RIDEAI sit n=11 phase=setup pos=-7.9,2.2 ahead=-9.38 lat=3.26 ang=133.1 along=10.2 gait=3 v=2.02 rein=1
RIDEAI sit n=11 phase=setup pos=-8.2,4.1 ahead=-9.81 lat=3.48 ang=157.0 along=12.1 gait=3 v=2.96 rein=1
RIDEAI sit n=11 phase=shy pos=-7.0,7.5 ahead=-14.03 lat=2.22 ang=161.7 along=15.5 gait=3 v=3.77 rein=-1
RIDEAI sit n=11 phase=setup pos=-7.3,10.0 ahead=-16.79 lat=2.42 ang=149.8 along=18.0 gait=3 v=2.8 rein=1
RIDEAI sit n=11 phase=setup pos=-7.6,12.6 ahead=-16.87 lat=2.68 ang=151.5 along=20.7 gait=3 v=1.5 rein=1
RIDEAI sit n=11 phase=around pos=-5.4,13.6 ahead=2.17 lat=0.44 ang=85.4 along=21.6 gait=3 v=3.62 rein=1
RIDEAI sit n=11 phase=around pos=-3.5,12.5 ahead=15.6 lat=1.42 ang=36.5 along=20.5 gait=3 v=2.3 rein=0
RIDEAI sit n=11 phase=setup pos=-1.5,9.9 ahead=13.09 lat=3.34 ang=33.0 along=17.8 gait=3 v=3.96 rein=0
RIDEAI sit n=11 phase=setup pos=-0.5,7.2 ahead=15.59 lat=4.34 ang=13.6 along=15.0 gait=3 v=2.57 rein=1
RIDEAI sit n=11 phase=setup pos=-2.1,4.8 ahead=11.12 lat=2.62 ang=42.2 along=12.6 gait=3 v=2.0 rein=0
MICHELLE soft | Two. Wait.
COUNT fence=11 ahead=10.56 lateral=1.43 stride=2 word=Two. Wait. kept=true
RIDEAI sit n=11 phase=approach pos=-3.5,2.1 ahead=10.01 lat=1.16 ang=11.6 along=10.0 gait=3 v=4.22 rein=0
MICHELLE soft | One. Wait.
COUNT fence=11 ahead=7.55 lateral=0.39 stride=1 word=One. Wait. kept=true
RIDEAI sit n=11 phase=approach pos=-3.9,-0.5 ahead=7.47 lat=0.66 ang=8.1 along=7.4 gait=3 v=2.36 rein=0
MICHELLE soft | One. Early.
COUNT fence=11 ahead=5.40 lateral=0.39 stride=1 word=One. Early. kept=true
MICHELLE soft | Early.
COUNT fence=11 ahead=4.18 lateral=0.12 stride=0 word=Early. kept=true
RIDEAI sit n=11 phase=approach pos=-4.3,-3.8 ahead=4.18 lat=0.22 ang=4.6 along=4.2 gait=3 v=3.88 rein=0
MICHELLE soft | Wait.
COUNT fence=11 ahead=3.47 lateral=0.12 stride=0 word=Wait. kept=true
MICHELLE soft | Now.
COUNT fence=11 ahead=3.02 lateral=0.12 stride=0 word=Now. kept=true
RIDEAI ASK n=11 ahead=2.56 lat=0.12 ang=4.6 charge=1.0
RIDEAI fence 11 -> 12 t=99.64 leave=leave
MICHELLE soft | Two. Wait.
COUNT fence=12 ahead=10.26 lateral=0.99 stride=2 word=Two. Wait. kept=true
RIDEAI sit n=12 phase=approach pos=-4.6,-9.9 ahead=8.81 lat=1.02 ang=0.2 along=8.8 gait=3 v=1.4 rein=0
MICHELLE soft | One. Wait.
COUNT fence=12 ahead=7.56 lateral=0.29 stride=1 word=One. Wait. kept=true
RIDEAI sit n=12 phase=approach pos=-4.6,-11.9 ahead=6.88 lat=0.86 ang=4.8 along=6.8 gait=3 v=2.25 rein=0
MICHELLE soft | One. Early.
COUNT fence=12 ahead=5.38 lateral=0.29 stride=1 word=One. Early. kept=true
RIDEAI sit n=12 phase=approach pos=-4.5,-14.3 ahead=4.48 lat=0.66 ang=4.8 along=4.4 gait=3 v=3.06 rein=0
MICHELLE soft | Early.
COUNT fence=12 ahead=4.22 lateral=0.29 stride=0 word=Early. kept=true
MICHELLE soft | Wait.
COUNT fence=12 ahead=3.46 lateral=0.29 stride=0 word=Wait. kept=true
MICHELLE soft | Now.
COUNT fence=12 ahead=2.97 lateral=0.29 stride=0 word=Now. kept=true
RIDEAI ASK n=12 ahead=2.58 lat=0.28 ang=4.8 charge=1.0
RIDEAI fence 12 -> 13 t=104.21 leave=leave
RIDECERT trace E:/Workspace/Madison/game/../dist/traces/hk_adv_003_refuse_early.jsonl n=111
RIDECERT hk_adv_003 style=refuse_early success=false faults=11 jumped=12/12 t=108.22 teleported=false complete=true refused=[1] rail_fences=[] rail_air=[] conf=79.5 scope=80.0
RIDECERT round hk_adv_003 class=advanced seed=2 jo=false style=rail_late
COUNT fence=1 ahead=5.96 lateral=8.41 stride=-1 word=silent kept=false
MICHELLE soft | Come again.
MICHELLE soft | Two. Wait.
COUNT fence=1 ahead=7.76 lateral=1.57 stride=2 word=Two. Wait. kept=true
RIDEAI sit n=1 phase=approach pos=8.1,-30.5 ahead=7.68 lat=0.04 ang=3.7 along=7.7 gait=3 v=1.48 rein=-1
MICHELLE soft | One. Wait.
COUNT fence=1 ahead=7.57 lateral=0.31 stride=1 word=One. Wait. kept=true
RIDEAI sit n=1 phase=approach pos=8.2,-28.3 ahead=5.46 lat=0.06 ang=2.6 along=5.5 gait=3 v=3.29 rein=0
MICHELLE soft | One. Early.
COUNT fence=1 ahead=5.35 lateral=0.31 stride=1 word=One. Early. kept=true
MICHELLE soft | Early.
COUNT fence=1 ahead=4.18 lateral=0.31 stride=0 word=Early. kept=true
MICHELLE soft | Wait.
COUNT fence=1 ahead=3.46 lateral=0.31 stride=0 word=Wait. kept=true
MICHELLE soft | Now.
COUNT fence=1 ahead=3.01 lateral=0.31 stride=0 word=Now. kept=true
RIDEAI ASK n=1 ahead=2.63 lat=0.2 ang=0.2 charge=1.0
RIDEAI fence 1 -> 2 t=4.16 leave=
MICHELLE soft | One. Wait.
COUNT fence=2 ahead=6.98 lateral=0.23 stride=1 word=One. Wait. kept=true
RIDEAI sit n=2 phase=approach pos=8.3,-21.8 ahead=6.37 lat=0.2 ang=0.2 along=6.4 gait=3 v=1.97 rein=0
MICHELLE soft | One. Early.
COUNT fence=2 ahead=5.37 lateral=0.23 stride=1 word=One. Early. kept=true
RIDEAI sit n=2 phase=approach pos=8.3,-19.9 ahead=4.43 lat=0.2 ang=0.2 along=4.4 gait=3 v=2.25 rein=0
MICHELLE soft | Early.
COUNT fence=2 ahead=4.21 lateral=0.23 stride=0 word=Early. kept=true
MICHELLE soft | Wait.
COUNT fence=2 ahead=3.46 lateral=0.23 stride=0 word=Wait. kept=true
MICHELLE soft | Now.
COUNT fence=2 ahead=3.01 lateral=0.23 stride=0 word=Now. kept=true
RIDEAI ASK n=2 ahead=2.67 lat=0.22 ang=0.2 charge=1.0
RIDEAI fence 2 -> 3 t=7.62 leave=leave
MICHELLE soft | One. Wait.
COUNT fence=3 ahead=7.06 lateral=0.26 stride=1 word=One. Wait. kept=true
RIDEAI sit n=3 phase=approach pos=8.3,-14.5 ahead=6.51 lat=0.22 ang=0.2 along=6.5 gait=3 v=2.26 rein=0
MICHELLE soft | One. Early.
COUNT fence=3 ahead=5.38 lateral=0.26 stride=1 word=One. Early. kept=true
RIDEAI sit n=3 phase=approach pos=8.3,-12.6 ahead=4.59 lat=0.24 ang=0.2 along=4.6 gait=3 v=2.25 rein=0
MICHELLE soft | Early.
COUNT fence=3 ahead=4.21 lateral=0.26 stride=0 word=Early. kept=true
MICHELLE soft | Wait.
COUNT fence=3 ahead=3.46 lateral=0.26 stride=0 word=Wait. kept=true
MICHELLE soft | Now.
COUNT fence=3 ahead=3.01 lateral=0.26 stride=0 word=Now. kept=true
RIDEAI sit n=3 phase=approach pos=8.3,-10.3 ahead=2.33 lat=0.24 ang=0.2 along=2.3 gait=3 v=2.25 rein=0
MICHELLE soft | Too deep.
COUNT fence=3 ahead=2.06 lateral=0.26 stride=0 word=Too deep. kept=true
RIDEAI ASK n=3 ahead=1.41 lat=0.26 ang=0.2 charge=1.0
FENCE knock 3 by horse at 8.3,-9.2 next=3 jumping=true
RIDECERT rail now=1 next=3 jumping=true phase=jump pos=8.3,-9.2
RIDEAI fence 3 -> 4 t=11.6 leave=deep
COUNT fence=4 ahead=7.28 lateral=16.16 stride=-1 word=silent kept=false
MICHELLE soft | Come again.
RIDEAI sit n=4 phase=land pos=7.7,-4.5 ahead=13.81 lat=15.92 ang=42.6 along=4.1 gait=3 v=3.09 rein=-1
RIDEAI sit n=4 phase=land pos=4.9,-3.5 ahead=11.93 lat=13.1 ang=103.8 along=3.3 gait=3 v=3.09 rein=-1
RIDEAI come again n=4 rein=-1 pos=2.8,-4.0
RIDEAI sit n=4 phase=away pos=2.2,-4.3 ahead=5.23 lat=10.42 ang=130.0 along=4.3 gait=3 v=1.34 rein=-1
RIDEAI sit n=4 phase=again pos=0.7,-5.9 ahead=1.08 lat=9.02 ang=140.6 along=6.0 gait=3 v=3.34 rein=0
RIDEAI sit n=4 phase=again pos=-2.4,-9.2 ahead=-3.42 lat=6.16 ang=140.6 along=9.5 gait=3 v=5.55 rein=0
RIDEAI sit n=4 phase=setup pos=-6.1,-12.4 ahead=-1.87 lat=2.74 ang=110.1 along=12.9 gait=3 v=2.35 rein=1
RIDEAI sit n=4 phase=approach pos=-8.7,-11.5 ahead=8.18 lat=0.04 ang=48.2 along=12.2 gait=3 v=3.43 rein=1
MICHELLE soft | Two. Wait.
COUNT fence=4 ahead=10.75 lateral=1.54 stride=2 word=Two. Wait. kept=true
RIDEAI sit n=4 phase=approach pos=-9.2,-9.2 ahead=9.94 lat=0.64 ang=0.3 along=9.9 gait=3 v=3.34 rein=0
RIDEAI sit n=4 phase=approach pos=-9.1,-7.0 ahead=7.73 lat=0.62 ang=0.3 along=7.7 gait=3 v=2.36 rein=0
MICHELLE soft | One. Wait.
COUNT fence=4 ahead=7.57 lateral=0.58 stride=1 word=One. Wait. kept=true
MICHELLE soft | One. Early.
COUNT fence=4 ahead=5.36 lateral=0.21 stride=1 word=One. Early. kept=true
RIDEAI sit n=4 phase=approach pos=-8.7,-3.7 ahead=4.46 lat=0.5 ang=3.8 along=4.4 gait=3 v=3.88 rein=0
MICHELLE soft | Early.
COUNT fence=4 ahead=4.20 lateral=0.21 stride=0 word=Early. kept=true
MICHELLE soft | Wait.
COUNT fence=4 ahead=3.42 lateral=0.21 stride=0 word=Wait. kept=true
MICHELLE soft | Now.
COUNT fence=4 ahead=3.03 lateral=0.21 stride=0 word=Now. kept=true
RIDEAI ASK n=4 ahead=2.58 lat=0.2 ang=3.8 charge=1.0
RIDEAI fence 4 -> 5 t=23.15 leave=leave
COUNT fence=5 ahead=10.89 lateral=14.64 stride=-1 word=silent kept=false
MICHELLE soft | Come again.
RIDEAI sit n=5 phase=land pos=-7.4,2.7 ahead=15.19 lat=15.52 ang=38.5 along=7.1 gait=3 v=3.09 rein=1
RIDEAI sit n=5 phase=land pos=-4.7,3.7 ahead=11.55 lat=12.74 ang=99.7 along=6.0 gait=3 v=3.09 rein=1
RIDEAI sit n=5 phase=setup pos=-1.5,2.9 ahead=6.65 lat=9.58 ang=109.9 along=6.9 gait=3 v=3.87 rein=-1
RIDEAI sit n=5 phase=setup pos=0.5,2.0 ahead=3.04 lat=7.56 ang=118.1 along=7.7 gait=3 v=2.45 rein=-1
RIDEAI sit n=5 phase=setup pos=3.8,0.8 ahead=1.44 lat=4.32 ang=107.6 along=8.9 gait=3 v=3.88 rein=0
RIDEAI sit n=5 phase=around pos=6.2,0.1 ahead=-0.09 lat=1.86 ang=101.5 along=9.6 gait=3 v=3.3 rein=-1
RIDEAI sit n=5 phase=approach pos=8.7,0.8 ahead=6.53 lat=0.6 ang=39.1 along=8.9 gait=3 v=2.57 rein=-1
MICHELLE soft | Two. Wait.
COUNT fence=5 ahead=7.80 lateral=1.52 stride=2 word=Two. Wait. kept=true
MICHELLE soft | One. Wait.
COUNT fence=5 ahead=7.56 lateral=0.07 stride=1 word=One. Wait. kept=true
RIDEAI sit n=5 phase=approach pos=9.1,2.6 ahead=7.16 lat=0.96 ang=8.2 along=7.1 gait=3 v=2.19 rein=0
MICHELLE soft | One. Early.
COUNT fence=5 ahead=5.35 lateral=0.07 stride=1 word=One. Early. kept=true
MICHELLE soft | Early.
COUNT fence=5 ahead=4.20 lateral=0.07 stride=0 word=Early. kept=true
RIDEAI sit n=5 phase=approach pos=8.6,5.8 ahead=3.95 lat=0.5 ang=8.2 along=3.9 gait=3 v=3.88 rein=0
MICHELLE soft | Wait.
COUNT fence=5 ahead=3.43 lateral=0.07 stride=0 word=Wait. kept=true
MICHELLE soft | Now.
COUNT fence=5 ahead=2.97 lateral=0.07 stride=0 word=Now. kept=true
RIDEAI ASK n=5 ahead=2.59 lat=0.06 ang=8.2 charge=1.0
RIDEAI fence 5 -> 6 t=33.44 leave=straight
COUNT fence=6 ahead=9.12 lateral=14.58 stride=-1 word=silent kept=false
MICHELLE soft | Come again.
RIDEAI sit n=6 phase=land pos=7.0,11.9 ahead=14.29 lat=15.24 ang=51.1 along=3.9 gait=3 v=3.09 rein=-1
RIDEAI sit n=6 phase=land pos=4.2,12.5 ahead=10.63 lat=12.32 ang=108.2 along=3.5 gait=3 v=3.09 rein=0
RIDEAI come again n=6 rein=-1 pos=2.0,12.0
RIDEAI sit n=6 phase=away pos=1.4,11.7 ahead=4.45 lat=9.62 ang=130.3 along=4.5 gait=3 v=1.34 rein=-1
RIDEAI sit n=6 phase=again pos=0.1,9.9 ahead=-1.29 lat=8.48 ang=150.1 along=6.4 gait=3 v=3.34 rein=0
RIDEAI sit n=6 phase=again pos=-1.4,7.5 ahead=0.53 lat=7.16 ang=126.3 along=8.8 gait=3 v=1.69 rein=0
RIDEAI sit n=6 phase=again pos=-3.7,6.0 ahead=-2.27 lat=4.9 ang=126.3 along=10.5 gait=3 v=3.9 rein=0
RIDEAI sit n=6 phase=approach pos=-7.4,4.1 ahead=-0.17 lat=1.44 ang=97.2 along=12.7 gait=3 v=1.76 rein=1
RIDEAI sit n=6 phase=approach pos=-9.4,5.5 ahead=8.96 lat=0.7 ang=35.2 along=11.5 gait=3 v=3.69 rein=1
MICHELLE soft | Two. Wait.
COUNT fence=6 ahead=9.99 lateral=1.44 stride=2 word=Two. Wait. kept=true
RIDEAI sit n=6 phase=approach pos=-9.7,7.8 ahead=9.17 lat=1.16 ang=6.0 along=9.1 gait=3 v=1.4 rein=0
MICHELLE soft | One. Wait.
COUNT fence=6 ahead=7.57 lateral=0.19 stride=1 word=One. Wait. kept=true
RIDEAI sit n=6 phase=approach pos=-9.3,9.8 ahead=7.2 lat=0.96 ang=6.0 along=7.1 gait=3 v=2.91 rein=0
MICHELLE soft | One. Early.
COUNT fence=6 ahead=5.40 lateral=0.19 stride=1 word=One. Early. kept=true
MICHELLE soft | Early.
COUNT fence=6 ahead=4.17 lateral=0.19 stride=0 word=Early. kept=true
RIDEAI sit n=6 phase=approach pos=-8.7,13.4 ahead=3.52 lat=0.56 ang=6.0 along=3.5 gait=3 v=3.88 rein=0
MICHELLE soft | Wait.
COUNT fence=6 ahead=3.45 lateral=0.19 stride=0 word=Wait. kept=true
MICHELLE soft | Now.
COUNT fence=6 ahead=3.00 lateral=0.19 stride=0 word=Now. kept=true
RIDEAI ASK n=6 ahead=2.55 lat=0.2 ang=6.0 charge=1.0
RIDEAI fence 6 -> 7 t=45.75 leave=straight
RIDEAI sit n=7 phase=land pos=-6.7,19.9 ahead=17.4 lat=14.78 ang=55.0 along=9.2 gait=3 v=3.09 rein=1
RIDEAI sit n=7 phase=land pos=-3.7,20.4 ahead=11.64 lat=11.76 ang=90.7 along=8.7 gait=3 v=3.22 rein=0
COUNT fence=7 ahead=11.00 lateral=8.89 stride=-1 word=silent kept=false
MICHELLE soft | Come again.
RIDEAI sit n=7 phase=setup pos=-0.1,20.2 ahead=7.45 lat=8.22 ang=94.8 along=8.9 gait=3 v=4.41 rein=0
RIDEAI sit n=7 phase=setup pos=4.8,19.7 ahead=1.89 lat=3.26 ang=98.3 along=9.4 gait=3 v=3.35 rein=0
RIDEAI sit n=7 phase=approach pos=7.7,19.8 ahead=3.65 lat=0.44 ang=69.7 along=9.3 gait=3 v=3.88 rein=-1
MICHELLE soft | Two. Wait.
COUNT fence=7 ahead=7.76 lateral=1.51 stride=2 word=Two. Wait. kept=true
RIDEAI sit n=7 phase=approach pos=9.0,21.2 ahead=7.76 lat=0.9 ang=4.4 along=7.9 gait=3 v=1.34 rein=-1
MICHELLE soft | One. Wait.
COUNT fence=7 ahead=7.55 lateral=0.09 stride=1 word=One. Wait. kept=true
RIDEAI sit n=7 phase=approach pos=8.8,23.5 ahead=5.68 lat=0.68 ang=6.0 along=5.6 gait=3 v=3.29 rein=0
MICHELLE soft | One. Early.
COUNT fence=7 ahead=5.34 lateral=0.09 stride=1 word=One. Early. kept=true
MICHELLE soft | Early.
COUNT fence=7 ahead=4.20 lateral=0.09 stride=0 word=Early. kept=true
MICHELLE soft | Wait.
COUNT fence=7 ahead=3.42 lateral=0.09 stride=0 word=Wait. kept=true
MICHELLE soft | Now.
COUNT fence=7 ahead=2.97 lateral=0.09 stride=0 word=Now. kept=true
RIDEAI ASK n=7 ahead=2.58 lat=0.08 ang=6.0 charge=1.0
RIDEAI fence 7 -> 8 t=54.73 leave=straight
COUNT fence=8 ahead=1.48 lateral=12.64 stride=-1 word=silent kept=false
MICHELLE soft | Come again.
RIDEAI sit n=8 phase=land pos=8.0,30.1 ahead=2.95 lat=0.6 ang=73.8 along=12.6 gait=3 v=3.39 rein=-1
RIDEAI sit n=8 phase=land pos=5.8,32.1 ahead=9.63 lat=2.62 ang=12.5 along=10.4 gait=3 v=3.09 rein=-1
MICHELLE soft | Two. Wait.
COUNT fence=8 ahead=9.72 lateral=1.49 stride=2 word=Two. Wait. kept=true
COUNT fence=8 ahead=8.71 lateral=1.67 stride=-1 word=silent kept=false
MICHELLE soft | Come again.
RIDEAI sit n=8 phase=approach pos=3.0,31.2 ahead=7.44 lat=1.74 ang=30.4 along=7.6 gait=3 v=3.13 rein=1
MICHELLE soft | One. Wait.
COUNT fence=8 ahead=7.35 lateral=1.50 stride=1 word=One. Wait. kept=true
RIDEAI sit n=8 phase=approach pos=1.2,30.5 ahead=5.8 lat=1.02 ang=18.0 along=5.8 gait=3 v=2.41 rein=1
MICHELLE soft | One. Early.
COUNT fence=8 ahead=5.39 lateral=0.58 stride=1 word=One. Early. kept=true
MICHELLE soft | Early.
COUNT fence=8 ahead=4.17 lateral=0.21 stride=0 word=Early. kept=true
MICHELLE soft | Wait.
COUNT fence=8 ahead=3.47 lateral=0.21 stride=0 word=Wait. kept=true
MICHELLE soft | Now.
COUNT fence=8 ahead=3.02 lateral=0.00 stride=0 word=Now. kept=true
RIDEAI ASK n=8 ahead=2.57 lat=0.0 ang=7.5 charge=1.0
RIDEAI fence 8 -> 9 t=60.3 leave=leave
COUNT fence=9 ahead=1.95 lateral=21.58 stride=-1 word=silent kept=false
MICHELLE soft | Come again.
RIDEAI sit n=9 phase=land pos=-5.7,29.4 ahead=1.95 lat=2.56 ang=78.1 along=21.5 gait=3 v=3.84 rein=-1
RIDEAI sit n=9 phase=land pos=-8.0,27.5 ahead=17.27 lat=4.8 ang=16.8 along=19.5 gait=3 v=3.09 rein=-1
RIDEAI sit n=9 phase=land pos=-7.6,24.5 ahead=16.62 lat=4.18 ang=27.1 along=16.5 gait=3 v=3.22 rein=0
RIDEAI sit n=9 phase=setup pos=-5.8,20.9 ahead=12.34 lat=2.18 ang=31.2 along=13.1 gait=3 v=5.06 rein=0
MICHELLE soft | Two. Wait.
COUNT fence=9 ahead=10.85 lateral=0.95 stride=2 word=Two. Wait. kept=true
RIDEAI sit n=9 phase=approach pos=-4.7,16.0 ahead=8.25 lat=0.76 ang=11.8 along=8.3 gait=3 v=3.21 rein=0
MICHELLE soft | One. Wait.
COUNT fence=9 ahead=7.57 lateral=0.31 stride=1 word=One. Wait. kept=true
RIDEAI sit n=9 phase=approach pos=-4.5,13.6 ahead=5.84 lat=0.42 ang=7.1 along=5.8 gait=3 v=3.18 rein=0
MICHELLE soft | One. Early.
COUNT fence=9 ahead=5.39 lateral=0.31 stride=1 word=One. Early. kept=true
MICHELLE soft | Early.
COUNT fence=9 ahead=4.19 lateral=0.31 stride=0 word=Early. kept=true
MICHELLE soft | Wait.
COUNT fence=9 ahead=3.42 lateral=0.31 stride=0 word=Wait. kept=true
MICHELLE soft | Now.
COUNT fence=9 ahead=2.98 lateral=0.11 stride=0 word=Now. kept=true
RIDEAI ASK n=9 ahead=2.59 lat=0.1 ang=3.6 charge=1.0
RIDEAI fence 9 -> 10 t=67.61 leave=straight
COUNT fence=10 ahead=5.25 lateral=8.57 stride=-1 word=silent kept=false
MICHELLE soft | Come again.
RIDEAI sit n=10 phase=land pos=-4.3,6.9 ahead=5.77 lat=8.38 ang=4.2 along=5.2 gait=3 v=3.54 rein=-1
MICHELLE soft | One. Wait.
COUNT fence=10 ahead=7.53 lateral=1.47 stride=1 word=One. Wait. kept=true
RIDEAI sit n=10 phase=land pos=-2.4,4.5 ahead=7.21 lat=6.68 ang=65.5 along=2.7 gait=3 v=3.09 rein=-1
COUNT fence=10 ahead=6.18 lateral=1.65 stride=-1 word=silent kept=false
MICHELLE soft | Come again.
RIDEAI sit n=10 phase=land pos=0.5,5.1 ahead=1.16 lat=3.76 ang=126.7 along=3.1 gait=3 v=3.09 rein=-1
RIDEAI come again n=10 rein=-1 pos=0.9,5.5
RIDEAI sit n=10 phase=again pos=1.5,7.2 ahead=-4.23 lat=2.62 ang=163.9 along=5.2 gait=3 v=2.72 rein=0
RIDEAI sit n=10 phase=again pos=2.4,11.0 ahead=-8.12 lat=1.54 ang=163.9 along=8.9 gait=3 v=5.02 rein=0
RIDEAI sit n=10 phase=approach pos=3.6,15.7 ahead=-10.58 lat=0.06 ang=141.8 along=13.5 gait=3 v=2.35 rein=1
RIDEAI sit n=10 phase=setup pos=6.2,16.6 ahead=-0.08 lat=2.62 ang=80.0 along=14.3 gait=3 v=3.43 rein=1
RIDEAI sit n=10 phase=setup pos=7.6,15.3 ahead=11.76 lat=3.92 ang=12.8 along=13.0 gait=3 v=2.76 rein=1
RIDEAI sit n=10 phase=setup pos=7.2,13.1 ahead=9.04 lat=3.36 ang=53.7 along=10.7 gait=3 v=1.73 rein=1
RIDEAI sit n=10 phase=approach pos=4.5,11.9 ahead=6.28 lat=0.68 ang=53.8 along=9.7 gait=3 v=3.57 rein=-1
MICHELLE soft | Two. Wait.
COUNT fence=10 ahead=8.50 lateral=1.57 stride=2 word=Two. Wait. kept=true
RIDEAI sit n=10 phase=approach pos=3.9,10.3 ahead=8.16 lat=0.08 ang=3.1 along=8.2 gait=3 v=1.65 rein=0
MICHELLE soft | One. Wait.
COUNT fence=10 ahead=7.55 lateral=0.53 stride=1 word=One. Wait. kept=true
MICHELLE soft | One. Early.
COUNT fence=10 ahead=5.40 lateral=0.53 stride=1 word=One. Early. kept=true
RIDEAI sit n=10 phase=approach pos=3.9,7.6 ahead=5.4 lat=0.24 ang=3.1 along=5.4 gait=3 v=3.87 rein=0
MICHELLE soft | Early.
COUNT fence=10 ahead=4.19 lateral=0.25 stride=0 word=Early. kept=true
MICHELLE soft | Wait.
COUNT fence=10 ahead=3.41 lateral=0.25 stride=0 word=Wait. kept=true
MICHELLE soft | Now.
COUNT fence=10 ahead=3.02 lateral=0.25 stride=0 word=Now. kept=true
RIDEAI ASK n=10 ahead=2.57 lat=0.26 ang=0.3 charge=1.0
RIDEAI fence 10 -> 11 t=80.9 leave=leave
COUNT fence=11 ahead=9.23 lateral=8.99 stride=-1 word=silent kept=false
MICHELLE soft | Come again.
RIDEAI sit n=11 phase=land pos=4.1,0.9 ahead=10.37 lat=8.74 ang=13.3 along=8.6 gait=3 v=3.14 rein=1
MICHELLE soft | Two. Wait.
COUNT fence=11 ahead=10.90 lateral=1.50 stride=2 word=Two. Wait. kept=true
COUNT fence=11 ahead=9.98 lateral=1.70 stride=-1 word=silent kept=false
MICHELLE soft | Come again.
RIDEAI sit n=11 phase=land pos=2.1,-1.3 ahead=8.16 lat=6.68 ang=74.5 along=6.5 gait=3 v=3.09 rein=1
RIDEAI sit n=11 phase=land pos=-0.8,-0.6 ahead=-0.55 lat=3.76 ang=121.5 along=7.2 gait=3 v=3.3 rein=0
RIDEAI sit n=11 phase=approach pos=-2.9,0.7 ahead=-1.91 lat=1.72 ang=113.9 along=8.6 gait=3 v=2.05 rein=-1
RIDEAI sit n=11 phase=shy pos=-5.8,1.4 ahead=-3.48 lat=1.16 ang=104.6 along=9.4 gait=3 v=3.73 rein=1
RIDEAI sit n=11 phase=setup pos=-8.1,2.6 ahead=-11.12 lat=3.44 ang=158.0 along=10.6 gait=3 v=1.73 rein=1
RIDEAI sit n=11 phase=shy pos=-7.6,5.2 ahead=-11.74 lat=2.9 ang=162.4 along=13.2 gait=3 v=3.73 rein=-1
RIDEAI sit n=11 phase=around pos=-6.8,8.7 ahead=-16.76 lat=1.96 ang=177.5 along=16.7 gait=3 v=2.16 rein=-1
RIDEAI sit n=11 phase=setup pos=-8.0,11.0 ahead=-18.98 lat=3.1 ang=161.2 along=19.0 gait=3 v=3.68 rein=1
RIDEAI sit n=11 phase=setup pos=-7.7,13.0 ahead=-11.39 lat=2.7 ang=129.8 along=21.0 gait=3 v=2.31 rein=1
RIDEAI sit n=11 phase=around pos=-4.6,13.1 ahead=10.24 lat=0.34 ang=60.0 along=21.1 gait=3 v=3.73 rein=1
RIDEAI sit n=11 phase=setup pos=-2.0,10.4 ahead=13.18 lat=2.86 ang=35.6 along=18.2 gait=3 v=3.88 rein=0
RIDEAI sit n=11 phase=setup pos=-0.4,7.5 ahead=15.41 lat=4.42 ang=1.0 along=15.3 gait=3 v=2.19 rein=1
RIDEAI sit n=11 phase=setup pos=-1.8,4.9 ahead=11.26 lat=2.92 ang=43.9 along=12.8 gait=3 v=2.0 rein=0
RIDEAI sit n=11 phase=approach pos=-3.4,2.7 ahead=10.5 lat=1.3 ang=18.4 along=10.6 gait=3 v=3.84 rein=-1
MICHELLE soft | Two. Wait.
COUNT fence=11 ahead=10.41 lateral=1.56 stride=2 word=Two. Wait. kept=true
RIDEAI sit n=11 phase=approach pos=-3.9,-0.1 ahead=7.79 lat=0.7 ang=11.2 along=7.8 gait=3 v=1.97 rein=0
MICHELLE soft | One. Wait.
COUNT fence=11 ahead=7.54 lateral=0.82 stride=1 word=One. Wait. kept=true
MICHELLE soft | One. Early.
COUNT fence=11 ahead=5.39 lateral=0.37 stride=1 word=One. Early. kept=true
RIDEAI sit n=11 phase=approach pos=-4.2,-3.1 ahead=4.81 lat=0.28 ang=7.7 along=4.8 gait=3 v=3.88 rein=0
MICHELLE soft | Early.
COUNT fence=11 ahead=4.16 lateral=0.37 stride=0 word=Early. kept=true
MICHELLE soft | Wait.
COUNT fence=11 ahead=3.47 lateral=0.12 stride=0 word=Wait. kept=true
MICHELLE soft | Now.
COUNT fence=11 ahead=3.01 lateral=0.12 stride=0 word=Now. kept=true
RIDEAI ASK n=11 ahead=2.56 lat=0.12 ang=4.2 charge=1.0
RIDEAI fence 11 -> 12 t=99.17 leave=leave
MICHELLE soft | Two. Wait.
COUNT fence=12 ahead=10.27 lateral=0.91 stride=2 word=Two. Wait. kept=true
RIDEAI sit n=12 phase=approach pos=-4.6,-9.6 ahead=9.07 lat=1.0 ang=0.5 along=9.1 gait=3 v=2.02 rein=0
MICHELLE soft | One. Wait.
COUNT fence=12 ahead=7.55 lateral=0.25 stride=1 word=One. Wait. kept=true
RIDEAI sit n=12 phase=approach pos=-4.6,-11.5 ahead=7.25 lat=0.9 ang=5.2 along=7.2 gait=3 v=2.25 rein=0
MICHELLE soft | One. Early.
COUNT fence=12 ahead=5.37 lateral=0.25 stride=1 word=One. Early. kept=true
RIDEAI sit n=12 phase=approach pos=-4.5,-13.8 ahead=4.96 lat=0.7 ang=5.2 along=4.9 gait=3 v=2.67 rein=0
MICHELLE soft | Early.
COUNT fence=12 ahead=4.22 lateral=0.25 stride=0 word=Early. kept=true
MICHELLE soft | Wait.
COUNT fence=12 ahead=3.46 lateral=0.25 stride=0 word=Wait. kept=true
MICHELLE soft | Now.
COUNT fence=12 ahead=3.03 lateral=0.25 stride=0 word=Now. kept=true
RIDEAI ASK n=12 ahead=2.58 lat=0.24 ang=5.2 charge=1.0
RIDEAI fence 12 -> 13 t=103.72 leave=leave
RIDECERT trace E:/Workspace/Madison/game/../dist/traces/hk_adv_003_rail_late.jsonl n=110
RIDECERT hk_adv_003 style=rail_late success=false faults=10 jumped=12/12 t=107.74 teleported=false complete=true refused=[] rail_fences=[3] rail_air=[] conf=83.0 scope=80.0
RIDECERT wrote E:/Workspace/Madison/game/../dist/ridecert_style.json
RIDECERT done pass=true board=style 1 style_all=true
