Godot Engine v4.7.2.stable.official.ed1daf0bf - https://godotengine.org

FIT flatten armature scale=(100.0, 100.0, 100.0) keep_rot=(-90.0, 0.0, 0.0)
FIT length=2.25 height=1.91220223903656 scale=(0.84991, 0.84991, 0.84991)
SEAT bone=Torso bone_pos=(0.0, 1.126922, 0.286373) back_y=1.42885863780975 seat=(0.0, 1.428859, 0.286373)
TACK place crown=(0.0, 0.142, 0.0294) brow=(0.0, 0.196, 0.1326) nose=(0.0, 0.385, -0.0222) bit=(0.0, 0.479225, -0.087663)
HORSE mesh=WhiteHorse anim=true seat=Torso rider_parent=Seat
RIDER mesh scale 0.91304347826087 bones 62
RIDECERT begin
RIDECERT filter hk_beg_039
RIDECERT round hk_beg_039 class=beginner seed=1 jo=false style=refuse_early
COUNT fence=1 ahead=6.33 lateral=9.37 stride=-1 word=silent kept=false
MICHELLE soft | Come again.
MICHELLE soft | Two. Wait.
COUNT fence=1 ahead=8.74 lateral=1.49 stride=2 word=Two. Wait. kept=true
RIDEAI sit n=1 phase=approach pos=-8.0,-30.5 ahead=8.7 lat=0.02 ang=4.1 along=8.7 gait=3 v=1.48 rein=1
MICHELLE soft | One. Wait.
COUNT fence=1 ahead=7.54 lateral=0.43 stride=1 word=One. Wait. kept=true
RIDEAI sit n=1 phase=approach pos=-8.0,-28.3 ahead=6.48 lat=0.1 ang=2.9 along=6.5 gait=3 v=3.29 rein=0
MICHELLE soft | One. Early.
COUNT fence=1 ahead=5.39 lateral=0.43 stride=1 word=One. Early. kept=true
RIDEAI ASK n=1 ahead=4.29 lat=0.44 ang=2.9 charge=1.0
RIDECERT refuse fence=1 why=early
RIDEAI sit n=1 phase=approach pos=-7.9,-26.4 ahead=4.59 lat=0.2 ang=2.9 along=4.6 gait=1 v=0.46 rein=0
MICHELLE soft | One. Early.
COUNT fence=1 ahead=4.43 lateral=0.43 stride=1 word=One. Early. kept=true
MICHELLE soft | Early.
COUNT fence=1 ahead=4.22 lateral=0.43 stride=0 word=Early. kept=true
MICHELLE soft | Wait.
COUNT fence=1 ahead=3.76 lateral=0.43 stride=0 word=Wait. kept=true
MICHELLE soft | Now.
COUNT fence=1 ahead=3.16 lateral=0.22 stride=0 word=Now. kept=true
RIDEAI sit n=1 phase=approach pos=-7.9,-24.7 ahead=2.93 lat=0.24 ang=0.6 along=2.9 gait=3 v=2.81 rein=0
RIDEAI ASK n=1 ahead=2.59 lat=0.22 ang=0.6 charge=1.0
RIDEAI fence 1 -> 2 t=7.17 leave=leave
MICHELLE soft | Two. Wait.
COUNT fence=2 ahead=10.24 lateral=0.11 stride=2 word=Two. Wait. kept=true
RIDEAI sit n=2 phase=approach pos=-7.5,-19.4 ahead=8.36 lat=0.2 ang=0.6 along=8.4 gait=3 v=1.82 rein=0
MICHELLE soft | One. Wait.
COUNT fence=2 ahead=7.57 lateral=0.11 stride=1 word=One. Wait. kept=true
RIDEAI sit n=2 phase=approach pos=-7.4,-17.2 ahead=6.14 lat=0.18 ang=0.6 along=6.1 gait=3 v=2.25 rein=0
MICHELLE soft | One. Early.
COUNT fence=2 ahead=5.39 lateral=0.11 stride=1 word=One. Early. kept=true
MICHELLE soft | Early.
COUNT fence=2 ahead=4.21 lateral=0.11 stride=0 word=Early. kept=true
MICHELLE soft | Wait.
COUNT fence=2 ahead=3.74 lateral=0.11 stride=0 word=Wait. kept=true
RIDEAI sit n=2 phase=approach pos=-7.2,-14.5 ahead=3.45 lat=0.14 ang=0.6 along=3.5 gait=3 v=3.45 rein=0
MICHELLE soft | Now.
COUNT fence=2 ahead=3.16 lateral=0.11 stride=0 word=Now. kept=true
RIDEAI ASK n=2 ahead=2.58 lat=0.12 ang=0.6 charge=1.0
RIDEAI fence 2 -> 3 t=11.71 leave=leave
RIDEAI sit n=3 phase=land pos=-5.9,-8.6 ahead=15.67 lat=12.64 ang=49.9 along=9.3 gait=3 v=3.09 rein=1
COUNT fence=3 ahead=10.83 lateral=8.60 stride=-1 word=silent kept=false
MICHELLE soft | Come again.
RIDEAI sit n=3 phase=land pos=-2.9,-8.0 ahead=9.26 lat=9.7 ang=92.8 along=8.7 gait=3 v=3.22 rein=0
RIDEAI sit n=3 phase=setup pos=0.6,-8.3 ahead=5.03 lat=6.16 ang=96.9 along=9.0 gait=3 v=4.45 rein=0
RIDEAI sit n=3 phase=setup pos=4.2,-8.7 ahead=1.48 lat=2.64 ang=96.9 along=9.4 gait=3 v=1.93 rein=0
RIDEAI sit n=3 phase=approach pos=6.9,-8.2 ahead=5.05 lat=0.16 ang=54.7 along=9.0 gait=3 v=3.57 rein=-1
MICHELLE soft | Two. Wait.
COUNT fence=3 ahead=7.68 lateral=1.50 stride=2 word=Two. Wait. kept=true
MICHELLE soft | One. Wait.
COUNT fence=3 ahead=7.57 lateral=0.10 stride=1 word=One. Wait. kept=true
RIDEAI sit n=3 phase=approach pos=7.7,-6.7 ahead=7.49 lat=0.9 ang=6.2 along=7.4 gait=3 v=1.61 rein=0
MICHELLE soft | One. Early.
COUNT fence=3 ahead=5.38 lateral=0.10 stride=1 word=One. Early. kept=true
RIDEAI sit n=3 phase=approach pos=7.4,-4.0 ahead=4.77 lat=0.62 ang=6.2 along=4.7 gait=3 v=3.83 rein=0
MICHELLE soft | Early.
COUNT fence=3 ahead=4.19 lateral=0.10 stride=0 word=Early. kept=true
MICHELLE soft | Wait.
COUNT fence=3 ahead=3.73 lateral=0.10 stride=0 word=Wait. kept=true
MICHELLE soft | Now.
COUNT fence=3 ahead=3.15 lateral=0.10 stride=0 word=Now. kept=true
RIDEAI ASK n=3 ahead=2.57 lat=0.1 ang=6.2 charge=1.0
RIDEAI fence 3 -> 4 t=20.45 leave=leave
RIDEAI sit n=4 phase=land pos=6.4,2.5 ahead=15.89 lat=14.54 ang=35.7 along=9.1 gait=3 v=3.09 rein=-1
RIDEAI sit n=4 phase=land pos=3.8,3.8 ahead=11.1 lat=11.84 ang=95.0 along=7.9 gait=3 v=3.09 rein=0
COUNT fence=4 ahead=11.00 lateral=8.94 stride=-1 word=silent kept=false
MICHELLE soft | Come again.
RIDEAI sit n=4 phase=setup pos=0.5,3.8 ahead=7.19 lat=8.6 ang=99.1 along=8.2 gait=3 v=3.68 rein=0
RIDEAI sit n=4 phase=setup pos=-4.2,3.3 ahead=2.44 lat=3.9 ang=99.1 along=9.0 gait=3 v=4.64 rein=0
RIDEAI sit n=4 phase=approach pos=-7.1,3.1 ahead=1.84 lat=1.04 ang=85.2 along=9.5 gait=3 v=3.53 rein=1
RIDEAI sit n=4 phase=approach pos=-9.0,4.6 ahead=7.14 lat=1.0 ang=22.1 along=8.1 gait=3 v=1.89 rein=1
MICHELLE soft | Two. Wait.
COUNT fence=4 ahead=7.67 lateral=1.54 stride=2 word=Two. Wait. kept=true
MICHELLE soft | One. Wait.
COUNT fence=4 ahead=7.57 lateral=0.17 stride=1 word=One. Wait. kept=true
RIDEAI sit n=4 phase=approach pos=-8.8,6.3 ahead=6.38 lat=0.86 ang=9.4 along=6.3 gait=3 v=2.72 rein=0
MICHELLE soft | One. Early.
COUNT fence=4 ahead=5.40 lateral=0.17 stride=1 word=One. Early. kept=true
MICHELLE soft | Early.
COUNT fence=4 ahead=4.21 lateral=0.17 stride=0 word=Early. kept=true
MICHELLE soft | Wait.
COUNT fence=4 ahead=3.75 lateral=0.17 stride=0 word=Wait. kept=true
MICHELLE soft | Now.
COUNT fence=4 ahead=3.17 lateral=0.17 stride=0 word=Now. kept=true
RIDEAI sit n=4 phase=approach pos=-7.9,9.8 ahead=2.78 lat=0.28 ang=9.4 along=2.8 gait=3 v=3.88 rein=0
RIDEAI ASK n=4 ahead=2.59 lat=0.18 ang=9.4 charge=1.0
RIDEAI fence 4 -> 5 t=29.36 leave=leave
RIDEAI sit n=5 phase=land pos=-5.3,15.1 ahead=14.55 lat=12.1 ang=70.5 along=9.4 gait=3 v=3.09 rein=1
COUNT fence=5 ahead=10.95 lateral=9.06 stride=-1 word=silent kept=false
MICHELLE soft | Come again.
RIDEAI sit n=5 phase=land pos=-2.2,15.3 ahead=9.13 lat=8.96 ang=88.9 along=9.2 gait=3 v=3.22 rein=0
RIDEAI sit n=5 phase=setup pos=1.7,15.1 ahead=4.47 lat=5.14 ang=94.0 along=9.4 gait=3 v=4.87 rein=0
RIDEAI sit n=5 phase=approach pos=4.8,14.9 ahead=0.75 lat=1.96 ang=97.1 along=9.6 gait=3 v=2.96 rein=-1
RIDEAI sit n=5 phase=approach pos=7.4,15.8 ahead=6.81 lat=0.56 ang=34.7 along=8.7 gait=3 v=2.22 rein=-1
MICHELLE soft | Two. Wait.
COUNT fence=5 ahead=7.86 lateral=1.60 stride=2 word=Two. Wait. kept=true
MICHELLE soft | One. Wait.
COUNT fence=5 ahead=7.55 lateral=0.16 stride=1 word=One. Wait. kept=true
RIDEAI sit n=5 phase=approach pos=7.6,17.5 ahead=7.03 lat=0.78 ang=5.0 along=7.0 gait=3 v=2.34 rein=0
MICHELLE soft | One. Early.
COUNT fence=5 ahead=5.37 lateral=0.16 stride=1 word=One. Early. kept=true
MICHELLE soft | Early.
COUNT fence=5 ahead=4.22 lateral=0.16 stride=0 word=Early. kept=true
MICHELLE soft | Wait.
COUNT fence=5 ahead=3.71 lateral=0.16 stride=0 word=Wait. kept=true
RIDEAI sit n=5 phase=approach pos=7.3,20.8 ahead=3.71 lat=0.48 ang=5.0 along=3.7 gait=3 v=3.88 rein=0
MICHELLE soft | Now.
COUNT fence=5 ahead=3.12 lateral=0.16 stride=0 word=Now. kept=true
RIDEAI ASK n=5 ahead=2.54 lat=0.16 ang=5.0 charge=1.0
RIDEAI fence 5 -> 6 t=38.02 leave=leave
COUNT fence=6 ahead=6.78 lateral=6.23 stride=-1 word=silent kept=false
MICHELLE soft | Come again.
MICHELLE soft | One. Wait.
COUNT fence=6 ahead=7.35 lateral=1.54 stride=1 word=One. Wait. kept=true
RIDEAI sit n=6 phase=land pos=6.0,26.9 ahead=7.23 lat=5.86 ang=45.4 along=4.4 gait=3 v=3.09 rein=-1
COUNT fence=6 ahead=5.97 lateral=1.62 stride=-1 word=silent kept=false
MICHELLE soft | Come again.
RIDEAI sit n=6 phase=land pos=3.1,27.5 ahead=1.82 lat=3.0 ang=106.6 along=3.7 gait=3 v=3.09 rein=-1
RIDEAI come again n=6 rein=-1 pos=2.6,27.3
RIDEAI sit n=6 phase=again pos=1.8,26.1 ahead=-4.6 lat=1.7 ang=168.8 along=5.0 gait=3 v=2.19 rein=0
RIDEAI sit n=6 phase=again pos=1.3,22.8 ahead=-7.96 lat=1.04 ang=168.8 along=8.3 gait=3 v=4.49 rein=0
RIDEAI sit n=6 phase=approach pos=0.4,17.9 ahead=-12.05 lat=0.02 ang=155.4 along=13.3 gait=3 v=3.49 rein=1
RIDEAI sit n=6 phase=setup pos=-1.9,16.4 ahead=-3.17 lat=2.26 ang=93.6 along=14.6 gait=3 v=3.76 rein=1
RIDEAI sit n=6 phase=shy pos=-3.7,17.3 ahead=10.82 lat=4.04 ang=24.3 along=13.7 gait=3 v=2.31 rein=1
RIDEAI sit n=6 phase=setup pos=-3.2,20.1 ahead=10.32 lat=3.48 ang=43.2 along=10.9 gait=3 v=1.92 rein=1
RIDEAI sit n=6 phase=approach pos=-0.7,21.2 ahead=5.42 lat=0.98 ang=62.6 along=9.9 gait=3 v=3.83 rein=-1
MICHELLE soft | Two. Wait.
COUNT fence=6 ahead=8.48 lateral=1.49 stride=2 word=Two. Wait. kept=true
RIDEAI sit n=6 phase=approach pos=0.4,22.8 ahead=8.35 lat=0.14 ang=2.2 along=8.4 gait=3 v=1.34 rein=0
MICHELLE soft | One. Wait.
COUNT fence=6 ahead=7.54 lateral=0.46 stride=1 word=One. Wait. kept=true
RIDEAI sit n=6 phase=approach pos=0.4,25.2 ahead=5.88 lat=0.24 ang=2.2 along=5.9 gait=3 v=3.56 rein=0
MICHELLE soft | One. Early.
COUNT fence=6 ahead=5.39 lateral=0.46 stride=1 word=One. Early. kept=true
MICHELLE soft | Early.
COUNT fence=6 ahead=4.22 lateral=0.46 stride=0 word=Early. kept=true
MICHELLE soft | Wait.
COUNT fence=6 ahead=3.77 lateral=0.46 stride=0 word=Wait. kept=true
MICHELLE soft | Now.
COUNT fence=6 ahead=3.14 lateral=0.25 stride=0 word=Now. kept=true
RIDEAI ASK n=6 ahead=2.56 lat=0.24 ang=1.3 charge=1.0
RIDEAI fence 6 -> 7 t=51.01 leave=leave
RIDEAI sit n=7 phase=land pos=0.2,32.0 ahead=-10.4 lat=7.16 ang=170.5 along=11.7 gait=3 v=3.54 rein=-1
RIDEAI sit n=7 phase=land pos=-1.8,34.2 ahead=0.32 lat=5.24 ang=109.2 along=14.0 gait=3 v=3.09 rein=-1
COUNT fence=7 ahead=0.97 lateral=14.91 stride=-1 word=silent kept=false
MICHELLE soft | Come again.
RIDEAI sit n=7 phase=land pos=-4.6,33.6 ahead=10.72 lat=2.36 ang=48.0 along=13.4 gait=3 v=3.09 rein=-1
MICHELLE soft | Two. Wait.
COUNT fence=7 ahead=10.85 lateral=0.97 stride=2 word=Two. Wait. kept=true
RIDEAI sit n=7 phase=approach pos=-6.0,29.9 ahead=9.7 lat=0.94 ang=11.2 along=9.7 gait=3 v=5.16 rein=0
MICHELLE soft | One. Wait.
COUNT fence=7 ahead=7.56 lateral=0.32 stride=1 word=One. Wait. kept=true
RIDEAI sit n=7 phase=approach pos=-6.5,27.1 ahead=6.95 lat=0.48 ang=6.6 along=6.9 gait=3 v=2.41 rein=0
MICHELLE soft | One. Early.
COUNT fence=7 ahead=5.39 lateral=0.32 stride=1 word=One. Early. kept=true
MICHELLE soft | Early.
COUNT fence=7 ahead=4.17 lateral=0.32 stride=0 word=Early. kept=true
MICHELLE soft | Wait.
COUNT fence=7 ahead=3.72 lateral=0.32 stride=0 word=Wait. kept=true
RIDEAI sit n=7 phase=approach pos=-6.8,23.7 ahead=3.53 lat=0.08 ang=6.6 along=3.5 gait=3 v=3.88 rein=0
MICHELLE soft | Now.
COUNT fence=7 ahead=3.15 lateral=0.12 stride=0 word=Now. kept=true
RIDEAI ASK n=7 ahead=2.57 lat=0.12 ang=3.1 charge=1.0
RIDEAI fence 7 -> 8 t=57.81 leave=straight
RIDEAI sit n=8 phase=land pos=-6.3,17.5 ahead=31.05 lat=13.46 ang=28.9 along=28.0 gait=3 v=3.22 rein=0
RIDEAI sit n=8 phase=land pos=-4.9,14.7 ahead=27.83 lat=11.9 ang=28.9 along=25.2 gait=3 v=3.22 rein=0
RIDEAI sit n=8 phase=setup pos=-3.2,11.6 ahead=24.1 lat=10.1 ang=32.9 along=22.2 gait=3 v=4.41 rein=0
RIDEAI sit n=8 phase=setup pos=-0.4,7.0 ahead=18.83 lat=7.24 ang=32.9 along=17.7 gait=3 v=5.55 rein=0
RIDEAI sit n=8 phase=setup pos=2.5,2.3 ahead=12.97 lat=4.2 ang=37.3 along=13.1 gait=3 v=5.36 rein=-1
COUNT fence=8 ahead=10.81 lateral=7.27 stride=-1 word=silent kept=false
MICHELLE soft | Come again.
RIDEAI sit n=8 phase=setup pos=4.4,0.4 ahead=7.78 lat=2.18 ang=58.3 along=11.3 gait=3 v=2.5 rein=0
MICHELLE soft | Two. Wait.
COUNT fence=8 ahead=9.39 lateral=1.44 stride=2 word=Two. Wait. kept=true
RIDEAI sit n=8 phase=approach pos=5.8,-1.8 ahead=9.12 lat=0.76 ang=7.7 along=9.1 gait=3 v=1.4 rein=0
MICHELLE soft | One. Wait.
COUNT fence=8 ahead=7.55 lateral=0.48 stride=1 word=One. Wait. kept=true
RIDEAI sit n=8 phase=approach pos=6.0,-4.3 ahead=6.63 lat=0.42 ang=7.7 along=6.6 gait=3 v=3.56 rein=0
MICHELLE soft | One. Early.
COUNT fence=8 ahead=5.35 lateral=0.48 stride=1 word=One. Early. kept=true
MICHELLE soft | Early.
COUNT fence=8 ahead=4.21 lateral=0.17 stride=0 word=Early. kept=true
MICHELLE soft | Wait.
COUNT fence=8 ahead=3.75 lateral=0.17 stride=0 word=Wait. kept=true
MICHELLE soft | Now.
COUNT fence=8 ahead=3.17 lateral=0.17 stride=0 word=Now. kept=true
RIDEAI sit n=8 phase=approach pos=6.3,-8.1 ahead=2.78 lat=0.04 ang=4.3 along=2.8 gait=3 v=3.88 rein=0
RIDEAI ASK n=8 ahead=2.59 lat=0.18 ang=4.3 charge=1.0
RIDEAI fence 8 -> 9 t=68.03 leave=straight
RIDECERT trace E:/Workspace/Madison/game/../dist/traces/hk_beg_039_refuse_early.jsonl n=76
RIDECERT hk_beg_039 style=refuse_early success=true faults=4 jumped=8/8 t=73.5 teleported=false complete=true refused=[1] rail_fences=[] rail_air=[] conf=83.0 scope=82.5
RIDECERT round hk_beg_039 class=beginner seed=1 jo=false style=rail_late
COUNT fence=1 ahead=6.33 lateral=9.37 stride=-1 word=silent kept=false
MICHELLE soft | Come again.
MICHELLE soft | Two. Wait.
COUNT fence=1 ahead=8.74 lateral=1.49 stride=2 word=Two. Wait. kept=true
RIDEAI sit n=1 phase=approach pos=-8.0,-30.5 ahead=8.7 lat=0.02 ang=4.1 along=8.7 gait=3 v=1.48 rein=1
MICHELLE soft | One. Wait.
COUNT fence=1 ahead=7.54 lateral=0.43 stride=1 word=One. Wait. kept=true
RIDEAI sit n=1 phase=approach pos=-8.0,-28.3 ahead=6.48 lat=0.1 ang=2.9 along=6.5 gait=3 v=3.29 rein=0
MICHELLE soft | One. Early.
COUNT fence=1 ahead=5.39 lateral=0.43 stride=1 word=One. Early. kept=true
MICHELLE soft | Early.
COUNT fence=1 ahead=4.22 lateral=0.43 stride=0 word=Early. kept=true
MICHELLE soft | Wait.
COUNT fence=1 ahead=3.71 lateral=0.43 stride=0 word=Wait. kept=true
MICHELLE soft | Now.
COUNT fence=1 ahead=3.14 lateral=0.22 stride=0 word=Now. kept=true
RIDEAI sit n=1 phase=approach pos=-7.9,-24.5 ahead=2.69 lat=0.24 ang=0.6 along=2.7 gait=3 v=3.88 rein=0
RIDEAI ASK n=1 ahead=2.63 lat=0.22 ang=0.6 charge=1.0
RIDEAI fence 1 -> 2 t=4.41 leave=
MICHELLE soft | Two. Wait.
COUNT fence=2 ahead=10.28 lateral=0.12 stride=2 word=Two. Wait. kept=true
RIDEAI sit n=2 phase=approach pos=-7.5,-19.2 ahead=8.18 lat=0.2 ang=0.6 along=8.2 gait=3 v=2.01 rein=0
MICHELLE soft | One. Wait.
COUNT fence=2 ahead=7.55 lateral=0.12 stride=1 word=One. Wait. kept=true
RIDEAI sit n=2 phase=approach pos=-7.4,-17.0 ahead=5.94 lat=0.18 ang=0.6 along=5.9 gait=3 v=2.25 rein=0
MICHELLE soft | One. Early.
COUNT fence=2 ahead=5.37 lateral=0.12 stride=1 word=One. Early. kept=true
MICHELLE soft | Early.
COUNT fence=2 ahead=4.18 lateral=0.12 stride=0 word=Early. kept=true
MICHELLE soft | Wait.
COUNT fence=2 ahead=3.76 lateral=0.12 stride=0 word=Wait. kept=true
MICHELLE soft | Now.
COUNT fence=2 ahead=3.18 lateral=0.12 stride=0 word=Now. kept=true
RIDEAI sit n=2 phase=approach pos=-7.2,-14.2 ahead=3.12 lat=0.14 ang=0.6 along=3.1 gait=3 v=3.68 rein=0
RIDEAI ASK n=2 ahead=2.61 lat=0.12 ang=0.6 charge=1.0
RIDEAI fence 2 -> 3 t=8.97 leave=leave
RIDEAI sit n=3 phase=land pos=-5.6,-8.4 ahead=15.4 lat=12.4 ang=56.1 along=9.1 gait=3 v=3.09 rein=1
COUNT fence=3 ahead=10.83 lateral=8.62 stride=-1 word=silent kept=false
MICHELLE soft | Come again.
RIDEAI sit n=3 phase=land pos=-2.6,-8.0 ahead=8.94 lat=9.38 ang=92.8 along=8.7 gait=3 v=3.22 rein=0
RIDEAI sit n=3 phase=setup pos=1.1,-8.3 ahead=4.57 lat=5.7 ang=96.9 along=9.1 gait=3 v=4.68 rein=0
RIDEAI sit n=3 phase=setup pos=4.4,-8.7 ahead=1.27 lat=2.42 ang=96.9 along=9.5 gait=3 v=2.16 rein=0
RIDEAI sit n=3 phase=approach pos=7.2,-8.0 ahead=5.58 lat=0.38 ang=48.0 along=8.8 gait=3 v=2.71 rein=-1
MICHELLE soft | Two. Wait.
COUNT fence=3 ahead=7.69 lateral=1.50 stride=2 word=Two. Wait. kept=true
MICHELLE soft | One. Wait.
COUNT fence=3 ahead=7.56 lateral=0.10 stride=1 word=One. Wait. kept=true
RIDEAI sit n=3 phase=approach pos=7.7,-6.5 ahead=7.33 lat=0.88 ang=6.2 along=7.3 gait=3 v=1.84 rein=0
MICHELLE soft | One. Early.
COUNT fence=3 ahead=5.39 lateral=0.10 stride=1 word=One. Early. kept=true
RIDEAI sit n=3 phase=approach pos=7.4,-3.6 ahead=4.39 lat=0.58 ang=6.2 along=4.4 gait=3 v=3.88 rein=0
MICHELLE soft | Early.
COUNT fence=3 ahead=4.19 lateral=0.10 stride=0 word=Early. kept=true
MICHELLE soft | Wait.
COUNT fence=3 ahead=3.74 lateral=0.10 stride=0 word=Wait. kept=true
MICHELLE soft | Now.
COUNT fence=3 ahead=3.16 lateral=0.10 stride=0 word=Now. kept=true
MICHELLE soft | Too deep.
COUNT fence=3 ahead=1.85 lateral=0.26 stride=0 word=Too deep. kept=true
RIDEAI ASK n=3 ahead=1.4 lat=0.26 ang=1.6 charge=1.0
FENCE knock 3 by horse at 7.1,-0.5 next=3 jumping=true
RIDECERT rail now=1 next=3 jumping=true phase=jump pos=7.1,-0.4
RIDEAI fence 3 -> 4 t=18.02 leave=deep
COUNT fence=4 ahead=10.81 lateral=14.01 stride=-1 word=silent kept=false
MICHELLE soft | Come again.
RIDEAI sit n=4 phase=land pos=6.9,3.1 ahead=12.84 lat=15.0 ang=18.8 along=8.4 gait=3 v=3.24 rein=-1
RIDEAI sit n=4 phase=land pos=4.8,5.2 ahead=13.68 lat=12.74 ang=80.1 along=6.6 gait=3 v=3.09 rein=-1
RIDEAI sit n=4 phase=land pos=1.7,4.9 ahead=8.04 lat=9.64 ang=101.5 along=7.0 gait=3 v=3.22 rein=0
RIDEAI sit n=4 phase=setup pos=-2.6,4.1 ahead=3.01 lat=5.4 ang=105.6 along=8.1 gait=3 v=5.52 rein=0
RIDEAI sit n=4 phase=setup pos=-6.1,3.3 ahead=-1.21 lat=2.0 ang=109.7 along=9.2 gait=3 v=2.84 rein=0
RIDEAI sit n=4 phase=approach pos=-8.8,3.8 ahead=5.34 lat=0.7 ang=48.3 along=8.8 gait=3 v=2.11 rein=1
MICHELLE soft | One. Wait.
COUNT fence=4 ahead=7.51 lateral=1.53 stride=1 word=One. Wait. kept=true
RIDEAI sit n=4 phase=approach pos=-9.3,5.6 ahead=7.22 lat=1.3 ang=14.0 along=7.1 gait=3 v=1.84 rein=0
MICHELLE soft | One. Early.
COUNT fence=4 ahead=5.39 lateral=0.45 stride=1 word=One. Early. kept=true
RIDEAI sit n=4 phase=approach pos=-8.4,8.4 ahead=4.29 lat=0.6 ang=12.8 along=4.3 gait=3 v=3.88 rein=-1
MICHELLE soft | Early.
COUNT fence=4 ahead=4.17 lateral=0.19 stride=0 word=Early. kept=true
MICHELLE soft | Wait.
COUNT fence=4 ahead=3.72 lateral=0.10 stride=0 word=Wait. kept=true
MICHELLE soft | Now.
COUNT fence=4 ahead=3.13 lateral=0.10 stride=0 word=Now. kept=true
RIDEAI ASK n=4 ahead=2.55 lat=0.1 ang=9.3 charge=1.0
RIDEAI fence 4 -> 5 t=27.12 leave=deep
RIDEAI sit n=5 phase=land pos=-6.4,14.5 ahead=16.46 lat=13.22 ang=46.0 along=10.0 gait=3 v=3.09 rein=1
COUNT fence=5 ahead=10.96 lateral=9.00 stride=-1 word=silent kept=false
MICHELLE soft | Come again.
RIDEAI sit n=5 phase=land pos=-3.5,15.3 ahead=10.48 lat=10.3 ang=88.9 along=9.2 gait=3 v=3.22 rein=0
RIDEAI sit n=5 phase=setup pos=-0.2,15.3 ahead=6.31 lat=6.96 ang=94.0 along=9.2 gait=3 v=3.95 rein=0
RIDEAI sit n=5 phase=setup pos=3.9,15.0 ahead=1.58 lat=2.94 ang=98.1 along=9.5 gait=3 v=2.0 rein=0
RIDEAI sit n=5 phase=approach pos=6.8,15.3 ahead=4.6 lat=0.0 ang=60.2 along=9.2 gait=3 v=2.57 rein=-1
MICHELLE soft | Two. Wait.
COUNT fence=5 ahead=7.85 lateral=1.47 stride=2 word=Two. Wait. kept=true
RIDEAI sit n=5 phase=approach pos=7.7,16.7 ahead=7.81 lat=0.88 ang=5.1 along=7.8 gait=3 v=1.38 rein=-1
MICHELLE soft | One. Wait.
COUNT fence=5 ahead=7.55 lateral=0.04 stride=1 word=One. Wait. kept=true
MICHELLE soft | One. Early.
COUNT fence=5 ahead=5.37 lateral=0.04 stride=1 word=One. Early. kept=true
RIDEAI sit n=5 phase=approach pos=7.4,19.2 ahead=5.31 lat=0.62 ang=6.2 along=5.3 gait=3 v=3.6 rein=0
MICHELLE soft | Early.
COUNT fence=5 ahead=4.22 lateral=0.04 stride=0 word=Early. kept=true
MICHELLE soft | Wait.
COUNT fence=5 ahead=3.71 lateral=0.04 stride=0 word=Wait. kept=true
MICHELLE soft | Now.
COUNT fence=5 ahead=3.19 lateral=0.04 stride=0 word=Now. kept=true
RIDEAI ASK n=5 ahead=2.54 lat=0.04 ang=6.2 charge=1.0
RIDEAI fence 5 -> 6 t=35.8 leave=leave
COUNT fence=6 ahead=6.90 lateral=5.95 stride=-1 word=silent kept=false
MICHELLE soft | Come again.
RIDEAI sit n=6 phase=land pos=6.6,25.9 ahead=7.38 lat=6.4 ang=21.0 along=5.4 gait=3 v=3.09 rein=-1
MICHELLE soft | One. Wait.
COUNT fence=6 ahead=7.34 lateral=1.51 stride=1 word=One. Wait. kept=true
COUNT fence=6 ahead=5.94 lateral=1.64 stride=-1 word=silent kept=false
MICHELLE soft | Come again.
RIDEAI sit n=6 phase=land pos=4.2,27.6 ahead=4.53 lat=4.08 ang=82.3 along=3.6 gait=3 v=3.09 rein=-1
RIDEAI come again n=6 rein=-1 pos=2.6,27.3
RIDEAI sit n=6 phase=away pos=2.0,26.8 ahead=-2.71 lat=1.86 ang=147.5 along=4.4 gait=3 v=1.38 rein=-1
RIDEAI sit n=6 phase=again pos=1.5,24.3 ahead=-6.51 lat=1.28 ang=169.3 along=6.9 gait=3 v=3.68 rein=0
RIDEAI sit n=6 phase=again pos=0.7,19.5 ahead=-11.32 lat=0.4 ang=169.3 along=11.6 gait=3 v=5.55 rein=0
RIDEAI sit n=6 phase=approach pos=-0.7,16.8 ahead=-7.18 lat=1.12 ang=115.5 along=14.3 gait=3 v=2.95 rein=1
RIDEAI sit n=6 phase=setup pos=-3.2,16.7 ahead=6.58 lat=3.62 ang=49.2 along=14.3 gait=3 v=1.65 rein=1
RIDEAI sit n=6 phase=setup pos=-3.7,19.2 ahead=12.45 lat=4.04 ang=20.2 along=11.8 gait=3 v=3.77 rein=1
RIDEAI sit n=6 phase=setup pos=-1.9,20.8 ahead=3.64 lat=2.16 ang=81.6 along=10.3 gait=3 v=3.03 rein=0
RIDEAI sit n=6 phase=approach pos=0.3,22.3 ahead=8.13 lat=0.1 ang=22.7 along=8.8 gait=3 v=1.76 rein=-1
MICHELLE soft | Two. Wait.
COUNT fence=6 ahead=8.46 lateral=1.46 stride=2 word=Two. Wait. kept=true
MICHELLE soft | One. Wait.
COUNT fence=6 ahead=7.56 lateral=0.43 stride=1 word=One. Wait. kept=true
RIDEAI sit n=6 phase=approach pos=0.4,24.1 ahead=7.06 lat=0.22 ang=1.7 along=7.1 gait=3 v=2.68 rein=0
MICHELLE soft | One. Early.
COUNT fence=6 ahead=5.36 lateral=0.43 stride=1 word=One. Early. kept=true
MICHELLE soft | Early.
COUNT fence=6 ahead=4.20 lateral=0.43 stride=0 word=Early. kept=true
MICHELLE soft | Wait.
COUNT fence=6 ahead=3.74 lateral=0.43 stride=0 word=Wait. kept=true
RIDEAI sit n=6 phase=approach pos=0.4,27.6 ahead=3.48 lat=0.32 ang=1.7 along=3.5 gait=3 v=3.88 rein=0
MICHELLE soft | Now.
COUNT fence=6 ahead=3.17 lateral=0.36 stride=0 word=Now. kept=true
RIDEAI ASK n=6 ahead=2.54 lat=0.18 ang=2.9 charge=1.0
RIDEAI fence 6 -> 7 t=48.74 leave=leave
RIDEAI sit n=7 phase=land pos=-0.9,33.6 ahead=-4.22 lat=6.1 ang=131.1 along=13.4 gait=3 v=3.09 rein=-1
COUNT fence=7 ahead=0.81 lateral=14.84 stride=-1 word=silent kept=false
MICHELLE soft | Come again.
RIDEAI sit n=7 phase=land pos=-3.8,34.1 ahead=7.79 lat=3.2 ang=69.9 along=13.9 gait=3 v=3.09 rein=-1
RIDEAI sit n=7 phase=approach pos=-5.8,31.6 ahead=11.36 lat=1.16 ang=11.7 along=11.4 gait=3 v=4.28 rein=-1
MICHELLE soft | Two. Wait.
COUNT fence=7 ahead=10.87 lateral=0.75 stride=2 word=Two. Wait. kept=true
RIDEAI sit n=7 phase=approach pos=-6.4,28.0 ahead=7.77 lat=0.56 ang=9.6 along=7.8 gait=3 v=1.77 rein=0
MICHELLE soft | One. Wait.
COUNT fence=7 ahead=7.54 lateral=0.75 stride=1 word=One. Wait. kept=true
MICHELLE soft | One. Early.
COUNT fence=7 ahead=5.36 lateral=0.30 stride=1 word=One. Early. kept=true
RIDEAI sit n=7 phase=approach pos=-6.7,25.2 ahead=4.98 lat=0.24 ang=6.1 along=5.0 gait=3 v=3.88 rein=0
MICHELLE soft | Early.
COUNT fence=7 ahead=4.20 lateral=0.30 stride=0 word=Early. kept=true
MICHELLE soft | Wait.
COUNT fence=7 ahead=3.75 lateral=0.30 stride=0 word=Wait. kept=true
MICHELLE soft | Now.
COUNT fence=7 ahead=3.16 lateral=0.30 stride=0 word=Now. kept=true
RIDEAI ASK n=7 ahead=2.53 lat=0.12 ang=2.6 charge=1.0
RIDEAI fence 7 -> 8 t=55.55 leave=leave
RIDEAI sit n=8 phase=land pos=-6.8,18.6 ahead=32.15 lat=14.0 ang=21.1 along=29.1 gait=3 v=3.09 rein=-1
RIDEAI sit n=8 phase=land pos=-5.4,15.7 ahead=29.04 lat=12.5 ang=28.3 along=26.2 gait=3 v=3.22 rein=0
RIDEAI sit n=8 phase=setup pos=-4.0,12.8 ahead=25.73 lat=10.96 ang=30.3 along=23.4 gait=3 v=3.53 rein=-1
RIDEAI sit n=8 phase=setup pos=-1.5,8.8 ahead=20.89 lat=8.4 ang=33.4 along=19.5 gait=3 v=5.55 rein=0
RIDEAI sit n=8 phase=setup pos=1.4,4.1 ahead=15.34 lat=5.34 ang=33.4 along=14.9 gait=3 v=5.55 rein=0
COUNT fence=8 ahead=10.93 lateral=7.19 stride=-1 word=silent kept=false
MICHELLE soft | Come again.
RIDEAI sit n=8 phase=setup pos=3.7,1.0 ahead=10.77 lat=2.92 ang=41.4 along=11.8 gait=3 v=2.27 rein=-1
RIDEAI sit n=8 phase=approach pos=5.7,-1.1 ahead=9.32 lat=0.9 ang=23.6 along=9.8 gait=3 v=3.51 rein=1
MICHELLE soft | Two. Wait.
COUNT fence=8 ahead=9.32 lateral=1.57 stride=2 word=Two. Wait. kept=true
RIDEAI sit n=8 phase=approach pos=5.9,-3.1 ahead=7.78 lat=0.56 ang=7.3 along=7.8 gait=3 v=2.64 rein=0
MICHELLE soft | One. Wait.
COUNT fence=8 ahead=7.55 lateral=0.44 stride=1 word=One. Wait. kept=true
MICHELLE soft | One. Early.
COUNT fence=8 ahead=5.39 lateral=0.44 stride=1 word=One. Early. kept=true
RIDEAI sit n=8 phase=approach pos=6.3,-6.7 ahead=4.24 lat=0.14 ang=3.8 along=4.2 gait=3 v=3.88 rein=0
MICHELLE soft | Early.
COUNT fence=8 ahead=4.18 lateral=0.15 stride=0 word=Early. kept=true
MICHELLE soft | Wait.
COUNT fence=8 ahead=3.72 lateral=0.15 stride=0 word=Wait. kept=true
MICHELLE soft | Now.
COUNT fence=8 ahead=3.14 lateral=0.15 stride=0 word=Now. kept=true
RIDEAI ASK n=8 ahead=2.56 lat=0.16 ang=3.8 charge=1.0
RIDEAI fence 8 -> 9 t=65.77 leave=straight
RIDECERT trace E:/Workspace/Madison/game/../dist/traces/hk_beg_039_rail_late.jsonl n=74
RIDECERT hk_beg_039 style=rail_late success=true faults=4 jumped=8/8 t=71.24 teleported=false complete=true refused=[] rail_fences=[3] rail_air=[] conf=86.5 scope=81.0
RIDECERT wrote E:/Workspace/Madison/game/../dist/ridecert_style.json
RIDECERT done pass=true board=style 1 style_all=true
