Godot Engine v4.7.2.stable.official.ed1daf0bf - https://godotengine.org

FIT flatten armature scale=(100.0, 100.0, 100.0) keep_rot=(-90.0, 0.0, 0.0)
FIT length=2.25 height=1.91220223903656 scale=(0.84991, 0.84991, 0.84991)
SEAT bone=Torso bone_pos=(0.0, 1.126922, 0.286373) back_y=1.42885863780975 seat=(0.0, 1.428859, 0.286373)
TACK place crown=(0.0, 0.142, 0.0294) brow=(0.0, 0.196, 0.1326) nose=(0.0, 0.385, -0.0222) bit=(0.0, 0.479225, -0.087663)
HORSE mesh=WhiteHorse anim=true seat=Torso rider_parent=Seat
RIDER mesh scale 0.91304347826087 bones 62
RIDECERT begin
RIDECERT filter hk_les_003
RIDECERT round hk_les_003 class=lesson seed=2 jo=false style=refuse_early
MICHELLE soft | Two. Wait.
COUNT fence=1 ahead=10.89 lateral=0.93 stride=2 word=Two. Wait. kept=true
RIDEAI sit n=1 phase=approach pos=0.0,-30.4 ahead=9.43 lat=0.94 ang=0.0 along=9.4 gait=3 v=4.14 rein=0
MICHELLE soft | One. Wait.
COUNT fence=1 ahead=7.55 lateral=0.12 stride=1 word=One. Wait. kept=true
RIDEAI sit n=1 phase=approach pos=0.1,-28.2 ahead=7.31 lat=0.86 ang=5.8 along=7.3 gait=3 v=2.56 rein=0
MICHELLE soft | One. Early.
COUNT fence=1 ahead=5.34 lateral=0.12 stride=1 word=One. Early. kept=true
RIDEAI ASK n=1 ahead=4.31 lat=0.12 ang=5.8 charge=1.0
MICHELLE early | That leave was a stride early.
RIDECERT refuse fence=1 why=early
RIDEAI sit n=1 phase=approach pos=0.3,-25.6 ahead=4.73 lat=0.6 ang=5.8 along=4.7 gait=1 v=0.33 rein=0
MICHELLE soft | One. Early.
COUNT fence=1 ahead=4.45 lateral=0.12 stride=1 word=One. Early. kept=true
MICHELLE soft | Early.
COUNT fence=1 ahead=4.22 lateral=0.12 stride=0 word=Early. kept=true
MICHELLE soft | Wait.
COUNT fence=1 ahead=3.85 lateral=0.12 stride=0 word=Wait. kept=true
RIDEAI sit n=1 phase=approach pos=0.4,-24.6 ahead=3.64 lat=0.48 ang=5.8 along=3.6 gait=3 v=2.16 rein=0
MICHELLE soft | Now.
COUNT fence=1 ahead=3.20 lateral=0.12 stride=0 word=Now. kept=true
RIDEAI ASK n=1 ahead=2.59 lat=0.12 ang=5.8 charge=1.0
MICHELLE spot | That was the spot.
RIDEAI fence 1 -> 2 t=7.46 leave=spot
RIDEAI sit n=2 phase=land pos=1.6,-18.8 ahead=11.04 lat=6.62 ang=41.6 along=8.9 gait=3 v=3.09 rein=1
MICHELLE soft | Two. Wait.
COUNT fence=2 ahead=10.90 lateral=1.34 stride=2 word=Two. Wait. kept=true
COUNT fence=2 ahead=10.74 lateral=1.73 stride=-1 word=silent kept=false
MICHELLE soft | Come again.
RIDEAI sit n=2 phase=land pos=4.4,-17.9 ahead=1.93 lat=3.8 ang=102.8 along=8.0 gait=3 v=3.09 rein=1
RIDEAI sit n=2 phase=approach pos=7.5,-19.1 ahead=-0.43 lat=0.72 ang=97.1 along=9.2 gait=3 v=3.43 rein=-1
RIDEAI sit n=2 phase=approach pos=9.6,-18.0 ahead=5.81 lat=1.4 ang=35.4 along=8.1 gait=3 v=3.34 rein=-1
MICHELLE soft | One. Wait.
COUNT fence=2 ahead=6.73 lateral=1.57 stride=1 word=One. Wait. kept=true
RIDEAI sit n=2 phase=approach pos=9.9,-15.7 ahead=5.91 lat=1.64 ang=25.4 along=5.8 gait=3 v=2.51 rein=0
MICHELLE soft | One. Early.
COUNT fence=2 ahead=5.40 lateral=0.98 stride=1 word=One. Early. kept=true
MICHELLE soft | Early.
COUNT fence=2 ahead=4.21 lateral=0.89 stride=0 word=Early. kept=true
RIDEAI sit n=2 phase=approach pos=9.1,-14.0 ahead=4.12 lat=0.86 ang=20.7 along=4.1 gait=3 v=2.6 rein=1
MICHELLE soft | Wait.
COUNT fence=2 ahead=3.81 lateral=0.55 stride=0 word=Wait. kept=true
MICHELLE soft | Now.
COUNT fence=2 ahead=3.23 lateral=0.20 stride=0 word=Now. kept=true
RIDEAI ASK n=2 ahead=2.58 lat=0.08 ang=7.9 charge=1.0
MICHELLE spot | That's seeing it. Do it again.
RIDEAI fence 2 -> 3 t=14.98 leave=spot
MICHELLE soft | Two. Wait.
COUNT fence=3 ahead=10.33 lateral=1.42 stride=2 word=Two. Wait. kept=true
RIDEAI sit n=3 phase=approach pos=8.1,-8.0 ahead=9.0 lat=0.1 ang=2.8 along=9.0 gait=3 v=1.74 rein=0
MICHELLE soft | One. Wait.
COUNT fence=3 ahead=7.57 lateral=0.53 stride=1 word=One. Wait. kept=true
RIDEAI sit n=3 phase=approach pos=8.0,-6.1 ahead=7.12 lat=0.18 ang=2.8 along=7.1 gait=3 v=2.25 rein=0
MICHELLE soft | One. Early.
COUNT fence=3 ahead=5.39 lateral=0.53 stride=1 word=One. Early. kept=true
RIDEAI sit n=3 phase=approach pos=7.9,-3.8 ahead=4.78 lat=0.3 ang=2.8 along=4.8 gait=3 v=2.87 rein=0
MICHELLE soft | Early.
COUNT fence=3 ahead=4.19 lateral=0.26 stride=0 word=Early. kept=true
MICHELLE soft | Wait.
COUNT fence=3 ahead=3.82 lateral=0.26 stride=0 word=Wait. kept=true
MICHELLE soft | Now.
COUNT fence=3 ahead=3.17 lateral=0.26 stride=0 word=Now. kept=true
RIDEAI ASK n=3 ahead=2.53 lat=0.26 ang=0.7 charge=1.0
MICHELLE spot | Quiet leave. That's the one.
RIDEAI fence 3 -> 4 t=19.57 leave=spot
RIDECERT trace E:/Workspace/Madison/game/../dist/traces/hk_les_003_refuse_early.jsonl n=22
RIDECERT hk_les_003 style=refuse_early success=true faults=4 jumped=3/3 t=20.93 teleported=false complete=true refused=[1] rail_fences=[] rail_air=[] conf=83.0 scope=82.5
RIDECERT round hk_les_003 class=lesson seed=2 jo=false style=rail_late
MICHELLE soft | Two. Wait.
COUNT fence=1 ahead=10.89 lateral=0.93 stride=2 word=Two. Wait. kept=true
RIDEAI sit n=1 phase=approach pos=0.0,-30.4 ahead=9.43 lat=0.94 ang=0.0 along=9.4 gait=3 v=4.14 rein=0
MICHELLE soft | One. Wait.
COUNT fence=1 ahead=7.55 lateral=0.12 stride=1 word=One. Wait. kept=true
RIDEAI sit n=1 phase=approach pos=0.1,-28.2 ahead=7.31 lat=0.86 ang=5.8 along=7.3 gait=3 v=2.56 rein=0
MICHELLE soft | One. Early.
COUNT fence=1 ahead=5.34 lateral=0.12 stride=1 word=One. Early. kept=true
MICHELLE soft | Early.
COUNT fence=1 ahead=4.18 lateral=0.12 stride=0 word=Early. kept=true
MICHELLE soft | Wait.
COUNT fence=1 ahead=3.79 lateral=0.12 stride=0 word=Wait. kept=true
RIDEAI sit n=1 phase=approach pos=0.4,-24.7 ahead=3.79 lat=0.5 ang=5.8 along=3.8 gait=3 v=3.88 rein=0
MICHELLE soft | Now.
COUNT fence=1 ahead=3.21 lateral=0.12 stride=0 word=Now. kept=true
RIDEAI ASK n=1 ahead=2.62 lat=0.12 ang=5.8 charge=1.0
MICHELLE spot | That's the distance. Keep it.
RIDEAI fence 1 -> 2 t=4.72 leave=spot
MICHELLE soft | Two. Wait.
COUNT fence=2 ahead=10.85 lateral=1.56 stride=2 word=Two. Wait. kept=true
COUNT fence=2 ahead=10.77 lateral=1.75 stride=-1 word=silent kept=false
MICHELLE soft | Come again.
RIDEAI sit n=2 phase=land pos=1.8,-18.6 ahead=10.6 lat=6.4 ang=47.7 along=8.7 gait=3 v=3.09 rein=1
RIDEAI sit n=2 phase=land pos=4.7,-18.1 ahead=0.68 lat=3.52 ang=108.9 along=8.1 gait=3 v=3.09 rein=1
RIDEAI sit n=2 phase=approach pos=7.8,-19.1 ahead=0.33 lat=0.42 ang=90.6 along=9.2 gait=3 v=2.57 rein=-1
RIDEAI sit n=2 phase=approach pos=9.8,-17.8 ahead=6.09 lat=1.58 ang=29.3 along=7.9 gait=3 v=3.57 rein=-1
MICHELLE soft | One. Wait.
COUNT fence=2 ahead=6.77 lateral=1.57 stride=1 word=One. Wait. kept=true
RIDEAI sit n=2 phase=approach pos=9.8,-15.5 ahead=5.78 lat=1.58 ang=24.3 along=5.6 gait=3 v=1.47 rein=0
MICHELLE soft | One. Early.
COUNT fence=2 ahead=5.38 lateral=0.89 stride=1 word=One. Early. kept=true
MICHELLE soft | Early.
COUNT fence=2 ahead=4.20 lateral=0.89 stride=0 word=Early. kept=true
RIDEAI sit n=2 phase=approach pos=9.0,-13.8 ahead=3.91 lat=0.8 ang=18.5 along=3.9 gait=3 v=2.87 rein=0
MICHELLE soft | Wait.
COUNT fence=2 ahead=3.81 lateral=0.48 stride=0 word=Wait. kept=true
MICHELLE soft | Now.
COUNT fence=2 ahead=3.20 lateral=0.21 stride=0 word=Now. kept=true
RIDEAI ASK n=2 ahead=2.67 lat=0.08 ang=11.5 charge=1.0
MICHELLE spot | Quiet leave. That's the one.
RIDEAI fence 2 -> 3 t=12.23 leave=spot
COUNT fence=3 ahead=10.34 lateral=2.08 stride=-1 word=silent kept=false
MICHELLE soft | Come again.
MICHELLE soft | Two. Wait.
COUNT fence=3 ahead=10.25 lateral=1.53 stride=2 word=Two. Wait. kept=true
RIDEAI sit n=3 phase=approach pos=8.0,-7.9 ahead=8.88 lat=0.26 ang=2.3 along=8.9 gait=3 v=1.4 rein=0
MICHELLE soft | One. Wait.
COUNT fence=3 ahead=7.57 lateral=0.62 stride=1 word=One. Wait. kept=true
RIDEAI sit n=3 phase=approach pos=7.9,-6.0 ahead=6.94 lat=0.34 ang=2.3 along=7.0 gait=3 v=2.25 rein=0
MICHELLE soft | One. Early.
COUNT fence=3 ahead=5.38 lateral=0.28 stride=1 word=One. Early. kept=true
RIDEAI sit n=3 phase=approach pos=7.8,-3.5 ahead=4.53 lat=0.36 ang=1.1 along=4.5 gait=3 v=3.11 rein=0
MICHELLE soft | Early.
COUNT fence=3 ahead=4.22 lateral=0.28 stride=0 word=Early. kept=true
MICHELLE soft | Wait.
COUNT fence=3 ahead=3.85 lateral=0.28 stride=0 word=Wait. kept=true
MICHELLE soft | Now.
COUNT fence=3 ahead=3.19 lateral=0.28 stride=0 word=Now. kept=true
MICHELLE soft | Too deep.
COUNT fence=3 ahead=1.84 lateral=0.28 stride=0 word=Too deep. kept=true
RIDEAI ASK n=3 ahead=1.38 lat=0.28 ang=1.1 charge=1.0
MICHELLE deep | He left from the bottom. Ride up.
FENCE knock 3 by horse at 7.9,-0.2 next=3 jumping=true
RIDECERT rail now=1 next=3 jumping=true phase=jump pos=7.9,-0.2
RIDEAI fence 3 -> 4 t=17.12 leave=deep
RIDECERT trace E:/Workspace/Madison/game/../dist/traces/hk_les_003_rail_late.jsonl n=19
RIDECERT hk_les_003 style=rail_late success=true faults=4 jumped=3/3 t=18.15 teleported=false complete=true refused=[] rail_fences=[3] rail_air=[] conf=86.5 scope=81.0
RIDECERT wrote E:/Workspace/Madison/game/../dist/ridecert_style.json
RIDECERT done pass=true board=style 1 style_all=true
