Godot Engine v4.7.2.stable.official.ed1daf0bf - https://godotengine.org

FIT flatten armature scale=(100.0, 100.0, 100.0) keep_rot=(-90.0, 0.0, 0.0)
FIT length=2.25 height=1.91220223903656 scale=(0.84991, 0.84991, 0.84991)
SEAT bone=Torso bone_pos=(0.0, 1.126922, 0.286373) back_y=1.42885863780975 seat=(0.0, 1.428859, 0.286373)
TACK place crown=(0.0, 0.142, 0.0294) brow=(0.0, 0.196, 0.1326) nose=(0.0, 0.385, -0.0222) bit=(0.0, 0.479225, -0.087663)
HORSE mesh=WhiteHorse anim=true seat=Torso rider_parent=Seat
RIDER mesh scale 0.91304347826087 bones 62
RIDECERT begin
RIDECERT filter hk_adv_005
RIDECERT round hk_adv_005 class=advanced seed=3 jo=false style=refuse_early
COUNT fence=1 ahead=6.44 lateral=8.73 stride=-1 word=silent kept=false
MICHELLE soft | Come again.
MICHELLE soft | Two. Wait.
COUNT fence=1 ahead=8.40 lateral=1.49 stride=2 word=Two. Wait. kept=true
RIDEAI sit n=1 phase=approach pos=8.1,-30.6 ahead=8.3 lat=0.14 ang=4.2 along=8.3 gait=3 v=1.34 rein=0
MICHELLE soft | One. Wait.
COUNT fence=1 ahead=7.57 lateral=0.47 stride=1 word=One. Wait. kept=true
RIDEAI sit n=1 phase=approach pos=8.3,-28.4 ahead=6.01 lat=0.02 ang=4.2 along=6.0 gait=3 v=3.37 rein=0
MICHELLE soft | One. Early.
COUNT fence=1 ahead=5.35 lateral=0.47 stride=1 word=One. Early. kept=true
RIDEAI ASK n=1 ahead=4.31 lat=0.48 ang=4.2 charge=1.0
RIDECERT refuse fence=1 why=early
RIDEAI sit n=1 phase=approach pos=8.4,-26.9 ahead=4.53 lat=0.14 ang=4.2 along=4.6 gait=2 v=0.79 rein=0
MICHELLE soft | One. Early.
COUNT fence=1 ahead=4.45 lateral=0.47 stride=1 word=One. Early. kept=true
MICHELLE soft | Early.
COUNT fence=1 ahead=4.22 lateral=0.21 stride=0 word=Early. kept=true
MICHELLE soft | Wait.
COUNT fence=1 ahead=3.44 lateral=0.21 stride=0 word=Wait. kept=true
MICHELLE soft | Now.
COUNT fence=1 ahead=3.01 lateral=0.21 stride=0 word=Now. kept=true
RIDEAI sit n=1 phase=approach pos=8.4,-24.9 ahead=2.56 lat=0.18 ang=0.7 along=2.6 gait=3 v=3.12 rein=0
RIDEAI ASK n=1 ahead=2.56 lat=0.22 ang=0.7 charge=1.0
RIDEAI fence 1 -> 2 t=7.07 leave=leave
RIDEAI sit n=2 phase=land pos=7.0,-19.3 ahead=17.57 lat=15.68 ang=63.5 along=7.9 gait=3 v=3.09 rein=-1
RIDEAI sit n=2 phase=land pos=4.0,-18.9 ahead=11.86 lat=12.6 ang=95.2 along=7.8 gait=3 v=3.22 rein=0
COUNT fence=2 ahead=10.99 lateral=8.88 stride=-1 word=silent kept=false
MICHELLE soft | Come again.
RIDEAI sit n=2 phase=setup pos=0.0,-19.1 ahead=7.29 lat=8.72 ang=99.2 along=8.3 gait=3 v=4.98 rein=0
RIDEAI sit n=2 phase=setup pos=-5.2,-19.6 ahead=1.97 lat=3.48 ang=99.2 along=9.1 gait=3 v=3.92 rein=0
RIDEAI sit n=2 phase=approach pos=-8.1,-19.7 ahead=2.48 lat=0.66 ang=78.8 along=9.4 gait=3 v=3.72 rein=1
RIDEAI sit n=2 phase=approach pos=-9.7,-18.2 ahead=7.45 lat=1.08 ang=14.8 along=8.0 gait=3 v=1.34 rein=1
MICHELLE soft | Two. Wait.
COUNT fence=2 ahead=7.70 lateral=1.55 stride=2 word=Two. Wait. kept=true
MICHELLE soft | One. Wait.
COUNT fence=2 ahead=7.57 lateral=0.17 stride=1 word=One. Wait. kept=true
RIDEAI sit n=2 phase=approach pos=-9.4,-16.3 ahead=6.12 lat=0.84 ang=9.6 along=6.1 gait=3 v=2.95 rein=0
MICHELLE soft | One. Early.
COUNT fence=2 ahead=5.37 lateral=0.17 stride=1 word=One. Early. kept=true
MICHELLE soft | Early.
COUNT fence=2 ahead=4.17 lateral=0.17 stride=0 word=Early. kept=true
MICHELLE soft | Wait.
COUNT fence=2 ahead=3.46 lateral=0.17 stride=0 word=Wait. kept=true
MICHELLE soft | Now.
COUNT fence=2 ahead=3.01 lateral=0.17 stride=0 word=Now. kept=true
RIDEAI ASK n=2 ahead=2.55 lat=0.18 ang=9.6 charge=1.0
RIDEAI fence 2 -> 3 t=16.46 leave=leave
RIDEAI sit n=3 phase=land pos=-7.8,-9.8 ahead=11.59 lat=16.04 ang=14.6 along=7.8 gait=3 v=3.84 rein=1
RIDEAI sit n=3 phase=land pos=-5.7,-7.7 ahead=14.86 lat=13.9 ang=75.9 along=5.7 gait=3 v=3.09 rein=1
COUNT fence=3 ahead=10.87 lateral=8.42 stride=-1 word=silent kept=false
MICHELLE soft | Come again.
RIDEAI sit n=3 phase=land pos=-2.6,-8.1 ahead=8.96 lat=10.84 ang=104.5 along=6.1 gait=3 v=3.22 rein=0
RIDEAI sit n=3 phase=setup pos=1.2,-9.3 ahead=4.36 lat=7.04 ang=108.6 along=7.3 gait=3 v=5.06 rein=0
RIDEAI sit n=3 phase=setup pos=5.4,-10.8 ahead=-0.76 lat=2.82 ang=112.6 along=8.7 gait=3 v=2.11 rein=0
RIDEAI sit n=3 phase=approach pos=8.4,-11.2 ahead=2.77 lat=0.1 ang=71.7 along=9.1 gait=3 v=2.14 rein=-1
RIDEAI sit n=3 phase=approach pos=9.7,-9.6 ahead=7.27 lat=1.46 ang=8.0 along=7.5 gait=3 v=1.34 rein=-1
MICHELLE soft | One. Wait.
COUNT fence=3 ahead=7.39 lateral=1.60 stride=1 word=One. Wait. kept=true
RIDEAI sit n=3 phase=approach pos=9.2,-7.5 ahead=5.55 lat=0.98 ang=15.3 along=5.5 gait=3 v=3.18 rein=0
MICHELLE soft | One. Early.
COUNT fence=3 ahead=5.39 lateral=0.49 stride=1 word=One. Early. kept=true
MICHELLE soft | Early.
COUNT fence=3 ahead=4.18 lateral=0.32 stride=0 word=Early. kept=true
MICHELLE soft | Wait.
COUNT fence=3 ahead=3.42 lateral=0.15 stride=0 word=Wait. kept=true
MICHELLE soft | Now.
COUNT fence=3 ahead=3.03 lateral=0.15 stride=0 word=Now. kept=true
RIDEAI ASK n=3 ahead=2.58 lat=0.1 ang=9.5 charge=1.0
RIDEAI fence 3 -> 4 t=25.71 leave=leave
MICHELLE soft | One. Wait.
COUNT fence=4 ahead=6.89 lateral=1.18 stride=1 word=One. Wait. kept=true
RIDEAI sit n=4 phase=approach pos=8.1,-1.1 ahead=6.48 lat=0.2 ang=0.2 along=6.5 gait=3 v=2.4 rein=0
MICHELLE soft | One. Early.
COUNT fence=4 ahead=5.38 lateral=0.22 stride=1 word=One. Early. kept=true
RIDEAI sit n=4 phase=approach pos=8.0,0.8 ahead=4.55 lat=0.2 ang=0.2 along=4.6 gait=3 v=2.25 rein=0
MICHELLE soft | Early.
COUNT fence=4 ahead=4.22 lateral=0.22 stride=0 word=Early. kept=true
MICHELLE soft | Wait.
COUNT fence=4 ahead=3.46 lateral=0.22 stride=0 word=Wait. kept=true
MICHELLE soft | Now.
COUNT fence=4 ahead=3.01 lateral=0.22 stride=0 word=Now. kept=true
RIDEAI ASK n=4 ahead=2.56 lat=0.22 ang=0.2 charge=1.0
RIDEAI fence 4 -> 5 t=29.2 leave=leave
MICHELLE soft | One. Wait.
COUNT fence=5 ahead=6.95 lateral=0.24 stride=1 word=One. Wait. kept=true
RIDEAI sit n=5 phase=approach pos=8.0,6.2 ahead=6.67 lat=0.22 ang=0.2 along=6.7 gait=3 v=3.12 rein=0
MICHELLE soft | One. Early.
COUNT fence=5 ahead=5.38 lateral=0.24 stride=1 word=One. Early. kept=true
RIDEAI sit n=5 phase=approach pos=8.0,8.1 ahead=4.71 lat=0.22 ang=0.2 along=4.7 gait=3 v=2.25 rein=0
MICHELLE soft | Early.
COUNT fence=5 ahead=4.22 lateral=0.24 stride=0 word=Early. kept=true
MICHELLE soft | Wait.
COUNT fence=5 ahead=3.47 lateral=0.24 stride=0 word=Wait. kept=true
MICHELLE soft | Now.
COUNT fence=5 ahead=3.02 lateral=0.24 stride=0 word=Now. kept=true
RIDEAI ASK n=5 ahead=2.56 lat=0.24 ang=0.2 charge=1.0
RIDEAI fence 5 -> 6 t=32.69 leave=leave
COUNT fence=6 ahead=8.49 lateral=16.44 stride=-1 word=silent kept=false
MICHELLE soft | Come again.
RIDEAI sit n=6 phase=land pos=8.0,13.4 ahead=8.72 lat=10.34 ang=27.8 along=15.3 gait=3 v=3.79 rein=-1
RIDEAI sit n=6 phase=land pos=6.4,15.9 ahead=15.88 lat=10.2 ang=33.5 along=12.3 gait=3 v=3.09 rein=-1
RIDEAI sit n=6 phase=land pos=3.4,15.8 ahead=9.58 lat=7.54 ang=78.4 along=10.9 gait=3 v=3.22 rein=0
RIDEAI sit n=6 phase=setup pos=-0.2,14.5 ahead=5.08 lat=3.76 ang=82.5 along=10.3 gait=3 v=3.19 rein=0
RIDEAI sit n=6 phase=approach pos=-2.2,13.7 ahead=4.45 lat=1.62 ang=73.2 along=10.0 gait=3 v=2.95 rein=1
MICHELLE soft | Two. Wait.
COUNT fence=6 ahead=8.09 lateral=1.52 stride=2 word=Two. Wait. kept=true
RIDEAI sit n=6 phase=approach pos=-4.7,14.4 ahead=8.1 lat=0.16 ang=4.9 along=8.1 gait=3 v=1.34 rein=1
MICHELLE soft | One. Wait.
COUNT fence=6 ahead=7.55 lateral=0.37 stride=1 word=One. Wait. kept=true
RIDEAI sit n=6 phase=approach pos=-5.8,16.2 ahead=5.95 lat=0.22 ang=1.4 along=6.0 gait=3 v=3.25 rein=0
MICHELLE soft | One. Early.
COUNT fence=6 ahead=5.37 lateral=0.37 stride=1 word=One. Early. kept=true
MICHELLE soft | Early.
COUNT fence=6 ahead=4.22 lateral=0.37 stride=0 word=Early. kept=true
MICHELLE soft | Wait.
COUNT fence=6 ahead=3.44 lateral=0.37 stride=0 word=Wait. kept=true
MICHELLE soft | Now.
COUNT fence=6 ahead=2.99 lateral=0.37 stride=0 word=Now. kept=true
RIDEAI ASK n=6 ahead=2.55 lat=0.14 ang=3.3 charge=1.0
RIDEAI fence 6 -> 7 t=41.06 leave=leave
RIDEAI sit n=7 phase=land pos=-9.3,22.7 ahead=0.07 lat=17.56 ang=21.6 along=7.1 gait=3 v=3.64 rein=1
COUNT fence=7 ahead=0.91 lateral=18.90 stride=-1 word=silent kept=false
MICHELLE soft | Come again.
RIDEAI sit n=7 phase=land pos=-8.8,25.6 ahead=14.06 lat=17.1 ang=39.6 along=4.1 gait=3 v=3.09 rein=1
RIDEAI sit n=7 phase=land pos=-6.1,26.6 ahead=13.47 lat=14.32 ang=100.9 along=3.1 gait=3 v=3.09 rein=1
RIDEAI come again n=7 rein=1 pos=-5.4,26.3
RIDEAI sit n=7 phase=again pos=-4.4,25.4 ahead=5.49 lat=12.62 ang=137.0 along=4.3 gait=3 v=2.07 rein=-1
RIDEAI sit n=7 phase=again pos=-1.7,23.6 ahead=4.7 lat=9.98 ang=124.7 along=6.1 gait=3 v=4.37 rein=0
RIDEAI sit n=7 phase=again pos=2.6,20.6 ahead=-0.56 lat=5.66 ang=124.7 along=9.1 gait=3 v=5.55 rein=0
RIDEAI sit n=7 phase=again pos=7.3,17.7 ahead=-4.35 lat=0.94 ang=115.5 along=12.0 gait=3 v=5.55 rein=-1
RIDEAI sit n=7 phase=approach pos=10.2,17.9 ahead=5.85 lat=1.92 ang=51.6 along=11.8 gait=3 v=3.18 rein=-1
MICHELLE soft | Two. Wait.
COUNT fence=7 ahead=9.87 lateral=1.50 stride=2 word=Two. Wait. kept=true
RIDEAI sit n=7 phase=setup pos=11.2,20.3 ahead=9.84 lat=2.98 ang=10.8 along=9.4 gait=3 v=2.45 rein=-1
COUNT fence=7 ahead=8.95 lateral=1.73 stride=-1 word=silent kept=false
MICHELLE soft | Come again.
RIDEAI sit n=7 phase=approach pos=9.2,23.2 ahead=6.29 lat=1.0 ang=24.8 along=6.5 gait=3 v=4.48 rein=1
MICHELLE soft | One. Wait.
COUNT fence=7 ahead=6.22 lateral=1.56 stride=1 word=One. Wait. kept=true
MICHELLE soft | One. Early.
COUNT fence=7 ahead=5.39 lateral=0.33 stride=1 word=One. Early. kept=true
RIDEAI sit n=7 phase=approach pos=8.7,25.5 ahead=4.25 lat=0.48 ang=9.7 along=4.2 gait=3 v=2.6 rein=1
MICHELLE soft | Early.
COUNT fence=7 ahead=4.21 lateral=0.16 stride=0 word=Early. kept=true
MICHELLE soft | Wait.
COUNT fence=7 ahead=3.47 lateral=0.01 stride=0 word=Wait. kept=true
MICHELLE soft | Now.
COUNT fence=7 ahead=3.02 lateral=0.01 stride=0 word=Now. kept=true
RIDEAI ASK n=7 ahead=2.53 lat=0.02 ang=6.2 charge=1.0
RIDEAI fence 7 -> 8 t=53.11 leave=straight
COUNT fence=8 ahead=0.82 lateral=12.30 stride=-1 word=silent kept=false
MICHELLE soft | Come again.
RIDEAI sit n=8 phase=land pos=7.7,31.6 ahead=4.86 lat=0.02 ang=66.2 along=12.0 gait=3 v=3.09 rein=-1
RIDEAI sit n=8 phase=land pos=5.0,32.8 ahead=9.4 lat=1.66 ang=4.9 along=9.6 gait=3 v=3.09 rein=-1
MICHELLE soft | Two. Wait.
COUNT fence=8 ahead=9.30 lateral=1.49 stride=2 word=Two. Wait. kept=true
COUNT fence=8 ahead=8.23 lateral=1.68 stride=-1 word=silent kept=false
MICHELLE soft | Come again.
MICHELLE soft | Two. Wait.
COUNT fence=8 ahead=7.68 lateral=1.60 stride=2 word=Two. Wait. kept=true
MICHELLE soft | One. Wait.
COUNT fence=8 ahead=7.56 lateral=0.66 stride=1 word=One. Wait. kept=true
RIDEAI sit n=8 phase=approach pos=2.8,31.8 ahead=7.26 lat=1.08 ang=13.8 along=7.2 gait=3 v=1.44 rein=0
MICHELLE soft | One. Early.
COUNT fence=8 ahead=5.39 lateral=0.20 stride=1 word=One. Early. kept=true
RIDEAI sit n=8 phase=approach pos=0.5,30.9 ahead=4.76 lat=0.56 ang=9.1 along=4.7 gait=3 v=3.6 rein=0
MICHELLE soft | Early.
COUNT fence=8 ahead=4.20 lateral=0.20 stride=0 word=Early. kept=true
MICHELLE soft | Wait.
COUNT fence=8 ahead=3.42 lateral=0.20 stride=0 word=Wait. kept=true
MICHELLE soft | Now.
COUNT fence=8 ahead=3.03 lateral=0.20 stride=0 word=Now. kept=true
RIDEAI ASK n=8 ahead=2.58 lat=0.16 ang=7.9 charge=1.0
RIDEAI fence 8 -> 9 t=58.54 leave=straight
COUNT fence=9 ahead=5.29 lateral=17.48 stride=-1 word=silent kept=false
MICHELLE soft | Come again.
RIDEAI sit n=9 phase=land pos=-6.2,28.3 ahead=10.78 lat=1.5 ang=47.5 along=17.6 gait=3 v=3.09 rein=-1
RIDEAI sit n=9 phase=land pos=-7.0,25.5 ahead=14.9 lat=2.32 ang=13.7 along=14.8 gait=3 v=3.09 rein=-1
RIDEAI sit n=9 phase=approach pos=-5.8,22.5 ahead=11.63 lat=1.16 ang=15.8 along=11.8 gait=3 v=3.68 rein=1
MICHELLE soft | Two. Wait.
COUNT fence=9 ahead=10.86 lateral=0.84 stride=2 word=Two. Wait. kept=true
RIDEAI sit n=9 phase=approach pos=-5.1,18.9 ahead=8.11 lat=0.54 ang=9.6 along=8.1 gait=3 v=1.44 rein=0
MICHELLE soft | One. Wait.
COUNT fence=9 ahead=7.54 lateral=0.19 stride=1 word=One. Wait. kept=true
RIDEAI sit n=9 phase=approach pos=-4.8,16.4 ahead=5.62 lat=0.3 ang=5.0 along=5.6 gait=3 v=3.6 rein=0
MICHELLE soft | One. Early.
COUNT fence=9 ahead=5.38 lateral=0.19 stride=1 word=One. Early. kept=true
MICHELLE soft | Early.
COUNT fence=9 ahead=4.21 lateral=0.19 stride=0 word=Early. kept=true
MICHELLE soft | Wait.
COUNT fence=9 ahead=3.44 lateral=0.19 stride=0 word=Wait. kept=true
MICHELLE soft | Now.
COUNT fence=9 ahead=2.98 lateral=0.19 stride=0 word=Now. kept=true
RIDEAI ASK n=9 ahead=2.53 lat=0.2 ang=5.0 charge=1.0
RIDEAI fence 9 -> 10 t=65.2 leave=leave
MICHELLE soft | One. Wait.
COUNT fence=10 ahead=6.90 lateral=0.70 stride=1 word=One. Wait. kept=true
RIDEAI sit n=10 phase=approach pos=-4.1,9.8 ahead=6.43 lat=0.62 ang=4.2 along=6.4 gait=3 v=2.4 rein=0
MICHELLE soft | One. Early.
COUNT fence=10 ahead=5.37 lateral=0.15 stride=1 word=One. Early. kept=true
RIDEAI sit n=10 phase=approach pos=-4.1,7.8 ahead=4.51 lat=0.48 ang=4.2 along=4.5 gait=3 v=2.25 rein=0
MICHELLE soft | Early.
COUNT fence=10 ahead=4.21 lateral=0.15 stride=0 word=Early. kept=true
MICHELLE soft | Wait.
COUNT fence=10 ahead=3.46 lateral=0.15 stride=0 word=Wait. kept=true
MICHELLE soft | Now.
COUNT fence=10 ahead=3.01 lateral=0.15 stride=0 word=Now. kept=true
RIDEAI ASK n=10 ahead=2.55 lat=0.14 ang=4.2 charge=1.0
RIDEAI fence 10 -> 11 t=68.69 leave=leave
MICHELLE soft | One. Wait.
COUNT fence=11 ahead=6.33 lateral=0.41 stride=1 word=One. Wait. kept=true
RIDEAI sit n=11 phase=approach pos=-4.1,1.9 ahead=5.99 lat=0.8 ang=3.8 along=6.0 gait=3 v=2.97 rein=0
MICHELLE soft | One. Early.
COUNT fence=11 ahead=5.39 lateral=0.07 stride=1 word=One. Early. kept=true
MICHELLE soft | Early.
COUNT fence=11 ahead=4.21 lateral=0.07 stride=0 word=Early. kept=true
RIDEAI sit n=11 phase=approach pos=-4.0,-0.1 ahead=4.06 lat=0.58 ang=7.3 along=4.0 gait=3 v=2.25 rein=0
MICHELLE soft | Wait.
COUNT fence=11 ahead=3.46 lateral=0.07 stride=0 word=Wait. kept=true
MICHELLE soft | Now.
COUNT fence=11 ahead=3.01 lateral=0.07 stride=0 word=Now. kept=true
RIDEAI ASK n=11 ahead=2.56 lat=0.06 ang=7.3 charge=1.0
RIDEAI fence 11 -> 12 t=71.91 leave=leave
COUNT fence=12 ahead=8.98 lateral=6.92 stride=-1 word=silent kept=false
MICHELLE soft | Come again.
RIDEAI sit n=12 phase=land pos=-3.5,-5.6 ahead=9.71 lat=2.7 ang=6.9 along=10.1 gait=3 v=3.09 rein=-1
MICHELLE soft | Two. Wait.
COUNT fence=12 ahead=9.66 lateral=1.46 stride=2 word=Two. Wait. kept=true
COUNT fence=12 ahead=8.63 lateral=1.67 stride=-1 word=silent kept=false
MICHELLE soft | Come again.
RIDEAI sit n=12 phase=approach pos=-1.1,-7.5 ahead=7.21 lat=1.6 ang=27.8 along=7.3 gait=3 v=3.22 rein=1
MICHELLE soft | One. Wait.
COUNT fence=12 ahead=7.17 lateral=1.54 stride=1 word=One. Wait. kept=true
RIDEAI sit n=12 phase=approach pos=0.3,-8.7 ahead=5.55 lat=0.94 ang=16.1 along=5.5 gait=3 v=2.48 rein=0
MICHELLE soft | One. Early.
COUNT fence=12 ahead=5.37 lateral=0.62 stride=1 word=One. Early. kept=true
MICHELLE soft | Early.
COUNT fence=12 ahead=4.20 lateral=0.24 stride=0 word=Early. kept=true
MICHELLE soft | Wait.
COUNT fence=12 ahead=3.45 lateral=0.10 stride=0 word=Wait. kept=true
MICHELLE soft | Now.
COUNT fence=12 ahead=3.00 lateral=0.04 stride=0 word=Now. kept=true
RIDEAI ASK n=12 ahead=2.54 lat=0.04 ang=6.8 charge=1.0
RIDEAI fence 12 -> 13 t=76.57 leave=leave
RIDECERT trace E:/Workspace/Madison/game/../dist/traces/hk_adv_005_refuse_early.jsonl n=84
RIDECERT hk_adv_005 style=refuse_early success=false faults=5 refusal_faults=4 rail_faults=0 time_faults=1 jumped=12/12 t=81.65 teleported=false complete=true refused=[1] rail_fences=[] rail_air=[] conf=79.5 scope=80.0 eliminated=false reason= ribbon=White
RIDECERT round hk_adv_005 class=advanced seed=3 jo=false style=rail_late
COUNT fence=1 ahead=6.44 lateral=8.73 stride=-1 word=silent kept=false
MICHELLE soft | Come again.
MICHELLE soft | Two. Wait.
COUNT fence=1 ahead=8.40 lateral=1.49 stride=2 word=Two. Wait. kept=true
RIDEAI sit n=1 phase=approach pos=8.1,-30.6 ahead=8.3 lat=0.14 ang=4.2 along=8.3 gait=3 v=1.34 rein=0
MICHELLE soft | One. Wait.
COUNT fence=1 ahead=7.57 lateral=0.47 stride=1 word=One. Wait. kept=true
RIDEAI sit n=1 phase=approach pos=8.3,-28.4 ahead=6.01 lat=0.02 ang=4.2 along=6.0 gait=3 v=3.37 rein=0
MICHELLE soft | One. Early.
COUNT fence=1 ahead=5.35 lateral=0.47 stride=1 word=One. Early. kept=true
MICHELLE soft | Early.
COUNT fence=1 ahead=4.19 lateral=0.38 stride=0 word=Early. kept=true
MICHELLE soft | Wait.
COUNT fence=1 ahead=3.43 lateral=0.21 stride=0 word=Wait. kept=true
MICHELLE soft | Now.
COUNT fence=1 ahead=2.98 lateral=0.21 stride=0 word=Now. kept=true
RIDEAI ASK n=1 ahead=2.65 lat=0.22 ang=0.7 charge=1.0
RIDEAI fence 1 -> 2 t=4.3 leave=
RIDEAI sit n=2 phase=land pos=8.5,-21.6 ahead=12.83 lat=17.28 ang=9.4 along=10.1 gait=3 v=3.59 rein=-1
RIDEAI sit n=2 phase=land pos=6.7,-19.2 ahead=17.1 lat=15.36 ang=70.7 along=7.9 gait=3 v=3.09 rein=-1
RIDEAI sit n=2 phase=land pos=3.6,-19.0 ahead=11.64 lat=12.24 ang=94.1 along=7.9 gait=3 v=3.22 rein=0
COUNT fence=2 ahead=10.98 lateral=8.73 stride=-1 word=silent kept=false
MICHELLE soft | Come again.
RIDEAI sit n=2 phase=setup pos=-0.5,-19.2 ahead=6.85 lat=8.14 ang=98.2 along=8.4 gait=3 v=5.25 rein=0
RIDEAI sit n=2 phase=setup pos=-5.6,-19.7 ahead=1.21 lat=3.14 ang=101.7 along=9.2 gait=3 v=2.78 rein=0
RIDEAI sit n=2 phase=approach pos=-8.5,-19.6 ahead=3.32 lat=0.26 ang=70.7 along=9.3 gait=3 v=3.58 rein=1
RIDEAI sit n=2 phase=approach pos=-9.7,-18.0 ahead=7.63 lat=1.04 ang=6.1 along=7.8 gait=3 v=1.34 rein=1
MICHELLE soft | Two. Wait.
COUNT fence=2 ahead=7.65 lateral=1.56 stride=2 word=Two. Wait. kept=true
MICHELLE soft | One. Wait.
COUNT fence=2 ahead=7.56 lateral=0.15 stride=1 word=One. Wait. kept=true
RIDEAI sit n=2 phase=approach pos=-9.2,-15.9 ahead=5.7 lat=0.74 ang=9.0 along=5.7 gait=3 v=3.21 rein=0
MICHELLE soft | One. Early.
COUNT fence=2 ahead=5.36 lateral=0.15 stride=1 word=One. Early. kept=true
MICHELLE soft | Early.
COUNT fence=2 ahead=4.17 lateral=0.15 stride=0 word=Early. kept=true
MICHELLE soft | Wait.
COUNT fence=2 ahead=3.46 lateral=0.15 stride=0 word=Wait. kept=true
MICHELLE soft | Now.
COUNT fence=2 ahead=3.01 lateral=0.15 stride=0 word=Now. kept=true
RIDEAI ASK n=2 ahead=2.62 lat=0.14 ang=9.0 charge=1.0
RIDEAI fence 2 -> 3 t=13.65 leave=leave
RIDEAI sit n=3 phase=land pos=-7.7,-9.4 ahead=13.02 lat=15.92 ang=23.2 along=7.3 gait=3 v=3.39 rein=1
RIDEAI sit n=3 phase=land pos=-5.3,-7.7 ahead=13.99 lat=13.52 ang=84.5 along=5.6 gait=3 v=3.09 rein=1
COUNT fence=3 ahead=10.81 lateral=8.54 stride=-1 word=silent kept=false
MICHELLE soft | Come again.
RIDEAI sit n=3 phase=land pos=-2.2,-8.3 ahead=8.63 lat=10.42 ang=103.9 along=6.2 gait=3 v=3.22 rein=0
RIDEAI sit n=3 phase=setup pos=1.9,-9.5 ahead=3.72 lat=6.34 ang=108.0 along=7.5 gait=3 v=5.4 rein=0
RIDEAI sit n=3 phase=setup pos=5.8,-10.9 ahead=-0.91 lat=2.5 ang=111.5 along=8.8 gait=3 v=2.42 rein=0
RIDEAI sit n=3 phase=approach pos=8.6,-11.0 ahead=3.96 lat=0.38 ang=61.3 along=8.9 gait=3 v=1.92 rein=-1
MICHELLE soft | One. Wait.
COUNT fence=3 ahead=7.36 lateral=1.53 stride=1 word=One. Wait. kept=true
RIDEAI sit n=3 phase=approach pos=9.7,-9.3 ahead=7.37 lat=1.42 ang=3.8 along=7.3 gait=3 v=1.34 rein=-1
MICHELLE soft | One. Early.
COUNT fence=3 ahead=5.39 lateral=0.55 stride=1 word=One. Early. kept=true
RIDEAI sit n=3 phase=approach pos=9.0,-7.0 ahead=4.94 lat=0.78 ang=15.4 along=4.9 gait=3 v=3.56 rein=0
MICHELLE soft | Early.
COUNT fence=3 ahead=4.21 lateral=0.19 stride=0 word=Early. kept=true
MICHELLE soft | Wait.
COUNT fence=3 ahead=3.43 lateral=0.19 stride=0 word=Wait. kept=true
MICHELLE soft | Now.
COUNT fence=3 ahead=2.99 lateral=0.01 stride=0 word=Now. kept=true
MICHELLE soft | Too deep.
COUNT fence=3 ahead=2.01 lateral=0.19 stride=0 word=Too deep. kept=true
RIDEAI ASK n=3 ahead=1.42 lat=0.24 ang=1.5 charge=1.0
FENCE knock 3 by horse at 8.5,-3.2 next=3 jumping=true
RIDECERT rail now=1 next=3 jumping=true phase=jump pos=8.5,-3.2
RIDEAI fence 3 -> 4 t=23.17 leave=deep
MICHELLE soft | One. Wait.
COUNT fence=4 ahead=5.80 lateral=0.04 stride=1 word=One. Wait. kept=true
RIDEAI sit n=4 phase=approach pos=8.4,-0.2 ahead=5.63 lat=0.18 ang=1.5 along=5.6 gait=3 v=3.4 rein=0
MICHELLE soft | One. Early.
COUNT fence=4 ahead=5.38 lateral=0.04 stride=1 word=One. Early. kept=true
MICHELLE soft | Early.
COUNT fence=4 ahead=4.20 lateral=0.04 stride=0 word=Early. kept=true
RIDEAI sit n=4 phase=approach pos=8.4,1.8 ahead=3.63 lat=0.14 ang=1.5 along=3.6 gait=3 v=2.25 rein=0
MICHELLE soft | Wait.
COUNT fence=4 ahead=3.45 lateral=0.04 stride=0 word=Wait. kept=true
MICHELLE soft | Now.
COUNT fence=4 ahead=3.03 lateral=0.04 stride=0 word=Now. kept=true
RIDEAI ASK n=4 ahead=2.58 lat=0.04 ang=1.5 charge=1.0
RIDEAI fence 4 -> 5 t=26.14 leave=deep
MICHELLE soft | One. Wait.
COUNT fence=5 ahead=6.97 lateral=0.15 stride=1 word=One. Wait. kept=true
RIDEAI sit n=5 phase=approach pos=8.3,6.9 ahead=5.94 lat=0.0 ang=1.5 along=5.9 gait=3 v=1.55 rein=0
MICHELLE soft | One. Early.
COUNT fence=5 ahead=5.40 lateral=0.15 stride=1 word=One. Early. kept=true
MICHELLE soft | Early.
COUNT fence=5 ahead=4.20 lateral=0.15 stride=0 word=Early. kept=true
RIDEAI sit n=5 phase=approach pos=8.2,9.1 ahead=3.78 lat=0.06 ang=1.5 along=3.8 gait=3 v=2.25 rein=0
MICHELLE soft | Wait.
COUNT fence=5 ahead=3.45 lateral=0.15 stride=0 word=Wait. kept=true
MICHELLE soft | Now.
COUNT fence=5 ahead=3.03 lateral=0.15 stride=0 word=Now. kept=true
RIDEAI ASK n=5 ahead=2.58 lat=0.14 ang=1.5 charge=1.0
RIDEAI fence 5 -> 6 t=29.62 leave=leave
COUNT fence=6 ahead=8.89 lateral=16.32 stride=-1 word=silent kept=false
MICHELLE soft | Come again.
RIDEAI sit n=6 phase=land pos=7.7,14.7 ahead=13.87 lat=10.72 ang=1.0 along=14.1 gait=3 v=3.09 rein=-1
RIDEAI sit n=6 phase=land pos=5.1,16.2 ahead=13.72 lat=9.24 ang=60.3 along=11.5 gait=3 v=3.09 rein=-1
RIDEAI sit n=6 phase=setup pos=2.0,15.3 ahead=7.93 lat=6.12 ang=79.7 along=10.7 gait=3 v=3.76 rein=-1
RIDEAI sit n=6 phase=setup pos=-0.9,14.1 ahead=4.4 lat=2.96 ang=81.7 along=10.2 gait=3 v=1.74 rein=0
RIDEAI sit n=6 phase=approach pos=-3.6,13.7 ahead=6.95 lat=0.42 ang=43.8 along=9.2 gait=3 v=3.84 rein=1
MICHELLE soft | Two. Wait.
COUNT fence=6 ahead=8.10 lateral=1.57 stride=2 word=Two. Wait. kept=true
MICHELLE soft | One. Wait.
COUNT fence=6 ahead=7.56 lateral=0.41 stride=1 word=One. Wait. kept=true
RIDEAI sit n=6 phase=approach pos=-5.0,14.9 ahead=7.46 lat=0.2 ang=1.7 along=7.5 gait=3 v=2.03 rein=0
MICHELLE soft | One. Early.
COUNT fence=6 ahead=5.38 lateral=0.41 stride=1 word=One. Early. kept=true
RIDEAI sit n=6 phase=approach pos=-6.7,17.6 ahead=4.36 lat=0.28 ang=1.7 along=4.4 gait=3 v=3.88 rein=0
MICHELLE soft | Early.
COUNT fence=6 ahead=4.17 lateral=0.41 stride=0 word=Early. kept=true
MICHELLE soft | Wait.
COUNT fence=6 ahead=3.45 lateral=0.41 stride=0 word=Wait. kept=true
MICHELLE soft | Now.
COUNT fence=6 ahead=3.01 lateral=0.29 stride=0 word=Now. kept=true
RIDEAI ASK n=6 ahead=2.57 lat=0.16 ang=3.0 charge=1.0
RIDEAI fence 6 -> 7 t=37.97 leave=leave
COUNT fence=7 ahead=0.84 lateral=18.94 stride=-1 word=silent kept=false
MICHELLE soft | Come again.
RIDEAI sit n=7 phase=land pos=-9.5,24.0 ahead=7.14 lat=17.8 ang=4.6 along=5.7 gait=3 v=3.09 rein=1
RIDEAI sit n=7 phase=land pos=-7.8,26.4 ahead=16.03 lat=16.08 ang=65.9 along=3.3 gait=3 v=3.09 rein=1
RIDEAI come again n=7 rein=1 pos=-5.4,26.3
RIDEAI sit n=7 phase=away pos=-5.0,26.1 ahead=8.81 lat=13.22 ang=124.8 along=3.6 gait=3 v=1.69 rein=1
RIDEAI sit n=7 phase=again pos=-3.5,24.8 ahead=6.9 lat=11.76 ang=124.4 along=4.9 gait=3 v=3.07 rein=0
RIDEAI sit n=7 phase=again pos=0.0,22.4 ahead=2.66 lat=8.26 ang=124.4 along=7.3 gait=3 v=5.37 rein=0
RIDEAI sit n=7 phase=again pos=4.6,19.2 ahead=-2.11 lat=3.68 ang=120.4 along=10.5 gait=3 v=5.55 rein=-1
RIDEAI sit n=7 phase=approach pos=8.9,17.3 ahead=0.0 lat=0.64 ang=87.0 along=12.4 gait=3 v=2.06 rein=-1
RIDEAI sit n=7 phase=setup pos=11.1,19.0 ahead=8.48 lat=2.88 ang=24.9 along=10.7 gait=3 v=3.14 rein=-1
MICHELLE soft | Two. Wait.
COUNT fence=7 ahead=9.89 lateral=1.50 stride=2 word=Two. Wait. kept=true
COUNT fence=7 ahead=8.97 lateral=1.74 stride=-1 word=silent kept=false
MICHELLE soft | Come again.
RIDEAI sit n=7 phase=setup pos=10.8,21.4 ahead=8.19 lat=2.5 ang=36.6 along=8.3 gait=3 v=3.41 rein=-1
MICHELLE soft | One. Wait.
COUNT fence=7 ahead=6.06 lateral=1.51 stride=1 word=One. Wait. kept=true
MICHELLE soft | One. Early.
COUNT fence=7 ahead=5.39 lateral=0.31 stride=1 word=One. Early. kept=true
RIDEAI sit n=7 phase=approach pos=8.9,24.4 ahead=5.36 lat=0.62 ang=10.0 along=5.3 gait=3 v=1.4 rein=0
MICHELLE soft | Early.
COUNT fence=7 ahead=4.21 lateral=0.05 stride=0 word=Early. kept=true
MICHELLE soft | Wait.
COUNT fence=7 ahead=3.45 lateral=0.05 stride=0 word=Wait. kept=true
MICHELLE soft | Now.
COUNT fence=7 ahead=3.01 lateral=0.05 stride=0 word=Now. kept=true
RIDEAI sit n=7 phase=approach pos=8.5,26.8 ahead=2.95 lat=0.28 ang=6.5 along=2.9 gait=3 v=3.48 rein=0
RIDEAI ASK n=7 ahead=2.53 lat=0.0 ang=5.3 charge=1.0
RIDEAI fence 7 -> 8 t=50.03 leave=straight
COUNT fence=8 ahead=0.95 lateral=12.28 stride=-1 word=silent kept=false
MICHELLE soft | Come again.
RIDEAI sit n=8 phase=land pos=6.8,32.5 ahead=7.75 lat=1.02 ang=41.6 along=11.3 gait=3 v=3.09 rein=-1
MICHELLE soft | Two. Wait.
COUNT fence=8 ahead=9.30 lateral=1.51 stride=2 word=Two. Wait. kept=true
RIDEAI sit n=8 phase=land pos=3.9,32.5 ahead=8.39 lat=1.54 ang=19.7 along=8.4 gait=3 v=3.09 rein=-1
COUNT fence=8 ahead=8.23 lateral=1.66 stride=-1 word=silent kept=false
MICHELLE soft | Come again.
MICHELLE soft | Two. Wait.
COUNT fence=8 ahead=7.68 lateral=1.58 stride=2 word=Two. Wait. kept=true
MICHELLE soft | One. Wait.
COUNT fence=8 ahead=7.57 lateral=0.80 stride=1 word=One. Wait. kept=true
RIDEAI sit n=8 phase=approach pos=2.1,31.5 ahead=6.48 lat=0.92 ang=15.1 along=6.5 gait=3 v=2.36 rein=0
MICHELLE soft | One. Early.
COUNT fence=8 ahead=5.39 lateral=0.31 stride=1 word=One. Early. kept=true
MICHELLE soft | Early.
COUNT fence=8 ahead=4.20 lateral=0.31 stride=0 word=Early. kept=true
MICHELLE soft | Wait.
COUNT fence=8 ahead=3.43 lateral=0.03 stride=0 word=Wait. kept=true
RIDEAI sit n=8 phase=approach pos=-1.0,30.4 ahead=3.24 lat=0.36 ang=5.8 along=3.2 gait=3 v=3.88 rein=0
MICHELLE soft | Now.
COUNT fence=8 ahead=2.98 lateral=0.03 stride=0 word=Now. kept=true
RIDEAI ASK n=8 ahead=2.59 lat=0.02 ang=5.8 charge=1.0
RIDEAI fence 8 -> 9 t=55.5 leave=straight
COUNT fence=9 ahead=4.62 lateral=17.89 stride=-1 word=silent kept=false
MICHELLE soft | Come again.
RIDEAI sit n=9 phase=land pos=-7.0,27.6 ahead=14.28 lat=2.32 ang=25.2 along=16.9 gait=3 v=3.09 rein=-1
RIDEAI sit n=9 phase=land pos=-6.7,24.6 ahead=13.62 lat=2.08 ang=22.8 along=13.9 gait=3 v=3.22 rein=0
MICHELLE soft | Two. Wait.
COUNT fence=9 ahead=10.89 lateral=0.91 stride=2 word=Two. Wait. kept=true
RIDEAI sit n=9 phase=approach pos=-5.6,21.2 ahead=10.44 lat=1.02 ang=10.5 along=10.4 gait=3 v=4.6 rein=0
MICHELLE soft | One. Wait.
COUNT fence=9 ahead=7.57 lateral=0.26 stride=1 word=One. Wait. kept=true
RIDEAI sit n=9 phase=approach pos=-5.0,18.2 ahead=7.46 lat=0.5 ang=5.9 along=7.5 gait=3 v=2.2 rein=0
MICHELLE soft | One. Early.
COUNT fence=9 ahead=5.36 lateral=0.26 stride=1 word=One. Early. kept=true
RIDEAI sit n=9 phase=approach pos=-4.6,15.0 ahead=4.27 lat=0.18 ang=5.9 along=4.3 gait=3 v=3.88 rein=0
MICHELLE soft | Early.
COUNT fence=9 ahead=4.20 lateral=0.26 stride=0 word=Early. kept=true
MICHELLE soft | Wait.
COUNT fence=9 ahead=3.43 lateral=0.26 stride=0 word=Wait. kept=true
MICHELLE soft | Now.
COUNT fence=9 ahead=2.97 lateral=0.26 stride=0 word=Now. kept=true
RIDEAI ASK n=9 ahead=2.53 lat=0.1 ang=2.4 charge=1.0
RIDEAI fence 9 -> 10 t=62.21 leave=straight
MICHELLE soft | One. Wait.
COUNT fence=10 ahead=6.91 lateral=0.41 stride=1 word=One. Wait. kept=true
RIDEAI sit n=10 phase=approach pos=-4.2,9.2 ahead=5.85 lat=0.52 ang=1.0 along=5.8 gait=3 v=1.59 rein=0
MICHELLE soft | One. Early.
COUNT fence=10 ahead=5.38 lateral=0.41 stride=1 word=One. Early. kept=true
MICHELLE soft | Early.
COUNT fence=10 ahead=4.22 lateral=0.41 stride=0 word=Early. kept=true
RIDEAI sit n=10 phase=approach pos=-4.1,7.0 ahead=3.69 lat=0.48 ang=1.0 along=3.7 gait=3 v=2.25 rein=0
MICHELLE soft | Wait.
COUNT fence=10 ahead=3.47 lateral=0.41 stride=0 word=Wait. kept=true
MICHELLE soft | Now.
COUNT fence=10 ahead=3.02 lateral=0.41 stride=0 word=Now. kept=true
RIDEAI ASK n=10 ahead=2.57 lat=0.4 ang=1.0 charge=1.0
RIDEAI fence 10 -> 11 t=65.67 leave=straight
MICHELLE soft | One. Wait.
COUNT fence=11 ahead=6.36 lateral=0.27 stride=1 word=One. Wait. kept=true
MICHELLE soft | One. Early.
COUNT fence=11 ahead=5.38 lateral=0.27 stride=1 word=One. Early. kept=true
RIDEAI sit n=11 phase=approach pos=-3.7,1.3 ahead=5.38 lat=0.38 ang=7.0 along=5.4 gait=3 v=1.48 rein=0
MICHELLE soft | Early.
COUNT fence=11 ahead=4.22 lateral=0.27 stride=0 word=Early. kept=true
MICHELLE soft | Wait.
COUNT fence=11 ahead=3.47 lateral=0.27 stride=0 word=Wait. kept=true
RIDEAI sit n=11 phase=approach pos=-3.6,-0.8 ahead=3.25 lat=0.12 ang=7.0 along=3.3 gait=3 v=2.25 rein=0
MICHELLE soft | Now.
COUNT fence=11 ahead=3.02 lateral=0.27 stride=0 word=Now. kept=true
RIDEAI ASK n=11 ahead=2.59 lat=0.06 ang=2.3 charge=1.0
RIDEAI fence 11 -> 12 t=68.89 leave=straight
COUNT fence=12 ahead=8.38 lateral=7.60 stride=-1 word=silent kept=false
MICHELLE soft | Come again.
MICHELLE soft | Two. Wait.
COUNT fence=12 ahead=9.43 lateral=1.50 stride=2 word=Two. Wait. kept=true
RIDEAI sit n=12 phase=land pos=-2.9,-6.6 ahead=9.34 lat=2.7 ang=10.6 along=9.0 gait=3 v=3.09 rein=-1
COUNT fence=12 ahead=8.35 lateral=1.71 stride=-1 word=silent kept=false
MICHELLE soft | Come again.
MICHELLE soft | One. Wait.
COUNT fence=12 ahead=6.87 lateral=1.47 stride=1 word=One. Wait. kept=true
RIDEAI sit n=12 phase=approach pos=-0.5,-8.1 ahead=6.55 lat=1.36 ang=20.9 along=6.5 gait=3 v=1.4 rein=0
MICHELLE soft | One. Early.
COUNT fence=12 ahead=5.38 lateral=0.59 stride=1 word=One. Early. kept=true
RIDEAI sit n=12 phase=approach pos=1.0,-9.5 ahead=4.52 lat=0.7 ang=15.1 along=4.5 gait=3 v=3.1 rein=1
MICHELLE soft | Early.
COUNT fence=12 ahead=4.17 lateral=0.23 stride=0 word=Early. kept=true
MICHELLE soft | Wait.
COUNT fence=12 ahead=3.46 lateral=0.23 stride=0 word=Wait. kept=true
MICHELLE soft | Now.
COUNT fence=12 ahead=3.02 lateral=0.05 stride=0 word=Now. kept=true
RIDEAI ASK n=12 ahead=2.57 lat=0.04 ang=7.0 charge=1.0
RIDEAI fence 12 -> 13 t=73.55 leave=leave
RIDECERT trace E:/Workspace/Madison/game/../dist/traces/hk_adv_005_rail_late.jsonl n=81
RIDECERT hk_adv_005 style=rail_late success=true faults=4 refusal_faults=0 rail_faults=4 time_faults=0 jumped=12/12 t=78.66 teleported=false complete=true refused=[] rail_fences=[3] rail_air=[] conf=86.5 scope=81.0 eliminated=false reason= ribbon=Yellow
RIDECERT wrote E:/Workspace/Madison/game/../dist/ridecert_style.json
RIDECERT done pass=true board=style 1 style_all=true
