Godot Engine v4.7.2.stable.official.ed1daf0bf - https://godotengine.org

FIT flatten armature scale=(100.0, 100.0, 100.0) keep_rot=(-90.0, 0.0, 0.0)
FIT length=2.25 height=1.91220223903656 scale=(0.84991, 0.84991, 0.84991)
SEAT bone=Torso bone_pos=(0.0, 1.126922, 0.286373) back_y=1.42885863780975 seat=(0.0, 1.428859, 0.286373)
TACK place crown=(0.0, 0.142, 0.0294) brow=(0.0, 0.196, 0.1326) nose=(0.0, 0.385, -0.0222) bit=(0.0, 0.479225, -0.087663)
HORSE mesh=WhiteHorse anim=true seat=Torso rider_parent=Seat
RIDER mesh scale 0.91304347826087 bones 62
RIDECERT begin
RIDECERT filter hk_int_009
RIDECERT round hk_int_009 class=intermediate seed=5 jo=false style=clear
COUNT fence=1 ahead=7.84 lateral=2.51 stride=-1 word=silent kept=false
MICHELLE soft | Two. Wait.
COUNT fence=1 ahead=7.78 lateral=1.46 stride=2 word=Two. Wait. kept=true
MICHELLE soft | One. Wait.
COUNT fence=1 ahead=7.57 lateral=0.20 stride=1 word=One. Wait. kept=true
RIDEAI sit n=1 phase=approach pos=7.7,-31.6 ahead=6.24 lat=0.16 ang=3.3 along=6.2 gait=3 v=2.49 rein=0
MICHELLE soft | One. Early.
COUNT fence=1 ahead=5.39 lateral=0.20 stride=1 word=One. Early. kept=true
MICHELLE soft | Early.
COUNT fence=1 ahead=4.20 lateral=0.20 stride=0 word=Early. kept=true
MICHELLE soft | Wait.
COUNT fence=1 ahead=3.55 lateral=0.20 stride=0 word=Wait. kept=true
MICHELLE soft | Now.
COUNT fence=1 ahead=3.10 lateral=0.20 stride=0 word=Now. kept=true
RIDEAI sit n=1 phase=approach pos=8.0,-28.1 ahead=2.77 lat=0.04 ang=3.3 along=2.8 gait=3 v=3.88 rein=0
RIDEAI ASK n=1 ahead=2.58 lat=0.2 ang=3.3 charge=1.0
RIDEAI fence 1 -> 2 t=3.47 leave=leave
COUNT fence=2 ahead=7.64 lateral=16.01 stride=-1 word=silent kept=false
RIDEAI sit n=2 phase=land pos=6.9,-22.3 ahead=15.09 lat=14.8 ang=57.3 along=4.9 gait=3 v=3.09 rein=-1
RIDEAI sit n=2 phase=land pos=4.0,-22.0 ahead=9.6 lat=11.84 ang=109.4 along=4.8 gait=3 v=3.13 rein=0
RIDEAI sit n=2 phase=setup pos=0.3,-23.2 ahead=5.16 lat=8.26 ang=113.4 along=6.1 gait=3 v=4.87 rein=0
RIDEAI sit n=2 phase=setup pos=-4.6,-24.9 ahead=-0.07 lat=3.46 ang=113.4 along=8.2 gait=3 v=3.64 rein=0
RIDEAI sit n=2 phase=approach pos=-7.3,-25.8 ahead=-0.16 lat=0.82 ang=96.1 along=9.2 gait=3 v=3.8 rein=1
RIDEAI sit n=2 phase=approach pos=-9.4,-24.7 ahead=6.05 lat=1.36 ang=33.7 along=8.2 gait=3 v=3.07 rein=1
MICHELLE soft | One. Wait.
COUNT fence=2 ahead=7.02 lateral=1.51 stride=1 word=One. Wait. kept=true
RIDEAI sit n=2 phase=approach pos=-9.5,-22.7 ahead=6.34 lat=1.54 ang=21.4 along=6.2 gait=3 v=1.38 rein=0
MICHELLE soft | One. Early.
COUNT fence=2 ahead=5.39 lateral=0.82 stride=1 word=One. Early. kept=true
RIDEAI sit n=2 phase=approach pos=-8.6,-20.7 ahead=4.23 lat=0.78 ang=16.7 along=4.2 gait=3 v=3.18 rein=0
MICHELLE soft | Early.
COUNT fence=2 ahead=4.17 lateral=0.46 stride=0 word=Early. kept=true
MICHELLE soft | Wait.
COUNT fence=2 ahead=3.56 lateral=0.24 stride=0 word=Wait. kept=true
MICHELLE soft | Now.
COUNT fence=2 ahead=3.06 lateral=0.16 stride=0 word=Now. kept=true
RIDEAI ASK n=2 ahead=2.55 lat=0.06 ang=7.4 charge=1.0
RIDEAI fence 2 -> 3 t=13.3 leave=leave
RIDEAI sit n=3 phase=land pos=-7.2,-14.4 ahead=12.34 lat=0.2 ang=3.3 along=12.4 gait=3 v=3.22 rein=-1
MICHELLE soft | Two. Wait.
COUNT fence=3 ahead=10.88 lateral=0.05 stride=2 word=Two. Wait. kept=true
RIDEAI sit n=3 phase=approach pos=-7.1,-11.3 ahead=9.2 lat=0.18 ang=0.7 along=9.2 gait=3 v=2.45 rein=0
MICHELLE soft | One. Wait.
COUNT fence=3 ahead=7.54 lateral=0.05 stride=1 word=One. Wait. kept=true
RIDEAI sit n=3 phase=approach pos=-7.0,-9.3 ahead=7.27 lat=0.14 ang=0.7 along=7.3 gait=3 v=2.75 rein=0
MICHELLE soft | One. Early.
COUNT fence=3 ahead=5.38 lateral=0.05 stride=1 word=One. Early. kept=true
MICHELLE soft | Early.
COUNT fence=3 ahead=4.21 lateral=0.05 stride=0 word=Early. kept=true
RIDEAI sit n=3 phase=approach pos=-6.8,-5.8 ahead=3.69 lat=0.1 ang=0.7 along=3.7 gait=3 v=3.88 rein=0
MICHELLE soft | Wait.
COUNT fence=3 ahead=3.56 lateral=0.05 stride=0 word=Wait. kept=true
MICHELLE soft | Now.
COUNT fence=3 ahead=3.05 lateral=0.05 stride=0 word=Now. kept=true
RIDEAI ASK n=3 ahead=2.53 lat=0.06 ang=0.7 charge=1.0
RIDEAI fence 3 -> 4 t=18.55 leave=leave
COUNT fence=4 ahead=10.26 lateral=0.09 stride=2 word=Two. Wait. kept=false
RIDEAI sit n=4 phase=approach pos=-6.5,0.1 ahead=8.65 lat=0.12 ang=1.3 along=8.6 gait=3 v=1.4 rein=0
MICHELLE soft | One. Wait.
COUNT fence=4 ahead=7.54 lateral=0.09 stride=1 word=One. Wait. kept=true
RIDEAI sit n=4 phase=approach pos=-6.4,2.2 ahead=6.56 lat=0.06 ang=1.3 along=6.6 gait=3 v=2.25 rein=0
MICHELLE soft | One. Early.
COUNT fence=4 ahead=5.40 lateral=0.09 stride=1 word=One. Early. kept=true
MICHELLE soft | Early.
COUNT fence=4 ahead=4.22 lateral=0.09 stride=0 word=Early. kept=true
RIDEAI sit n=4 phase=approach pos=-6.3,4.7 ahead=4.06 lat=0.0 ang=1.3 along=4.1 gait=3 v=3.11 rein=0
MICHELLE soft | Wait.
COUNT fence=4 ahead=3.58 lateral=0.09 stride=0 word=Wait. kept=true
MICHELLE soft | Now.
COUNT fence=4 ahead=3.04 lateral=0.09 stride=0 word=Now. kept=true
RIDEAI ASK n=4 ahead=2.53 lat=0.08 ang=1.3 charge=1.0
RIDEAI fence 4 -> 5 t=23.1 leave=straight
RIDEAI sit n=5 phase=land pos=-5.5,10.9 ahead=16.0 lat=13.42 ang=36.4 along=10.0 gait=3 v=3.09 rein=1
COUNT fence=5 ahead=10.98 lateral=8.93 stride=-1 word=silent kept=false
RIDEAI sit n=5 phase=land pos=-2.8,12.0 ahead=10.46 lat=10.7 ang=91.5 along=8.8 gait=3 v=3.09 rein=0
RIDEAI sit n=5 phase=setup pos=0.6,11.9 ahead=6.45 lat=7.36 ang=95.6 along=9.0 gait=3 v=3.99 rein=0
RIDEAI sit n=5 phase=setup pos=4.9,11.4 ahead=2.09 lat=3.02 ang=95.6 along=9.4 gait=3 v=2.2 rein=0
RIDEAI sit n=5 phase=approach pos=7.8,11.5 ahead=4.02 lat=0.12 ang=65.1 along=9.3 gait=3 v=3.15 rein=-1
MICHELLE soft | Two. Wait.
COUNT fence=5 ahead=7.80 lateral=1.48 stride=2 word=Two. Wait. kept=true
RIDEAI sit n=5 phase=approach pos=8.9,13.0 ahead=7.81 lat=0.96 ang=0.3 along=7.8 gait=3 v=1.34 rein=-1
MICHELLE soft | One. Wait.
COUNT fence=5 ahead=7.55 lateral=0.06 stride=1 word=One. Wait. kept=true
RIDEAI sit n=5 phase=approach pos=8.6,15.3 ahead=5.55 lat=0.7 ang=6.7 along=5.5 gait=3 v=3.41 rein=0
MICHELLE soft | One. Early.
COUNT fence=5 ahead=5.38 lateral=0.06 stride=1 word=One. Early. kept=true
MICHELLE soft | Early.
COUNT fence=5 ahead=4.17 lateral=0.06 stride=0 word=Early. kept=true
MICHELLE soft | Wait.
COUNT fence=5 ahead=3.59 lateral=0.06 stride=0 word=Wait. kept=true
MICHELLE soft | Now.
COUNT fence=5 ahead=3.07 lateral=0.06 stride=0 word=Now. kept=true
RIDEAI ASK n=5 ahead=2.55 lat=0.06 ang=6.7 charge=1.0
RIDEAI fence 5 -> 6 t=31.86 leave=leave
COUNT fence=6 ahead=8.76 lateral=14.42 stride=-1 word=silent kept=false
RIDEAI sit n=6 phase=land pos=7.8,22.0 ahead=10.76 lat=15.7 ang=22.9 along=5.0 gait=3 v=3.29 rein=-1
RIDEAI sit n=6 phase=land pos=5.5,23.9 ahead=13.58 lat=13.32 ang=84.2 along=3.3 gait=3 v=3.09 rein=-1
RIDEAI sit n=6 phase=land pos=2.4,23.5 ahead=9.03 lat=10.22 ang=103.6 along=3.9 gait=3 v=3.22 rein=0
RIDEAI come again n=6 rein=-1 pos=2.0,23.4
RIDEAI sit n=6 phase=again pos=0.7,22.5 ahead=0.94 lat=8.62 ang=144.3 along=5.0 gait=3 v=2.34 rein=0
RIDEAI sit n=6 phase=again pos=-1.4,19.9 ahead=-2.38 lat=6.68 ang=144.3 along=7.7 gait=3 v=3.88 rein=0
RIDEAI sit n=6 phase=again pos=-4.2,16.6 ahead=-6.69 lat=4.16 ang=144.3 along=11.2 gait=3 v=5.26 rein=0
RIDEAI sit n=6 phase=approach pos=-7.0,14.9 ahead=2.26 lat=1.44 ang=86.4 along=13.1 gait=3 v=2.58 rein=1
RIDEAI sit n=6 phase=approach pos=-9.3,16.6 ahead=10.22 lat=0.92 ang=24.0 along=11.6 gait=3 v=1.92 rein=1
MICHELLE soft | Two. Wait.
COUNT fence=6 ahead=10.76 lateral=1.57 stride=2 word=Two. Wait. kept=true
RIDEAI sit n=6 phase=approach pos=-9.1,19.3 ahead=8.89 lat=0.98 ang=3.6 along=8.8 gait=3 v=1.96 rein=0
MICHELLE soft | One. Wait.
COUNT fence=6 ahead=7.56 lateral=0.42 stride=1 word=One. Wait. kept=true
RIDEAI sit n=6 phase=approach pos=-8.9,21.4 ahead=6.83 lat=0.84 ang=3.6 along=6.8 gait=3 v=3.02 rein=0
MICHELLE soft | One. Early.
COUNT fence=6 ahead=5.38 lateral=0.07 stride=1 word=One. Early. kept=true
MICHELLE soft | Early.
COUNT fence=6 ahead=4.21 lateral=0.07 stride=0 word=Early. kept=true
MICHELLE soft | Wait.
COUNT fence=6 ahead=3.57 lateral=0.07 stride=0 word=Wait. kept=true
RIDEAI sit n=6 phase=approach pos=-8.2,25.1 ahead=3.11 lat=0.46 ang=7.1 along=3.1 gait=3 v=3.88 rein=0
MICHELLE soft | Now.
COUNT fence=6 ahead=3.05 lateral=0.07 stride=0 word=Now. kept=true
RIDEAI ASK n=6 ahead=2.53 lat=0.08 ang=7.1 charge=1.0
RIDEAI fence 6 -> 7 t=43.65 leave=leave
COUNT fence=7 ahead=3.73 lateral=6.79 stride=-1 word=silent kept=false
RIDEAI sit n=7 phase=land pos=-5.9,31.2 ahead=5.32 lat=5.9 ang=63.6 along=0.1 gait=3 v=3.09 rein=1
MICHELLE soft | One. Early.
COUNT fence=7 ahead=5.15 lateral=1.54 stride=1 word=One. Early. kept=true
MICHELLE soft | Early.
COUNT fence=7 ahead=4.19 lateral=0.41 stride=0 word=Early. kept=true
MICHELLE soft | Wait.
COUNT fence=7 ahead=3.54 lateral=1.11 stride=0 word=Wait. kept=true
MICHELLE soft | Now.
COUNT fence=7 ahead=3.09 lateral=1.46 stride=0 word=Now. kept=true
COUNT fence=7 ahead=2.85 lateral=1.62 stride=-1 word=silent kept=false
RIDEAI sit n=7 phase=land pos=-3.0,31.0 ahead=2.27 lat=2.98 ang=124.9 along=0.3 gait=3 v=3.09 rein=1
RIDEAI come again n=7 rein=1 pos=-2.5,30.6
RIDEAI sit n=7 phase=again pos=-1.9,29.0 ahead=-1.97 lat=1.92 ang=170.2 along=2.3 gait=3 v=2.68 rein=0
RIDEAI sit n=7 phase=again pos=-1.1,25.2 ahead=-5.83 lat=1.26 ang=170.2 along=6.1 gait=3 v=4.98 rein=0
RIDEAI sit n=7 phase=again pos=0.0,19.8 ahead=-11.31 lat=0.34 ang=170.2 along=11.5 gait=3 v=5.55 rein=0
RIDEAI sit n=7 phase=approach pos=1.5,17.0 ahead=-7.6 lat=1.1 ang=117.5 along=14.4 gait=3 v=2.91 rein=-1
RIDEAI sit n=7 phase=setup pos=4.0,17.1 ahead=6.15 lat=3.64 ang=51.4 along=14.4 gait=3 v=1.61 rein=-1
RIDEAI sit n=7 phase=setup pos=4.4,19.5 ahead=12.63 lat=4.12 ang=18.2 along=11.9 gait=3 v=3.73 rein=-1
RIDEAI sit n=7 phase=setup pos=2.6,21.1 ahead=4.13 lat=2.3 ang=79.6 along=10.3 gait=3 v=2.99 rein=0
RIDEAI sit n=7 phase=approach pos=0.4,22.3 ahead=8.59 lat=0.16 ang=19.3 along=9.0 gait=3 v=1.69 rein=1
MICHELLE soft | Two. Wait.
COUNT fence=7 ahead=8.69 lateral=1.43 stride=2 word=Two. Wait. kept=true
MICHELLE soft | One. Wait.
COUNT fence=7 ahead=7.56 lateral=0.37 stride=1 word=One. Wait. kept=true
RIDEAI sit n=7 phase=approach pos=0.1,25.0 ahead=6.31 lat=0.04 ang=3.0 along=6.3 gait=3 v=3.81 rein=0
MICHELLE soft | One. Early.
COUNT fence=7 ahead=5.34 lateral=0.37 stride=1 word=One. Early. kept=true
MICHELLE soft | Early.
COUNT fence=7 ahead=4.18 lateral=0.37 stride=0 word=Early. kept=true
MICHELLE soft | Wait.
COUNT fence=7 ahead=3.60 lateral=0.37 stride=0 word=Wait. kept=true
MICHELLE soft | Now.
COUNT fence=7 ahead=3.08 lateral=0.31 stride=0 word=Now. kept=true
RIDEAI ASK n=7 ahead=2.58 lat=0.12 ang=1.7 charge=1.0
RIDEAI fence 7 -> 8 t=56.88 leave=leave
RIDEAI sit n=8 phase=land pos=-0.1,31.9 ahead=-11.8 lat=3.18 ang=174.0 along=12.2 gait=3 v=3.84 rein=-1
RIDEAI sit n=8 phase=land pos=-1.7,34.4 ahead=-4.36 lat=1.4 ang=112.7 along=14.6 gait=3 v=3.09 rein=-1
COUNT fence=8 ahead=0.86 lateral=14.82 stride=-1 word=silent kept=false
RIDEAI sit n=8 phase=land pos=-4.6,34.3 ahead=7.66 lat=1.52 ang=51.4 along=14.2 gait=3 v=3.09 rein=-1
RIDEAI sit n=8 phase=setup pos=-5.9,31.8 ahead=11.94 lat=2.62 ang=13.5 along=11.7 gait=3 v=1.34 rein=-1
RIDEAI sit n=8 phase=approach pos=-4.7,29.8 ahead=9.3 lat=1.2 ang=26.3 along=9.8 gait=3 v=3.42 rein=1
MICHELLE soft | Two. Wait.
COUNT fence=8 ahead=9.34 lateral=1.55 stride=2 word=Two. Wait. kept=true
RIDEAI sit n=8 phase=approach pos=-4.5,27.9 ahead=7.87 lat=0.76 ang=10.0 along=7.9 gait=3 v=2.56 rein=0
MICHELLE soft | One. Wait.
COUNT fence=8 ahead=7.56 lateral=0.60 stride=1 word=One. Wait. kept=true
MICHELLE soft | One. Early.
COUNT fence=8 ahead=5.36 lateral=0.11 stride=1 word=One. Early. kept=true
RIDEAI sit n=8 phase=approach pos=-4.3,24.4 ahead=4.39 lat=0.3 ang=5.3 along=4.4 gait=3 v=3.88 rein=0
MICHELLE soft | Early.
COUNT fence=8 ahead=4.19 lateral=0.11 stride=0 word=Early. kept=true
MICHELLE soft | Wait.
COUNT fence=8 ahead=3.55 lateral=0.11 stride=0 word=Wait. kept=true
MICHELLE soft | Now.
COUNT fence=8 ahead=3.09 lateral=0.11 stride=0 word=Now. kept=true
RIDEAI ASK n=8 ahead=2.57 lat=0.1 ang=5.3 charge=1.0
RIDEAI fence 8 -> 9 t=64.81 leave=leave
RIDEAI sit n=9 phase=land pos=-3.8,18.0 ahead=13.63 lat=8.88 ang=35.3 along=10.4 gait=3 v=3.09 rein=-1
COUNT fence=9 ahead=10.88 lateral=5.49 stride=-1 word=silent kept=false
RIDEAI sit n=9 phase=land pos=-1.2,16.6 ahead=5.78 lat=6.18 ang=92.4 along=9.2 gait=3 v=3.09 rein=0
RIDEAI sit n=9 phase=setup pos=2.1,16.6 ahead=1.43 lat=2.88 ang=98.6 along=9.4 gait=3 v=3.91 rein=0
RIDEAI sit n=9 phase=approach pos=4.5,16.2 ahead=5.26 lat=0.44 ang=57.7 along=9.2 gait=3 v=3.18 rein=1
MICHELLE soft | One. Wait.
COUNT fence=9 ahead=7.36 lateral=1.60 stride=1 word=One. Wait. kept=true
RIDEAI sit n=9 phase=approach pos=5.6,14.2 ahead=7.24 lat=0.8 ang=5.6 along=7.2 gait=3 v=1.5 rein=0
MICHELLE soft | One. Early.
COUNT fence=9 ahead=5.38 lateral=0.10 stride=1 word=One. Early. kept=true
RIDEAI sit n=9 phase=approach pos=5.2,11.6 ahead=4.62 lat=0.56 ang=5.6 along=4.6 gait=3 v=3.71 rein=0
MICHELLE soft | Early.
COUNT fence=9 ahead=4.17 lateral=0.10 stride=0 word=Early. kept=true
MICHELLE soft | Wait.
COUNT fence=9 ahead=3.59 lateral=0.10 stride=0 word=Wait. kept=true
MICHELLE soft | Now.
COUNT fence=9 ahead=3.07 lateral=0.10 stride=0 word=Now. kept=true
RIDEAI ASK n=9 ahead=2.55 lat=0.1 ang=5.6 charge=1.0
RIDEAI fence 9 -> 10 t=72.28 leave=leave
RIDEAI sit n=10 phase=land pos=3.9,5.2 ahead=16.55 lat=6.94 ang=31.6 along=15.2 gait=3 v=3.09 rein=1
RIDEAI sit n=10 phase=land pos=1.4,3.3 ahead=11.92 lat=4.62 ang=49.9 along=13.0 gait=3 v=3.22 rein=0
COUNT fence=10 ahead=10.95 lateral=7.00 stride=-1 word=silent kept=false
RIDEAI sit n=10 phase=setup pos=-1.4,1.5 ahead=7.54 lat=2.04 ang=58.1 along=11.0 gait=3 v=3.76 rein=0
MICHELLE soft | Two. Wait.
COUNT fence=10 ahead=9.78 lateral=1.51 stride=2 word=Two. Wait. kept=true
RIDEAI sit n=10 phase=approach pos=-2.6,0.0 ahead=9.43 lat=0.94 ang=10.0 along=9.4 gait=3 v=1.51 rein=0
MICHELLE soft | One. Wait.
COUNT fence=10 ahead=7.53 lateral=0.72 stride=1 word=One. Wait. kept=true
RIDEAI sit n=10 phase=approach pos=-3.3,-2.5 ahead=6.85 lat=0.48 ang=8.9 along=6.9 gait=3 v=3.67 rein=-1
MICHELLE soft | One. Early.
COUNT fence=10 ahead=5.38 lateral=0.30 stride=1 word=One. Early. kept=true
MICHELLE soft | Early.
COUNT fence=10 ahead=4.22 lateral=0.30 stride=0 word=Early. kept=true
MICHELLE soft | Wait.
COUNT fence=10 ahead=3.57 lateral=0.30 stride=0 word=Wait. kept=true
MICHELLE soft | Now.
COUNT fence=10 ahead=3.06 lateral=0.24 stride=0 word=Now. kept=true
RIDEAI sit n=10 phase=approach pos=-4.1,-6.3 ahead=3.0 lat=0.04 ang=4.2 along=3.0 gait=3 v=3.88 rein=-1
RIDEAI ASK n=10 ahead=2.55 lat=0.12 ang=3.1 charge=1.0
RIDEAI fence 10 -> 11 t=79.28 leave=leave
RIDECERT trace E:/Workspace/Madison/game/../dist/traces/hk_int_009_clear.jsonl n=88
RIDECERT hk_int_009 style=clear success=true faults=0 jumped=10/10 t=84.99 teleported=false complete=true refused=[] rail_fences=[] rail_air=[] conf=91.0 scope=84.5
RIDECERT wrote E:/Workspace/Madison/game/../dist/ridecert_results.json
RIDECERT done pass=true board=1/1 filter=hk_int_009 fresh=false
