Godot Engine v4.7.2.stable.official.ed1daf0bf - https://godotengine.org

FIT flatten armature scale=(100.0, 100.0, 100.0) keep_rot=(-90.0, 0.0, 0.0)
FIT length=2.25 height=1.91220223903656 scale=(0.84991, 0.84991, 0.84991)
SEAT bone=Torso bone_pos=(0.0, 1.126922, 0.286373) back_y=1.42885863780975 seat=(0.0, 1.428859, 0.286373)
TACK place crown=(0.0, 0.142, 0.0294) brow=(0.0, 0.196, 0.1326) nose=(0.0, 0.385, -0.0222) bit=(0.0, 0.479225, -0.087663)
HORSE mesh=WhiteHorse anim=true seat=Torso rider_parent=Seat
RIDER mesh scale 0.91304347826087 bones 62
RIDECERT begin
RIDECERT filter hk_int_002
RIDECERT round hk_int_002 class=intermediate seed=1 jo=false style=clear
COUNT fence=1 ahead=6.13 lateral=8.58 stride=-1 word=silent kept=false
MICHELLE soft | Two. Wait.
COUNT fence=1 ahead=7.99 lateral=1.53 stride=2 word=Two. Wait. kept=true
RIDEAI sit n=1 phase=approach pos=8.6,-30.5 ahead=7.91 lat=0.12 ang=3.7 along=7.9 gait=3 v=1.48 rein=-1
MICHELLE soft | One. Wait.
COUNT fence=1 ahead=7.56 lateral=0.24 stride=1 word=One. Wait. kept=true
RIDEAI sit n=1 phase=approach pos=8.7,-28.3 ahead=5.69 lat=0.02 ang=2.6 along=5.7 gait=3 v=3.29 rein=0
MICHELLE soft | One. Early.
COUNT fence=1 ahead=5.35 lateral=0.24 stride=1 word=One. Early. kept=true
MICHELLE soft | Early.
COUNT fence=1 ahead=4.21 lateral=0.24 stride=0 word=Early. kept=true
MICHELLE soft | Wait.
COUNT fence=1 ahead=3.56 lateral=0.24 stride=0 word=Wait. kept=true
MICHELLE soft | Now.
COUNT fence=1 ahead=3.04 lateral=0.24 stride=0 word=Now. kept=true
RIDEAI ASK n=1 ahead=2.53 lat=0.24 ang=2.6 charge=1.0
RIDEAI fence 1 -> 2 t=4.25 leave=
COUNT fence=2 ahead=10.87 lateral=16.92 stride=-1 word=silent kept=false
RIDEAI sit n=2 phase=land pos=8.9,-21.6 ahead=12.68 lat=17.32 ang=10.6 along=9.7 gait=3 v=3.44 rein=-1
RIDEAI sit n=2 phase=land pos=7.1,-19.3 ahead=16.9 lat=15.36 ang=71.9 along=7.4 gait=3 v=3.09 rein=-1
RIDEAI sit n=2 phase=land pos=4.0,-19.1 ahead=11.31 lat=12.24 ang=96.4 along=7.5 gait=3 v=3.22 rein=0
RIDEAI sit n=2 phase=setup pos=-0.2,-19.5 ahead=6.42 lat=8.04 ang=100.5 along=8.2 gait=3 v=5.37 rein=0
RIDEAI sit n=2 phase=setup pos=-5.3,-20.1 ahead=1.35 lat=3.06 ang=100.5 along=9.1 gait=3 v=2.78 rein=0
RIDEAI sit n=2 phase=approach pos=-7.7,-20.1 ahead=3.49 lat=0.66 ang=72.1 along=9.3 gait=3 v=3.19 rein=1
RIDEAI sit n=2 phase=approach pos=-9.3,-18.3 ahead=7.41 lat=1.08 ang=7.2 along=7.6 gait=3 v=1.34 rein=1
MICHELLE soft | One. Wait.
COUNT fence=2 ahead=7.46 lateral=1.58 stride=1 word=One. Wait. kept=true
RIDEAI sit n=2 phase=approach pos=-8.8,-16.2 ahead=5.56 lat=0.8 ang=9.1 along=5.5 gait=3 v=3.18 rein=0
MICHELLE soft | One. Early.
COUNT fence=2 ahead=5.35 lateral=0.08 stride=1 word=One. Early. kept=true
MICHELLE soft | Early.
COUNT fence=2 ahead=4.18 lateral=0.08 stride=0 word=Early. kept=true
MICHELLE soft | Wait.
COUNT fence=2 ahead=3.60 lateral=0.08 stride=0 word=Wait. kept=true
MICHELLE soft | Now.
COUNT fence=2 ahead=3.08 lateral=0.08 stride=0 word=Now. kept=true
RIDEAI ASK n=2 ahead=2.56 lat=0.08 ang=9.1 charge=1.0
RIDEAI fence 2 -> 3 t=13.64 leave=straight
COUNT fence=3 ahead=10.50 lateral=14.03 stride=-1 word=silent kept=false
RIDEAI sit n=3 phase=land pos=-7.3,-9.7 ahead=12.24 lat=15.96 ang=24.3 along=6.2 gait=3 v=3.34 rein=1
RIDEAI sit n=3 phase=land pos=-4.8,-8.1 ahead=13.85 lat=13.54 ang=85.6 along=4.5 gait=3 v=3.09 rein=1
RIDEAI sit n=3 phase=land pos=-1.8,-8.9 ahead=8.2 lat=10.52 ang=109.0 along=5.3 gait=3 v=3.22 rein=0
RIDEAI sit n=3 phase=setup pos=2.2,-10.4 ahead=3.27 lat=6.5 ang=113.1 along=6.9 gait=3 v=5.44 rein=0
RIDEAI sit n=3 phase=setup pos=6.0,-12.1 ahead=-0.92 lat=2.66 ang=113.1 along=8.5 gait=3 v=2.34 rein=0
RIDEAI sit n=3 phase=approach pos=8.9,-12.6 ahead=2.6 lat=0.2 ang=72.2 along=9.1 gait=3 v=1.92 rein=-1
RIDEAI sit n=3 phase=approach pos=10.4,-10.9 ahead=6.98 lat=1.7 ang=8.6 along=7.3 gait=3 v=1.34 rein=-1
MICHELLE soft | One. Wait.
COUNT fence=3 ahead=7.11 lateral=1.52 stride=1 word=One. Wait. kept=true
RIDEAI sit n=3 phase=approach pos=10.0,-9.3 ahead=5.92 lat=1.34 ang=19.4 along=5.8 gait=3 v=2.05 rein=0
MICHELLE soft | One. Early.
COUNT fence=3 ahead=5.38 lateral=0.65 stride=1 word=One. Early. kept=true
MICHELLE soft | Early.
COUNT fence=3 ahead=4.21 lateral=0.65 stride=0 word=Early. kept=true
MICHELLE soft | Wait.
COUNT fence=3 ahead=3.59 lateral=0.32 stride=0 word=Wait. kept=true
MICHELLE soft | Now.
COUNT fence=3 ahead=3.09 lateral=0.06 stride=0 word=Now. kept=true
RIDEAI sit n=3 phase=approach pos=9.1,-6.4 ahead=2.89 lat=0.46 ang=8.9 along=2.9 gait=3 v=3.88 rein=0
RIDEAI ASK n=3 ahead=2.57 lat=0.0 ang=8.9 charge=1.0
RIDEAI fence 3 -> 4 t=23.33 leave=leave
COUNT fence=4 ahead=10.16 lateral=1.47 stride=2 word=Two. Wait. kept=false
RIDEAI sit n=4 phase=approach pos=8.5,-1.1 ahead=8.31 lat=0.18 ang=2.8 along=8.3 gait=3 v=1.9 rein=0
MICHELLE soft | One. Wait.
COUNT fence=4 ahead=7.55 lateral=0.57 stride=1 word=One. Wait. kept=true
RIDEAI sit n=4 phase=approach pos=8.4,1.1 ahead=6.08 lat=0.28 ang=2.8 along=6.1 gait=3 v=2.25 rein=0
MICHELLE soft | One. Early.
COUNT fence=4 ahead=5.37 lateral=0.57 stride=1 word=One. Early. kept=true
MICHELLE soft | Early.
COUNT fence=4 ahead=4.20 lateral=0.27 stride=0 word=Early. kept=true
MICHELLE soft | Wait.
COUNT fence=4 ahead=3.55 lateral=0.27 stride=0 word=Wait. kept=true
RIDEAI sit n=4 phase=approach pos=8.4,3.9 ahead=3.38 lat=0.32 ang=0.7 along=3.4 gait=3 v=3.53 rein=0
MICHELLE soft | Now.
COUNT fence=4 ahead=3.07 lateral=0.27 stride=0 word=Now. kept=true
RIDEAI ASK n=4 ahead=2.56 lat=0.26 ang=0.7 charge=1.0
RIDEAI fence 4 -> 5 t=27.88 leave=leave
MICHELLE soft | Two. Wait.
COUNT fence=5 ahead=9.77 lateral=0.13 stride=2 word=Two. Wait. kept=true
RIDEAI sit n=5 phase=approach pos=8.5,9.8 ahead=8.19 lat=0.24 ang=0.7 along=8.2 gait=3 v=1.9 rein=0
MICHELLE soft | One. Wait.
COUNT fence=5 ahead=7.54 lateral=0.13 stride=1 word=One. Wait. kept=true
RIDEAI sit n=5 phase=approach pos=8.5,12.1 ahead=5.96 lat=0.2 ang=0.7 along=6.0 gait=3 v=2.25 rein=0
MICHELLE soft | One. Early.
COUNT fence=5 ahead=5.40 lateral=0.13 stride=1 word=One. Early. kept=true
MICHELLE soft | Early.
COUNT fence=5 ahead=4.21 lateral=0.13 stride=0 word=Early. kept=true
MICHELLE soft | Wait.
COUNT fence=5 ahead=3.60 lateral=0.13 stride=0 word=Wait. kept=true
RIDEAI sit n=5 phase=approach pos=8.5,14.6 ahead=3.39 lat=0.18 ang=0.7 along=3.4 gait=3 v=3.22 rein=0
MICHELLE soft | Now.
COUNT fence=5 ahead=3.05 lateral=0.13 stride=0 word=Now. kept=true
RIDEAI ASK n=5 ahead=2.57 lat=0.12 ang=0.7 charge=1.0
RIDEAI fence 5 -> 6 t=32.31 leave=leave
COUNT fence=6 ahead=5.22 lateral=16.21 stride=-1 word=silent kept=false
RIDEAI sit n=6 phase=land pos=7.7,20.6 ahead=13.03 lat=15.54 ang=49.2 along=1.9 gait=3 v=3.09 rein=-1
RIDEAI sit n=6 phase=land pos=4.8,21.3 ahead=11.32 lat=12.64 ang=110.5 along=1.5 gait=3 v=3.09 rein=-1
RIDEAI come again n=6 rein=-1 pos=3.2,20.6
RIDEAI sit n=6 phase=away pos=2.5,20.1 ahead=2.74 lat=10.44 ang=149.9 along=2.9 gait=3 v=1.34 rein=-1
RIDEAI sit n=6 phase=again pos=0.9,18.1 ahead=1.33 lat=8.96 ang=143.8 along=4.9 gait=3 v=3.64 rein=0
RIDEAI sit n=6 phase=again pos=-2.2,14.5 ahead=-3.44 lat=6.14 ang=143.8 along=8.8 gait=3 v=5.55 rein=0
RIDEAI sit n=6 phase=setup pos=-5.8,10.7 ahead=-4.77 lat=2.76 ang=123.4 along=12.8 gait=3 v=3.64 rein=1
RIDEAI sit n=6 phase=approach pos=-8.3,11.0 ahead=6.82 lat=0.24 ang=58.6 along=12.7 gait=3 v=3.57 rein=1
MICHELLE soft | Two. Wait.
COUNT fence=6 ahead=10.78 lateral=1.43 stride=2 word=Two. Wait. kept=true
RIDEAI sit n=6 phase=approach pos=-9.4,13.2 ahead=10.59 lat=0.98 ang=2.8 along=10.6 gait=3 v=2.84 rein=0
RIDEAI sit n=6 phase=approach pos=-9.1,15.6 ahead=8.17 lat=0.86 ang=2.8 along=8.1 gait=3 v=1.86 rein=0
MICHELLE soft | One. Wait.
COUNT fence=6 ahead=7.55 lateral=0.47 stride=1 word=One. Wait. kept=true
MICHELLE soft | One. Early.
COUNT fence=6 ahead=5.40 lateral=0.10 stride=1 word=One. Early. kept=true
RIDEAI sit n=6 phase=approach pos=-8.7,18.5 ahead=5.27 lat=0.68 ang=6.3 along=5.2 gait=3 v=3.88 rein=0
MICHELLE soft | Early.
COUNT fence=6 ahead=4.17 lateral=0.10 stride=0 word=Early. kept=true
MICHELLE soft | Wait.
COUNT fence=6 ahead=3.58 lateral=0.10 stride=0 word=Wait. kept=true
MICHELLE soft | Now.
COUNT fence=6 ahead=3.07 lateral=0.10 stride=0 word=Now. kept=true
RIDEAI ASK n=6 ahead=2.55 lat=0.1 ang=6.3 charge=1.0
RIDEAI fence 6 -> 7 t=44.2 leave=leave
COUNT fence=7 ahead=8.33 lateral=6.16 stride=-1 word=silent kept=false
RIDEAI sit n=7 phase=land pos=-7.4,25.0 ahead=8.82 lat=7.5 ang=29.0 along=5.9 gait=3 v=3.09 rein=1
MICHELLE soft | Two. Wait.
COUNT fence=7 ahead=8.75 lateral=1.49 stride=2 word=Two. Wait. kept=true
COUNT fence=7 ahead=7.63 lateral=1.62 stride=-1 word=silent kept=false
RIDEAI sit n=7 phase=land pos=-4.9,26.6 ahead=4.94 lat=4.96 ang=90.2 along=4.5 gait=3 v=3.09 rein=1
RIDEAI sit n=7 phase=setup pos=-2.3,25.1 ahead=-3.46 lat=2.42 ang=144.3 along=6.0 gait=3 v=3.24 rein=0
RIDEAI sit n=7 phase=approach pos=-0.2,23.5 ahead=-0.35 lat=0.34 ang=95.2 along=7.6 gait=3 v=2.49 rein=-1
RIDEAI sit n=7 phase=setup pos=2.4,24.7 ahead=1.76 lat=2.24 ang=56.3 along=6.5 gait=3 v=1.4 rein=1
RIDEAI sit n=7 phase=setup pos=4.7,24.6 ahead=-7.19 lat=4.54 ang=118.8 along=6.7 gait=3 v=3.55 rein=1
RIDEAI sit n=7 phase=setup pos=6.1,22.5 ahead=-8.64 lat=5.88 ang=178.8 along=8.8 gait=3 v=2.8 rein=1
RIDEAI sit n=7 phase=setup pos=4.8,20.1 ahead=-0.91 lat=4.52 ang=116.4 along=11.1 gait=3 v=2.07 rein=1
RIDEAI sit n=7 phase=approach pos=1.9,20.4 ahead=7.36 lat=1.64 ang=56.3 along=10.8 gait=3 v=2.28 rein=1
MICHELLE soft | Two. Wait.
COUNT fence=7 ahead=9.62 lateral=1.51 stride=2 word=Two. Wait. kept=true
RIDEAI sit n=7 phase=approach pos=1.0,22.0 ahead=9.2 lat=0.78 ang=8.9 along=9.2 gait=3 v=1.4 rein=0
MICHELLE soft | One. Wait.
COUNT fence=7 ahead=7.56 lateral=0.66 stride=1 word=One. Wait. kept=true
RIDEAI sit n=7 phase=approach pos=0.6,24.0 ahead=7.18 lat=0.46 ang=8.9 along=7.2 gait=3 v=2.98 rein=0
MICHELLE soft | One. Early.
COUNT fence=7 ahead=5.37 lateral=0.26 stride=1 word=One. Early. kept=true
MICHELLE soft | Early.
COUNT fence=7 ahead=4.21 lateral=0.26 stride=0 word=Early. kept=true
MICHELLE soft | Wait.
COUNT fence=7 ahead=3.56 lateral=0.26 stride=0 word=Wait. kept=true
RIDEAI sit n=7 phase=approach pos=0.2,27.6 ahead=3.5 lat=0.08 ang=5.4 along=3.5 gait=3 v=3.88 rein=0
MICHELLE soft | Now.
COUNT fence=7 ahead=3.04 lateral=0.26 stride=0 word=Now. kept=true
RIDEAI ASK n=7 ahead=2.59 lat=0.26 ang=5.4 charge=1.0
RIDEAI fence 7 -> 8 t=57.15 leave=leave
RIDEAI sit n=8 phase=land pos=-1.5,33.6 ahead=-13.27 lat=5.54 ang=127.2 along=29.2 gait=3 v=3.09 rein=-1
COUNT fence=8 ahead=1.16 lateral=30.05 stride=-1 word=silent kept=false
RIDEAI sit n=8 phase=land pos=-4.4,33.9 ahead=14.42 lat=2.6 ang=66.0 along=29.5 gait=3 v=3.09 rein=-1
RIDEAI sit n=8 phase=around pos=-6.2,31.2 ahead=26.78 lat=0.84 ang=4.7 along=26.8 gait=3 v=4.32 rein=-1
RIDEAI sit n=8 phase=setup pos=-4.7,26.2 ahead=19.43 lat=2.3 ang=21.9 along=21.9 gait=3 v=5.55 rein=1
RIDEAI sit n=8 phase=approach pos=-5.1,20.9 ahead=16.54 lat=1.94 ang=13.9 along=16.6 gait=3 v=5.55 rein=0
RIDEAI sit n=8 phase=approach pos=-6.2,15.5 ahead=11.13 lat=0.8 ang=8.8 along=11.1 gait=3 v=5.55 rein=0
MICHELLE soft | Two. Wait.
COUNT fence=8 ahead=10.85 lateral=0.90 stride=2 word=Two. Wait. kept=true
MICHELLE soft | One. Wait.
COUNT fence=8 ahead=7.54 lateral=0.26 stride=1 word=One. Wait. kept=true
RIDEAI sit n=8 phase=approach pos=-6.8,11.7 ahead=7.35 lat=0.26 ang=4.1 along=7.4 gait=3 v=2.35 rein=0
MICHELLE soft | One. Early.
COUNT fence=8 ahead=5.37 lateral=0.26 stride=1 word=One. Early. kept=true
RIDEAI sit n=8 phase=approach pos=-7.0,8.7 ahead=4.3 lat=0.04 ang=4.1 along=4.3 gait=3 v=3.88 rein=0
MICHELLE soft | Early.
COUNT fence=8 ahead=4.17 lateral=0.26 stride=0 word=Early. kept=true
MICHELLE soft | Wait.
COUNT fence=8 ahead=3.59 lateral=0.26 stride=0 word=Wait. kept=true
MICHELLE soft | Now.
COUNT fence=8 ahead=3.07 lateral=0.26 stride=0 word=Now. kept=true
RIDEAI ASK n=8 ahead=2.55 lat=0.26 ang=4.1 charge=1.0
RIDEAI fence 8 -> 9 t=66.79 leave=leave
COUNT fence=9 ahead=6.93 lateral=0.65 stride=1 word=One. Wait. kept=false
RIDEAI sit n=9 phase=approach pos=-7.3,2.8 ahead=5.9 lat=0.82 ang=8.3 along=5.8 gait=3 v=1.59 rein=0
COUNT fence=9 ahead=5.39 lateral=0.04 stride=1 word=One. Early. kept=false
MICHELLE soft | Early.
COUNT fence=9 ahead=4.19 lateral=0.04 stride=0 word=Early. kept=true
RIDEAI sit n=9 phase=approach pos=-7.2,0.6 ahead=3.74 lat=0.5 ang=8.3 along=3.7 gait=3 v=2.25 rein=0
MICHELLE soft | Wait.
COUNT fence=9 ahead=3.59 lateral=0.04 stride=0 word=Wait. kept=true
MICHELLE soft | Now.
COUNT fence=9 ahead=3.07 lateral=0.04 stride=0 word=Now. kept=true
RIDEAI ASK n=9 ahead=2.58 lat=0.04 ang=8.3 charge=1.0
RIDEAI fence 9 -> 10 t=70.27 leave=leave
RIDEAI sit n=10 phase=land pos=-6.6,-5.0 ahead=18.6 lat=0.9 ang=27.0 along=20.4 gait=3 v=3.09 rein=0
RIDEAI sit n=10 phase=land pos=-5.3,-8.0 ahead=15.38 lat=0.56 ang=27.0 along=17.5 gait=3 v=3.22 rein=0
RIDEAI sit n=10 phase=approach pos=-4.3,-11.0 ahead=14.65 lat=1.74 ang=1.6 along=14.6 gait=3 v=3.67 rein=1
MICHELLE soft | Two. Wait.
COUNT fence=10 ahead=10.84 lateral=0.29 stride=2 word=Two. Wait. kept=true
RIDEAI sit n=10 phase=approach pos=-5.1,-15.7 ahead=9.92 lat=1.28 ang=5.7 along=9.8 gait=3 v=5.55 rein=0
MICHELLE soft | One. Wait.
COUNT fence=10 ahead=7.56 lateral=0.29 stride=1 word=One. Wait. kept=true
RIDEAI sit n=10 phase=approach pos=-5.7,-18.8 ahead=6.78 lat=0.96 ang=5.7 along=6.7 gait=3 v=2.41 rein=0
MICHELLE soft | One. Early.
COUNT fence=10 ahead=5.37 lateral=0.29 stride=1 word=One. Early. kept=true
MICHELLE soft | Early.
COUNT fence=10 ahead=4.18 lateral=0.20 stride=0 word=Early. kept=true
MICHELLE soft | Wait.
COUNT fence=10 ahead=3.54 lateral=0.03 stride=0 word=Wait. kept=true
RIDEAI sit n=10 phase=approach pos=-6.3,-22.1 ahead=3.41 lat=0.58 ang=9.2 along=3.4 gait=3 v=3.88 rein=0
MICHELLE soft | Now.
COUNT fence=10 ahead=3.09 lateral=0.03 stride=0 word=Now. kept=true
RIDEAI ASK n=10 ahead=2.57 lat=0.04 ang=9.2 charge=1.0
RIDEAI fence 10 -> 11 t=77.39 leave=leave
RIDECERT trace E:/Workspace/Madison/game/../dist/traces/hk_int_002_clear.jsonl n=83
RIDECERT hk_int_002 style=clear success=true faults=0 jumped=10/10 t=80.3 teleported=false complete=true refused=[] rail_fences=[] rail_air=[] conf=91.0 scope=84.5
RIDECERT wrote E:/Workspace/Madison/game/../dist/ridecert_results.json
RIDECERT done pass=true board=1/1 filter=hk_int_002 fresh=false
